INSTRUMENTATION_STATUS: class=com.pantopus.qelvora.ConnectedJourneyTest
INSTRUMENTATION_STATUS: current=1
INSTRUMENTATION_STATUS: id=AndroidJUnitRunner
INSTRUMENTATION_STATUS: numtests=1
INSTRUMENTATION_STATUS: stream=
com.pantopus.qelvora.ConnectedJourneyTest:
INSTRUMENTATION_STATUS: test=sendMessageWithKeyboard
INSTRUMENTATION_STATUS_CODE: 1
INSTRUMENTATION_STATUS: class=com.pantopus.qelvora.ConnectedJourneyTest
INSTRUMENTATION_STATUS: current=1
INSTRUMENTATION_STATUS: id=AndroidJUnitRunner
INSTRUMENTATION_STATUS: numtests=1
INSTRUMENTATION_STATUS: stack=androidx.compose.ui.test.ComposeTimeoutException: Condition still not satisfied after 90000 ms
	at androidx.compose.ui.test.AndroidComposeUiTestEnvironment$AndroidComposeUiTestImpl.waitUntil(ComposeUiTest.android.kt:441)
	at androidx.compose.ui.test.junit4.AndroidComposeTestRule.waitUntil(AndroidComposeTestRule.android.kt:306)
	at com.pantopus.qelvora.ConnectedJourneyTest.sendMessageWithKeyboard(ConnectedJourneyTest.kt:56)

INSTRUMENTATION_STATUS: stream=
Error in sendMessageWithKeyboard(com.pantopus.qelvora.ConnectedJourneyTest):
androidx.compose.ui.test.ComposeTimeoutException: Condition still not satisfied after 90000 ms
	at androidx.compose.ui.test.AndroidComposeUiTestEnvironment$AndroidComposeUiTestImpl.waitUntil(ComposeUiTest.android.kt:441)
	at androidx.compose.ui.test.junit4.AndroidComposeTestRule.waitUntil(AndroidComposeTestRule.android.kt:306)
	at com.pantopus.qelvora.ConnectedJourneyTest.sendMessageWithKeyboard(ConnectedJourneyTest.kt:56)

INSTRUMENTATION_STATUS: test=sendMessageWithKeyboard
INSTRUMENTATION_STATUS_CODE: -2
INSTRUMENTATION_RESULT: stream=

Time: 103.356
There was 1 failure:
1) sendMessageWithKeyboard(com.pantopus.qelvora.ConnectedJourneyTest)
androidx.compose.ui.test.ComposeTimeoutException: Condition still not satisfied after 90000 ms
	at androidx.compose.ui.test.AndroidComposeUiTestEnvironment$AndroidComposeUiTestImpl.waitUntil(ComposeUiTest.android.kt:441)
	at androidx.compose.ui.test.junit4.AndroidComposeTestRule.waitUntil(AndroidComposeTestRule.android.kt:306)
	at com.pantopus.qelvora.ConnectedJourneyTest.sendMessageWithKeyboard(ConnectedJourneyTest.kt:56)

FAILURES!!!
Tests run: 1,  Failures: 1


INSTRUMENTATION_CODE: -1
