INSTRUMENTATION_STATUS: class=com.pantopus.qelvora.ConnectedJourneyTest
INSTRUMENTATION_STATUS: current=1
INSTRUMENTATION_STATUS: id=AndroidJUnitRunner
INSTRUMENTATION_STATUS: numtests=1
INSTRUMENTATION_STATUS: stream=
com.pantopus.qelvora.ConnectedJourneyTest:
INSTRUMENTATION_STATUS: test=sendMessageWithKeyboard
INSTRUMENTATION_STATUS_CODE: 1
INSTRUMENTATION_STATUS: class=com.pantopus.qelvora.ConnectedJourneyTest
INSTRUMENTATION_STATUS: current=1
INSTRUMENTATION_STATUS: id=AndroidJUnitRunner
INSTRUMENTATION_STATUS: numtests=1
INSTRUMENTATION_STATUS: stack=java.lang.AssertionError: Assert failed: The component is not displayed!
	at androidx.compose.ui.test.AssertionsKt.assertIsDisplayed(Assertions.kt:34)
	at com.pantopus.qelvora.ConnectedJourneyTest.sendMessageWithKeyboard(ConnectedJourneyTest.kt:81)

INSTRUMENTATION_STATUS: stream=
Error in sendMessageWithKeyboard(com.pantopus.qelvora.ConnectedJourneyTest):
java.lang.AssertionError: Assert failed: The component is not displayed!
	at androidx.compose.ui.test.AssertionsKt.assertIsDisplayed(Assertions.kt:34)
	at com.pantopus.qelvora.ConnectedJourneyTest.sendMessageWithKeyboard(ConnectedJourneyTest.kt:81)

INSTRUMENTATION_STATUS: test=sendMessageWithKeyboard
INSTRUMENTATION_STATUS_CODE: -2
INSTRUMENTATION_RESULT: stream=

Time: 49.009
There was 1 failure:
1) sendMessageWithKeyboard(com.pantopus.qelvora.ConnectedJourneyTest)
java.lang.AssertionError: Assert failed: The component is not displayed!
	at androidx.compose.ui.test.AssertionsKt.assertIsDisplayed(Assertions.kt:34)
	at com.pantopus.qelvora.ConnectedJourneyTest.sendMessageWithKeyboard(ConnectedJourneyTest.kt:81)

FAILURES!!!
Tests run: 1,  Failures: 1


INSTRUMENTATION_CODE: -1
