Already applied: 0001_foundation
Already applied: 0002_w1_identity
Already applied: 0003_w2_agent
Already applied: 0004_commerce
Already applied: 0006_w6_media_sessions
Already applied: 0007_growth
Already applied: 0008_trust_operations
Already applied: 0010_w8_operational_guardrails
Already applied: 0011_growth_retention
Already applied: 0012_w8_crisis_event_rls
Already applied: 0013_w2_agent_extensions
Already applied: 0015_w4_reliability
Already applied: 0016_w4_disclosure
Already applied: 0017_growth_delivery
Already applied: 0018_growth_activation
Already applied: 0019_w2_shadow_jobs
Already applied: 0020_w2_purge_tombstone
Already applied: 0021_w4_lifecycle
Already applied: 0022_w4_lineage
Already applied: 0023_w8_action_recovery
Already applied: 0024_growth_insight_versions
Already applied: 0025_growth_closed_windows
Already applied: 0026_growth_window_backfill
Already applied: 0027_w8_privacy_ownership
Already applied: 0028_w4_membership_history
Already applied: 0029_w4_recovery_fencing
Already applied: 0030_w4_spending_notices
Already applied: 0031_w4_purchase_history
Already applied: 0032_growth_continuation
Already applied: 0033_growth_prompt_claims
Already applied: 0034_growth_erasure_fence
Already applied: 0035_w5_content
Already applied: 0036_w5_content_reconciliation
Already applied: 0037_w5_studio_drafts
Already applied: 0038_w5_content_consent
Already applied: 0039_w5_content_thread_privacy
Already applied: 0040_w5_content_fan_effects
Already applied: 0041_w3_conversations
Already applied: 0042_w3_wellbeing
Already applied: 0043_w8_relationship_backfill
Already applied: 0044_w4_personal_approval
Already applied: 0045_w5_reply_review
Already applied: 0046_w6_call_availability
Already applied: 0047_w6_creator_media
Already applied: 0049_w4_generation_cost_settlement
Already applied: 0050_w3_account_relationship_index
Already applied: 0051_w5_media_publication
Already applied: 0053_w8_runtime_denial_projection
Already applied: 0054_w4_pass_purchase_effects
Already applied: 0055_w4_pass_pool_effects
Already applied: 0056_w3_correction_feedback_lineage
Already applied: 0057_w3_feedback_consent
Already applied: 0058_w3_correction_signature
Already applied: 0059_w3_recording_association
Already applied: 0060_w8_composed_signed_message
Already applied: 0061_w4_payout_custody
Already applied: 0062_w6_creator_media_worker
Already applied: 0074_w8_content_runtime_denial
Already applied: 0082_w8_interactive_denial_try_fence
Already applied: 0087_w8_privacy_task_commit_fence
Already applied: 0103_w8_domain_privacy_task_fence
Already applied: 0157_w4_public_packet_read
Already applied: 0159_w1_generation_worker_scope
Already applied: 0163_w2_usage_lineage
Already applied: 0165_w2_usage_retention_expiry
Already applied: 0167_w1_signature_read_fence
Already applied: 0177_w8_generation_worker_denial
Already applied: 0179_w3_generation_purpose_consumers
Already applied: 0180_w2_generation_input_consumers
Already applied: 0181_w2_generation_attempt_admission
Already applied: 0182_w4_generation_allowance_audience
Already applied: 0183_w1_generation_terminal_scope
Already applied: 0184_w8_generation_terminal_denial
Already applied: 0186_w5_generation_content_origin
Already applied: 0187_w2_generation_retrieval_context
Already applied: 0188_w2_generation_terminal_journal
Already applied: 0189_w4_generation_terminal_settlement
Already applied: 0196_w2_privacy_export_snapshot
Already applied: 0198_w5_content_privacy_export
Already applied: 0203_w3_terminal_only_finalization
Already applied: 0209_w8_all_scope_privacy_ownership
Already applied: 0210_w2_generation_guardrail_event
Already applied: 0211_w2_generation_agent_metadata
Already applied: 0212_w3_generation_worker_output
Already applied: 0214_w8_original_privacy_family
Already applied: 0215_w4_generation_safety_terminal_settlement
Already applied: 0216_w1_generation_output_cursor
Already applied: 0217_w3_generation_provenance_purge
Already applied: 0218_w1_generation_terminal_discovery
Already applied: 0221_w3_generation_context_profile_bound
Already applied: 0222_w4_generation_audience_profile_fence
Already applied: 0223_w2_generation_profile_bound
Already applied: 0224_w5_generation_origin_profile_fence
Already applied: 0226_w1_generation_lifecycle
Already applied: 0227_w1_generation_terminal_page
Already applied: 0228_w4_generation_settlement_clock
Already applied: 0229_w2_accounting_retention_integrity
Already applied: 0230_w8_usage_expiry_tasks
Already applied: 0231_w2_account_detached_usage
Already applied: 0232_w8_conversation_accounting_boundary
Already applied: 0233_w3_privacy_cursor_export
Already applied: 0234_w3_generation_first_visible_read
Already applied: 0235_w1_public_ai_metadata_scope
Already applied: 0236_w8_public_creator_denial
Already applied: 0237_w4_generation_unknown_terminal_hold
Already applied: 0238_w4_generation_partial_unknown_terminal
Already applied: 0239_w3_comparison_samples
Already applied: 0240_w3_comparison_privacy
Already applied: 0241_comparison_export_artifacts
Already applied: 0242_comparison_export_attempts
Already applied: 0243_comparison_export_privacy
Already applied: 0244_w3_comparison_writer
Already applied: 0245_w3_comparison_reader
Already applied: 0246_comparison_artifact_scope
