INFO         | Android emulator version 37.1.11.0 (build_id 15917651) (CL:N/A)
INFO         | Graphics backend: gfxstream
INFO         | Found systemPath /tmp/qelvora-w6-runtime-20261001/sdk/system-images/android-34/google_apis/x86_64/
INFO         | Saving last run QEMU version for the AVD to 2
INFO         | Increasing RAM size to 2560MB
INFO         | Guest GLES Driver: Auto (ext controls)
INFO         | emuglConfig_init: vulkan_mode_selected:swiftshader gles_mode_selected:host
INFO         | Checking system compatibility:
INFO         |   Checking: hasSufficientDiskSpace
INFO         |      Ok: Disk space requirements to run avd: `CreatorPlatformW6Api3420261001` are met
INFO         |   Checking: hasSufficientHwGpu
INFO         |      Ok: Hardware GPU compatibility checks are not required
INFO         |   Checking: hasSufficientSystem
INFO         |      Ok: System requirements to run avd: `CreatorPlatformW6Api3420261001` are met
INFO         | Storing crashdata in: /tmp/android-yingpengwang/emu-crash-37.1.11.db, detection is enabled for process: 25411
INFO         | Initializing gfxstream backend
INFO         | startOpenglesRendererImpl: gpu info
INFO         | GPU #1
  Make: 1002
  Model: 7340
  Device ID: 7340

INFO         | initIcdPaths: ICD set to 'swiftshader', using Swiftshader ICD
INFO         | Setting ICD filenames for the loader = /private/tmp/qelvora-w6-runtime-20261001/sdk/emulator/lib64/vulkan/vk_swiftshader_icd.json
INFO         | SharedLibrary::open for [/private/tmp/qelvora-w6-runtime-20261001/sdk/emulator/qemu/darwin-x86_64/lib64/vulkan/libvulkan.dylib]
INFO         | Added library: /private/tmp/qelvora-w6-runtime-20261001/sdk/emulator/qemu/darwin-x86_64/lib64/vulkan/libvulkan.dylib
INFO         | Enabling Vulkan portability.
INFO         | Selecting Vulkan device: SwiftShader Device (Subzero), Version: 1.3.0
INFO         | Using Vulkan externalMemoryMode: OpaqueFd for VkEmulation
INFO         | Initializing VkEmulation features:
INFO         |     glInteropSupported: false
INFO         |     useDeferredCommands: true
INFO         |     createResourceWithRequirements: true
INFO         |     useVulkanComposition: false
INFO         |     useVulkanNativeSwapchain: false
INFO         |     enable guestRenderDoc: false
INFO         |     ASTC LDR emulation mode: Gpu
INFO         |     enable ETC2 emulation: true
INFO         |     enable Ycbcr emulation: false
INFO         |     guestVulkanOnly: false
INFO         |     useDedicatedAllocations: false
INFO         |     guestVulkanMaxApiVersion: 1.3.0
INFO         |     enableProtectedMemoryEmulation: false
INFO         | Graphics Adapter Vendor Google (ATI Technologies Inc.)
INFO         | Graphics Adapter Android Emulator OpenGL ES Translator (AMD Radeon Pro 5500 XT OpenGL Engine)
INFO         | Graphics API Version OpenGL ES 3.0 (4.1 ATI-7.1.8)
INFO         | Graphics API Extensions GL_OES_EGL_sync GL_OES_EGL_image GL_OES_EGL_image_external GL_OES_depth24 GL_OES_depth32 GL_OES_element_index_uint GL_OES_texture_float GL_OES_texture_float_linear GL_OES_compressed_paletted_texture GL_OES_compressed_ETC1_RGB8_texture GL_OES_depth_texture GL_OES_texture_npot GL_OES_rgb8_rgba8 GL_EXT_color_buffer_float GL_EXT_color_buffer_half_float GL_EXT_texture_format_BGRA8888 GL_APPLE_texture_format_BGRA8888 
INFO         | Graphics Device Extensions N/A
INFO         | Disabling sparse binding feature support
INFO         | Sending adb public key [QAAAAFv2NYQttk2kADiRq90x+zeD8KYzUeqp+xX1N8IXYoSzQTk5PTM3cFC5GrMLWLWyZ3VunDDWBKUAyRIfO3qBX+UnQixC8+pZhtDMW51hIkvLTLzygty2y6T8I2QgPaC70XwGZ79JaxxrY43rai0a7JHipcdDh2WGWVIaxuN4My2rEDq0u0dF2xEQUt4TUubHdWNr5DnvyrlI3vNV470tJsTOUCWXGcKkpViAPU5SZ/UT//cb6SHkGatc3aUaiIvfZ09RnSpnWZFBvzNUYz7mu2AHKz4mh9u10VbxxUvjd4iguuWAvHQfAJ0B1d/4/N/yVIfGSGoiGRptPVhTyENrRROYb4mjXe3UV2xccy2MABh+MhhJ+6Ew0vF+GF5GL09/n3npOSedyfJuf1J0VK66IOPlksQlqDYE8aTTyU2o4S+c6clpnb1FrGQ3JHj5s+UU3n566edvbkJoHCp4Az8H/zviYml/jmLW5Sf8o8X5KRoWcQLVXhaTnoiESfuLBDU+F3T+IuCgNspg16ZSHcfYxosod/tcqfYEDHxq2oK3Ml8pthnYz368k1GVx9NzZH24IwCFEIZipteRcw1rD36CGf05/tUefuQXd71DUvld0BdJfnWNXSdflERW5y4vO78pGDO9MdYOrY4m5Sz4HHpRiH2yHOGxpIVNhuwZjcBTpHFnhwOrZAEAAQA= yingpengwang@unknown]
INFO         | Userspace boot properties:
INFO         |   androidboot.boot_devices=pci0000:00/0000:00:03.0 pci0000:00/0000:00:06.0
INFO         |   androidboot.dalvik.vm.heapsize=576m
INFO         |   androidboot.debug.hwui.renderer=skiagl
INFO         |   androidboot.debug.sf.nobootanimation=1
INFO         |   androidboot.hardware=ranchu
INFO         |   androidboot.hardware.gltransport=pipe
INFO         |   androidboot.hardware.vulkan=ranchu
INFO         |   androidboot.logcat=*:V
INFO         |   androidboot.opengles.version=196608
INFO         |   androidboot.qemu=1
INFO         |   androidboot.qemu.adb.pubkey=QAAAAFv2NYQttk2kADiRq90x+zeD8KYzUeqp+xX1N8IXYoSzQTk5PTM3cFC5GrMLWLWyZ3VunDDWBKUAyRIfO3qBX+UnQixC8+pZhtDMW51hIkvLTLzygty2y6T8I2QgPaC70XwGZ79JaxxrY43rai0a7JHipcdDh2WGWVIaxuN4My2rEDq0u0dF2xEQUt4TUubHdWNr5DnvyrlI3vNV470tJsTOUCWXGcKkpViAPU5SZ/UT//cb6SHkGatc3aUaiIvfZ09RnSpnWZFBvzNUYz7mu2AHKz4mh9u10VbxxUvjd4iguuWAvHQfAJ0B1d/4/N/yVIfGSGoiGRptPVhTyENrRROYb4mjXe3UV2xccy2MABh+MhhJ+6Ew0vF+GF5GL09/n3npOSedyfJuf1J0VK66IOPlksQlqDYE8aTTyU2o4S+c6clpnb1FrGQ3JHj5s+UU3n566edvbkJoHCp4Az8H/zviYml/jmLW5Sf8o8X5KRoWcQLVXhaTnoiESfuLBDU+F3T+IuCgNspg16ZSHcfYxosod/tcqfYEDHxq2oK3Ml8pthnYz368k1GVx9NzZH24IwCFEIZipteRcw1rD36CGf05/tUefuQXd71DUvld0BdJfnWNXSdflERW5y4vO78pGDO9MdYOrY4m5Sz4HHpRiH2yHOGxpIVNhuwZjcBTpHFnhwOrZAEAAQA= yingpengwang@unknown
INFO         |   androidboot.qemu.avd_name=CreatorPlatformW6Api3420261001
INFO         |   androidboot.qemu.camera_hq_edge_processing=0
INFO         |   androidboot.qemu.camera_protocol_ver=1
INFO         |   androidboot.qemu.cpuvulkan.version=4206592
INFO         |   androidboot.qemu.gltransport.drawFlushInterval=800
INFO         |   androidboot.qemu.gltransport.name=pipe
INFO         |   androidboot.qemu.hwcodec.avcdec=2
INFO         |   androidboot.qemu.hwcodec.hevcdec=2
INFO         |   androidboot.qemu.hwcodec.vpxdec=2
INFO         |   androidboot.qemu.settings.system.screen_off_timeout=2147483647
INFO         |   androidboot.qemu.skin=1080x2340
INFO         |   androidboot.qemu.virtiowifi=1
INFO         |   androidboot.qemu.vsync=60
INFO         |   androidboot.serialno=EMULATOR37X1X11X0
INFO         |   androidboot.vbmeta.digest=451e57ed688ff746d2c636d52169ade253e2bc5bb30a5c3ff23679ca15d3bcd3
INFO         |   androidboot.vbmeta.hash_alg=sha256
INFO         |   androidboot.vbmeta.size=6656
INFO         |   androidboot.veritymode=enforcing
INFO         | Monitoring duration of emulator setup.
WARNING      | The emulator now requires a signed jwt token for gRPC access! Use the -grpc flag if you really want an open unprotected grpc port
INFO         | Using security allow list from: /private/tmp/qelvora-w6-runtime-20261001/sdk/emulator/lib/emulator_access.json
WARNING      | Token/JWT auth requested without tls, restricting access to localhost.
INFO         | The active JSON Web Key Sets can be found here: /Users/yingpengwang/Library/Caches/TemporaryItems/avd/running/25411/jwks/89c4950b-12cb-41a6-8481-961dc9bc3a8a/active.jwk
INFO         | Scanning /Users/yingpengwang/Library/Caches/TemporaryItems/avd/running/25411/jwks/89c4950b-12cb-41a6-8481-961dc9bc3a8a for jwk keys.
INFO         | Started GRPC server at 127.0.0.1:8566, security: Local, auth: +jwt
INFO         | Advertising in: /Users/yingpengwang/Library/Caches/TemporaryItems/avd/running/pid_25411.ini
WARNING      | Unable to connect to packet streamer, no bluetooth emulation available
ERROR        | detected a hanging thread 'QEMU2 CPU0 thread'. No response for 18084 ms
ERROR        | detected a hanging thread 'QEMU2 CPU1 thread'. No response for 18084 ms
WARNING      | Unable to establish gRPC connection with netsim.
WARNING      | Failed to init netsim Wifi packet stream, fall back to previous network stack.
INFO         | Setting display: 0 configuration to: 1080x2340, dpi: 440x440 
INFO         | setDisplayActiveConfig: id:0, 1080x2340
INFO         | emulatorSetupEnvironment: Environment scene is not required
USER_INFO    | Emulator is performing a full startup. This may take upto two minutes, or more.
INFO         | Boot completed in 116977 ms
INFO         | Increasing screen off timeout, logcat buffer size to 2M.
INFO         | Wait for emulator (pid 25411) 20 seconds to shutdown gracefully before kill;you can set environment variable ANDROID_EMULATOR_WAIT_TIME_BEFORE_KILL(in seconds) to change the default value (20 seconds)

USER_INFO    | Snapshots have been disabled by the user, save request is ignored.
INFO         | Saving snapshot 'default_boot' using 0 ms
INFO         | removeAll
