I/am_proc_died(  561): [0,818,WebViewLoader-x86_64,-700,0]
I/am_anr  (  561): [0,916,com.google.android.bluetooth,550026821,executing service com.google.android.bluetooth/com.android.bluetooth.btservice.AdapterService, waited 23325ms]
I/am_crash(  561): [561,0,com.google.android.bluetooth,550026821,Native crash,Aborted,unknown,0,0]
I/am_kill (  561): [0,916,com.google.android.bluetooth,-700,bg anr,0]
I/am_anr  (  561): [0,802,com.android.systemui,550026765,executing service com.android.systemui/.keyguard.KeyguardService, waited 21671ms]
I/am_proc_died(  561): [0,916,com.google.android.bluetooth,-700,0]
I/am_anr  (  561): [0,952,com.android.phone,952647245,Broadcast of Intent { act=android.safetycenter.action.REFRESH_SAFETY_SOURCES flg=0x10000010 pkg=com.android.phone cmp=com.android.phone/.security.SafetySourceReceiver (has extras) }]
I/am_kill (  561): [0,952,com.android.phone,-800,bg anr,150044]
I/am_proc_died(  561): [0,952,com.android.phone,-800,0]
I/am_proc_died(  561): [0,1231,com.android.printspooler,955,19]
I/am_proc_died(  561): [0,1414,com.android.localtransport,915,19]
I/am_proc_died(  561): [0,1706,com.google.android.bluetooth,-700,0]
I/am_kill (  561): [0,2330,com.pantopus.qelvora,0,stop com.pantopus.qelvora due to start instr,183748]
I/am_crash(  561): [561,0,com.google.android.bluetooth,550026821,Native crash,Aborted,unknown,0,0]
I/am_kill (  561): [0,2760,com.google.android.settings.intelligence,0,change com.google.android.settings.intelligence,119492]
I/am_proc_died(  561): [0,2418,com.google.android.bluetooth,-700,0]
I/am_anr  (  561): [0,2693,com.pantopus.qelvora,549994054,Process ProcessRecord{eba5f3f 2693:com.pantopus.qelvora/u0a209} failed to complete startup]
I/am_kill (  561): [0,2693,com.pantopus.qelvora,0,bg anr,163184]
I/am_proc_died(  561): [0,2693,com.pantopus.qelvora,0,19]
I/am_anr  (  561): [0,3066,com.google.android.apps.messaging,954973765,Broadcast of Intent { act=android.telephony.action.CARRIER_CONFIG_CHANGED flg=0x15000010 cmp=com.google.android.apps.messaging/.shared.simstatetracker.AsyncTelephonySimStateReceiver (has extras) }]
I/am_proc_died(  561): [0,957,com.android.settings,905,8]
