2026-10-01T01:52:33.2561990Z Current runner version: '2.337.0'
2026-10-01T01:52:33.2579690Z ##[group]Runner Image Provisioner
2026-10-01T01:52:33.2580280Z Hosted Compute Agent
2026-10-01T01:52:33.2580680Z Version: 20260828.587
2026-10-01T01:52:33.2581090Z Commit: abac92662cab4cc7352de4f9f9d2e2419aad9c29
2026-10-01T01:52:33.2581580Z Build Date: 2026-08-28T16:44:25Z
2026-10-01T01:52:33.2582030Z Worker ID: {374e00cf-50aa-416e-bbea-212dd873691c}
2026-10-01T01:52:33.2582500Z Azure Region: westus
2026-10-01T01:52:33.2582890Z ##[endgroup]
2026-10-01T01:52:33.2584050Z ##[group]Operating System
2026-10-01T01:52:33.2584460Z macOS
2026-10-01T01:52:33.2584790Z 27.0
2026-10-01T01:52:33.2585140Z 26A428
2026-10-01T01:52:33.2585480Z ##[endgroup]
2026-10-01T01:52:33.2585850Z ##[group]Runner Image
2026-10-01T01:52:33.2586240Z Image: xcode-27-arm64
2026-10-01T01:52:33.2586620Z Version: 20260921.0210.1
2026-10-01T01:52:33.2587560Z Included Software: https://github.com/actions/runner-images/blob/xcode-27-arm64/20260921.0210/images/macos/xcode-27-arm64-Readme.md
2026-10-01T01:52:33.2589020Z Image Release: https://github.com/actions/runner-images/releases/tag/xcode-27-arm64%2F20260921.0210
2026-10-01T01:52:33.2589870Z ##[endgroup]
2026-10-01T01:52:33.2590900Z ##[group]GITHUB_TOKEN Permissions
2026-10-01T01:52:33.2593480Z Contents: read
2026-10-01T01:52:33.2593920Z Metadata: read
2026-10-01T01:52:33.2594320Z Packages: read
2026-10-01T01:52:33.2594690Z ##[endgroup]
2026-10-01T01:52:33.2596510Z Secret source: Actions
2026-10-01T01:52:33.2597170Z Cache mode: write
2026-10-01T01:52:33.2597660Z Prepare workflow directory
2026-10-01T01:52:33.2896390Z Prepare all required actions
2026-10-01T01:52:33.2983500Z Getting action download info
2026-10-01T01:52:33.5008680Z Download action repository 'actions/checkout@v4' (SHA:11d5960a326750d5838078e36cf38b85af677262)
2026-10-01T01:52:33.9003720Z Download action repository 'pnpm/action-setup@v4' (SHA:b906affcce14559ad1aafd4ab0e942779e9f58b1)
2026-10-01T01:52:34.7911460Z Download action repository 'actions/setup-node@v4' (SHA:49933ea5288caeca8642d1e84afbd3f7d6820020)
2026-10-01T01:52:34.9595180Z Download action repository 'actions/upload-artifact@v4' (SHA:ea165f8d65b6e75b540449e92b4886f43607fa02)
2026-10-01T01:52:35.2138070Z Complete job name: web-visual
2026-10-01T01:52:35.2821210Z ##[group]Run actions/checkout@v4
2026-10-01T01:52:35.2822030Z with:
2026-10-01T01:52:35.2822420Z   repository: WangPantopus/creator-platform
2026-10-01T01:52:35.2825740Z   token: ***
2026-10-01T01:52:35.2826080Z   ssh-strict: true
2026-10-01T01:52:35.2826430Z   ssh-user: git
2026-10-01T01:52:35.2826780Z   persist-credentials: true
2026-10-01T01:52:35.2827170Z   clean: true
2026-10-01T01:52:35.2827540Z   sparse-checkout-cone-mode: true
2026-10-01T01:52:35.2827950Z   fetch-depth: 1
2026-10-01T01:52:35.2828310Z   fetch-tags: false
2026-10-01T01:52:35.2828670Z   show-progress: true
2026-10-01T01:52:35.2829040Z   lfs: false
2026-10-01T01:52:35.2829390Z   submodules: false
2026-10-01T01:52:35.2829800Z   set-safe-directory: true
2026-10-01T01:52:35.2830200Z   allow-unsafe-pr-checkout: false
2026-10-01T01:52:35.2830950Z ##[endgroup]
2026-10-01T01:52:35.5524060Z Syncing repository: WangPantopus/creator-platform
2026-10-01T01:52:35.5525810Z ##[group]Getting Git version info
2026-10-01T01:52:35.5526520Z Working directory is '/Users/runner/work/creator-platform/creator-platform'
2026-10-01T01:52:35.5538890Z [command]/opt/homebrew/bin/git version
2026-10-01T01:52:35.5983410Z git version 2.55.0
2026-10-01T01:52:35.6009500Z ##[endgroup]
2026-10-01T01:52:35.6023850Z Copying '/Users/runner/.gitconfig' to '/Users/runner/work/_temp/01e3adc2-8cc6-4145-b383-db2d6e8891c5/.gitconfig'
2026-10-01T01:52:35.6033660Z Temporarily overriding HOME='/Users/runner/work/_temp/01e3adc2-8cc6-4145-b383-db2d6e8891c5' before making global git config changes
2026-10-01T01:52:35.6036700Z Adding repository directory to the temporary git global config as a safe directory
2026-10-01T01:52:35.6039720Z [command]/opt/homebrew/bin/git config --global --add safe.directory /Users/runner/work/creator-platform/creator-platform
2026-10-01T01:52:35.6159420Z Deleting the contents of '/Users/runner/work/creator-platform/creator-platform'
2026-10-01T01:52:35.6163580Z ##[group]Initializing the repository
2026-10-01T01:52:35.6167240Z [command]/opt/homebrew/bin/git init /Users/runner/work/creator-platform/creator-platform
2026-10-01T01:52:35.6411740Z hint: Using 'master' as the name for the initial branch. This default branch name
2026-10-01T01:52:35.6413800Z hint: will change to "main" in Git 3.0. To configure the initial branch name
2026-10-01T01:52:35.6414940Z hint: to use in all of your new repositories, which will suppress this warning,
2026-10-01T01:52:35.6415650Z hint: call:
2026-10-01T01:52:35.6416090Z hint:
2026-10-01T01:52:35.6416710Z hint: 	git config --global init.defaultBranch <name>
2026-10-01T01:52:35.6417340Z hint:
2026-10-01T01:52:35.6433800Z hint: Names commonly chosen instead of 'master' are 'main', 'trunk' and
2026-10-01T01:52:35.6434730Z hint: 'development'. The just-created branch can be renamed via this command:
2026-10-01T01:52:35.6435370Z hint:
2026-10-01T01:52:35.6435750Z hint: 	git branch -m <name>
2026-10-01T01:52:35.6436140Z hint:
2026-10-01T01:52:35.6439910Z hint: Disable this message with "git config set advice.defaultBranchName false"
2026-10-01T01:52:35.6442580Z Initialized empty Git repository in /Users/runner/work/creator-platform/creator-platform/.git/
2026-10-01T01:52:35.6447320Z [command]/opt/homebrew/bin/git remote add origin https://github.com/WangPantopus/creator-platform
2026-10-01T01:52:35.6517870Z ##[endgroup]
2026-10-01T01:52:35.6518630Z ##[group]Disabling automatic garbage collection
2026-10-01T01:52:35.6526020Z [command]/opt/homebrew/bin/git config --local gc.auto 0
2026-10-01T01:52:35.6598980Z ##[endgroup]
2026-10-01T01:52:35.6601040Z ##[group]Setting up auth
2026-10-01T01:52:35.6603070Z [command]/opt/homebrew/bin/git config --local --name-only --get-regexp core\.sshCommand
2026-10-01T01:52:35.6679110Z [command]/opt/homebrew/bin/git submodule foreach --recursive sh -c "git config --local --name-only --get-regexp 'core\.sshCommand' && git config --local --unset-all 'core.sshCommand' || :"
2026-10-01T01:52:35.7929860Z [command]/opt/homebrew/bin/git config --local --name-only --get-regexp http\.https\:\/\/github\.com\/\.extraheader
2026-10-01T01:52:35.8003640Z [command]/opt/homebrew/bin/git submodule foreach --recursive sh -c "git config --local --name-only --get-regexp 'http\.https\:\/\/github\.com\/\.extraheader' && git config --local --unset-all 'http.https://github.com/.extraheader' || :"
2026-10-01T01:52:35.8993120Z [command]/opt/homebrew/bin/git config --local --name-only --get-regexp ^includeIf\.gitdir:
2026-10-01T01:52:35.9068600Z [command]/opt/homebrew/bin/git submodule foreach --recursive git config --local --show-origin --name-only --get-regexp remote.origin.url
2026-10-01T01:52:36.0532910Z [command]/opt/homebrew/bin/git config --local http.https://github.com/.extraheader AUTHORIZATION: basic ***
2026-10-01T01:52:36.0625970Z ##[endgroup]
2026-10-01T01:52:36.0628020Z ##[group]Fetching the repository
2026-10-01T01:52:36.0633950Z [command]/opt/homebrew/bin/git -c protocol.version=2 fetch --no-tags --prune --no-recurse-submodules --depth=1 origin +26525a683ff0bf6d4189d3c567f19c1297bb3b7f:refs/remotes/pull/4/merge
2026-10-01T01:52:37.7735430Z From https://github.com/WangPantopus/creator-platform
2026-10-01T01:52:37.7739090Z  * [new ref]         26525a683ff0bf6d4189d3c567f19c1297bb3b7f -> pull/4/merge
2026-10-01T01:52:37.7743710Z ##[endgroup]
2026-10-01T01:52:37.7745060Z ##[group]Determining the checkout info
2026-10-01T01:52:37.7746410Z ##[endgroup]
2026-10-01T01:52:37.7756640Z [command]/opt/homebrew/bin/git sparse-checkout disable
2026-10-01T01:52:37.7906210Z [command]/opt/homebrew/bin/git config --local --unset-all extensions.worktreeConfig
2026-10-01T01:52:37.7994750Z ##[group]Checking out the ref
2026-10-01T01:52:37.7997080Z [command]/opt/homebrew/bin/git checkout --progress --force refs/remotes/pull/4/merge
2026-10-01T01:52:38.0886880Z HEAD is now at 26525a6 Merge a124ad00c4c8646ed9556318be0ce8bc5506398a into 2e337a1afdf6d8bba3974427588e0b34b6d42d36
2026-10-01T01:52:38.0911160Z ##[endgroup]
2026-10-01T01:52:38.1029290Z [command]/opt/homebrew/bin/git log -1 --format=%H
2026-10-01T01:52:38.1123300Z 26525a683ff0bf6d4189d3c567f19c1297bb3b7f
2026-10-01T01:52:38.1368830Z ##[group]Run pnpm/action-setup@v4
2026-10-01T01:52:38.1369180Z with:
2026-10-01T01:52:38.1369770Z   dest: ~/setup-pnpm
2026-10-01T01:52:38.1370060Z   run_install: null
2026-10-01T01:52:38.1370340Z   cache: false
2026-10-01T01:52:38.1370590Z   cache_dependency_path: pnpm-lock.yaml
2026-10-01T01:52:38.1370920Z   package_json_file: package.json
2026-10-01T01:52:38.1371360Z   standalone: false
2026-10-01T01:52:38.1371660Z ##[endgroup]
2026-10-01T01:52:38.3189930Z ##[group]Running self-installer...
2026-10-01T01:52:38.7222630Z (node:1541) [DEP0169] DeprecationWarning: `url.parse()` behavior is not standardized and prone to errors that have security implications. Use the WHATWG URL API instead. CVEs are not issued for `url.parse()` vulnerabilities.
2026-10-01T01:52:38.7225170Z (Use `node --trace-deprecation ...` to show where the warning was created)
2026-10-01T01:52:38.9121300Z Progress: resolved 1, reused 0, downloaded 0, added 0
2026-10-01T01:52:39.1105880Z Packages: +2
2026-10-01T01:52:39.1170700Z ++
2026-10-01T01:52:39.6957270Z Progress: resolved 15, reused 0, downloaded 2, added 2, done
2026-10-01T01:52:39.7298110Z .../.pnpm/pnpm@12.5.1/node_modules/pnpm preinstall$ node install.js
2026-10-01T01:52:40.1575060Z .../.pnpm/pnpm@12.5.1/node_modules/pnpm preinstall: Done
2026-10-01T01:52:40.1587180Z .../.pnpm/pnpm@12.5.1/node_modules/pnpm postinstall$ node install.js
2026-10-01T01:52:40.2355110Z .../.pnpm/pnpm@12.5.1/node_modules/pnpm postinstall: Done
2026-10-01T01:52:41.4834720Z 
2026-10-01T01:52:41.4837780Z dependencies:
2026-10-01T01:52:41.4848770Z + pnpm 12.5.1 (12.8.1 is available)
2026-10-01T01:52:41.4849440Z 
2026-10-01T01:52:41.4950710Z Done in 2.9s
2026-10-01T01:52:41.5614750Z ##[endgroup]
2026-10-01T01:52:41.5616200Z Installation Completed!
2026-10-01T01:52:41.5978530Z ##[group]Run actions/setup-node@v4
2026-10-01T01:52:41.5978850Z with:
2026-10-01T01:52:41.5979070Z   node-version: 24
2026-10-01T01:52:41.5979300Z   cache: pnpm
2026-10-01T01:52:41.5979520Z   always-auth: false
2026-10-01T01:52:41.5979740Z   check-latest: false
2026-10-01T01:52:41.5982250Z   token: ***
2026-10-01T01:52:41.5982450Z env:
2026-10-01T01:52:41.5982730Z   PNPM_HOME: /Users/runner/setup-pnpm/node_modules/.bin
2026-10-01T01:52:41.5983040Z ##[endgroup]
2026-10-01T01:52:41.8959630Z (node:1592) [DEP0040] DeprecationWarning: The `punycode` module is deprecated. Please use a userland alternative instead.
2026-10-01T01:52:41.8977230Z (Use `node --trace-deprecation ...` to show where the warning was created)
2026-10-01T01:52:41.9009080Z Found in cache @ /Users/runner/hostedtoolcache/node/24.21.0/arm64
2026-10-01T01:52:41.9012570Z ##[group]Environment details
2026-10-01T01:52:43.0833500Z node: v24.21.0
2026-10-01T01:52:43.0836110Z npm: 11.19.0
2026-10-01T01:52:43.0837600Z yarn: 1.22.22
2026-10-01T01:52:43.0840630Z ##[endgroup]
2026-10-01T01:52:43.0881250Z [command]/Users/runner/setup-pnpm/node_modules/.bin/pnpm store path --silent
2026-10-01T01:52:43.1556190Z /Users/runner/setup-pnpm/node_modules/.bin/store/v11
2026-10-01T01:52:43.2762310Z Cache hit for: node-cache-macOS-arm64-pnpm-58286df3313282c622d1db75d470c79ae0a1fd5311442a9e87dded93a526603f
2026-10-01T01:52:43.2891190Z (node:1592) [DEP0169] DeprecationWarning: `url.parse()` behavior is not standardized and prone to errors that have security implications. Use the WHATWG URL API instead. CVEs are not issued for `url.parse()` vulnerabilities.
2026-10-01T01:52:44.3484150Z Received 125829120 of 251786809 (50.0%), 120.0 MBs/sec
2026-10-01T01:52:45.4189110Z Received 251786809 of 251786809 (100.0%), 115.9 MBs/sec
2026-10-01T01:52:45.4206250Z Cache Size: ~240 MB (251786809 B)
2026-10-01T01:52:45.4351100Z [command]/opt/homebrew/bin/gtar -xf /Users/runner/work/_temp/64514c61-07b2-4c47-ba11-e9435627aef6/cache.tzst -P -C /Users/runner/work/creator-platform/creator-platform --delay-directory-restore --use-compress-program unzstd
2026-10-01T01:52:55.7886030Z Cache restored successfully
2026-10-01T01:52:55.8024130Z Cache restored from key: node-cache-macOS-arm64-pnpm-58286df3313282c622d1db75d470c79ae0a1fd5311442a9e87dded93a526603f
2026-10-01T01:52:55.8723710Z ##[group]Run pnpm install --frozen-lockfile
2026-10-01T01:52:55.8724350Z pnpm install --frozen-lockfile
2026-10-01T01:52:55.8841320Z shell: /bin/bash -e {0}
2026-10-01T01:52:55.8841880Z env:
2026-10-01T01:52:55.8842420Z   PNPM_HOME: /Users/runner/setup-pnpm/node_modules/.bin
2026-10-01T01:52:55.8843240Z ##[endgroup]
2026-10-01T01:52:56.2164730Z Scope: all 8 workspace projects
2026-10-01T01:52:56.3698430Z ? Verifying lockfile against supply-chain policies (435 entries)...
2026-10-01T01:52:56.5466840Z Packages are cloned from the content-addressable store to the virtual store.
2026-10-01T01:52:56.5558920Z   Content-addressable store is at: /Users/runner/setup-pnpm/node_modules/.bin/store/v11
2026-10-01T01:52:56.5620710Z   Virtual store is at:             node_modules/.pnpm
2026-10-01T01:52:58.5277030Z ✓ Lockfile passes supply-chain policies (435 entries in 2.2s)
2026-10-01T01:52:58.5277650Z Lockfile is up to date, resolution step is skipped
2026-10-01T01:52:58.5323700Z Packages: +323
2026-10-01T01:52:58.5325020Z ++++++++++++++++++++++++++++++++++++++++++++++++++++++++++++++++++++++++++++++++
2026-10-01T01:52:58.6468290Z Progress: resolved 323, reused 323, downloaded 0, added 323, done
2026-10-01T01:52:58.7407050Z 
2026-10-01T01:52:58.7407590Z devDependencies:
2026-10-01T01:52:58.7408210Z + @eslint/js 9.39.1
2026-10-01T01:52:58.7408510Z + @playwright/test 1.63.0
2026-10-01T01:52:58.7408940Z + @types/node 24.10.1
2026-10-01T01:52:58.7409570Z + @types/pngjs 6.0.5
2026-10-01T01:52:58.7409940Z + eslint 9.39.1
2026-10-01T01:52:58.7412030Z + globals 16.5.0
2026-10-01T01:52:58.7412330Z + pngjs 7.0.0
2026-10-01T01:52:58.7412850Z + prettier 3.6.2
2026-10-01T01:52:58.7413200Z + tsx 4.20.6
2026-10-01T01:52:58.7413560Z + turbo 2.11.5
2026-10-01T01:52:58.7413990Z + typescript 5.9.3
2026-10-01T01:52:58.7414470Z + typescript-eslint 8.46.4
2026-10-01T01:52:58.7414980Z + vitest 3.2.4
2026-10-01T01:52:58.7466450Z 
2026-10-01T01:52:58.7554660Z Done in 2.6s using pnpm v12.5.1
2026-10-01T01:52:58.7609120Z ##[group]Run pnpm exec playwright install chromium
2026-10-01T01:52:58.7609650Z pnpm exec playwright install chromium
2026-10-01T01:52:58.7645770Z shell: /bin/bash -e {0}
2026-10-01T01:52:58.7646060Z env:
2026-10-01T01:52:58.7646290Z   PNPM_HOME: /Users/runner/setup-pnpm/node_modules/.bin
2026-10-01T01:52:58.7646560Z ##[endgroup]
2026-10-01T01:52:59.4966790Z Downloading Chrome for Testing 153.0.8010.12 (playwright chromium v1243) from https://cdn.playwright.dev/builds/cft/153.0.8010.12/mac-arm64/chrome-mac-arm64.zip
2026-10-01T01:53:00.4789560Z |                                                                                |   0% of 182.1 MiB
2026-10-01T01:53:01.3157060Z |■■■■■■■■                                                                        |  10% of 182.1 MiB
2026-10-01T01:53:01.6261720Z |■■■■■■■■■■■■■■■■                                                                |  20% of 182.1 MiB
2026-10-01T01:53:01.9549970Z |■■■■■■■■■■■■■■■■■■■■■■■■                                                        |  30% of 182.1 MiB
2026-10-01T01:53:02.2787740Z |■■■■■■■■■■■■■■■■■■■■■■■■■■■■■■■■                                                |  40% of 182.1 MiB
2026-10-01T01:53:02.6200730Z |■■■■■■■■■■■■■■■■■■■■■■■■■■■■■■■■■■■■■■■■                                        |  50% of 182.1 MiB
2026-10-01T01:53:02.9468380Z |■■■■■■■■■■■■■■■■■■■■■■■■■■■■■■■■■■■■■■■■■■■■■■■■                                |  60% of 182.1 MiB
2026-10-01T01:53:03.2482300Z |■■■■■■■■■■■■■■■■■■■■■■■■■■■■■■■■■■■■■■■■■■■■■■■■■■■■■■■■                        |  70% of 182.1 MiB
2026-10-01T01:53:03.5587080Z |■■■■■■■■■■■■■■■■■■■■■■■■■■■■■■■■■■■■■■■■■■■■■■■■■■■■■■■■■■■■■■■■                |  80% of 182.1 MiB
2026-10-01T01:53:03.8911150Z |■■■■■■■■■■■■■■■■■■■■■■■■■■■■■■■■■■■■■■■■■■■■■■■■■■■■■■■■■■■■■■■■■■■■■■■■        |  90% of 182.1 MiB
2026-10-01T01:53:04.2075800Z |■■■■■■■■■■■■■■■■■■■■■■■■■■■■■■■■■■■■■■■■■■■■■■■■■■■■■■■■■■■■■■■■■■■■■■■■■■■■■■■■| 100% of 182.1 MiB
2026-10-01T01:53:08.2486950Z Chrome for Testing 153.0.8010.12 (playwright chromium v1243) downloaded to /Users/runner/Library/Caches/ms-playwright/chromium-1243
2026-10-01T01:53:08.2516510Z Downloading FFmpeg (playwright ffmpeg v1011) from https://cdn.playwright.dev/dbazure/download/playwright/builds/ffmpeg/1011/ffmpeg-mac-arm64.zip
2026-10-01T01:53:09.0727680Z |                                                                                |   1% of 1 MiB
2026-10-01T01:53:09.1170710Z |■■■■■■■■                                                                        |  10% of 1 MiB
2026-10-01T01:53:09.1472090Z |■■■■■■■■■■■■■■■■                                                                |  20% of 1 MiB
2026-10-01T01:53:09.1662840Z |■■■■■■■■■■■■■■■■■■■■■■■■                                                        |  30% of 1 MiB
2026-10-01T01:53:09.1820070Z |■■■■■■■■■■■■■■■■■■■■■■■■■■■■■■■■                                                |  40% of 1 MiB
2026-10-01T01:53:09.1937140Z |■■■■■■■■■■■■■■■■■■■■■■■■■■■■■■■■■■■■■■■■                                        |  50% of 1 MiB
2026-10-01T01:53:09.2016930Z |■■■■■■■■■■■■■■■■■■■■■■■■■■■■■■■■■■■■■■■■■■■■■■■■                                |  60% of 1 MiB
2026-10-01T01:53:09.2107280Z |■■■■■■■■■■■■■■■■■■■■■■■■■■■■■■■■■■■■■■■■■■■■■■■■■■■■■■■■                        |  71% of 1 MiB
2026-10-01T01:53:09.2178790Z |■■■■■■■■■■■■■■■■■■■■■■■■■■■■■■■■■■■■■■■■■■■■■■■■■■■■■■■■■■■■■■■■                |  80% of 1 MiB
2026-10-01T01:53:09.2239290Z |■■■■■■■■■■■■■■■■■■■■■■■■■■■■■■■■■■■■■■■■■■■■■■■■■■■■■■■■■■■■■■■■■■■■■■■■        |  90% of 1 MiB
2026-10-01T01:53:09.2297900Z |■■■■■■■■■■■■■■■■■■■■■■■■■■■■■■■■■■■■■■■■■■■■■■■■■■■■■■■■■■■■■■■■■■■■■■■■■■■■■■■■| 100% of 1 MiB
2026-10-01T01:53:09.2727760Z FFmpeg (playwright ffmpeg v1011) downloaded to /Users/runner/Library/Caches/ms-playwright/ffmpeg-1011
2026-10-01T01:53:09.2747210Z Downloading Chrome Headless Shell 153.0.8010.12 (playwright chromium-headless-shell v1243) from https://cdn.playwright.dev/builds/cft/153.0.8010.12/mac-arm64/chrome-headless-shell-mac-arm64.zip
2026-10-01T01:53:10.1458280Z |                                                                                |   0% of 94.3 MiB
2026-10-01T01:53:10.8230470Z |■■■■■■■■                                                                        |  10% of 94.3 MiB
2026-10-01T01:53:11.0001870Z |■■■■■■■■■■■■■■■■                                                                |  20% of 94.3 MiB
2026-10-01T01:53:11.1589350Z |■■■■■■■■■■■■■■■■■■■■■■■■                                                        |  30% of 94.3 MiB
2026-10-01T01:53:11.3256460Z |■■■■■■■■■■■■■■■■■■■■■■■■■■■■■■■■                                                |  40% of 94.3 MiB
2026-10-01T01:53:11.5003750Z |■■■■■■■■■■■■■■■■■■■■■■■■■■■■■■■■■■■■■■■■                                        |  50% of 94.3 MiB
2026-10-01T01:53:11.6702300Z |■■■■■■■■■■■■■■■■■■■■■■■■■■■■■■■■■■■■■■■■■■■■■■■■                                |  60% of 94.3 MiB
2026-10-01T01:53:11.8442380Z |■■■■■■■■■■■■■■■■■■■■■■■■■■■■■■■■■■■■■■■■■■■■■■■■■■■■■■■■                        |  70% of 94.3 MiB
2026-10-01T01:53:12.0144280Z |■■■■■■■■■■■■■■■■■■■■■■■■■■■■■■■■■■■■■■■■■■■■■■■■■■■■■■■■■■■■■■■■                |  80% of 94.3 MiB
2026-10-01T01:53:12.1959870Z |■■■■■■■■■■■■■■■■■■■■■■■■■■■■■■■■■■■■■■■■■■■■■■■■■■■■■■■■■■■■■■■■■■■■■■■■        |  90% of 94.3 MiB
2026-10-01T01:53:12.3612210Z |■■■■■■■■■■■■■■■■■■■■■■■■■■■■■■■■■■■■■■■■■■■■■■■■■■■■■■■■■■■■■■■■■■■■■■■■■■■■■■■■| 100% of 94.3 MiB
2026-10-01T01:53:14.5435280Z Chrome Headless Shell 153.0.8010.12 (playwright chromium-headless-shell v1243) downloaded to /Users/runner/Library/Caches/ms-playwright/chromium_headless_shell-1243
2026-10-01T01:53:14.5982710Z ##[group]Run pnpm test:visual
2026-10-01T01:53:14.5983140Z pnpm test:visual
2026-10-01T01:53:14.6029250Z shell: /bin/bash -e {0}
2026-10-01T01:53:14.6029590Z env:
2026-10-01T01:53:14.6029860Z   PNPM_HOME: /Users/runner/setup-pnpm/node_modules/.bin
2026-10-01T01:53:14.6030200Z ##[endgroup]
2026-10-01T01:53:14.7428000Z $ playwright test
2026-10-01T01:53:16.7703930Z [WebServer] $ next dev -p 3000
2026-10-01T01:53:22.4428830Z 
2026-10-01T01:53:22.4431260Z Running 13 tests using 1 worker
2026-10-01T01:53:22.4431700Z 
2026-10-01T01:53:23.9504870Z   ✓   1 tests/visual/auth-contract.spec.ts:21:5 › auth seam rejects external, nested backslash and control-character contexts (903ms)
2026-10-01T01:53:25.6286570Z   ✓   2 tests/visual/auth-contract.spec.ts:40:5 › welcome and auth seam use the same context contract and preserve a registered context (1.1s)
2026-10-01T01:53:29.5207050Z [WebServer] [browser] A tree hydrated but some attributes of the server rendered HTML didn't match the client properties. This won't be patched up. This can happen if a SSR-ed Client Component used:
2026-10-01T01:53:29.5310340Z [WebServer] 
2026-10-01T01:53:29.5427670Z [WebServer] - A server/client branch `if (typeof window !== 'undefined')`.
2026-10-01T01:53:29.5553630Z [WebServer] - Variable input such as `Date.now()` or `Math.random()` which changes each time it's called.
2026-10-01T01:53:29.5668540Z [WebServer] - Date formatting in a user's locale which doesn't match the server.
2026-10-01T01:53:29.5785610Z [WebServer] - External changing data without sending a snapshot of it along with the HTML.
2026-10-01T01:53:29.5938800Z [WebServer] - Invalid HTML tag nesting.
2026-10-01T01:53:29.6043770Z [WebServer] 
2026-10-01T01:53:29.6169630Z [WebServer] It can also happen if the client has a browser extension installed which messes with the HTML before React loaded.
2026-10-01T01:53:29.6301560Z [WebServer] 
2026-10-01T01:53:29.6417000Z [WebServer] https://react.dev/link/hydration-mismatch
2026-10-01T01:53:29.6530670Z [WebServer] 
2026-10-01T01:53:29.6644960Z [WebServer]   ...
2026-10-01T01:53:29.6749060Z [WebServer]     <ErrorBoundary errorComponent={undefined} errorStyles={undefined} errorScripts={undefined}>
2026-10-01T01:53:29.6760660Z [WebServer]       <LoadingBoundary name="Thread/" loading={null}>
2026-10-01T01:53:29.6869870Z [WebServer]         <HTTPAccessFallbackBoundary notFound={undefined} forbidden={undefined} unauthorized={undefined}>
2026-10-01T01:53:29.6972150Z [WebServer]           <RedirectBoundary>
2026-10-01T01:53:29.7074650Z [WebServer]             <RedirectErrorBoundary router={{...}}>
2026-10-01T01:53:29.7176480Z [WebServer]               <InnerLayoutRouter url={"/design/..."} tree={[...]} params={{group:"pha...", ...}} ...>
2026-10-01T01:53:29.7280100Z [WebServer]                 <SegmentViewNode type="page" pagePath="design/scr...">
2026-10-01T01:53:29.7382630Z [WebServer]                   <SegmentTrieNode>
2026-10-01T01:53:29.7482980Z [WebServer]                   <Page>
2026-10-01T01:53:29.7585540Z [WebServer]                     <main>
2026-10-01T01:53:29.7685950Z [WebServer]                       <div className="preview-board">
2026-10-01T01:53:29.7796340Z [WebServer]                         <div style={{width:"390px", ...}}>
2026-10-01T01:53:29.7899080Z [WebServer]                           <header>
2026-10-01T01:53:29.8000750Z [WebServer]                           <div>
2026-10-01T01:53:29.8100790Z [WebServer]                           <div>
2026-10-01T01:53:29.8201590Z [WebServer]                           <div style={{position:"...", ...}}>
2026-10-01T01:53:29.8303500Z [WebServer]                             <Composer>
2026-10-01T01:53:29.8404120Z [WebServer]                               <div className="qv qv-comp...">
2026-10-01T01:53:29.8505900Z [WebServer]                                 <div>
2026-10-01T01:53:29.8607000Z [WebServer]                                 <button>
2026-10-01T01:53:29.8709100Z [WebServer]                                 <div className="qv-compose...">
2026-10-01T01:53:29.8811500Z [WebServer]                                   <button>
2026-10-01T01:53:29.8912620Z [WebServer]                                   <label>
2026-10-01T01:53:29.9018070Z [WebServer]                                   <input
2026-10-01T01:53:29.9120150Z [WebServer]                                     id="qv-composer"
2026-10-01T01:53:29.9220700Z [WebServer]                                     className="qv-composer__input"
2026-10-01T01:53:29.9324580Z [WebServer]                                     placeholder={"Message Maya's AI"}
2026-10-01T01:53:29.9426820Z [WebServer] +                                   style={null}
2026-10-01T01:53:29.9528040Z [WebServer] -                                   style={{caret-color:"transparent"}}
2026-10-01T01:53:29.9630860Z [WebServer]                                   >
2026-10-01T01:53:29.9731460Z [WebServer]                                   ...
2026-10-01T01:53:29.9835010Z [WebServer]                             ...
2026-10-01T01:53:29.9936490Z [WebServer]                           ...
2026-10-01T01:53:30.0054370Z [WebServer]                         ...
2026-10-01T01:53:30.0156230Z [WebServer]                 ...
2026-10-01T01:53:30.0278870Z [WebServer]               ...
2026-10-01T01:53:30.0397300Z [WebServer]  
2026-10-01T01:53:52.8563720Z [WebServer] [browser] A tree hydrated but some attributes of the server rendered HTML didn't match the client properties. This won't be patched up. This can happen if a SSR-ed Client Component used:
2026-10-01T01:53:52.8637490Z [WebServer] 
2026-10-01T01:53:52.8775120Z [WebServer] - A server/client branch `if (typeof window !== 'undefined')`.
2026-10-01T01:53:52.8887460Z [WebServer] - Variable input such as `Date.now()` or `Math.random()` which changes each time it's called.
2026-10-01T01:53:52.8994820Z [WebServer] - Date formatting in a user's locale which doesn't match the server.
2026-10-01T01:53:52.9097440Z [WebServer] - External changing data without sending a snapshot of it along with the HTML.
2026-10-01T01:53:52.9208210Z [WebServer] - Invalid HTML tag nesting.
2026-10-01T01:53:52.9312520Z [WebServer] 
2026-10-01T01:53:52.9433370Z [WebServer] It can also happen if the client has a browser extension installed which messes with the HTML before React loaded.
2026-10-01T01:53:52.9540530Z [WebServer] 
2026-10-01T01:53:52.9655170Z [WebServer] https://react.dev/link/hydration-mismatch
2026-10-01T01:53:52.9756830Z [WebServer] 
2026-10-01T01:53:52.9757660Z [WebServer]   ...
2026-10-01T01:53:52.9859100Z [WebServer]     <RedirectBoundary>
2026-10-01T01:53:52.9960980Z [WebServer]       <RedirectErrorBoundary router={{...}}>
2026-10-01T01:53:53.0083660Z [WebServer]         <InnerLayoutRouter url={"/design/..."} tree={[...]} params={{group:"pha...", ...}} cacheNode={{rsc:{...}, ...}} ...>
2026-10-01T01:53:53.0186260Z [WebServer]           <SegmentViewNode type="page" pagePath="design/scr...">
2026-10-01T01:53:53.0287830Z [WebServer]             <SegmentTrieNode>
2026-10-01T01:53:53.0389100Z [WebServer]             <Page>
2026-10-01T01:53:53.0490420Z [WebServer]               <main>
2026-10-01T01:53:53.0592740Z [WebServer]                 <div className="preview-board">
2026-10-01T01:53:53.0694810Z [WebServer]                   <div className="qv" style={{width:"1280px", ...}}>
2026-10-01T01:53:53.0796550Z [WebServer]                     <nav>
2026-10-01T01:53:53.0898030Z [WebServer]                     <main style={{flexGrow:"1", ...}}>
2026-10-01T01:53:53.1000580Z [WebServer]                       <div>
2026-10-01T01:53:53.1102140Z [WebServer]                       <div>
2026-10-01T01:53:53.1203590Z [WebServer]                       <div style={{display:"grid", ...}}>
2026-10-01T01:53:53.1205540Z [WebServer]                         <section>
2026-10-01T01:53:53.1206230Z [WebServer]                         <section style={{...}}>
2026-10-01T01:53:53.1206740Z [WebServer]                           <span>
2026-10-01T01:53:53.1207400Z [WebServer]                           <label style={{display:"flex", ...}}>
2026-10-01T01:53:53.1209760Z [WebServer]                             <input
2026-10-01T01:53:53.1215290Z [WebServer]                               type="checkbox"
2026-10-01T01:53:53.1221450Z [WebServer]                               defaultChecked={true}
2026-10-01T01:53:53.1223950Z [WebServer] -                             style={{caret-color:"transparent"}}
2026-10-01T01:53:53.1225610Z [WebServer]                             >
2026-10-01T01:53:53.1226800Z [WebServer]                           ...
2026-10-01T01:53:53.1228240Z [WebServer]                           <label style={{display:"flex", ...}}>
2026-10-01T01:53:53.1229680Z [WebServer]                             <input
2026-10-01T01:53:53.1230920Z [WebServer]                               type="checkbox"
2026-10-01T01:53:53.1232350Z [WebServer]                               defaultChecked={true}
2026-10-01T01:53:53.1233940Z [WebServer] -                             style={{caret-color:"transparent"}}
2026-10-01T01:53:53.1235240Z [WebServer]                             >
2026-10-01T01:53:53.1236480Z [WebServer]                           ...
2026-10-01T01:53:53.1238010Z [WebServer]                           <label style={{display:"flex", ...}}>
2026-10-01T01:53:53.1239390Z [WebServer]                             <input
2026-10-01T01:53:53.1240700Z [WebServer]                               type="checkbox"
2026-10-01T01:53:53.1242080Z [WebServer]                               defaultChecked={true}
2026-10-01T01:53:53.1243700Z [WebServer] -                             style={{caret-color:"transparent"}}
2026-10-01T01:53:53.1245100Z [WebServer]                             >
2026-10-01T01:53:53.1246350Z [WebServer]                           ...
2026-10-01T01:53:53.1247780Z [WebServer]                           <label style={{display:"flex", ...}}>
2026-10-01T01:53:53.1249470Z [WebServer]                             <input
2026-10-01T01:53:53.1251500Z [WebServer]                               type="checkbox"
2026-10-01T01:53:53.1253070Z [WebServer]                               defaultChecked={true}
2026-10-01T01:53:53.1390670Z [WebServer] -                             style={{caret-color:"transparent"}}
2026-10-01T01:53:53.1494490Z [WebServer]                             >
2026-10-01T01:53:53.1597600Z [WebServer]                           ...
2026-10-01T01:53:53.1704810Z [WebServer]                           <label style={{display:"flex", ...}}>
2026-10-01T01:53:53.1754730Z [WebServer]                             <input
2026-10-01T01:53:53.1755990Z [WebServer]                               type="checkbox"
2026-10-01T01:53:53.1757110Z [WebServer]                               defaultChecked={true}
2026-10-01T01:53:53.1763460Z [WebServer] -                             style={{caret-color:"transparent"}}
2026-10-01T01:53:53.1766450Z [WebServer]                             >
2026-10-01T01:53:53.1767490Z [WebServer]                           ...
2026-10-01T01:53:53.1770320Z [WebServer]                           ...
2026-10-01T01:53:53.1771530Z [WebServer]                         ...
2026-10-01T01:53:53.1776190Z [WebServer]                       ...
2026-10-01T01:53:53.1776880Z [WebServer]                     ...
2026-10-01T01:53:53.1777640Z [WebServer]                   ...
2026-10-01T01:53:53.1785010Z [WebServer]           ...
2026-10-01T01:53:53.1889540Z [WebServer]         ...
2026-10-01T01:53:53.1912460Z [WebServer]  
2026-10-01T01:54:11.3891140Z   ✘   3 tests/visual/catalog.spec.ts:21:7 › all 64 exported screens preserve the reference in light (45.6s)
2026-10-01T01:54:51.4368510Z   ✓   4 tests/visual/catalog.spec.ts:98:7 › all 53 component compositions preserves the reference in light (39.1s)
2026-10-01T01:55:31.2783940Z   ✓   5 tests/visual/catalog.spec.ts:21:7 › all 64 exported screens preserve the reference in night (39.8s)
2026-10-01T01:56:05.9976090Z   ✓   6 tests/visual/catalog.spec.ts:98:7 › all 53 component compositions preserves the reference in night (34.7s)
2026-10-01T01:56:07.5417790Z   ✓   7 tests/visual/foundation.spec.ts:30:9 › welcome reference composition matches approved design in light (1.5s)
2026-10-01T01:56:08.8962910Z   ✓   8 tests/visual/foundation.spec.ts:30:9 › creator-home reference composition matches approved design in light (1.3s)
2026-10-01T01:56:10.1385380Z   ✓   9 tests/visual/foundation.spec.ts:30:9 › handle-preview reference composition matches approved design in light (1.2s)
2026-10-01T01:56:11.4612950Z   ✓  10 tests/visual/foundation.spec.ts:30:9 › welcome reference composition matches approved design in night (1.3s)
2026-10-01T01:56:12.6950470Z   ✓  11 tests/visual/foundation.spec.ts:30:9 › creator-home reference composition matches approved design in night (1.2s)
2026-10-01T01:56:13.7528680Z   ✓  12 tests/visual/foundation.spec.ts:30:9 › handle-preview reference composition matches approved design in night (1.0s)
2026-10-01T01:56:16.0583370Z   ✓  13 tests/visual/foundation.spec.ts:90:5 › unconfigured Pantopus sign-in does not create a local identity and preserves arrival (2.3s)
2026-10-01T01:56:16.2522980Z 
2026-10-01T01:56:16.2559420Z 
2026-10-01T01:56:16.2579630Z   1) tests/visual/catalog.spec.ts:21:7 › all 64 exported screens preserve the reference in light ───
2026-10-01T01:56:16.2580900Z 
2026-10-01T01:56:16.2581500Z     Error: phase4a-fan-core/Thread.dc.html channel delta in light
2026-10-01T01:56:16.2582450Z 
2026-10-01T01:56:16.2583180Z     expect(received).toBeLessThanOrEqual(expected)
2026-10-01T01:56:16.2584170Z 
2026-10-01T01:56:16.2584410Z     Expected: <= 2
2026-10-01T01:56:16.2585540Z     Received:    232
2026-10-01T01:56:16.2585960Z 
2026-10-01T01:56:16.2586760Z       85 |           `${screen.group}/${screen.file} channel delta in ${theme}`,
2026-10-01T01:56:16.2587690Z       86 |         )
2026-10-01T01:56:16.2588480Z     > 87 |         .toBeLessThanOrEqual(2);
2026-10-01T01:56:16.2589250Z          |          ^
2026-10-01T01:56:16.2589800Z       88 |       expect
2026-10-01T01:56:16.2590620Z       89 |         .soft(
2026-10-01T01:56:16.2591820Z       90 |           comparison.pixels,
2026-10-01T01:56:16.2593470Z         at /Users/runner/work/creator-platform/creator-platform/tests/visual/catalog.spec.ts:87:10
2026-10-01T01:56:16.2594460Z 
2026-10-01T01:56:16.2595410Z     Error: phase4a-fan-core/Thread.dc.html differing pixels in light
2026-10-01T01:56:16.2602190Z 
2026-10-01T01:56:16.2602940Z     expect(received).toBeLessThanOrEqual(expected)
2026-10-01T01:56:16.2605080Z 
2026-10-01T01:56:16.2605550Z     Expected: <= 64
2026-10-01T01:56:16.2607140Z     Received:    6200
2026-10-01T01:56:16.2607890Z 
2026-10-01T01:56:16.2609230Z       91 |           `${screen.group}/${screen.file} differing pixels in ${theme}`,
2026-10-01T01:56:16.2610910Z       92 |         )
2026-10-01T01:56:16.2612420Z     > 93 |         .toBeLessThanOrEqual(64);
2026-10-01T01:56:16.2614800Z          |          ^
2026-10-01T01:56:16.2615380Z       94 |       page.off("pageerror", capture);
2026-10-01T01:56:16.2618310Z       95 |     }
2026-10-01T01:56:16.2620320Z       96 |     await reference.close();
2026-10-01T01:56:16.2621730Z         at /Users/runner/work/creator-platform/creator-platform/tests/visual/catalog.spec.ts:93:10
2026-10-01T01:56:16.2622730Z 
2026-10-01T01:56:16.2624070Z     Error: phase4d-studio-desktop/Style.dc.html channel delta in light
2026-10-01T01:56:16.2625780Z 
2026-10-01T01:56:16.2626940Z     expect(received).toBeLessThanOrEqual(expected)
2026-10-01T01:56:16.2627620Z 
2026-10-01T01:56:16.2627720Z     Expected: <= 2
2026-10-01T01:56:16.2629830Z     Received:    232
2026-10-01T01:56:16.2630890Z 
2026-10-01T01:56:16.2632000Z       85 |           `${screen.group}/${screen.file} channel delta in ${theme}`,
2026-10-01T01:56:16.2633690Z       86 |         )
2026-10-01T01:56:16.2634840Z     > 87 |         .toBeLessThanOrEqual(2);
2026-10-01T01:56:16.2636450Z          |          ^
2026-10-01T01:56:16.2637740Z       88 |       expect
2026-10-01T01:56:16.2638410Z       89 |         .soft(
2026-10-01T01:56:16.2639950Z       90 |           comparison.pixels,
2026-10-01T01:56:16.2643720Z         at /Users/runner/work/creator-platform/creator-platform/tests/visual/catalog.spec.ts:87:10
2026-10-01T01:56:16.2644190Z 
2026-10-01T01:56:16.2644510Z     Error: phase4d-studio-desktop/Style.dc.html differing pixels in light
2026-10-01T01:56:16.2644970Z 
2026-10-01T01:56:16.2645330Z     expect(received).toBeLessThanOrEqual(expected)
2026-10-01T01:56:16.2645670Z 
2026-10-01T01:56:16.2645870Z     Expected: <= 64
2026-10-01T01:56:16.2646170Z     Received:    7863
2026-10-01T01:56:16.2646370Z 
2026-10-01T01:56:16.2646640Z       91 |           `${screen.group}/${screen.file} differing pixels in ${theme}`,
2026-10-01T01:56:16.2647210Z       92 |         )
2026-10-01T01:56:16.2647580Z     > 93 |         .toBeLessThanOrEqual(64);
2026-10-01T01:56:16.2649220Z          |          ^
2026-10-01T01:56:16.2649650Z       94 |       page.off("pageerror", capture);
2026-10-01T01:56:16.2650200Z       95 |     }
2026-10-01T01:56:16.2650980Z       96 |     await reference.close();
2026-10-01T01:56:16.2651730Z         at /Users/runner/work/creator-platform/creator-platform/tests/visual/catalog.spec.ts:93:10
2026-10-01T01:56:16.2652260Z 
2026-10-01T01:56:16.2652880Z     Error Context: test-results/catalog-all-64-exported-sc-75d60-erve-the-reference-in-light/error-context.md
2026-10-01T01:56:16.2653470Z 
2026-10-01T01:56:16.2653600Z   1 failed
2026-10-01T01:56:16.2654460Z     tests/visual/catalog.spec.ts:21:7 › all 64 exported screens preserve the reference in light ────
2026-10-01T01:56:16.2655020Z   12 passed (3.0m)
2026-10-01T01:56:16.4620450Z [ELIFECYCLE] Command failed with exit code 1.
2026-10-01T01:56:16.4799670Z ##[error]Process completed with exit code 1.
2026-10-01T01:56:16.5108850Z ##[group]Run actions/upload-artifact@v4
2026-10-01T01:56:16.5110110Z with:
2026-10-01T01:56:16.5111180Z   name: visual-review
2026-10-01T01:56:16.5111920Z   path: playwright-report
test-results

2026-10-01T01:56:16.5112890Z   if-no-files-found: warn
2026-10-01T01:56:16.5113850Z   compression-level: 6
2026-10-01T01:56:16.5114560Z   overwrite: false
2026-10-01T01:56:16.5115310Z   include-hidden-files: false
2026-10-01T01:56:16.5116000Z env:
2026-10-01T01:56:16.5116740Z   PNPM_HOME: /Users/runner/setup-pnpm/node_modules/.bin
2026-10-01T01:56:16.5117740Z ##[endgroup]
2026-10-01T01:56:17.1541950Z (node:6432) [DEP0040] DeprecationWarning: The `punycode` module is deprecated. Please use a userland alternative instead.
2026-10-01T01:56:17.1581480Z (Use `node --trace-deprecation ...` to show where the warning was created)
2026-10-01T01:56:17.1733560Z Multiple search paths detected. Calculating the least common ancestor of all paths
2026-10-01T01:56:17.1735180Z The least common ancestor is /Users/runner/work/creator-platform/creator-platform. This will be the root directory of the artifact
2026-10-01T01:56:17.1735990Z With the provided path, there will be 36 files uploaded
2026-10-01T01:56:17.1736660Z Artifact name is valid!
2026-10-01T01:56:17.1737020Z Root directory input is valid!
2026-10-01T01:56:17.4610470Z Beginning upload of artifact content to blob storage
2026-10-01T01:56:17.6287400Z (node:6432) [DEP0169] DeprecationWarning: `url.parse()` behavior is not standardized and prone to errors that have security implications. Use the WHATWG URL API instead. CVEs are not issued for `url.parse()` vulnerabilities.
2026-10-01T01:56:17.8246050Z Uploaded bytes 2575000
2026-10-01T01:56:17.8401440Z Finished uploading artifact content to blob storage!
2026-10-01T01:56:17.8403170Z SHA256 digest of uploaded artifact zip is 84d120f39cfb9d1875fa0ca1defe163c20cf83540e645b2f7d89c9e9bee32a12
2026-10-01T01:56:17.8403860Z Finalizing artifact upload
2026-10-01T01:56:18.0620150Z Artifact visual-review.zip successfully finalized. Artifact ID 11136716185
2026-10-01T01:56:18.0639880Z Artifact visual-review has been successfully uploaded! Final size is 2575000 bytes. Artifact ID is 11136716185
2026-10-01T01:56:18.0651050Z Artifact download URL: https://github.com/WangPantopus/creator-platform/actions/runs/36780139572/artifacts/11136716185
2026-10-01T01:56:18.0791980Z Post job cleanup.
2026-10-01T01:56:18.3133750Z Pruning is unnecessary.
2026-10-01T01:56:18.3376470Z Post job cleanup.
2026-10-01T01:56:18.5642480Z [command]/opt/homebrew/bin/git version
2026-10-01T01:56:18.6062370Z git version 2.55.0
2026-10-01T01:56:18.6260720Z Copying '/Users/runner/.gitconfig' to '/Users/runner/work/_temp/4295979b-5b07-4af8-982d-13dc43f4de8c/.gitconfig'
2026-10-01T01:56:18.6262420Z Temporarily overriding HOME='/Users/runner/work/_temp/4295979b-5b07-4af8-982d-13dc43f4de8c' before making global git config changes
2026-10-01T01:56:18.6263370Z Adding repository directory to the temporary git global config as a safe directory
2026-10-01T01:56:18.6264490Z [command]/opt/homebrew/bin/git config --global --add safe.directory /Users/runner/work/creator-platform/creator-platform
2026-10-01T01:56:18.6586070Z [command]/opt/homebrew/bin/git config --local --name-only --get-regexp core\.sshCommand
2026-10-01T01:56:18.6756890Z [command]/opt/homebrew/bin/git submodule foreach --recursive sh -c "git config --local --name-only --get-regexp 'core\.sshCommand' && git config --local --unset-all 'core.sshCommand' || :"
2026-10-01T01:56:18.8605500Z [command]/opt/homebrew/bin/git config --local --name-only --get-regexp http\.https\:\/\/github\.com\/\.extraheader
2026-10-01T01:56:18.8703340Z http.https://github.com/.extraheader
2026-10-01T01:56:18.8864700Z [command]/opt/homebrew/bin/git config --local --unset-all http.https://github.com/.extraheader
2026-10-01T01:56:18.8867080Z [command]/opt/homebrew/bin/git submodule foreach --recursive sh -c "git config --local --name-only --get-regexp 'http\.https\:\/\/github\.com\/\.extraheader' && git config --local --unset-all 'http.https://github.com/.extraheader' || :"
2026-10-01T01:56:19.1291280Z [command]/opt/homebrew/bin/git config --local --name-only --get-regexp ^includeIf\.gitdir:
2026-10-01T01:56:19.1595940Z [command]/opt/homebrew/bin/git submodule foreach --recursive git config --local --show-origin --name-only --get-regexp remote.origin.url
2026-10-01T01:56:19.3952200Z Cleaning up orphan processes
2026-10-01T01:56:23.9904310Z ##[warning]Node.js 20 is deprecated. The following actions target Node.js 20 but are being forced to run on Node.js 24: actions/checkout@v4, actions/setup-node@v4, actions/upload-artifact@v4, pnpm/action-setup@v4. For more information see: https://github.blog/changelog/2025-09-19-deprecation-of-node-20-on-github-actions-runners/
