Heavy build slot acquired by W7 signed23945 iOS.
Command line invocation:
    /Applications/Xcode.app/Contents/Developer/usr/bin/xcodebuild build -project apps/ios/QelvoraApp.xcodeproj -scheme QelvoraApp -configuration Debug -destination "platform=iOS Simulator,id=FAB31883-2F36-4E50-83B3-D9654B60FF00" -derivedDataPath /private/tmp/creator-platform-w7-active-20261001/ios-derived -jobs 4 CODE_SIGNING_ALLOWED=YES CODE_SIGN_IDENTITY=-

Build settings from command line:
    CODE_SIGN_IDENTITY = -
    CODE_SIGNING_ALLOWED = YES

Resolve Package Graph


Resolved source packages:
  swift-snapshot-testing: https://github.com/pointfreeco/swift-snapshot-testing.git @ 1.19.6
  swift-syntax: https://github.com/swiftlang/swift-syntax @ 604.0.0
  swift-custom-dump: https://github.com/pointfreeco/swift-custom-dump @ 1.7.3
  swift-issue-reporting: https://github.com/pointfreeco/swift-issue-reporting @ 2.1.1
  QelvoraNative: /Users/yingpengwang/estimate-rescue/creator-platform/w7-completion-840545/apps/ios

Build Preparation
Build task concurrency set to 4 via user default IDEBuildOperationMaxNumberOfConcurrentCompileTasks

note: Using codesigning identity override: -
ComputePackagePrebuildTargetDependencyGraph

Prepare packages

CreateBuildRequest

SendProjectDescription

CreateBuildOperation

ComputeTargetDependencyGraph
note: Building targets in dependency order
note: Target dependency graph (4 targets)
    Target 'QelvoraApp' in project 'QelvoraApp'
        ➜ Explicit dependency on target 'QelvoraUI-product' in project 'QelvoraNative'
    Target 'QelvoraUI-product' in project 'QelvoraNative'
        ➜ Explicit dependency on target 'QelvoraUI' in project 'QelvoraNative'
        ➜ Explicit dependency on target 'QelvoraNative_QelvoraUI' in project 'QelvoraNative'
    Target 'QelvoraUI' in project 'QelvoraNative'
        ➜ Explicit dependency on target 'QelvoraNative_QelvoraUI' in project 'QelvoraNative'
    Target 'QelvoraNative_QelvoraUI' in project 'QelvoraNative' (no dependencies)

GatherProvisioningInputs

CreateBuildDescription

ExecuteExternalTool /Applications/Xcode.app/Contents/Developer/Toolchains/XcodeDefault.xctoolchain/usr/bin/swiftc --version

ExecuteExternalTool /Applications/Xcode.app/Contents/Developer/Toolchains/XcodeDefault.xctoolchain/usr/bin/clang -v -E -dM -isysroot /Applications/Xcode.app/Contents/Developer/Platforms/iPhoneSimulator.platform/Developer/SDKs/iPhoneSimulator27.0.sdk -x c -c /dev/null

ExecuteExternalTool /Applications/Xcode.app/Contents/Developer/usr/bin/xcstringstool compile --dry-run --output-directory /tmp/creator-platform-w7-active-20261001/ios-derived/Build/Intermediates.noindex/QelvoraNative.build/Debug-iphonesimulator/QelvoraNative_QelvoraUI-b.build /Users/yingpengwang/estimate-rescue/creator-platform/w7-completion-840545/apps/ios/Sources/Generated/Localizable.xcstrings

ExecuteExternalTool /Applications/Xcode.app/Contents/Developer/Toolchains/XcodeDefault.xctoolchain/usr/bin/ld -version_details

Build description signature: adf68ee6049355c23bb52880af4b2190
Build description path: /tmp/creator-platform-w7-active-20261001/ios-derived/Build/Intermediates.noindex/XCBuildData/adf68ee6049355c23bb52880af4b2190.xcbuilddata
ClangStatCache /Applications/Xcode.app/Contents/Developer/Toolchains/XcodeDefault.xctoolchain/usr/bin/clang-stat-cache /Applications/Xcode.app/Contents/Developer/Platforms/iPhoneSimulator.platform/Developer/SDKs/iPhoneSimulator27.0.sdk /tmp/creator-platform-w7-active-20261001/ios-derived/SDKStatCaches.noindex/iphonesimulator27.0-24A430-8dc58220667be655e1bcc261a7455254.sdkstatcache
    cd /Users/yingpengwang/estimate-rescue/creator-platform/w7-completion-840545/apps/ios/QelvoraApp.xcodeproj
    /Applications/Xcode.app/Contents/Developer/Toolchains/XcodeDefault.xctoolchain/usr/bin/clang-stat-cache /Applications/Xcode.app/Contents/Developer/Platforms/iPhoneSimulator.platform/Developer/SDKs/iPhoneSimulator27.0.sdk -o /tmp/creator-platform-w7-active-20261001/ios-derived/SDKStatCaches.noindex/iphonesimulator27.0-24A430-8dc58220667be655e1bcc261a7455254.sdkstatcache

WriteAuxiliaryFile /tmp/creator-platform-w7-active-20261001/ios-derived/Build/Intermediates.noindex/QelvoraApp.build/Debug-iphonesimulator/QelvoraApp.build/DerivedSources/Entitlements-Simulated.plist (in target 'QelvoraApp' from project 'QelvoraApp')
    cd /Users/yingpengwang/estimate-rescue/creator-platform/w7-completion-840545/apps/ios
    write-file /tmp/creator-platform-w7-active-20261001/ios-derived/Build/Intermediates.noindex/QelvoraApp.build/Debug-iphonesimulator/QelvoraApp.build/DerivedSources/Entitlements-Simulated.plist

MkDir /tmp/creator-platform-w7-active-20261001/ios-derived/Build/Products/Debug-iphonesimulator/QelvoraNative_QelvoraUI.bundle (in target 'QelvoraNative_QelvoraUI' from project 'QelvoraNative')
    cd /Users/yingpengwang/estimate-rescue/creator-platform/w7-completion-840545/apps/ios
    /bin/mkdir -p /tmp/creator-platform-w7-active-20261001/ios-derived/Build/Products/Debug-iphonesimulator/QelvoraNative_QelvoraUI.bundle

ProcessInfoPlistFile /tmp/creator-platform-w7-active-20261001/ios-derived/Build/Products/Debug-iphonesimulator/QelvoraNative_QelvoraUI.bundle/Info.plist /tmp/creator-platform-w7-active-20261001/ios-derived/Build/Intermediates.noindex/QelvoraNative.build/Debug-iphonesimulator/QelvoraNative_QelvoraUI-b.build/empty-QelvoraNative_QelvoraUI.plist (in target 'QelvoraNative_QelvoraUI' from project 'QelvoraNative')
    cd /Users/yingpengwang/estimate-rescue/creator-platform/w7-completion-840545/apps/ios
    builtin-infoPlistUtility /tmp/creator-platform-w7-active-20261001/ios-derived/Build/Intermediates.noindex/QelvoraNative.build/Debug-iphonesimulator/QelvoraNative_QelvoraUI-b.build/empty-QelvoraNative_QelvoraUI.plist -producttype com.apple.product-type.bundle -expandbuildsettings -format binary -platform iphonesimulator -o /tmp/creator-platform-w7-active-20261001/ios-derived/Build/Products/Debug-iphonesimulator/QelvoraNative_QelvoraUI.bundle/Info.plist

CodeSign /tmp/creator-platform-w7-active-20261001/ios-derived/Build/Products/Debug-iphonesimulator/QelvoraNative_QelvoraUI.bundle (in target 'QelvoraNative_QelvoraUI' from project 'QelvoraNative')
    cd /Users/yingpengwang/estimate-rescue/creator-platform/w7-completion-840545/apps/ios
    
    Signing Identity:     "Sign to Run Locally"
    
    /usr/bin/codesign --force --sign - --timestamp\=none --generate-entitlement-der /tmp/creator-platform-w7-active-20261001/ios-derived/Build/Products/Debug-iphonesimulator/QelvoraNative_QelvoraUI.bundle

RegisterExecutionPolicyException /tmp/creator-platform-w7-active-20261001/ios-derived/Build/Products/Debug-iphonesimulator/QelvoraNative_QelvoraUI.bundle (in target 'QelvoraNative_QelvoraUI' from project 'QelvoraNative')
    cd /Users/yingpengwang/estimate-rescue/creator-platform/w7-completion-840545/apps/ios
    builtin-RegisterExecutionPolicyException /tmp/creator-platform-w7-active-20261001/ios-derived/Build/Products/Debug-iphonesimulator/QelvoraNative_QelvoraUI.bundle

Touch /tmp/creator-platform-w7-active-20261001/ios-derived/Build/Products/Debug-iphonesimulator/QelvoraNative_QelvoraUI.bundle (in target 'QelvoraNative_QelvoraUI' from project 'QelvoraNative')
    cd /Users/yingpengwang/estimate-rescue/creator-platform/w7-completion-840545/apps/ios
    /usr/bin/touch -c /tmp/creator-platform-w7-active-20261001/ios-derived/Build/Products/Debug-iphonesimulator/QelvoraNative_QelvoraUI.bundle

Ld /tmp/creator-platform-w7-active-20261001/ios-derived/Build/Products/Debug-iphonesimulator/QelvoraUI.o normal (in target 'QelvoraUI' from project 'QelvoraNative')
    cd /Users/yingpengwang/estimate-rescue/creator-platform/w7-completion-840545/apps/ios
    /Applications/Xcode.app/Contents/Developer/Toolchains/XcodeDefault.xctoolchain/usr/bin/clang -Xlinker -reproducible -target arm64-apple-ios17.0-simulator -r -isysroot /Applications/Xcode.app/Contents/Developer/Platforms/iPhoneSimulator.platform/Developer/SDKs/iPhoneSimulator27.0.sdk -O0 -Xlinker -no_warn_duplicate_libraries -F/tmp/creator-platform-w7-active-20261001/ios-derived/Build/Intermediates.noindex/EagerLinkingTBDs/Debug-iphonesimulator -F/tmp/creator-platform-w7-active-20261001/ios-derived/Build/Products/Debug-iphonesimulator -iframework /Applications/Xcode.app/Contents/Developer/Platforms/iPhoneSimulator.platform/Developer/Library/Frameworks -iframework /Applications/Xcode.app/Contents/Developer/Platforms/iPhoneSimulator.platform/Developer/SDKs/iPhoneSimulator27.0.sdk/Developer/Library/Frameworks -filelist /tmp/creator-platform-w7-active-20261001/ios-derived/Build/Intermediates.noindex/QelvoraNative.build/Debug-iphonesimulator/QelvoraUI-t.build/Objects-normal/arm64/QelvoraUI.LinkFileList -nostdlib -Xlinker -object_path_lto -Xlinker /tmp/creator-platform-w7-active-20261001/ios-derived/Build/Intermediates.noindex/QelvoraNative.build/Debug-iphonesimulator/QelvoraUI-t.build/Objects-normal/arm64/QelvoraUI_lto.o -Xlinker -no_deduplicate -Xlinker -objc_abi_version -Xlinker 2 -Xlinker -dependency_info -Xlinker /tmp/creator-platform-w7-active-20261001/ios-derived/Build/Intermediates.noindex/QelvoraNative.build/Debug-iphonesimulator/QelvoraUI-t.build/Objects-normal/arm64/QelvoraUI_dependency_info.dat -fobjc-link-runtime -L/Applications/Xcode.app/Contents/Developer/Toolchains/XcodeDefault.xctoolchain/usr/lib/swift/iphonesimulator -L/usr/lib/swift -Xlinker -add_ast_path -Xlinker /tmp/creator-platform-w7-active-20261001/ios-derived/Build/Intermediates.noindex/QelvoraNative.build/Debug-iphonesimulator/QelvoraUI-t.build/Objects-normal/arm64/QelvoraUI.swiftmodule -o /tmp/creator-platform-w7-active-20261001/ios-derived/Build/Products/Debug-iphonesimulator/QelvoraUI.o

ProcessProductPackaging "" /tmp/creator-platform-w7-active-20261001/ios-derived/Build/Intermediates.noindex/QelvoraApp.build/Debug-iphonesimulator/QelvoraApp.build/QelvoraApp.app-Simulated.xcent (in target 'QelvoraApp' from project 'QelvoraApp')
    cd /Users/yingpengwang/estimate-rescue/creator-platform/w7-completion-840545/apps/ios
    
    Entitlements:
    
    {
    "application-identifier" = "6UYZBA546R.com.pantopus.qelvora";
}
    
    builtin-productPackagingUtility -entitlements -format xml -o /tmp/creator-platform-w7-active-20261001/ios-derived/Build/Intermediates.noindex/QelvoraApp.build/Debug-iphonesimulator/QelvoraApp.build/QelvoraApp.app-Simulated.xcent

ProcessProductPackagingDER /tmp/creator-platform-w7-active-20261001/ios-derived/Build/Intermediates.noindex/QelvoraApp.build/Debug-iphonesimulator/QelvoraApp.build/QelvoraApp.app-Simulated.xcent /tmp/creator-platform-w7-active-20261001/ios-derived/Build/Intermediates.noindex/QelvoraApp.build/Debug-iphonesimulator/QelvoraApp.build/QelvoraApp.app-Simulated.xcent.der (in target 'QelvoraApp' from project 'QelvoraApp')
    cd /Users/yingpengwang/estimate-rescue/creator-platform/w7-completion-840545/apps/ios
    /usr/bin/derq query -f xml -i /tmp/creator-platform-w7-active-20261001/ios-derived/Build/Intermediates.noindex/QelvoraApp.build/Debug-iphonesimulator/QelvoraApp.build/QelvoraApp.app-Simulated.xcent -o /tmp/creator-platform-w7-active-20261001/ios-derived/Build/Intermediates.noindex/QelvoraApp.build/Debug-iphonesimulator/QelvoraApp.build/QelvoraApp.app-Simulated.xcent.der --raw

ExtractAppIntentsMetadata (in target 'QelvoraUI' from project 'QelvoraNative')
    cd /Users/yingpengwang/estimate-rescue/creator-platform/w7-completion-840545/apps/ios
    /Applications/Xcode.app/Contents/Developer/Toolchains/XcodeDefault.xctoolchain/usr/bin/appintentsmetadataprocessor --toolchain-dir /Applications/Xcode.app/Contents/Developer/Toolchains/XcodeDefault.xctoolchain --module-name QelvoraUI --sdk-root /Applications/Xcode.app/Contents/Developer/Platforms/iPhoneSimulator.platform/Developer/SDKs/iPhoneSimulator27.0.sdk --xcode-version 27A266a --platform-family iOS --deployment-target 17.0 --bundle-identifier ios.QelvoraUI --output /tmp/creator-platform-w7-active-20261001/ios-derived/Build/Products/Debug-iphonesimulator/QelvoraUI.appintents --target-triple arm64-apple-ios17.0-simulator --binary-file /tmp/creator-platform-w7-active-20261001/ios-derived/Build/Products/Debug-iphonesimulator/QelvoraUI.o --dependency-file /tmp/creator-platform-w7-active-20261001/ios-derived/Build/Intermediates.noindex/QelvoraNative.build/Debug-iphonesimulator/QelvoraUI-t.build/Objects-normal/arm64/QelvoraUI_dependency_info.dat --stringsdata-file /tmp/creator-platform-w7-active-20261001/ios-derived/Build/Intermediates.noindex/QelvoraNative.build/Debug-iphonesimulator/QelvoraUI-t.build/Objects-normal/arm64/ExtractedAppShortcutsMetadata.stringsdata --source-file-list /tmp/creator-platform-w7-active-20261001/ios-derived/Build/Intermediates.noindex/QelvoraNative.build/Debug-iphonesimulator/QelvoraUI-t.build/Objects-normal/arm64/QelvoraUI.SwiftFileList --metadata-file-list /tmp/creator-platform-w7-active-20261001/ios-derived/Build/Intermediates.noindex/QelvoraNative.build/Debug-iphonesimulator/QelvoraUI-t.build/QelvoraUI.DependencyMetadataFileList --static-metadata-file-list /tmp/creator-platform-w7-active-20261001/ios-derived/Build/Intermediates.noindex/QelvoraNative.build/Debug-iphonesimulator/QelvoraUI-t.build/QelvoraUI.DependencyStaticMetadataFileList --swift-const-vals-list /tmp/creator-platform-w7-active-20261001/ios-derived/Build/Intermediates.noindex/QelvoraNative.build/Debug-iphonesimulator/QelvoraUI-t.build/Objects-normal/arm64/QelvoraUI.SwiftConstValuesFileList --force --compile-time-extraction --deployment-aware-processing --no-app-shortcuts-localization
2026-10-02 00:00:18.102 appintentsmetadataprocessor[11381:39034964] Starting appintentsmetadataprocessor export
2026-10-02 00:00:18.247 appintentsmetadataprocessor[11381:39034964] Extracted no relevant App Intents symbols, skipping writing output

CodeSign /tmp/creator-platform-w7-active-20261001/ios-derived/Build/Products/Debug-iphonesimulator/QelvoraUI.o (in target 'QelvoraUI' from project 'QelvoraNative')
    cd /Users/yingpengwang/estimate-rescue/creator-platform/w7-completion-840545/apps/ios
    
    Signing Identity:     "Sign to Run Locally"
    
    /usr/bin/codesign --force --sign - --timestamp\=none --generate-entitlement-der /tmp/creator-platform-w7-active-20261001/ios-derived/Build/Products/Debug-iphonesimulator/QelvoraUI.o

Copy /tmp/creator-platform-w7-active-20261001/ios-derived/Build/Products/Debug-iphonesimulator/QelvoraApp.app/QelvoraNative_QelvoraUI.bundle /tmp/creator-platform-w7-active-20261001/ios-derived/Build/Products/Debug-iphonesimulator/QelvoraNative_QelvoraUI.bundle (in target 'QelvoraApp' from project 'QelvoraApp')
    cd /Users/yingpengwang/estimate-rescue/creator-platform/w7-completion-840545/apps/ios
    builtin-copy -exclude .DS_Store -exclude CVS -exclude .svn -exclude .git -exclude .hg -resolve-src-symlinks /tmp/creator-platform-w7-active-20261001/ios-derived/Build/Products/Debug-iphonesimulator/QelvoraNative_QelvoraUI.bundle /tmp/creator-platform-w7-active-20261001/ios-derived/Build/Products/Debug-iphonesimulator/QelvoraApp.app

Ld /tmp/creator-platform-w7-active-20261001/ios-derived/Build/Products/Debug-iphonesimulator/QelvoraApp.app/__preview.dylib normal (in target 'QelvoraApp' from project 'QelvoraApp')
    cd /Users/yingpengwang/estimate-rescue/creator-platform/w7-completion-840545/apps/ios
    /Applications/Xcode.app/Contents/Developer/Toolchains/XcodeDefault.xctoolchain/usr/bin/clang -Xlinker -reproducible -target arm64-apple-ios17.0-simulator -dynamiclib -isysroot /Applications/Xcode.app/Contents/Developer/Platforms/iPhoneSimulator.platform/Developer/SDKs/iPhoneSimulator27.0.sdk -O0 -Xlinker -no_warn_duplicate_libraries -L/tmp/creator-platform-w7-active-20261001/ios-derived/Build/Products/Debug-iphonesimulator -F/tmp/creator-platform-w7-active-20261001/ios-derived/Build/Products/Debug-iphonesimulator/PackageFrameworks -F/tmp/creator-platform-w7-active-20261001/ios-derived/Build/Products/Debug-iphonesimulator -install_name @rpath/QelvoraApp.debug.dylib -Xlinker -dead_strip -rdynamic -Xlinker -no_deduplicate -Xlinker -objc_abi_version -Xlinker 2 -Xlinker -dependency_info -Xlinker /tmp/creator-platform-w7-active-20261001/ios-derived/Build/Intermediates.noindex/QelvoraApp.build/Debug-iphonesimulator/QelvoraApp.build/Objects-normal/arm64/QelvoraApp_dependency_info.dat -Xlinker -sectcreate -Xlinker __TEXT -Xlinker __entitlements -Xlinker /tmp/creator-platform-w7-active-20261001/ios-derived/Build/Intermediates.noindex/QelvoraApp.build/Debug-iphonesimulator/QelvoraApp.build/QelvoraApp.app-Simulated.xcent -Xlinker -sectcreate -Xlinker __TEXT -Xlinker __ents_der -Xlinker /tmp/creator-platform-w7-active-20261001/ios-derived/Build/Intermediates.noindex/QelvoraApp.build/Debug-iphonesimulator/QelvoraApp.build/QelvoraApp.app-Simulated.xcent.der -Xlinker -no_adhoc_codesign -o /tmp/creator-platform-w7-active-20261001/ios-derived/Build/Products/Debug-iphonesimulator/QelvoraApp.app/__preview.dylib

Ld /tmp/creator-platform-w7-active-20261001/ios-derived/Build/Products/Debug-iphonesimulator/QelvoraApp.app/QelvoraApp.debug.dylib normal (in target 'QelvoraApp' from project 'QelvoraApp')
    cd /Users/yingpengwang/estimate-rescue/creator-platform/w7-completion-840545/apps/ios
    /Applications/Xcode.app/Contents/Developer/Toolchains/XcodeDefault.xctoolchain/usr/bin/clang -Xlinker -reproducible -target arm64-apple-ios17.0-simulator -dynamiclib -isysroot /Applications/Xcode.app/Contents/Developer/Platforms/iPhoneSimulator.platform/Developer/SDKs/iPhoneSimulator27.0.sdk -O0 -Xlinker -no_warn_duplicate_libraries -L/tmp/creator-platform-w7-active-20261001/ios-derived/Build/Intermediates.noindex/EagerLinkingTBDs/Debug-iphonesimulator -L/tmp/creator-platform-w7-active-20261001/ios-derived/Build/Products/Debug-iphonesimulator -F/tmp/creator-platform-w7-active-20261001/ios-derived/Build/Intermediates.noindex/EagerLinkingTBDs/Debug-iphonesimulator -F/tmp/creator-platform-w7-active-20261001/ios-derived/Build/Products/Debug-iphonesimulator/PackageFrameworks -F/tmp/creator-platform-w7-active-20261001/ios-derived/Build/Products/Debug-iphonesimulator -filelist /tmp/creator-platform-w7-active-20261001/ios-derived/Build/Intermediates.noindex/QelvoraApp.build/Debug-iphonesimulator/QelvoraApp.build/Objects-normal/arm64/QelvoraApp.LinkFileList -install_name @rpath/QelvoraApp.debug.dylib -Xlinker -rpath -Xlinker /usr/lib/swift -Xlinker -rpath -Xlinker @loader_path -Xlinker -rpath -Xlinker /tmp/creator-platform-w7-active-20261001/ios-derived/Build/Products/Debug-iphonesimulator/PackageFrameworks -Xlinker -rpath -Xlinker @executable_path/Frameworks -Xlinker -dead_strip -Xlinker -object_path_lto -Xlinker /tmp/creator-platform-w7-active-20261001/ios-derived/Build/Intermediates.noindex/QelvoraApp.build/Debug-iphonesimulator/QelvoraApp.build/Objects-normal/arm64/QelvoraApp_lto.o -rdynamic -Xlinker -no_deduplicate -Xlinker -objc_abi_version -Xlinker 2 -Xlinker -dependency_info -Xlinker /tmp/creator-platform-w7-active-20261001/ios-derived/Build/Intermediates.noindex/QelvoraApp.build/Debug-iphonesimulator/QelvoraApp.build/Objects-normal/arm64/QelvoraApp_dependency_info.dat -fobjc-link-runtime -L/Applications/Xcode.app/Contents/Developer/Toolchains/XcodeDefault.xctoolchain/usr/lib/swift/iphonesimulator -L/usr/lib/swift -Xlinker -add_ast_path -Xlinker /tmp/creator-platform-w7-active-20261001/ios-derived/Build/Intermediates.noindex/QelvoraApp.build/Debug-iphonesimulator/QelvoraApp.build/Objects-normal/arm64/QelvoraApp.swiftmodule -Xlinker -alias -Xlinker _main -Xlinker ___debug_main_executable_dylib_entry_point -Xlinker -no_adhoc_codesign -o /tmp/creator-platform-w7-active-20261001/ios-derived/Build/Products/Debug-iphonesimulator/QelvoraApp.app/QelvoraApp.debug.dylib

ProcessInfoPlistFile /tmp/creator-platform-w7-active-20261001/ios-derived/Build/Products/Debug-iphonesimulator/QelvoraApp.app/Info.plist /Users/yingpengwang/estimate-rescue/creator-platform/w7-completion-840545/apps/ios/App/Info.plist (in target 'QelvoraApp' from project 'QelvoraApp')
    cd /Users/yingpengwang/estimate-rescue/creator-platform/w7-completion-840545/apps/ios
    builtin-infoPlistUtility /Users/yingpengwang/estimate-rescue/creator-platform/w7-completion-840545/apps/ios/App/Info.plist -producttype com.apple.product-type.application -genpkginfo /tmp/creator-platform-w7-active-20261001/ios-derived/Build/Products/Debug-iphonesimulator/QelvoraApp.app/PkgInfo -expandbuildsettings -format binary -platform iphonesimulator -scanforprivacyfile /tmp/creator-platform-w7-active-20261001/ios-derived/Build/Products/Debug-iphonesimulator/QelvoraApp.app/QelvoraNative_QelvoraUI.bundle -o /tmp/creator-platform-w7-active-20261001/ios-derived/Build/Products/Debug-iphonesimulator/QelvoraApp.app/Info.plist

ConstructStubExecutorLinkFileList /tmp/creator-platform-w7-active-20261001/ios-derived/Build/Intermediates.noindex/QelvoraApp.build/Debug-iphonesimulator/QelvoraApp.build/QelvoraApp-ExecutorLinkFileList-normal-arm64.txt (in target 'QelvoraApp' from project 'QelvoraApp')
    cd /Users/yingpengwang/estimate-rescue/creator-platform/w7-completion-840545/apps/ios
    construct-stub-executor-link-file-list /tmp/creator-platform-w7-active-20261001/ios-derived/Build/Products/Debug-iphonesimulator/QelvoraApp.app/QelvoraApp.debug.dylib /Applications/Xcode.app/Contents/Developer/Platforms/iPhoneSimulator.platform/Developer/usr/lib/libPreviewsJITStubExecutor_no_swift_entry_point.a /Applications/Xcode.app/Contents/Developer/Platforms/iPhoneSimulator.platform/Developer/usr/lib/libPreviewsJITStubExecutor.a --output /tmp/creator-platform-w7-active-20261001/ios-derived/Build/Intermediates.noindex/QelvoraApp.build/Debug-iphonesimulator/QelvoraApp.build/QelvoraApp-ExecutorLinkFileList-normal-arm64.txt
note: Using stub executor library with Swift entry point. (in target 'QelvoraApp' from project 'QelvoraApp')

Ld /tmp/creator-platform-w7-active-20261001/ios-derived/Build/Products/Debug-iphonesimulator/QelvoraApp.app/QelvoraApp normal (in target 'QelvoraApp' from project 'QelvoraApp')
    cd /Users/yingpengwang/estimate-rescue/creator-platform/w7-completion-840545/apps/ios
    /Applications/Xcode.app/Contents/Developer/Toolchains/XcodeDefault.xctoolchain/usr/bin/clang -Xlinker -reproducible -target arm64-apple-ios17.0-simulator -isysroot /Applications/Xcode.app/Contents/Developer/Platforms/iPhoneSimulator.platform/Developer/SDKs/iPhoneSimulator27.0.sdk -O0 -Xlinker -no_warn_duplicate_libraries -L/tmp/creator-platform-w7-active-20261001/ios-derived/Build/Products/Debug-iphonesimulator -F/tmp/creator-platform-w7-active-20261001/ios-derived/Build/Products/Debug-iphonesimulator/PackageFrameworks -F/tmp/creator-platform-w7-active-20261001/ios-derived/Build/Products/Debug-iphonesimulator -Xlinker -rpath -Xlinker @executable_path -Xlinker -rpath -Xlinker @loader_path -Xlinker -rpath -Xlinker /tmp/creator-platform-w7-active-20261001/ios-derived/Build/Products/Debug-iphonesimulator/PackageFrameworks -Xlinker -rpath -Xlinker @executable_path/Frameworks -rdynamic -Xlinker -no_deduplicate -Xlinker -objc_abi_version -Xlinker 2 -e ___debug_blank_executor_main -Xlinker -sectcreate -Xlinker __TEXT -Xlinker __debug_dylib -Xlinker /tmp/creator-platform-w7-active-20261001/ios-derived/Build/Intermediates.noindex/QelvoraApp.build/Debug-iphonesimulator/QelvoraApp.build/QelvoraApp-DebugDylibPath-normal-arm64.txt -Xlinker -sectcreate -Xlinker __TEXT -Xlinker __debug_instlnm -Xlinker /tmp/creator-platform-w7-active-20261001/ios-derived/Build/Intermediates.noindex/QelvoraApp.build/Debug-iphonesimulator/QelvoraApp.build/QelvoraApp-DebugDylibInstallName-normal-arm64.txt -Xlinker -filelist -Xlinker /tmp/creator-platform-w7-active-20261001/ios-derived/Build/Intermediates.noindex/QelvoraApp.build/Debug-iphonesimulator/QelvoraApp.build/QelvoraApp-ExecutorLinkFileList-normal-arm64.txt -Xlinker -sectcreate -Xlinker __TEXT -Xlinker __entitlements -Xlinker /tmp/creator-platform-w7-active-20261001/ios-derived/Build/Intermediates.noindex/QelvoraApp.build/Debug-iphonesimulator/QelvoraApp.build/QelvoraApp.app-Simulated.xcent -Xlinker -sectcreate -Xlinker __TEXT -Xlinker __ents_der -Xlinker /tmp/creator-platform-w7-active-20261001/ios-derived/Build/Intermediates.noindex/QelvoraApp.build/Debug-iphonesimulator/QelvoraApp.build/QelvoraApp.app-Simulated.xcent.der /tmp/creator-platform-w7-active-20261001/ios-derived/Build/Products/Debug-iphonesimulator/QelvoraApp.app/QelvoraApp.debug.dylib -Xlinker -no_adhoc_codesign -o /tmp/creator-platform-w7-active-20261001/ios-derived/Build/Products/Debug-iphonesimulator/QelvoraApp.app/QelvoraApp

CopySwiftLibs /tmp/creator-platform-w7-active-20261001/ios-derived/Build/Products/Debug-iphonesimulator/QelvoraApp.app (in target 'QelvoraApp' from project 'QelvoraApp')
    cd /Users/yingpengwang/estimate-rescue/creator-platform/w7-completion-840545/apps/ios
    builtin-swiftStdLibTool --copy --verbose --sign - --scan-executable /tmp/creator-platform-w7-active-20261001/ios-derived/Build/Products/Debug-iphonesimulator/QelvoraApp.app/QelvoraApp.debug.dylib --scan-folder /tmp/creator-platform-w7-active-20261001/ios-derived/Build/Products/Debug-iphonesimulator/QelvoraApp.app/Frameworks --scan-folder /tmp/creator-platform-w7-active-20261001/ios-derived/Build/Products/Debug-iphonesimulator/QelvoraApp.app/PlugIns --scan-folder /tmp/creator-platform-w7-active-20261001/ios-derived/Build/Products/Debug-iphonesimulator/QelvoraApp.app/SystemExtensions --scan-folder /tmp/creator-platform-w7-active-20261001/ios-derived/Build/Products/Debug-iphonesimulator/QelvoraApp.app/Extensions --platform iphonesimulator --toolchain /Applications/Xcode.app/Contents/Developer/Toolchains/XcodeDefault.xctoolchain --destination /tmp/creator-platform-w7-active-20261001/ios-derived/Build/Products/Debug-iphonesimulator/QelvoraApp.app/Frameworks --strip-bitcode --strip-bitcode-tool /Applications/Xcode.app/Contents/Developer/Toolchains/XcodeDefault.xctoolchain/usr/bin/bitcode_strip --emit-dependency-info /tmp/creator-platform-w7-active-20261001/ios-derived/Build/Intermediates.noindex/QelvoraApp.build/Debug-iphonesimulator/QelvoraApp.build/SwiftStdLibToolInputDependencies.dep --filter-for-swift-os

ExtractAppIntentsMetadata (in target 'QelvoraApp' from project 'QelvoraApp')
    cd /Users/yingpengwang/estimate-rescue/creator-platform/w7-completion-840545/apps/ios
    /Applications/Xcode.app/Contents/Developer/Toolchains/XcodeDefault.xctoolchain/usr/bin/appintentsmetadataprocessor --toolchain-dir /Applications/Xcode.app/Contents/Developer/Toolchains/XcodeDefault.xctoolchain --module-name QelvoraApp --sdk-root /Applications/Xcode.app/Contents/Developer/Platforms/iPhoneSimulator.platform/Developer/SDKs/iPhoneSimulator27.0.sdk --xcode-version 27A266a --platform-family iOS --deployment-target 17.0 --bundle-identifier com.pantopus.qelvora --output /tmp/creator-platform-w7-active-20261001/ios-derived/Build/Products/Debug-iphonesimulator/QelvoraApp.app --target-triple arm64-apple-ios17.0-simulator --binary-file /tmp/creator-platform-w7-active-20261001/ios-derived/Build/Products/Debug-iphonesimulator/QelvoraApp.app/QelvoraApp --dependency-file /tmp/creator-platform-w7-active-20261001/ios-derived/Build/Intermediates.noindex/QelvoraApp.build/Debug-iphonesimulator/QelvoraApp.build/Objects-normal/arm64/QelvoraApp_dependency_info.dat --stringsdata-file /tmp/creator-platform-w7-active-20261001/ios-derived/Build/Intermediates.noindex/QelvoraApp.build/Debug-iphonesimulator/QelvoraApp.build/Objects-normal/arm64/ExtractedAppShortcutsMetadata.stringsdata --source-file-list /tmp/creator-platform-w7-active-20261001/ios-derived/Build/Intermediates.noindex/QelvoraApp.build/Debug-iphonesimulator/QelvoraApp.build/Objects-normal/arm64/QelvoraApp.SwiftFileList --metadata-file-list /tmp/creator-platform-w7-active-20261001/ios-derived/Build/Intermediates.noindex/QelvoraApp.build/Debug-iphonesimulator/QelvoraApp.build/QelvoraApp.DependencyMetadataFileList --static-metadata-file-list /tmp/creator-platform-w7-active-20261001/ios-derived/Build/Intermediates.noindex/QelvoraApp.build/Debug-iphonesimulator/QelvoraApp.build/QelvoraApp.DependencyStaticMetadataFileList --swift-const-vals-list /tmp/creator-platform-w7-active-20261001/ios-derived/Build/Intermediates.noindex/QelvoraApp.build/Debug-iphonesimulator/QelvoraApp.build/Objects-normal/arm64/QelvoraApp.SwiftConstValuesFileList --compile-time-extraction --deployment-aware-processing --no-app-shortcuts-localization
2026-10-02 00:00:18.815 appintentsmetadataprocessor[11706:39035532] Starting appintentsmetadataprocessor export
2026-10-02 00:00:18.816 appintentsmetadataprocessor[11706:39035532] warning: Metadata extraction skipped, no AppIntents.framework dependency found

CodeSign /tmp/creator-platform-w7-active-20261001/ios-derived/Build/Products/Debug-iphonesimulator/QelvoraApp.app/QelvoraApp.debug.dylib (in target 'QelvoraApp' from project 'QelvoraApp')
    cd /Users/yingpengwang/estimate-rescue/creator-platform/w7-completion-840545/apps/ios
    
    Signing Identity:     "Sign to Run Locally"
    
    /usr/bin/codesign --force --sign - --timestamp\=none --generate-entitlement-der /tmp/creator-platform-w7-active-20261001/ios-derived/Build/Products/Debug-iphonesimulator/QelvoraApp.app/QelvoraApp.debug.dylib

CodeSign /tmp/creator-platform-w7-active-20261001/ios-derived/Build/Products/Debug-iphonesimulator/QelvoraApp.app/__preview.dylib (in target 'QelvoraApp' from project 'QelvoraApp')
    cd /Users/yingpengwang/estimate-rescue/creator-platform/w7-completion-840545/apps/ios
    
    Signing Identity:     "Sign to Run Locally"
    
    /usr/bin/codesign --force --sign - --timestamp\=none --generate-entitlement-der /tmp/creator-platform-w7-active-20261001/ios-derived/Build/Products/Debug-iphonesimulator/QelvoraApp.app/__preview.dylib

CodeSign /tmp/creator-platform-w7-active-20261001/ios-derived/Build/Products/Debug-iphonesimulator/QelvoraApp.app (in target 'QelvoraApp' from project 'QelvoraApp')
    cd /Users/yingpengwang/estimate-rescue/creator-platform/w7-completion-840545/apps/ios
    
    Signing Identity:     "Sign to Run Locally"
    
    /usr/bin/codesign --force --sign - --timestamp\=none --generate-entitlement-der /tmp/creator-platform-w7-active-20261001/ios-derived/Build/Products/Debug-iphonesimulator/QelvoraApp.app

Validate /tmp/creator-platform-w7-active-20261001/ios-derived/Build/Products/Debug-iphonesimulator/QelvoraApp.app (in target 'QelvoraApp' from project 'QelvoraApp')
    cd /Users/yingpengwang/estimate-rescue/creator-platform/w7-completion-840545/apps/ios
    builtin-validationUtility /tmp/creator-platform-w7-active-20261001/ios-derived/Build/Products/Debug-iphonesimulator/QelvoraApp.app -shallow-bundle -infoplist-subpath Info.plist

PruneExplicitPrecompiledModules /tmp/creator-platform-w7-active-20261001/ios-derived/SDKExplicitPrecompiledModules

PruneExplicitPrecompiledModules /tmp/creator-platform-w7-active-20261001/ios-derived/Build/Intermediates.noindex/SwiftExplicitPrecompiledModules

PruneExplicitPrecompiledModules /tmp/creator-platform-w7-active-20261001/ios-derived/Build/Intermediates.noindex/ExplicitPrecompiledModules

** BUILD SUCCEEDED **

Heavy build slot released.
