Heavy build slot acquired by W7 final-source existing Swift checks.
warning: 'ios': found 110 file(s) which are unhandled; explicitly declare them as resources or exclude from the target
    /Users/yingpengwang/estimate-rescue/creator-platform/w7-completion-840545/apps/ios/Tests/QelvoraUITests/__Snapshots__/NativeSnapshotTests/testAuthorIdentitySurfaces.light.png
    /Users/yingpengwang/estimate-rescue/creator-platform/w7-completion-840545/apps/ios/Tests/QelvoraUITests/__Snapshots__/NativeSnapshotTests/testAuthorIdentitySurfaces.night.png
    /Users/yingpengwang/estimate-rescue/creator-platform/w7-completion-840545/apps/ios/Tests/QelvoraUITests/__Snapshots__/NativeSnapshotTests/testComponentCatalogThemes.AccessLines-light.png
    /Users/yingpengwang/estimate-rescue/creator-platform/w7-completion-840545/apps/ios/Tests/QelvoraUITests/__Snapshots__/NativeSnapshotTests/testComponentCatalogThemes.AccessLines-night.png
    /Users/yingpengwang/estimate-rescue/creator-platform/w7-completion-840545/apps/ios/Tests/QelvoraUITests/__Snapshots__/NativeSnapshotTests/testComponentCatalogThemes.AuditBanner-light.png
    /Users/yingpengwang/estimate-rescue/creator-platform/w7-completion-840545/apps/ios/Tests/QelvoraUITests/__Snapshots__/NativeSnapshotTests/testComponentCatalogThemes.AuditBanner-night.png
    /Users/yingpengwang/estimate-rescue/creator-platform/w7-completion-840545/apps/ios/Tests/QelvoraUITests/__Snapshots__/NativeSnapshotTests/testComponentCatalogThemes.AuthorLabel-light.png
    /Users/yingpengwang/estimate-rescue/creator-platform/w7-completion-840545/apps/ios/Tests/QelvoraUITests/__Snapshots__/NativeSnapshotTests/testComponentCatalogThemes.AuthorLabel-night.png
    /Users/yingpengwang/estimate-rescue/creator-platform/w7-completion-840545/apps/ios/Tests/QelvoraUITests/__Snapshots__/NativeSnapshotTests/testComponentCatalogThemes.Avatar-light.png
    /Users/yingpengwang/estimate-rescue/creator-platform/w7-completion-840545/apps/ios/Tests/QelvoraUITests/__Snapshots__/NativeSnapshotTests/testComponentCatalogThemes.Avatar-night.png
    /Users/yingpengwang/estimate-rescue/creator-platform/w7-completion-840545/apps/ios/Tests/QelvoraUITests/__Snapshots__/NativeSnapshotTests/testComponentCatalogThemes.Button-light.png
    /Users/yingpengwang/estimate-rescue/creator-platform/w7-completion-840545/apps/ios/Tests/QelvoraUITests/__Snapshots__/NativeSnapshotTests/testComponentCatalogThemes.Button-night.png
    /Users/yingpengwang/estimate-rescue/creator-platform/w7-completion-840545/apps/ios/Tests/QelvoraUITests/__Snapshots__/NativeSnapshotTests/testComponentCatalogThemes.CallChip-light.png
    /Users/yingpengwang/estimate-rescue/creator-platform/w7-completion-840545/apps/ios/Tests/QelvoraUITests/__Snapshots__/NativeSnapshotTests/testComponentCatalogThemes.CallChip-night.png
    /Users/yingpengwang/estimate-rescue/creator-platform/w7-completion-840545/apps/ios/Tests/QelvoraUITests/__Snapshots__/NativeSnapshotTests/testComponentCatalogThemes.CapacityHeader-light.png
    /Users/yingpengwang/estimate-rescue/creator-platform/w7-completion-840545/apps/ios/Tests/QelvoraUITests/__Snapshots__/NativeSnapshotTests/testComponentCatalogThemes.CapacityHeader-night.png
    /Users/yingpengwang/estimate-rescue/creator-platform/w7-completion-840545/apps/ios/Tests/QelvoraUITests/__Snapshots__/NativeSnapshotTests/testComponentCatalogThemes.CitationChip-light.png
    /Users/yingpengwang/estimate-rescue/creator-platform/w7-completion-840545/apps/ios/Tests/QelvoraUITests/__Snapshots__/NativeSnapshotTests/testComponentCatalogThemes.CitationChip-night.png
    /Users/yingpengwang/estimate-rescue/creator-platform/w7-completion-840545/apps/ios/Tests/QelvoraUITests/__Snapshots__/NativeSnapshotTests/testComponentCatalogThemes.Composer-light.png
    /Users/yingpengwang/estimate-rescue/creator-platform/w7-completion-840545/apps/ios/Tests/QelvoraUITests/__Snapshots__/NativeSnapshotTests/testComponentCatalogThemes.Composer-night.png
    /Users/yingpengwang/estimate-rescue/creator-platform/w7-completion-840545/apps/ios/Tests/QelvoraUITests/__Snapshots__/NativeSnapshotTests/testComponentCatalogThemes.ContextCard-light.png
    /Users/yingpengwang/estimate-rescue/creator-platform/w7-completion-840545/apps/ios/Tests/QelvoraUITests/__Snapshots__/NativeSnapshotTests/testComponentCatalogThemes.ContextCard-night.png
    /Users/yingpengwang/estimate-rescue/creator-platform/w7-completion-840545/apps/ios/Tests/QelvoraUITests/__Snapshots__/NativeSnapshotTests/testComponentCatalogThemes.Correction-light.png
    /Users/yingpengwang/estimate-rescue/creator-platform/w7-completion-840545/apps/ios/Tests/QelvoraUITests/__Snapshots__/NativeSnapshotTests/testComponentCatalogThemes.Correction-night.png
    /Users/yingpengwang/estimate-rescue/creator-platform/w7-completion-840545/apps/ios/Tests/QelvoraUITests/__Snapshots__/NativeSnapshotTests/testComponentCatalogThemes.Countdown-light.png
    /Users/yingpengwang/estimate-rescue/creator-platform/w7-completion-840545/apps/ios/Tests/QelvoraUITests/__Snapshots__/NativeSnapshotTests/testComponentCatalogThemes.Countdown-night.png
    /Users/yingpengwang/estimate-rescue/creator-platform/w7-completion-840545/apps/ios/Tests/QelvoraUITests/__Snapshots__/NativeSnapshotTests/testComponentCatalogThemes.Dialog-light.png
    /Users/yingpengwang/estimate-rescue/creator-platform/w7-completion-840545/apps/ios/Tests/QelvoraUITests/__Snapshots__/NativeSnapshotTests/testComponentCatalogThemes.Dialog-night.png
    /Users/yingpengwang/estimate-rescue/creator-platform/w7-completion-840545/apps/ios/Tests/QelvoraUITests/__Snapshots__/NativeSnapshotTests/testComponentCatalogThemes.DigestItem-light.png
    /Users/yingpengwang/estimate-rescue/creator-platform/w7-completion-840545/apps/ios/Tests/QelvoraUITests/__Snapshots__/NativeSnapshotTests/testComponentCatalogThemes.DigestItem-night.png
    /Users/yingpengwang/estimate-rescue/creator-platform/w7-completion-840545/apps/ios/Tests/QelvoraUITests/__Snapshots__/NativeSnapshotTests/testComponentCatalogThemes.EmailFrame-light.png
    /Users/yingpengwang/estimate-rescue/creator-platform/w7-completion-840545/apps/ios/Tests/QelvoraUITests/__Snapshots__/NativeSnapshotTests/testComponentCatalogThemes.EmailFrame-night.png
    /Users/yingpengwang/estimate-rescue/creator-platform/w7-completion-840545/apps/ios/Tests/QelvoraUITests/__Snapshots__/NativeSnapshotTests/testComponentCatalogThemes.EmptyState-light.png
    /Users/yingpengwang/estimate-rescue/creator-platform/w7-completion-840545/apps/ios/Tests/QelvoraUITests/__Snapshots__/NativeSnapshotTests/testComponentCatalogThemes.EmptyState-night.png
    /Users/yingpengwang/estimate-rescue/creator-platform/w7-completion-840545/apps/ios/Tests/QelvoraUITests/__Snapshots__/NativeSnapshotTests/testComponentCatalogThemes.EtaLine-light.png
    /Users/yingpengwang/estimate-rescue/creator-platform/w7-completion-840545/apps/ios/Tests/QelvoraUITests/__Snapshots__/NativeSnapshotTests/testComponentCatalogThemes.EtaLine-night.png
    /Users/yingpengwang/estimate-rescue/creator-platform/w7-completion-840545/apps/ios/Tests/QelvoraUITests/__Snapshots__/NativeSnapshotTests/testComponentCatalogThemes.IdentityStrip-light.png
    /Users/yingpengwang/estimate-rescue/creator-platform/w7-completion-840545/apps/ios/Tests/QelvoraUITests/__Snapshots__/NativeSnapshotTests/testComponentCatalogThemes.IdentityStrip-night.png
    /Users/yingpengwang/estimate-rescue/creator-platform/w7-completion-840545/apps/ios/Tests/QelvoraUITests/__Snapshots__/NativeSnapshotTests/testComponentCatalogThemes.IncludeList-light.png
    /Users/yingpengwang/estimate-rescue/creator-platform/w7-completion-840545/apps/ios/Tests/QelvoraUITests/__Snapshots__/NativeSnapshotTests/testComponentCatalogThemes.IncludeList-night.png
    /Users/yingpengwang/estimate-rescue/creator-platform/w7-completion-840545/apps/ios/Tests/QelvoraUITests/__Snapshots__/NativeSnapshotTests/testComponentCatalogThemes.InsteadMenu-light.png
    /Users/yingpengwang/estimate-rescue/creator-platform/w7-completion-840545/apps/ios/Tests/QelvoraUITests/__Snapshots__/NativeSnapshotTests/testComponentCatalogThemes.InsteadMenu-night.png
    /Users/yingpengwang/estimate-rescue/creator-platform/w7-completion-840545/apps/ios/Tests/QelvoraUITests/__Snapshots__/NativeSnapshotTests/testComponentCatalogThemes.LabelPreview-light.png
    /Users/yingpengwang/estimate-rescue/creator-platform/w7-completion-840545/apps/ios/Tests/QelvoraUITests/__Snapshots__/NativeSnapshotTests/testComponentCatalogThemes.LabelPreview-night.png
    /Users/yingpengwang/estimate-rescue/creator-platform/w7-completion-840545/apps/ios/Tests/QelvoraUITests/__Snapshots__/NativeSnapshotTests/testComponentCatalogThemes.Mark-light.png
    /Users/yingpengwang/estimate-rescue/creator-platform/w7-completion-840545/apps/ios/Tests/QelvoraUITests/__Snapshots__/NativeSnapshotTests/testComponentCatalogThemes.Mark-night.png
    /Users/yingpengwang/estimate-rescue/creator-platform/w7-completion-840545/apps/ios/Tests/QelvoraUITests/__Snapshots__/NativeSnapshotTests/testComponentCatalogThemes.MemoryChip-light.png
    /Users/yingpengwang/estimate-rescue/creator-platform/w7-completion-840545/apps/ios/Tests/QelvoraUITests/__Snapshots__/NativeSnapshotTests/testComponentCatalogThemes.MemoryChip-night.png
    /Users/yingpengwang/estimate-rescue/creator-platform/w7-completion-840545/apps/ios/Tests/QelvoraUITests/__Snapshots__/NativeSnapshotTests/testComponentCatalogThemes.Message-light.png
    /Users/yingpengwang/estimate-rescue/creator-platform/w7-completion-840545/apps/ios/Tests/QelvoraUITests/__Snapshots__/NativeSnapshotTests/testComponentCatalogThemes.Message-night.png
    /Users/yingpengwang/estimate-rescue/creator-platform/w7-completion-840545/apps/ios/Tests/QelvoraUITests/__Snapshots__/NativeSnapshotTests/testComponentCatalogThemes.ModeList-light.png
    /Users/yingpengwang/estimate-rescue/creator-platform/w7-completion-840545/apps/ios/Tests/QelvoraUITests/__Snapshots__/NativeSnapshotTests/testComponentCatalogThemes.ModeList-night.png
    /Users/yingpengwang/estimate-rescue/creator-platform/w7-completion-840545/apps/ios/Tests/QelvoraUITests/__Snapshots__/NativeSnapshotTests/testComponentCatalogThemes.Note-light.png
    /Users/yingpengwang/estimate-rescue/creator-platform/w7-completion-840545/apps/ios/Tests/QelvoraUITests/__Snapshots__/NativeSnapshotTests/testComponentCatalogThemes.Note-night.png
    /Users/yingpengwang/estimate-rescue/creator-platform/w7-completion-840545/apps/ios/Tests/QelvoraUITests/__Snapshots__/NativeSnapshotTests/testComponentCatalogThemes.Notice-light.png
    /Users/yingpengwang/estimate-rescue/creator-platform/w7-completion-840545/apps/ios/Tests/QelvoraUITests/__Snapshots__/NativeSnapshotTests/testComponentCatalogThemes.Notice-night.png
    /Users/yingpengwang/estimate-rescue/creator-platform/w7-completion-840545/apps/ios/Tests/QelvoraUITests/__Snapshots__/NativeSnapshotTests/testComponentCatalogThemes.NotificationRow-light.png
    /Users/yingpengwang/estimate-rescue/creator-platform/w7-completion-840545/apps/ios/Tests/QelvoraUITests/__Snapshots__/NativeSnapshotTests/testComponentCatalogThemes.NotificationRow-night.png
    /Users/yingpengwang/estimate-rescue/creator-platform/w7-completion-840545/apps/ios/Tests/QelvoraUITests/__Snapshots__/NativeSnapshotTests/testComponentCatalogThemes.QueueCard-light.png
    /Users/yingpengwang/estimate-rescue/creator-platform/w7-completion-840545/apps/ios/Tests/QelvoraUITests/__Snapshots__/NativeSnapshotTests/testComponentCatalogThemes.QueueCard-night.png
    /Users/yingpengwang/estimate-rescue/creator-platform/w7-completion-840545/apps/ios/Tests/QelvoraUITests/__Snapshots__/NativeSnapshotTests/testComponentCatalogThemes.ReactionChip-light.png
    /Users/yingpengwang/estimate-rescue/creator-platform/w7-completion-840545/apps/ios/Tests/QelvoraUITests/__Snapshots__/NativeSnapshotTests/testComponentCatalogThemes.ReactionChip-night.png
    /Users/yingpengwang/estimate-rescue/creator-platform/w7-completion-840545/apps/ios/Tests/QelvoraUITests/__Snapshots__/NativeSnapshotTests/testComponentCatalogThemes.Receipt-light.png
    /Users/yingpengwang/estimate-rescue/creator-platform/w7-completion-840545/apps/ios/Tests/QelvoraUITests/__Snapshots__/NativeSnapshotTests/testComponentCatalogThemes.Receipt-night.png
    /Users/yingpengwang/estimate-rescue/creator-platform/w7-completion-840545/apps/ios/Tests/QelvoraUITests/__Snapshots__/NativeSnapshotTests/testComponentCatalogThemes.RequestStatus-light.png
    /Users/yingpengwang/estimate-rescue/creator-platform/w7-completion-840545/apps/ios/Tests/QelvoraUITests/__Snapshots__/NativeSnapshotTests/testComponentCatalogThemes.RequestStatus-night.png
    /Users/yingpengwang/estimate-rescue/creator-platform/w7-completion-840545/apps/ios/Tests/QelvoraUITests/__Snapshots__/NativeSnapshotTests/testComponentCatalogThemes.ReservedLabel-light.png
    /Users/yingpengwang/estimate-rescue/creator-platform/w7-completion-840545/apps/ios/Tests/QelvoraUITests/__Snapshots__/NativeSnapshotTests/testComponentCatalogThemes.ReservedLabel-night.png
    /Users/yingpengwang/estimate-rescue/creator-platform/w7-completion-840545/apps/ios/Tests/QelvoraUITests/__Snapshots__/NativeSnapshotTests/testComponentCatalogThemes.Seal-light.png
    /Users/yingpengwang/estimate-rescue/creator-platform/w7-completion-840545/apps/ios/Tests/QelvoraUITests/__Snapshots__/NativeSnapshotTests/testComponentCatalogThemes.Seal-night.png
    /Users/yingpengwang/estimate-rescue/creator-platform/w7-completion-840545/apps/ios/Tests/QelvoraUITests/__Snapshots__/NativeSnapshotTests/testComponentCatalogThemes.Segmented-light.png
    /Users/yingpengwang/estimate-rescue/creator-platform/w7-completion-840545/apps/ios/Tests/QelvoraUITests/__Snapshots__/NativeSnapshotTests/testComponentCatalogThemes.Segmented-night.png
    /Users/yingpengwang/estimate-rescue/creator-platform/w7-completion-840545/apps/ios/Tests/QelvoraUITests/__Snapshots__/NativeSnapshotTests/testComponentCatalogThemes.ShareCard-light.png
    /Users/yingpengwang/estimate-rescue/creator-platform/w7-completion-840545/apps/ios/Tests/QelvoraUITests/__Snapshots__/NativeSnapshotTests/testComponentCatalogThemes.ShareCard-night.png
    /Users/yingpengwang/estimate-rescue/creator-platform/w7-completion-840545/apps/ios/Tests/QelvoraUITests/__Snapshots__/NativeSnapshotTests/testComponentCatalogThemes.Sheet-light.png
    /Users/yingpengwang/estimate-rescue/creator-platform/w7-completion-840545/apps/ios/Tests/QelvoraUITests/__Snapshots__/NativeSnapshotTests/testComponentCatalogThemes.Sheet-night.png
    /Users/yingpengwang/estimate-rescue/creator-platform/w7-completion-840545/apps/ios/Tests/QelvoraUITests/__Snapshots__/NativeSnapshotTests/testComponentCatalogThemes.Sidebar-light.png
    /Users/yingpengwang/estimate-rescue/creator-platform/w7-completion-840545/apps/ios/Tests/QelvoraUITests/__Snapshots__/NativeSnapshotTests/testComponentCatalogThemes.Sidebar-night.png
    /Users/yingpengwang/estimate-rescue/creator-platform/w7-completion-840545/apps/ios/Tests/QelvoraUITests/__Snapshots__/NativeSnapshotTests/testComponentCatalogThemes.SignedMarker-light.png
    /Users/yingpengwang/estimate-rescue/creator-platform/w7-completion-840545/apps/ios/Tests/QelvoraUITests/__Snapshots__/NativeSnapshotTests/testComponentCatalogThemes.SignedMarker-night.png
    /Users/yingpengwang/estimate-rescue/creator-platform/w7-completion-840545/apps/ios/Tests/QelvoraUITests/__Snapshots__/NativeSnapshotTests/testComponentCatalogThemes.SigningSheet-light.png
    /Users/yingpengwang/estimate-rescue/creator-platform/w7-completion-840545/apps/ios/Tests/QelvoraUITests/__Snapshots__/NativeSnapshotTests/testComponentCatalogThemes.SigningSheet-night.png
    /Users/yingpengwang/estimate-rescue/creator-platform/w7-completion-840545/apps/ios/Tests/QelvoraUITests/__Snapshots__/NativeSnapshotTests/testComponentCatalogThemes.Skeleton-light.png
    /Users/yingpengwang/estimate-rescue/creator-platform/w7-completion-840545/apps/ios/Tests/QelvoraUITests/__Snapshots__/NativeSnapshotTests/testComponentCatalogThemes.Skeleton-night.png
    /Users/yingpengwang/estimate-rescue/creator-platform/w7-completion-840545/apps/ios/Tests/QelvoraUITests/__Snapshots__/NativeSnapshotTests/testComponentCatalogThemes.SourceRow-light.png
    /Users/yingpengwang/estimate-rescue/creator-platform/w7-completion-840545/apps/ios/Tests/QelvoraUITests/__Snapshots__/NativeSnapshotTests/testComponentCatalogThemes.SourceRow-night.png
    /Users/yingpengwang/estimate-rescue/creator-platform/w7-completion-840545/apps/ios/Tests/QelvoraUITests/__Snapshots__/NativeSnapshotTests/testComponentCatalogThemes.SpendLimit-light.png
    /Users/yingpengwang/estimate-rescue/creator-platform/w7-completion-840545/apps/ios/Tests/QelvoraUITests/__Snapshots__/NativeSnapshotTests/testComponentCatalogThemes.SpendLimit-night.png
    /Users/yingpengwang/estimate-rescue/creator-platform/w7-completion-840545/apps/ios/Tests/QelvoraUITests/__Snapshots__/NativeSnapshotTests/testComponentCatalogThemes.StepIn-light.png
    /Users/yingpengwang/estimate-rescue/creator-platform/w7-completion-840545/apps/ios/Tests/QelvoraUITests/__Snapshots__/NativeSnapshotTests/testComponentCatalogThemes.StepIn-night.png
    /Users/yingpengwang/estimate-rescue/creator-platform/w7-completion-840545/apps/ios/Tests/QelvoraUITests/__Snapshots__/NativeSnapshotTests/testComponentCatalogThemes.StudioTabBar-light.png
    /Users/yingpengwang/estimate-rescue/creator-platform/w7-completion-840545/apps/ios/Tests/QelvoraUITests/__Snapshots__/NativeSnapshotTests/testComponentCatalogThemes.StudioTabBar-night.png
    /Users/yingpengwang/estimate-rescue/creator-platform/w7-completion-840545/apps/ios/Tests/QelvoraUITests/__Snapshots__/NativeSnapshotTests/testComponentCatalogThemes.SystemLine-light.png
    /Users/yingpengwang/estimate-rescue/creator-platform/w7-completion-840545/apps/ios/Tests/QelvoraUITests/__Snapshots__/NativeSnapshotTests/testComponentCatalogThemes.SystemLine-night.png
    /Users/yingpengwang/estimate-rescue/creator-platform/w7-completion-840545/apps/ios/Tests/QelvoraUITests/__Snapshots__/NativeSnapshotTests/testComponentCatalogThemes.TabBar-light.png
    /Users/yingpengwang/estimate-rescue/creator-platform/w7-completion-840545/apps/ios/Tests/QelvoraUITests/__Snapshots__/NativeSnapshotTests/testComponentCatalogThemes.TabBar-night.png
    /Users/yingpengwang/estimate-rescue/creator-platform/w7-completion-840545/apps/ios/Tests/QelvoraUITests/__Snapshots__/NativeSnapshotTests/testComponentCatalogThemes.TermsBlock-light.png
    /Users/yingpengwang/estimate-rescue/creator-platform/w7-completion-840545/apps/ios/Tests/QelvoraUITests/__Snapshots__/NativeSnapshotTests/testComponentCatalogThemes.TermsBlock-night.png
    /Users/yingpengwang/estimate-rescue/creator-platform/w7-completion-840545/apps/ios/Tests/QelvoraUITests/__Snapshots__/NativeSnapshotTests/testComponentCatalogThemes.TestConsole-light.png
    /Users/yingpengwang/estimate-rescue/creator-platform/w7-completion-840545/apps/ios/Tests/QelvoraUITests/__Snapshots__/NativeSnapshotTests/testComponentCatalogThemes.TestConsole-night.png
    /Users/yingpengwang/estimate-rescue/creator-platform/w7-completion-840545/apps/ios/Tests/QelvoraUITests/__Snapshots__/NativeSnapshotTests/testComponentCatalogThemes.ThreadHeader-light.png
    /Users/yingpengwang/estimate-rescue/creator-platform/w7-completion-840545/apps/ios/Tests/QelvoraUITests/__Snapshots__/NativeSnapshotTests/testComponentCatalogThemes.ThreadHeader-night.png
    /Users/yingpengwang/estimate-rescue/creator-platform/w7-completion-840545/apps/ios/Tests/QelvoraUITests/__Snapshots__/NativeSnapshotTests/testComponentCatalogThemes.Toast-light.png
    /Users/yingpengwang/estimate-rescue/creator-platform/w7-completion-840545/apps/ios/Tests/QelvoraUITests/__Snapshots__/NativeSnapshotTests/testComponentCatalogThemes.Toast-night.png
    /Users/yingpengwang/estimate-rescue/creator-platform/w7-completion-840545/apps/ios/Tests/QelvoraUITests/__Snapshots__/NativeSnapshotTests/testComponentCatalogThemes.VersionList-light.png
    /Users/yingpengwang/estimate-rescue/creator-platform/w7-completion-840545/apps/ios/Tests/QelvoraUITests/__Snapshots__/NativeSnapshotTests/testComponentCatalogThemes.VersionList-night.png
    /Users/yingpengwang/estimate-rescue/creator-platform/w7-completion-840545/apps/ios/Tests/QelvoraUITests/__Snapshots__/NativeSnapshotTests/testComponentCatalogThemes.VoiceNote-light.png
    /Users/yingpengwang/estimate-rescue/creator-platform/w7-completion-840545/apps/ios/Tests/QelvoraUITests/__Snapshots__/NativeSnapshotTests/testComponentCatalogThemes.VoiceNote-night.png
    /Users/yingpengwang/estimate-rescue/creator-platform/w7-completion-840545/apps/ios/Tests/QelvoraUITests/__Snapshots__/NativeSnapshotTests/testWelcomeThemes.light.png
    /Users/yingpengwang/estimate-rescue/creator-platform/w7-completion-840545/apps/ios/Tests/QelvoraUITests/__Snapshots__/NativeSnapshotTests/testWelcomeThemes.night.png
Building for debugging...
[2 / 6] QelvoraUI
/Users/yingpengwang/estimate-rescue/creator-platform/w7-completion-840545/apps/ios/Sources/QelvoraUI/Trust.swift:23:93: warning: no 'async' operations occur within 'await' expression [#UnnecessaryEffectMarker]
 21 |     public let baseURL: URL
 22 |     public let token: @Sendable () async throws -> String?
 23 |     public init(baseURL: URL, token: @escaping @Sendable () async throws -> String? = { try await SecureSessionStorage().read() }) { self.baseURL = baseURL; self.token = token }
    |                                                                                             `- warning: no 'async' operations occur within 'await' expression [#UnnecessaryEffectMarker]
 24 |     fileprivate func request<T: Decodable>(_ path: String, body: Data? = nil) async throws -> T {
 25 |         try JSONDecoder().decode(T.self, from: await bytes(path, body: body))

/Users/yingpengwang/estimate-rescue/creator-platform/w7-completion-840545/apps/ios/Sources/QelvoraUI/Trust.swift:76:128: warning: no 'async' operations occur within 'await' expression [#UnnecessaryEffectMarker]
 74 |     @State private var feedbackConsent = false
 75 |     @Environment(\.colorScheme) private var scheme
 76 |     public init(baseURL: URL?, destination: String = "/support", token: @escaping @Sendable () async throws -> String? = { try await SecureSessionStorage().read() }) {
    |                                                                                                                                `- warning: no 'async' operations occur within 'await' expression [#UnnecessaryEffectMarker]
 77 |         client = baseURL.map { TrustClient(baseURL: $0, token: token) }; _route = State(initialValue: destination)
 78 |         let query = URLComponents(string: destination)?.queryItems ?? []

[#UnnecessaryEffectMarker]: <https://docs.swift.org/compiler/documentation/diagnostics/unnecessary-effect-marker>
[3 / 7] QelvoraUI
[8 / 13] QelvoraUI
[10 / 14] QelvoraUI
[11 / 13] QelvoraUITests-product
[13 / 15] QelvoraUITests-product
[16 / 17] QelvoraUITests-product
[18 / 18] QelvoraUITests-product
[20 / 24] qelvora-native-snapshots-product
[23 / 24] qelvora-native-snapshots-product
Build complete! (16.52 sec)
Test Suite 'All tests' started at 2026-10-02 00:53:12.408.
Test Suite 'QelvoraUITests.xctest' started at 2026-10-02 00:53:12.410.
Test Suite 'DeliveryProtocolTests' started at 2026-10-02 00:53:12.410.
Test Case '-[QelvoraUITests.DeliveryProtocolTests testDuplicateCursorAndGenerationSequenceDoNotRepeatText]' started.
Test Case '-[QelvoraUITests.DeliveryProtocolTests testDuplicateCursorAndGenerationSequenceDoNotRepeatText]' passed (0.001 seconds).
Test Case '-[QelvoraUITests.DeliveryProtocolTests testGenerationGapDoesNotAdvanceRenderedCursor]' started.
Test Case '-[QelvoraUITests.DeliveryProtocolTests testGenerationGapDoesNotAdvanceRenderedCursor]' passed (0.000 seconds).
Test Case '-[QelvoraUITests.DeliveryProtocolTests testOldAIFrameNeverAppearsAfterTakeover]' started.
Test Case '-[QelvoraUITests.DeliveryProtocolTests testOldAIFrameNeverAppearsAfterTakeover]' passed (0.000 seconds).
Test Case '-[QelvoraUITests.DeliveryProtocolTests testPersistedCheckpointResumesGenerationAfterProcessRecreation]' started.
Test Case '-[QelvoraUITests.DeliveryProtocolTests testPersistedCheckpointResumesGenerationAfterProcessRecreation]' passed (0.000 seconds).
Test Case '-[QelvoraUITests.DeliveryProtocolTests testReconnectWaitsForMissingCursorRatherThanSkippingABoundary]' started.
Test Case '-[QelvoraUITests.DeliveryProtocolTests testReconnectWaitsForMissingCursorRatherThanSkippingABoundary]' passed (0.000 seconds).
Test Case '-[QelvoraUITests.DeliveryProtocolTests testRejectedDrainDoesNotLoseEarlierValidSentence]' started.
Test Case '-[QelvoraUITests.DeliveryProtocolTests testRejectedDrainDoesNotLoseEarlierValidSentence]' passed (0.000 seconds).
Test Case '-[QelvoraUITests.DeliveryProtocolTests testReorderedTakeoverBoundaryPrecedesLaterContent]' started.
Test Case '-[QelvoraUITests.DeliveryProtocolTests testReorderedTakeoverBoundaryPrecedesLaterContent]' passed (0.000 seconds).
Test Case '-[QelvoraUITests.DeliveryProtocolTests testWrongThreadFailsClosed]' started.
Test Case '-[QelvoraUITests.DeliveryProtocolTests testWrongThreadFailsClosed]' passed (0.000 seconds).
Test Suite 'DeliveryProtocolTests' passed at 2026-10-02 00:53:12.413.
	 Executed 8 tests, with 0 failures (0 unexpected) in 0.002 (0.003) seconds
Test Suite 'GeneratedContractTests' started at 2026-10-02 00:53:12.413.
Test Case '-[QelvoraUITests.GeneratedContractTests testIdentityCapabilityRejectsIndependentAccounts]' started.
Test Case '-[QelvoraUITests.GeneratedContractTests testIdentityCapabilityRejectsIndependentAccounts]' passed (0.000 seconds).
Test Case '-[QelvoraUITests.GeneratedContractTests testRealtimeControlFrameDecodesNullableGeneration]' started.
Test Case '-[QelvoraUITests.GeneratedContractTests testRealtimeControlFrameDecodesNullableGeneration]' passed (0.000 seconds).
Test Suite 'GeneratedContractTests' passed at 2026-10-02 00:53:12.414.
	 Executed 2 tests, with 0 failures (0 unexpected) in 0.001 (0.001) seconds
Test Suite 'IdentityTests' started at 2026-10-02 00:53:12.414.
Test Case '-[QelvoraUITests.IdentityTests testEveryAuthorUsesItsFixedLabel]' started.
Test Case '-[QelvoraUITests.IdentityTests testEveryAuthorUsesItsFixedLabel]' passed (0.002 seconds).
Test Case '-[QelvoraUITests.IdentityTests testOnlyCreatorAuthorshipOwnsTheCreatorSurface]' started.
Test Case '-[QelvoraUITests.IdentityTests testOnlyCreatorAuthorshipOwnsTheCreatorSurface]' passed (0.000 seconds).
Test Case '-[QelvoraUITests.IdentityTests testRegistryHonestlyTracksAll53Components]' started.
Test Case '-[QelvoraUITests.IdentityTests testRegistryHonestlyTracksAll53Components]' passed (0.000 seconds).
Test Case '-[QelvoraUITests.IdentityTests testUnconnectedPantopusAdapterDoesNotReturnAnAccount]' started.
Test Case '-[QelvoraUITests.IdentityTests testUnconnectedPantopusAdapterDoesNotReturnAnAccount]' passed (0.000 seconds).
Test Case '-[QelvoraUITests.IdentityTests testUnknownOrReservedServerMessageKindCannotRenderAsAHuman]' started.
Test Case '-[QelvoraUITests.IdentityTests testUnknownOrReservedServerMessageKindCannotRenderAsAHuman]' passed (0.000 seconds).
Test Suite 'IdentityTests' passed at 2026-10-02 00:53:12.417.
	 Executed 5 tests, with 0 failures (0 unexpected) in 0.003 (0.003) seconds
Test Suite 'NativeSnapshotTests' started at 2026-10-02 00:53:12.417.
Test Case '-[QelvoraUITests.NativeSnapshotTests testAuthorIdentitySurfaces]' started.
Test Case '-[QelvoraUITests.NativeSnapshotTests testAuthorIdentitySurfaces]' passed (0.665 seconds).
Test Case '-[QelvoraUITests.NativeSnapshotTests testComponentCatalogThemes]' started.
Test Case '-[QelvoraUITests.NativeSnapshotTests testComponentCatalogThemes]' passed (15.221 seconds).
Test Case '-[QelvoraUITests.NativeSnapshotTests testWelcomeThemes]' started.
Test Case '-[QelvoraUITests.NativeSnapshotTests testWelcomeThemes]' passed (0.242 seconds).
Test Suite 'NativeSnapshotTests' passed at 2026-10-02 00:53:28.545.
	 Executed 3 tests, with 0 failures (0 unexpected) in 16.127 (16.128) seconds
Test Suite 'QelvoraUITests.xctest' passed at 2026-10-02 00:53:28.545.
	 Executed 18 tests, with 0 failures (0 unexpected) in 16.133 (16.135) seconds
Test Suite 'All tests' passed at 2026-10-02 00:53:28.545.
	 Executed 18 tests, with 0 failures (0 unexpected) in 16.133 (16.137) seconds
Native capture testAuthorIdentitySurfaces()/light: display=2.0, reported=2.0, points=(390.0, 844.0), bitmapPixels=780x1688
Native capture testAuthorIdentitySurfaces()/night: display=2.0, reported=2.0, points=(390.0, 844.0), bitmapPixels=780x1688
Native capture testComponentCatalogThemes()/Mark.light: display=2.0, reported=2.0, points=(390.0, 844.0), bitmapPixels=780x1688
Native capture testComponentCatalogThemes()/Seal.light: display=2.0, reported=2.0, points=(390.0, 844.0), bitmapPixels=780x1688
Native capture testComponentCatalogThemes()/Avatar.light: display=2.0, reported=2.0, points=(390.0, 844.0), bitmapPixels=780x1688
Native capture testComponentCatalogThemes()/AuthorLabel.light: display=2.0, reported=2.0, points=(390.0, 844.0), bitmapPixels=780x1688
Native capture testComponentCatalogThemes()/IdentityStrip.light: display=2.0, reported=2.0, points=(390.0, 844.0), bitmapPixels=780x1688
Native capture testComponentCatalogThemes()/ThreadHeader.light: display=2.0, reported=2.0, points=(390.0, 844.0), bitmapPixels=780x1688
Native capture testComponentCatalogThemes()/SignedMarker.light: display=2.0, reported=2.0, points=(390.0, 844.0), bitmapPixels=780x1688
Native capture testComponentCatalogThemes()/SystemLine.light: display=2.0, reported=2.0, points=(390.0, 844.0), bitmapPixels=780x1688
Native capture testComponentCatalogThemes()/Message.light: display=2.0, reported=2.0, points=(390.0, 844.0), bitmapPixels=780x1688
Native capture testComponentCatalogThemes()/Note.light: display=2.0, reported=2.0, points=(390.0, 844.0), bitmapPixels=780x1688
Native capture testComponentCatalogThemes()/ReactionChip.light: display=2.0, reported=2.0, points=(390.0, 844.0), bitmapPixels=780x1688
Native capture testComponentCatalogThemes()/CitationChip.light: display=2.0, reported=2.0, points=(390.0, 844.0), bitmapPixels=780x1688
Native capture testComponentCatalogThemes()/MemoryChip.light: display=2.0, reported=2.0, points=(390.0, 844.0), bitmapPixels=780x1688
Native capture testComponentCatalogThemes()/Correction.light: display=2.0, reported=2.0, points=(390.0, 844.0), bitmapPixels=780x1688
Native capture testComponentCatalogThemes()/ContextCard.light: display=2.0, reported=2.0, points=(390.0, 844.0), bitmapPixels=780x1688
Native capture testComponentCatalogThemes()/VoiceNote.light: display=2.0, reported=2.0, points=(390.0, 844.0), bitmapPixels=780x1688
Native capture testComponentCatalogThemes()/Composer.light: display=2.0, reported=2.0, points=(390.0, 844.0), bitmapPixels=780x1688
Native capture testComponentCatalogThemes()/StepIn.light: display=2.0, reported=2.0, points=(390.0, 844.0), bitmapPixels=780x1688
Native capture testComponentCatalogThemes()/AccessLines.light: display=2.0, reported=2.0, points=(390.0, 844.0), bitmapPixels=780x1688
Native capture testComponentCatalogThemes()/ModeList.light: display=2.0, reported=2.0, points=(390.0, 844.0), bitmapPixels=780x1688
Native capture testComponentCatalogThemes()/IncludeList.light: display=2.0, reported=2.0, points=(390.0, 844.0), bitmapPixels=780x1688
Native capture testComponentCatalogThemes()/TermsBlock.light: display=2.0, reported=2.0, points=(390.0, 844.0), bitmapPixels=780x1688
Native capture testComponentCatalogThemes()/EtaLine.light: display=2.0, reported=2.0, points=(390.0, 844.0), bitmapPixels=780x1688
Native capture testComponentCatalogThemes()/RequestStatus.light: display=2.0, reported=2.0, points=(390.0, 844.0), bitmapPixels=780x1688
Native capture testComponentCatalogThemes()/Receipt.light: display=2.0, reported=2.0, points=(390.0, 844.0), bitmapPixels=780x1688
Native capture testComponentCatalogThemes()/SpendLimit.light: display=2.0, reported=2.0, points=(390.0, 844.0), bitmapPixels=780x1688
Native capture testComponentCatalogThemes()/QueueCard.light: display=2.0, reported=2.0, points=(390.0, 844.0), bitmapPixels=780x1688
Native capture testComponentCatalogThemes()/CapacityHeader.light: display=2.0, reported=2.0, points=(390.0, 844.0), bitmapPixels=780x1688
Native capture testComponentCatalogThemes()/LabelPreview.light: display=2.0, reported=2.0, points=(390.0, 844.0), bitmapPixels=780x1688
Native capture testComponentCatalogThemes()/SigningSheet.light: display=2.0, reported=2.0, points=(390.0, 844.0), bitmapPixels=780x1688
Native capture testComponentCatalogThemes()/AuditBanner.light: display=2.0, reported=2.0, points=(390.0, 844.0), bitmapPixels=780x1688
Native capture testComponentCatalogThemes()/SourceRow.light: display=2.0, reported=2.0, points=(390.0, 844.0), bitmapPixels=780x1688
Native capture testComponentCatalogThemes()/Button.light: display=2.0, reported=2.0, points=(390.0, 844.0), bitmapPixels=780x1688
Native capture testComponentCatalogThemes()/TabBar.light: display=2.0, reported=2.0, points=(390.0, 844.0), bitmapPixels=780x1688
Native capture testComponentCatalogThemes()/Segmented.light: display=2.0, reported=2.0, points=(390.0, 844.0), bitmapPixels=780x1688
Native capture testComponentCatalogThemes()/Notice.light: display=2.0, reported=2.0, points=(390.0, 844.0), bitmapPixels=780x1688
Native capture testComponentCatalogThemes()/NotificationRow.light: display=2.0, reported=2.0, points=(390.0, 844.0), bitmapPixels=780x1688
Native capture testComponentCatalogThemes()/EmptyState.light: display=2.0, reported=2.0, points=(390.0, 844.0), bitmapPixels=780x1688
Native capture testComponentCatalogThemes()/ShareCard.light: display=2.0, reported=2.0, points=(390.0, 844.0), bitmapPixels=780x1688
Native capture testComponentCatalogThemes()/CallChip.light: display=2.0, reported=2.0, points=(390.0, 844.0), bitmapPixels=780x1688
Native capture testComponentCatalogThemes()/ReservedLabel.light: display=2.0, reported=2.0, points=(390.0, 844.0), bitmapPixels=780x1688
Native capture testComponentCatalogThemes()/Countdown.light: display=2.0, reported=2.0, points=(390.0, 844.0), bitmapPixels=780x1688
Native capture testComponentCatalogThemes()/InsteadMenu.light: display=2.0, reported=2.0, points=(390.0, 844.0), bitmapPixels=780x1688
Native capture testComponentCatalogThemes()/TestConsole.light: display=2.0, reported=2.0, points=(390.0, 844.0), bitmapPixels=780x1688
Native capture testComponentCatalogThemes()/VersionList.light: display=2.0, reported=2.0, points=(390.0, 844.0), bitmapPixels=780x1688
Native capture testComponentCatalogThemes()/DigestItem.light: display=2.0, reported=2.0, points=(390.0, 844.0), bitmapPixels=780x1688
Native capture testComponentCatalogThemes()/StudioTabBar.light: display=2.0, reported=2.0, points=(390.0, 844.0), bitmapPixels=780x1688
Native capture testComponentCatalogThemes()/Sidebar.light: display=2.0, reported=2.0, points=(390.0, 844.0), bitmapPixels=780x1688
Native capture testComponentCatalogThemes()/Sheet.light: display=2.0, reported=2.0, points=(390.0, 844.0), bitmapPixels=780x1688
Native capture testComponentCatalogThemes()/Dialog.light: display=2.0, reported=2.0, points=(390.0, 844.0), bitmapPixels=780x1688
Native capture testComponentCatalogThemes()/Toast.light: display=2.0, reported=2.0, points=(390.0, 844.0), bitmapPixels=780x1688
Native capture testComponentCatalogThemes()/Skeleton.light: display=2.0, reported=2.0, points=(390.0, 844.0), bitmapPixels=780x1688
Native capture testComponentCatalogThemes()/EmailFrame.light: display=2.0, reported=2.0, points=(390.0, 844.0), bitmapPixels=780x1688
Native capture testComponentCatalogThemes()/Mark.night: display=2.0, reported=2.0, points=(390.0, 844.0), bitmapPixels=780x1688
Native capture testComponentCatalogThemes()/Seal.night: display=2.0, reported=2.0, points=(390.0, 844.0), bitmapPixels=780x1688
Native capture testComponentCatalogThemes()/Avatar.night: display=2.0, reported=2.0, points=(390.0, 844.0), bitmapPixels=780x1688
Native capture testComponentCatalogThemes()/AuthorLabel.night: display=2.0, reported=2.0, points=(390.0, 844.0), bitmapPixels=780x1688
Native capture testComponentCatalogThemes()/IdentityStrip.night: display=2.0, reported=2.0, points=(390.0, 844.0), bitmapPixels=780x1688
Native capture testComponentCatalogThemes()/ThreadHeader.night: display=2.0, reported=2.0, points=(390.0, 844.0), bitmapPixels=780x1688
Native capture testComponentCatalogThemes()/SignedMarker.night: display=2.0, reported=2.0, points=(390.0, 844.0), bitmapPixels=780x1688
Native capture testComponentCatalogThemes()/SystemLine.night: display=2.0, reported=2.0, points=(390.0, 844.0), bitmapPixels=780x1688
Native capture testComponentCatalogThemes()/Message.night: display=2.0, reported=2.0, points=(390.0, 844.0), bitmapPixels=780x1688
Native capture testComponentCatalogThemes()/Note.night: display=2.0, reported=2.0, points=(390.0, 844.0), bitmapPixels=780x1688
Native capture testComponentCatalogThemes()/ReactionChip.night: display=2.0, reported=2.0, points=(390.0, 844.0), bitmapPixels=780x1688
Native capture testComponentCatalogThemes()/CitationChip.night: display=2.0, reported=2.0, points=(390.0, 844.0), bitmapPixels=780x1688
Native capture testComponentCatalogThemes()/MemoryChip.night: display=2.0, reported=2.0, points=(390.0, 844.0), bitmapPixels=780x1688
Native capture testComponentCatalogThemes()/Correction.night: display=2.0, reported=2.0, points=(390.0, 844.0), bitmapPixels=780x1688
Native capture testComponentCatalogThemes()/ContextCard.night: display=2.0, reported=2.0, points=(390.0, 844.0), bitmapPixels=780x1688
Native capture testComponentCatalogThemes()/VoiceNote.night: display=2.0, reported=2.0, points=(390.0, 844.0), bitmapPixels=780x1688
Native capture testComponentCatalogThemes()/Composer.night: display=2.0, reported=2.0, points=(390.0, 844.0), bitmapPixels=780x1688
Native capture testComponentCatalogThemes()/StepIn.night: display=2.0, reported=2.0, points=(390.0, 844.0), bitmapPixels=780x1688
Native capture testComponentCatalogThemes()/AccessLines.night: display=2.0, reported=2.0, points=(390.0, 844.0), bitmapPixels=780x1688
Native capture testComponentCatalogThemes()/ModeList.night: display=2.0, reported=2.0, points=(390.0, 844.0), bitmapPixels=780x1688
Native capture testComponentCatalogThemes()/IncludeList.night: display=2.0, reported=2.0, points=(390.0, 844.0), bitmapPixels=780x1688
Native capture testComponentCatalogThemes()/TermsBlock.night: display=2.0, reported=2.0, points=(390.0, 844.0), bitmapPixels=780x1688
Native capture testComponentCatalogThemes()/EtaLine.night: display=2.0, reported=2.0, points=(390.0, 844.0), bitmapPixels=780x1688
Native capture testComponentCatalogThemes()/RequestStatus.night: display=2.0, reported=2.0, points=(390.0, 844.0), bitmapPixels=780x1688
Native capture testComponentCatalogThemes()/Receipt.night: display=2.0, reported=2.0, points=(390.0, 844.0), bitmapPixels=780x1688
Native capture testComponentCatalogThemes()/SpendLimit.night: display=2.0, reported=2.0, points=(390.0, 844.0), bitmapPixels=780x1688
Native capture testComponentCatalogThemes()/QueueCard.night: display=2.0, reported=2.0, points=(390.0, 844.0), bitmapPixels=780x1688
Native capture testComponentCatalogThemes()/CapacityHeader.night: display=2.0, reported=2.0, points=(390.0, 844.0), bitmapPixels=780x1688
Native capture testComponentCatalogThemes()/LabelPreview.night: display=2.0, reported=2.0, points=(390.0, 844.0), bitmapPixels=780x1688
Native capture testComponentCatalogThemes()/SigningSheet.night: display=2.0, reported=2.0, points=(390.0, 844.0), bitmapPixels=780x1688
Native capture testComponentCatalogThemes()/AuditBanner.night: display=2.0, reported=2.0, points=(390.0, 844.0), bitmapPixels=780x1688
Native capture testComponentCatalogThemes()/SourceRow.night: display=2.0, reported=2.0, points=(390.0, 844.0), bitmapPixels=780x1688
Native capture testComponentCatalogThemes()/Button.night: display=2.0, reported=2.0, points=(390.0, 844.0), bitmapPixels=780x1688
Native capture testComponentCatalogThemes()/TabBar.night: display=2.0, reported=2.0, points=(390.0, 844.0), bitmapPixels=780x1688
Native capture testComponentCatalogThemes()/Segmented.night: display=2.0, reported=2.0, points=(390.0, 844.0), bitmapPixels=780x1688
Native capture testComponentCatalogThemes()/Notice.night: display=2.0, reported=2.0, points=(390.0, 844.0), bitmapPixels=780x1688
Native capture testComponentCatalogThemes()/NotificationRow.night: display=2.0, reported=2.0, points=(390.0, 844.0), bitmapPixels=780x1688
Native capture testComponentCatalogThemes()/EmptyState.night: display=2.0, reported=2.0, points=(390.0, 844.0), bitmapPixels=780x1688
Native capture testComponentCatalogThemes()/ShareCard.night: display=2.0, reported=2.0, points=(390.0, 844.0), bitmapPixels=780x1688
Native capture testComponentCatalogThemes()/CallChip.night: display=2.0, reported=2.0, points=(390.0, 844.0), bitmapPixels=780x1688
Native capture testComponentCatalogThemes()/ReservedLabel.night: display=2.0, reported=2.0, points=(390.0, 844.0), bitmapPixels=780x1688
Native capture testComponentCatalogThemes()/Countdown.night: display=2.0, reported=2.0, points=(390.0, 844.0), bitmapPixels=780x1688
Native capture testComponentCatalogThemes()/InsteadMenu.night: display=2.0, reported=2.0, points=(390.0, 844.0), bitmapPixels=780x1688
Native capture testComponentCatalogThemes()/TestConsole.night: display=2.0, reported=2.0, points=(390.0, 844.0), bitmapPixels=780x1688
Native capture testComponentCatalogThemes()/VersionList.night: display=2.0, reported=2.0, points=(390.0, 844.0), bitmapPixels=780x1688
Native capture testComponentCatalogThemes()/DigestItem.night: display=2.0, reported=2.0, points=(390.0, 844.0), bitmapPixels=780x1688
Native capture testComponentCatalogThemes()/StudioTabBar.night: display=2.0, reported=2.0, points=(390.0, 844.0), bitmapPixels=780x1688
Native capture testComponentCatalogThemes()/Sidebar.night: display=2.0, reported=2.0, points=(390.0, 844.0), bitmapPixels=780x1688
Native capture testComponentCatalogThemes()/Sheet.night: display=2.0, reported=2.0, points=(390.0, 844.0), bitmapPixels=780x1688
Native capture testComponentCatalogThemes()/Dialog.night: display=2.0, reported=2.0, points=(390.0, 844.0), bitmapPixels=780x1688
Native capture testComponentCatalogThemes()/Toast.night: display=2.0, reported=2.0, points=(390.0, 844.0), bitmapPixels=780x1688
Native capture testComponentCatalogThemes()/Skeleton.night: display=2.0, reported=2.0, points=(390.0, 844.0), bitmapPixels=780x1688
Native capture testComponentCatalogThemes()/EmailFrame.night: display=2.0, reported=2.0, points=(390.0, 844.0), bitmapPixels=780x1688
Native capture testWelcomeThemes()/light: display=2.0, reported=2.0, points=(390.0, 844.0), bitmapPixels=780x1688
Native capture testWelcomeThemes()/night: display=2.0, reported=2.0, points=(390.0, 844.0), bitmapPixels=780x1688
◇ Test run started.
↳ Testing Library Version: 2084
↳ Target Platform: arm64e-apple-macos14.0
✔ Test run with 0 tests in 0 suites passed after 0.001 seconds.
Heavy build slot released.
