2026-10-01T04:22:15.5209496Z Current runner version: '2.337.0'
2026-10-01T04:22:15.5234489Z ##[group]Runner Image Provisioner
2026-10-01T04:22:15.5235363Z Hosted Compute Agent
2026-10-01T04:22:15.5236082Z Version: 20260828.587
2026-10-01T04:22:15.5236739Z Commit: abac92662cab4cc7352de4f9f9d2e2419aad9c29
2026-10-01T04:22:15.5237514Z Build Date: 2026-08-28T16:44:25Z
2026-10-01T04:22:15.5238344Z Worker ID: {250e695f-92ac-40d5-baea-f3c0ea9b34e5}
2026-10-01T04:22:15.5239096Z Azure Region: westcentralus
2026-10-01T04:22:15.5239814Z ##[endgroup]
2026-10-01T04:22:15.5241090Z ##[group]Operating System
2026-10-01T04:22:15.5241746Z Ubuntu
2026-10-01T04:22:15.5242367Z 24.04.5
2026-10-01T04:22:15.5243095Z LTS
2026-10-01T04:22:15.5243671Z ##[endgroup]
2026-10-01T04:22:15.5244279Z ##[group]Runner Image
2026-10-01T04:22:15.5244930Z Image: ubuntu-24.04
2026-10-01T04:22:15.5245622Z Version: 20260920.314.1
2026-10-01T04:22:15.5246869Z Included Software: https://github.com/actions/runner-images/blob/ubuntu24/20260920.314/images/ubuntu/Ubuntu2404-Readme.md
2026-10-01T04:22:15.5248476Z Image Release: https://github.com/actions/runner-images/releases/tag/ubuntu24%2F20260920.314
2026-10-01T04:22:15.5249503Z ##[endgroup]
2026-10-01T04:22:15.5250844Z ##[group]GITHUB_TOKEN Permissions
2026-10-01T04:22:15.5252924Z Contents: read
2026-10-01T04:22:15.5253648Z Metadata: read
2026-10-01T04:22:15.5254270Z Packages: read
2026-10-01T04:22:15.5254869Z ##[endgroup]
2026-10-01T04:22:15.5256950Z Secret source: Actions
2026-10-01T04:22:15.5258101Z Cache mode: write
2026-10-01T04:22:15.5258809Z Prepare workflow directory
2026-10-01T04:22:15.5948210Z Prepare all required actions
2026-10-01T04:22:15.5998011Z Getting action download info
2026-10-01T04:22:15.9036459Z Download action repository 'actions/checkout@11d5960a326750d5838078e36cf38b85af677262' (SHA:11d5960a326750d5838078e36cf38b85af677262)
2026-10-01T04:22:16.2267230Z Download action repository 'pnpm/action-setup@f40ffcd9367d9f12939873eb1018b921a783ffaa' (SHA:f40ffcd9367d9f12939873eb1018b921a783ffaa)
2026-10-01T04:22:17.0651295Z Download action repository 'actions/setup-node@49933ea5288caeca8642d1e84afbd3f7d6820020' (SHA:49933ea5288caeca8642d1e84afbd3f7d6820020)
2026-10-01T04:22:17.3142823Z Complete job name: web-and-backend
2026-10-01T04:22:17.3715742Z ##[group]Checking docker version
2026-10-01T04:22:17.3729886Z ##[command]/usr/bin/docker version --format '{{.Server.APIVersion}}'
2026-10-01T04:22:17.4438623Z '1.48'
2026-10-01T04:22:17.4451187Z Docker daemon API version: '1.48'
2026-10-01T04:22:17.4453083Z ##[command]/usr/bin/docker version --format '{{.Client.APIVersion}}'
2026-10-01T04:22:17.4623664Z '1.48'
2026-10-01T04:22:17.4638084Z Docker client API version: '1.48'
2026-10-01T04:22:17.4643869Z ##[endgroup]
2026-10-01T04:22:17.4646805Z ##[group]Clean up resources from previous jobs
2026-10-01T04:22:17.4653643Z ##[command]/usr/bin/docker ps --all --quiet --no-trunc --filter "label=76e6a9"
2026-10-01T04:22:17.4803215Z ##[command]/usr/bin/docker network prune --force --filter "label=76e6a9"
2026-10-01T04:22:17.5007408Z ##[endgroup]
2026-10-01T04:22:17.5008976Z ##[group]Create local container network
2026-10-01T04:22:17.5022046Z ##[command]/usr/bin/docker network create --label 76e6a9 github_network_390b32f5157a47408fa9784eccfb4dc4
2026-10-01T04:22:17.5582803Z 598d455d8a6e3fb4d071b377b25de9a37e091d4a0667742da44d6d01950bdc7a
2026-10-01T04:22:17.5607299Z ##[endgroup]
2026-10-01T04:22:17.5643955Z ##[group]Starting postgres service container
2026-10-01T04:22:17.5674253Z ##[command]/usr/bin/docker pull pgvector/pgvector:pg17
2026-10-01T04:22:18.2587853Z pg17: Pulling from pgvector/pgvector
2026-10-01T04:22:18.4465262Z 039e6f9f9752: Pulling fs layer
2026-10-01T04:22:18.4466115Z 9524156efd7a: Pulling fs layer
2026-10-01T04:22:18.4466789Z d7b627e06eac: Pulling fs layer
2026-10-01T04:22:18.4467337Z f495088ca134: Pulling fs layer
2026-10-01T04:22:18.4467873Z 1e12f8d900eb: Pulling fs layer
2026-10-01T04:22:18.4468411Z 740ea3feff0f: Pulling fs layer
2026-10-01T04:22:18.4468967Z 5ac7c444edb0: Pulling fs layer
2026-10-01T04:22:18.4469354Z 11ec1b6ae2a0: Pulling fs layer
2026-10-01T04:22:18.4470122Z ef21471f3a2b: Pulling fs layer
2026-10-01T04:22:18.4470508Z 62ca04624b47: Pulling fs layer
2026-10-01T04:22:18.4470885Z 44438d8012af: Pulling fs layer
2026-10-01T04:22:18.4471231Z f67c9bdd808a: Pulling fs layer
2026-10-01T04:22:18.4471614Z 3d4e001e01a2: Pulling fs layer
2026-10-01T04:22:18.4472028Z 8cb2f3b54f01: Pulling fs layer
2026-10-01T04:22:18.4472394Z 9ef6b0a1be9e: Pulling fs layer
2026-10-01T04:22:18.4473085Z b70609756d71: Pulling fs layer
2026-10-01T04:22:18.4473433Z f495088ca134: Waiting
2026-10-01T04:22:18.4473754Z 62ca04624b47: Waiting
2026-10-01T04:22:18.4474072Z 1e12f8d900eb: Waiting
2026-10-01T04:22:18.4474382Z 44438d8012af: Waiting
2026-10-01T04:22:18.4474685Z 740ea3feff0f: Waiting
2026-10-01T04:22:18.4474985Z f67c9bdd808a: Waiting
2026-10-01T04:22:18.4475317Z 5ac7c444edb0: Waiting
2026-10-01T04:22:18.4475635Z 3d4e001e01a2: Waiting
2026-10-01T04:22:18.4475937Z 11ec1b6ae2a0: Waiting
2026-10-01T04:22:18.4476291Z 8cb2f3b54f01: Waiting
2026-10-01T04:22:18.4476626Z ef21471f3a2b: Waiting
2026-10-01T04:22:18.4476978Z 9ef6b0a1be9e: Waiting
2026-10-01T04:22:18.4477354Z b70609756d71: Waiting
2026-10-01T04:22:18.6357053Z 9524156efd7a: Download complete
2026-10-01T04:22:18.8119520Z d7b627e06eac: Verifying Checksum
2026-10-01T04:22:18.8120538Z d7b627e06eac: Download complete
2026-10-01T04:22:18.9145397Z 039e6f9f9752: Verifying Checksum
2026-10-01T04:22:18.9147499Z 039e6f9f9752: Download complete
2026-10-01T04:22:18.9385148Z f495088ca134: Verifying Checksum
2026-10-01T04:22:19.1298473Z 5ac7c444edb0: Verifying Checksum
2026-10-01T04:22:19.1302179Z 5ac7c444edb0: Download complete
2026-10-01T04:22:19.1968466Z 1e12f8d900eb: Verifying Checksum
2026-10-01T04:22:19.1968985Z 1e12f8d900eb: Download complete
2026-10-01T04:22:19.2042178Z 740ea3feff0f: Verifying Checksum
2026-10-01T04:22:19.2044277Z 740ea3feff0f: Download complete
2026-10-01T04:22:19.3274292Z 11ec1b6ae2a0: Verifying Checksum
2026-10-01T04:22:19.3274875Z 11ec1b6ae2a0: Download complete
2026-10-01T04:22:19.4069790Z 62ca04624b47: Verifying Checksum
2026-10-01T04:22:19.4070770Z 62ca04624b47: Download complete
2026-10-01T04:22:19.5038776Z 44438d8012af: Verifying Checksum
2026-10-01T04:22:19.5865026Z 44438d8012af: Download complete
2026-10-01T04:22:19.5866019Z f67c9bdd808a: Verifying Checksum
2026-10-01T04:22:19.5867282Z f67c9bdd808a: Download complete
2026-10-01T04:22:19.7151814Z 3d4e001e01a2: Verifying Checksum
2026-10-01T04:22:19.7152736Z 3d4e001e01a2: Download complete
2026-10-01T04:22:19.7643395Z 8cb2f3b54f01: Verifying Checksum
2026-10-01T04:22:19.7644199Z 8cb2f3b54f01: Download complete
2026-10-01T04:22:19.9301053Z 9ef6b0a1be9e: Verifying Checksum
2026-10-01T04:22:19.9301587Z 9ef6b0a1be9e: Download complete
2026-10-01T04:22:19.9302136Z ef21471f3a2b: Verifying Checksum
2026-10-01T04:22:19.9303115Z ef21471f3a2b: Download complete
2026-10-01T04:22:20.0663402Z b70609756d71: Verifying Checksum
2026-10-01T04:22:20.0664323Z b70609756d71: Download complete
2026-10-01T04:22:20.1219113Z 039e6f9f9752: Pull complete
2026-10-01T04:22:21.7109791Z 9524156efd7a: Pull complete
2026-10-01T04:22:21.8406789Z d7b627e06eac: Pull complete
2026-10-01T04:22:21.8784978Z f495088ca134: Pull complete
2026-10-01T04:22:22.1666820Z 1e12f8d900eb: Pull complete
2026-10-01T04:22:22.2401584Z 740ea3feff0f: Pull complete
2026-10-01T04:22:22.2471879Z 5ac7c444edb0: Pull complete
2026-10-01T04:22:22.2557524Z 11ec1b6ae2a0: Pull complete
2026-10-01T04:22:25.2243918Z ef21471f3a2b: Pull complete
2026-10-01T04:22:25.2365939Z 62ca04624b47: Pull complete
2026-10-01T04:22:25.2442181Z 44438d8012af: Pull complete
2026-10-01T04:22:25.2516284Z f67c9bdd808a: Pull complete
2026-10-01T04:22:25.2604561Z 3d4e001e01a2: Pull complete
2026-10-01T04:22:25.2670513Z 8cb2f3b54f01: Pull complete
2026-10-01T04:22:25.3130538Z 9ef6b0a1be9e: Pull complete
2026-10-01T04:22:25.3887048Z b70609756d71: Pull complete
2026-10-01T04:22:25.3923121Z Digest: sha256:cf134a767f474095eeba57e0117be8e568e011a63f33fbf252f14c9b760f8e6f
2026-10-01T04:22:25.3933656Z Status: Downloaded newer image for pgvector/pgvector:pg17
2026-10-01T04:22:25.3942120Z docker.io/pgvector/pgvector:pg17
2026-10-01T04:22:25.4011123Z ##[command]/usr/bin/docker create --name 694a2f75f0b44187adf1989148978947_pgvectorpgvectorpg17_dce08f --label 76e6a9 --network github_network_390b32f5157a47408fa9784eccfb4dc4 --network-alias postgres -p 5432:5432 --health-cmd pg_isready --health-interval 5s --health-timeout 5s --health-retries 12 -e "POSTGRES_DB=creator_foundation" -e "POSTGRES_PASSWORD=foundation-test-only" -e GITHUB_ACTIONS=true -e CI=true pgvector/pgvector:pg17
2026-10-01T04:22:25.4377544Z 863bcd9ebcce7ad8f790de606882f86f250200f93369e880d882361f797f8736
2026-10-01T04:22:25.4400226Z ##[command]/usr/bin/docker start 863bcd9ebcce7ad8f790de606882f86f250200f93369e880d882361f797f8736
2026-10-01T04:22:25.7478268Z 863bcd9ebcce7ad8f790de606882f86f250200f93369e880d882361f797f8736
2026-10-01T04:22:25.7500209Z ##[command]/usr/bin/docker ps --all --filter id=863bcd9ebcce7ad8f790de606882f86f250200f93369e880d882361f797f8736 --filter status=running --no-trunc --format "{{.ID}} {{.Status}}"
2026-10-01T04:22:25.7645043Z 863bcd9ebcce7ad8f790de606882f86f250200f93369e880d882361f797f8736 Up Less than a second (health: starting)
2026-10-01T04:22:25.7674867Z ##[command]/usr/bin/docker port 863bcd9ebcce7ad8f790de606882f86f250200f93369e880d882361f797f8736
2026-10-01T04:22:25.7833219Z 5432/tcp -> 0.0.0.0:5432
2026-10-01T04:22:25.7834207Z 5432/tcp -> [::]:5432
2026-10-01T04:22:25.7891134Z ##[endgroup]
2026-10-01T04:22:25.7900061Z ##[group]Waiting for all services to be ready
2026-10-01T04:22:25.7913654Z ##[command]/usr/bin/docker inspect --format="{{if .Config.Healthcheck}}{{print .State.Health.Status}}{{end}}" 863bcd9ebcce7ad8f790de606882f86f250200f93369e880d882361f797f8736
2026-10-01T04:22:25.8077723Z starting
2026-10-01T04:22:25.8103511Z postgres service is starting, waiting 2 seconds before checking again.
2026-10-01T04:22:27.8113066Z ##[command]/usr/bin/docker inspect --format="{{if .Config.Healthcheck}}{{print .State.Health.Status}}{{end}}" 863bcd9ebcce7ad8f790de606882f86f250200f93369e880d882361f797f8736
2026-10-01T04:22:27.8264176Z starting
2026-10-01T04:22:27.8280806Z postgres service is starting, waiting 4 seconds before checking again.
2026-10-01T04:22:32.1315683Z ##[command]/usr/bin/docker inspect --format="{{if .Config.Healthcheck}}{{print .State.Health.Status}}{{end}}" 863bcd9ebcce7ad8f790de606882f86f250200f93369e880d882361f797f8736
2026-10-01T04:22:32.1448058Z healthy
2026-10-01T04:22:32.1466709Z postgres service is healthy.
2026-10-01T04:22:32.1467538Z ##[endgroup]
2026-10-01T04:22:32.1836565Z ##[group]Run actions/checkout@11d5960a326750d5838078e36cf38b85af677262
2026-10-01T04:22:32.1837369Z with:
2026-10-01T04:22:32.1837642Z   repository: WangPantopus/creator-platform
2026-10-01T04:22:32.1840175Z   token: ***
2026-10-01T04:22:32.1840413Z   ssh-strict: true
2026-10-01T04:22:32.1840643Z   ssh-user: git
2026-10-01T04:22:32.1840878Z   persist-credentials: true
2026-10-01T04:22:32.1841134Z   clean: true
2026-10-01T04:22:32.1841370Z   sparse-checkout-cone-mode: true
2026-10-01T04:22:32.1841667Z   fetch-depth: 1
2026-10-01T04:22:32.1841896Z   fetch-tags: false
2026-10-01T04:22:32.1842125Z   show-progress: true
2026-10-01T04:22:32.1842356Z   lfs: false
2026-10-01T04:22:32.1842741Z   submodules: false
2026-10-01T04:22:32.1842980Z   set-safe-directory: true
2026-10-01T04:22:32.1843256Z   allow-unsafe-pr-checkout: false
2026-10-01T04:22:32.1843737Z env:
2026-10-01T04:22:32.1844293Z   CREATOR_TEST_DATABASE_URL: ***127.0.0.1:5432/creator_foundation
2026-10-01T04:22:32.1844697Z ##[endgroup]
2026-10-01T04:22:32.2902713Z Syncing repository: WangPantopus/creator-platform
2026-10-01T04:22:32.2904912Z ##[group]Getting Git version info
2026-10-01T04:22:32.2905408Z Working directory is '/home/runner/work/creator-platform/creator-platform'
2026-10-01T04:22:32.2906435Z [command]/usr/bin/git version
2026-10-01T04:22:32.2951727Z git version 2.55.0
2026-10-01T04:22:32.2974012Z ##[endgroup]
2026-10-01T04:22:32.2989680Z Temporarily overriding HOME='/home/runner/work/_temp/f178cc97-48de-41a5-8f6d-0dff2e3d30a5' before making global git config changes
2026-10-01T04:22:32.2991299Z Adding repository directory to the temporary git global config as a safe directory
2026-10-01T04:22:32.2995457Z [command]/usr/bin/git config --global --add safe.directory /home/runner/work/creator-platform/creator-platform
2026-10-01T04:22:32.3056892Z Deleting the contents of '/home/runner/work/creator-platform/creator-platform'
2026-10-01T04:22:32.3062319Z ##[group]Initializing the repository
2026-10-01T04:22:32.3068645Z [command]/usr/bin/git init /home/runner/work/creator-platform/creator-platform
2026-10-01T04:22:32.3150620Z hint: Using 'master' as the name for the initial branch. This default branch name
2026-10-01T04:22:32.3157038Z hint: will change to "main" in Git 3.0. To configure the initial branch name
2026-10-01T04:22:32.3157916Z hint: to use in all of your new repositories, which will suppress this warning,
2026-10-01T04:22:32.3158544Z hint: call:
2026-10-01T04:22:32.3158845Z hint:
2026-10-01T04:22:32.3159357Z hint: 	git config --global init.defaultBranch <name>
2026-10-01T04:22:32.3159865Z hint:
2026-10-01T04:22:32.3160342Z hint: Names commonly chosen instead of 'master' are 'main', 'trunk' and
2026-10-01T04:22:32.3161155Z hint: 'development'. The just-created branch can be renamed via this command:
2026-10-01T04:22:32.3161759Z hint:
2026-10-01T04:22:32.3162088Z hint: 	git branch -m <name>
2026-10-01T04:22:32.3162590Z hint:
2026-10-01T04:22:32.3163129Z hint: Disable this message with "git config set advice.defaultBranchName false"
2026-10-01T04:22:32.3164131Z Initialized empty Git repository in /home/runner/work/creator-platform/creator-platform/.git/
2026-10-01T04:22:32.3167476Z [command]/usr/bin/git remote add origin https://github.com/WangPantopus/creator-platform
2026-10-01T04:22:32.3213810Z ##[endgroup]
2026-10-01T04:22:32.3214448Z ##[group]Disabling automatic garbage collection
2026-10-01T04:22:32.3218292Z [command]/usr/bin/git config --local gc.auto 0
2026-10-01T04:22:32.3251772Z ##[endgroup]
2026-10-01T04:22:32.3252406Z ##[group]Setting up auth
2026-10-01T04:22:32.3258882Z [command]/usr/bin/git config --local --name-only --get-regexp core\.sshCommand
2026-10-01T04:22:32.3294128Z [command]/usr/bin/git submodule foreach --recursive sh -c "git config --local --name-only --get-regexp 'core\.sshCommand' && git config --local --unset-all 'core.sshCommand' || :"
2026-10-01T04:22:32.3653478Z [command]/usr/bin/git config --local --name-only --get-regexp http\.https\:\/\/github\.com\/\.extraheader
2026-10-01T04:22:32.3695579Z [command]/usr/bin/git submodule foreach --recursive sh -c "git config --local --name-only --get-regexp 'http\.https\:\/\/github\.com\/\.extraheader' && git config --local --unset-all 'http.https://github.com/.extraheader' || :"
2026-10-01T04:22:32.3965021Z [command]/usr/bin/git config --local --name-only --get-regexp ^includeIf\.gitdir:
2026-10-01T04:22:32.4005379Z [command]/usr/bin/git submodule foreach --recursive git config --local --show-origin --name-only --get-regexp remote.origin.url
2026-10-01T04:22:32.4252916Z [command]/usr/bin/git config --local http.https://github.com/.extraheader AUTHORIZATION: basic ***
2026-10-01T04:22:32.4296439Z ##[endgroup]
2026-10-01T04:22:32.4297103Z ##[group]Fetching the repository
2026-10-01T04:22:32.4307271Z [command]/usr/bin/git -c protocol.version=2 fetch --no-tags --prune --no-recurse-submodules --depth=1 origin +3015c0c7c470d562227fde3dae380dfbfc8fa277:refs/remotes/pull/4/merge
2026-10-01T04:22:35.1043711Z From https://github.com/WangPantopus/creator-platform
2026-10-01T04:22:35.1044674Z  * [new ref]         3015c0c7c470d562227fde3dae380dfbfc8fa277 -> pull/4/merge
2026-10-01T04:22:35.1049385Z ##[endgroup]
2026-10-01T04:22:35.1049958Z ##[group]Determining the checkout info
2026-10-01T04:22:35.1053587Z ##[endgroup]
2026-10-01T04:22:35.1059632Z [command]/usr/bin/git sparse-checkout disable
2026-10-01T04:22:35.1113321Z [command]/usr/bin/git config --local --unset-all extensions.worktreeConfig
2026-10-01T04:22:35.1153559Z ##[group]Checking out the ref
2026-10-01T04:22:35.1158605Z [command]/usr/bin/git checkout --progress --force refs/remotes/pull/4/merge
2026-10-01T04:22:35.4264970Z Note: switching to 'refs/remotes/pull/4/merge'.
2026-10-01T04:22:35.4265408Z 
2026-10-01T04:22:35.4265756Z You are in 'detached HEAD' state. You can look around, make experimental
2026-10-01T04:22:35.4266505Z changes and commit them, and you can discard any commits you make in this
2026-10-01T04:22:35.4267190Z state without impacting any branches by switching back to a branch.
2026-10-01T04:22:35.4267799Z 
2026-10-01T04:22:35.4268079Z If you want to create a new branch to retain commits you create, you may
2026-10-01T04:22:35.4268757Z do so (now or later) by using -c with the switch command. Example:
2026-10-01T04:22:35.4269160Z 
2026-10-01T04:22:35.4269318Z   git switch -c <new-branch-name>
2026-10-01T04:22:35.4269584Z 
2026-10-01T04:22:35.4269741Z Or undo this operation with:
2026-10-01T04:22:35.4269980Z 
2026-10-01T04:22:35.4270117Z   git switch -
2026-10-01T04:22:35.4270343Z 
2026-10-01T04:22:35.4270688Z Turn off this advice by setting config variable advice.detachedHead to false
2026-10-01T04:22:35.4271280Z 
2026-10-01T04:22:35.4271844Z HEAD is now at 3015c0c Merge fb9f9cbdc769ff94813ee99ab7c077fc7bdacd6b into bb3fa455ff8ea0527ed87f46d0cc35d5db3c3cf4
2026-10-01T04:22:35.4284123Z ##[endgroup]
2026-10-01T04:22:35.4333391Z [command]/usr/bin/git log -1 --format=%H
2026-10-01T04:22:35.4363515Z 3015c0c7c470d562227fde3dae380dfbfc8fa277
2026-10-01T04:22:35.4580106Z ##[group]Run pnpm/action-setup@f40ffcd9367d9f12939873eb1018b921a783ffaa
2026-10-01T04:22:35.4580540Z with:
2026-10-01T04:22:35.4580749Z   dest: ~/setup-pnpm
2026-10-01T04:22:35.4580979Z   run_install: null
2026-10-01T04:22:35.4581194Z   cache: false
2026-10-01T04:22:35.4581422Z   cache_dependency_path: pnpm-lock.yaml
2026-10-01T04:22:35.4581712Z   package_json_file: package.json
2026-10-01T04:22:35.4581966Z   standalone: false
2026-10-01T04:22:35.4582170Z env:
2026-10-01T04:22:35.4583046Z   CREATOR_TEST_DATABASE_URL: ***127.0.0.1:5432/creator_foundation
2026-10-01T04:22:35.4583418Z ##[endgroup]
2026-10-01T04:22:35.6025679Z ##[group]Running self-installer...
2026-10-01T04:22:36.0297290Z (node:2759) [DEP0169] DeprecationWarning: `url.parse()` behavior is not standardized and prone to errors that have security implications. Use the WHATWG URL API instead. CVEs are not issued for `url.parse()` vulnerabilities.
2026-10-01T04:22:36.0298973Z (Use `node --trace-deprecation ...` to show where the warning was created)
2026-10-01T04:22:36.2905227Z Progress: resolved 1, reused 0, downloaded 0, added 0
2026-10-01T04:22:36.4572954Z Packages: +3
2026-10-01T04:22:36.4573440Z +++
2026-10-01T04:22:37.1462348Z Progress: resolved 15, reused 0, downloaded 3, added 3, done
2026-10-01T04:22:37.1610060Z .../.pnpm/pnpm@12.5.1/node_modules/pnpm preinstall$ node install.js
2026-10-01T04:22:39.4788248Z .../.pnpm/pnpm@12.5.1/node_modules/pnpm preinstall: Done
2026-10-01T04:22:39.4793649Z .../.pnpm/pnpm@12.5.1/node_modules/pnpm postinstall$ node install.js
2026-10-01T04:22:39.5221268Z .../.pnpm/pnpm@12.5.1/node_modules/pnpm postinstall: Done
2026-10-01T04:22:40.7011193Z 
2026-10-01T04:22:40.7011705Z dependencies:
2026-10-01T04:22:40.7012113Z + pnpm 12.5.1 (12.8.1 is available)
2026-10-01T04:22:40.7012416Z 
2026-10-01T04:22:40.7030746Z Done in 4.8s
2026-10-01T04:22:40.7367821Z ##[endgroup]
2026-10-01T04:22:40.7368262Z Installation Completed!
2026-10-01T04:22:40.7538669Z ##[group]Run actions/setup-node@49933ea5288caeca8642d1e84afbd3f7d6820020
2026-10-01T04:22:40.7539068Z with:
2026-10-01T04:22:40.7539276Z   node-version: 24
2026-10-01T04:22:40.7539496Z   cache: pnpm
2026-10-01T04:22:40.7539712Z   always-auth: false
2026-10-01T04:22:40.7539947Z   check-latest: false
2026-10-01T04:22:40.7542338Z   token: ***
2026-10-01T04:22:40.7542724Z env:
2026-10-01T04:22:40.7543225Z   CREATOR_TEST_DATABASE_URL: ***127.0.0.1:5432/creator_foundation
2026-10-01T04:22:40.7543641Z   PNPM_HOME: /home/runner/setup-pnpm/node_modules/.bin
2026-10-01T04:22:40.7543965Z ##[endgroup]
2026-10-01T04:22:40.8990016Z (node:2812) [DEP0040] DeprecationWarning: The `punycode` module is deprecated. Please use a userland alternative instead.
2026-10-01T04:22:40.8991329Z (Use `node --trace-deprecation ...` to show where the warning was created)
2026-10-01T04:22:40.9018647Z Found in cache @ /opt/hostedtoolcache/node/24.21.0/x64
2026-10-01T04:22:40.9021612Z ##[group]Environment details
2026-10-01T04:22:43.3844980Z node: v24.21.0
2026-10-01T04:22:43.3845381Z npm: 11.19.0
2026-10-01T04:22:43.3845668Z yarn: 1.22.22
2026-10-01T04:22:43.3846742Z ##[endgroup]
2026-10-01T04:22:43.3866706Z [command]/home/runner/setup-pnpm/node_modules/.bin/pnpm store path --silent
2026-10-01T04:22:43.4035848Z /home/runner/setup-pnpm/node_modules/.bin/store/v11
2026-10-01T04:22:43.5905972Z Cache hit for: node-cache-Linux-x64-pnpm-8b0760970ed9b037374823622e075f59a481428ac275658883aab08174d5afef
2026-10-01T04:22:43.6003292Z (node:2812) [DEP0169] DeprecationWarning: `url.parse()` behavior is not standardized and prone to errors that have security implications. Use the WHATWG URL API instead. CVEs are not issued for `url.parse()` vulnerabilities.
2026-10-01T04:22:44.8074061Z Received 41943040 of 144787134 (29.0%), 39.9 MBs/sec
2026-10-01T04:22:45.5990150Z Received 144787134 of 144787134 (100.0%), 77.0 MBs/sec
2026-10-01T04:22:45.5990800Z Cache Size: ~138 MB (144787134 B)
2026-10-01T04:22:45.6024549Z [command]/usr/bin/tar -xf /home/runner/work/_temp/b4bba04f-c663-4ab8-88aa-2de973d410f7/cache.tzst -P -C /home/runner/work/creator-platform/creator-platform --use-compress-program unzstd
2026-10-01T04:22:46.8331329Z Cache restored successfully
2026-10-01T04:22:46.8408378Z Cache restored from key: node-cache-Linux-x64-pnpm-8b0760970ed9b037374823622e075f59a481428ac275658883aab08174d5afef
2026-10-01T04:22:46.8639189Z ##[group]Run pnpm install --frozen-lockfile
2026-10-01T04:22:46.8639629Z pnpm install --frozen-lockfile
2026-10-01T04:22:46.8885389Z shell: /usr/bin/bash -e {0}
2026-10-01T04:22:46.8885699Z env:
2026-10-01T04:22:46.8886380Z   CREATOR_TEST_DATABASE_URL: ***127.0.0.1:5432/creator_foundation
2026-10-01T04:22:46.8886833Z   PNPM_HOME: /home/runner/setup-pnpm/node_modules/.bin
2026-10-01T04:22:46.8887157Z ##[endgroup]
2026-10-01T04:22:46.9220206Z Scope: all 8 workspace projects
2026-10-01T04:22:46.9430446Z ? Verifying lockfile against supply-chain policies (486 entries)...
2026-10-01T04:22:47.0870838Z Packages are hard linked from the content-addressable store to the virtual store.
2026-10-01T04:22:47.0871596Z   Content-addressable store is at: /home/runner/setup-pnpm/node_modules/.bin/store/v11
2026-10-01T04:22:47.0872136Z   Virtual store is at:             node_modules/.pnpm
2026-10-01T04:22:49.6131737Z ✓ Lockfile passes supply-chain policies (486 entries in 2.7s)
2026-10-01T04:22:49.6132795Z Lockfile is up to date, resolution step is skipped
2026-10-01T04:22:49.6193950Z Packages: +374
2026-10-01T04:22:49.6194391Z ++++++++++++++++++++++++++++++++++++++++++++++++++++++++++++++++++++++++++++++++
2026-10-01T04:22:49.6484537Z Progress: resolved 374, reused 374, downloaded 0, added 374, done
2026-10-01T04:22:49.7238187Z 
2026-10-01T04:22:49.7239177Z devDependencies:
2026-10-01T04:22:49.7240130Z + @eslint/js 9.39.1
2026-10-01T04:22:49.7240949Z + @playwright/test 1.63.0
2026-10-01T04:22:49.7241303Z + @types/node 24.10.1
2026-10-01T04:22:49.7241613Z + @types/pngjs 6.0.5
2026-10-01T04:22:49.7241860Z + eslint 9.39.1
2026-10-01T04:22:49.7242090Z + globals 16.5.0
2026-10-01T04:22:49.7242320Z + pngjs 7.0.0
2026-10-01T04:22:49.7242774Z + prettier 3.6.2
2026-10-01T04:22:49.7243087Z + tsx 4.20.6
2026-10-01T04:22:49.7243323Z + turbo 2.11.5
2026-10-01T04:22:49.7243569Z + typescript 5.9.3
2026-10-01T04:22:49.7243835Z + typescript-eslint 8.46.4
2026-10-01T04:22:49.7244086Z + vitest 3.2.4
2026-10-01T04:22:49.7244248Z 
2026-10-01T04:22:49.7263388Z Done in 2.8s using pnpm v12.5.1
2026-10-01T04:22:49.7542250Z ##[group]Run pnpm check
2026-10-01T04:22:49.7542840Z pnpm check
2026-10-01T04:22:49.7611688Z shell: /usr/bin/bash -e {0}
2026-10-01T04:22:49.7612176Z env:
2026-10-01T04:22:49.7613084Z   CREATOR_TEST_DATABASE_URL: ***127.0.0.1:5432/creator_foundation
2026-10-01T04:22:49.7613534Z   PNPM_HOME: /home/runner/setup-pnpm/node_modules/.bin
2026-10-01T04:22:49.7613869Z ##[endgroup]
2026-10-01T04:22:49.7873618Z $ pnpm generate:check && pnpm typecheck && pnpm lint && pnpm format:check && pnpm test && pnpm build
2026-10-01T04:22:49.8043833Z $ pnpm --filter @qelvora/api generate --check && node scripts/generate-shared.mjs --check && node scripts/generate-native-api.mjs --check
2026-10-01T04:22:49.8235780Z $ tsx scripts/generate-openapi.ts --check
2026-10-01T04:22:50.4678023Z Verified 12 shared web, Swift and Kotlin resources.
2026-10-01T04:22:50.5191038Z Verified Swift/Kotlin API models and 49 operations from OpenAPI.
2026-10-01T04:22:50.5410096Z $ turbo run typecheck
2026-10-01T04:22:50.5804133Z 
2026-10-01T04:22:50.5813866Z Attention:
2026-10-01T04:22:50.5844145Z Turborepo now collects completely anonymous telemetry regarding usage.
2026-10-01T04:22:50.5845497Z This information is used to shape the Turborepo roadmap and prioritize features.
2026-10-01T04:22:50.5847200Z You can learn more, including how to opt-out if you'd not like to participate in this anonymous program, by visiting the following URL:
2026-10-01T04:22:50.5848572Z https://turborepo.dev/docs/telemetry
2026-10-01T04:22:50.5849128Z 
2026-10-01T04:22:50.6009380Z 
2026-10-01T04:22:50.6011323Z    • Packages in scope: @qelvora/api, @qelvora/backend, @qelvora/brand, @qelvora/copy, @qelvora/tokens, @qelvora/ui-web, @qelvora/web
2026-10-01T04:22:50.6013198Z    • Running typecheck in 7 packages
2026-10-01T04:22:50.6014061Z    • Remote caching disabled
2026-10-01T04:22:50.6014650Z 
2026-10-01T04:22:52.5788601Z ##[group]@qelvora/brand:typecheck
2026-10-01T04:22:52.5792970Z cache miss, executing 82b6e60a5032143e
2026-10-01T04:22:52.5793675Z $ tsc --noEmit
2026-10-01T04:22:52.5794445Z ##[endgroup]
2026-10-01T04:22:52.7674684Z ##[group]@qelvora/tokens:typecheck
2026-10-01T04:22:52.7691336Z cache miss, executing 53cffeeeea9741bf
2026-10-01T04:22:52.7707982Z $ tsc --noEmit
2026-10-01T04:22:52.7709004Z ##[endgroup]
2026-10-01T04:22:52.8458165Z ##[group]@qelvora/copy:typecheck
2026-10-01T04:22:52.8459279Z cache miss, executing 49b34f16ee42a6f8
2026-10-01T04:22:52.8460387Z $ tsc --noEmit
2026-10-01T04:22:52.8461208Z ##[endgroup]
2026-10-01T04:22:54.1740429Z ##[group]@qelvora/api:typecheck
2026-10-01T04:22:54.1741220Z cache miss, executing c509edf1b68b9f31
2026-10-01T04:22:54.1741662Z $ tsc --noEmit
2026-10-01T04:22:54.1742225Z ##[endgroup]
2026-10-01T04:22:55.5400294Z ##[group]@qelvora/ui-web:typecheck
2026-10-01T04:22:55.5401038Z cache miss, executing 50dda5f89c6d3be2
2026-10-01T04:22:55.5405284Z $ tsc --noEmit
2026-10-01T04:22:55.5406274Z ##[endgroup]
2026-10-01T04:23:02.0816261Z ##[group]@qelvora/backend:typecheck
2026-10-01T04:23:02.0817053Z cache miss, executing b0ec9c6df2dbf1e2
2026-10-01T04:23:02.0817539Z $ tsc --noEmit
2026-10-01T04:23:02.0818131Z ##[endgroup]
2026-10-01T04:23:04.2887154Z ##[group]@qelvora/web:typecheck
2026-10-01T04:23:04.2887892Z cache miss, executing eda9a1d22ba9fd55
2026-10-01T04:23:04.2888378Z $ tsc --noEmit
2026-10-01T04:23:04.2888937Z ##[endgroup]
2026-10-01T04:23:04.2894213Z 
2026-10-01T04:23:04.2894546Z  Tasks:    7 successful, 7 total
2026-10-01T04:23:04.2895183Z Cached:    0 cached, 7 total
2026-10-01T04:23:04.2895577Z   Time:    13.71s 
2026-10-01T04:23:04.2895770Z 
2026-10-01T04:23:04.3181909Z $ eslint apps/backend packages apps/web scripts tests playwright.config.ts --ignore-pattern '**/generated/**'
2026-10-01T04:23:10.0829806Z $ prettier --check apps packages config scripts tests '*.json' '*.yaml' '.github/**/*.yml'
2026-10-01T04:23:10.1695087Z Checking formatting...
2026-10-01T04:23:15.6764242Z All matched files use Prettier code style!
2026-10-01T04:23:15.7413331Z $ node --test scripts/shared.test.mjs && turbo run test
2026-10-01T04:23:16.0470115Z ✔ one rename updates native identifiers, package scopes and UI names while preserving Pantopus and binary assets (90.541356ms)
2026-10-01T04:23:16.0474742Z ✔ all fixed copy and both themes exist in generated web, Swift and Kotlin resources (128.031903ms)
2026-10-01T04:23:16.0564778Z ℹ tests 2
2026-10-01T04:23:16.0565494Z ℹ suites 0
2026-10-01T04:23:16.0565900Z ℹ pass 2
2026-10-01T04:23:16.0566280Z ℹ fail 0
2026-10-01T04:23:16.0566671Z ℹ cancelled 0
2026-10-01T04:23:16.0567073Z ℹ skipped 0
2026-10-01T04:23:16.0573573Z ℹ todo 0
2026-10-01T04:23:16.0574399Z ℹ duration_ms 282.991106
2026-10-01T04:23:16.1219702Z 
2026-10-01T04:23:16.1224494Z    • Packages in scope: @qelvora/api, @qelvora/backend, @qelvora/brand, @qelvora/copy, @qelvora/tokens, @qelvora/ui-web, @qelvora/web
2026-10-01T04:23:16.1225714Z    • Running test in 7 packages
2026-10-01T04:23:16.1226259Z    • Remote caching disabled
2026-10-01T04:23:16.1226580Z 
2026-10-01T04:23:17.1814318Z ##[group]@qelvora/api:test
2026-10-01T04:23:17.1853673Z cache bypass, force executing 373405a66eb21671
2026-10-01T04:23:17.1879844Z $ vitest run --passWithNoTests
2026-10-01T04:23:17.1909636Z 
2026-10-01T04:23:17.1913325Z  RUN  v3.2.4 /home/runner/work/creator-platform/creator-platform/packages/api
2026-10-01T04:23:17.1966203Z 
2026-10-01T04:23:17.2045491Z include: **/*.{test,spec}.?(c|m)[jt]s?(x)
2026-10-01T04:23:17.2125716Z exclude:  **/node_modules/**, **/dist/**, **/cypress/**, **/.{idea,git,cache,output,temp}/**, **/{karma,rollup,webpack,vite,vitest,jest,ava,babel,nyc,cypress,tsup,build,eslint,prettier}.config.*
2026-10-01T04:23:17.2182810Z 
2026-10-01T04:23:17.2220312Z No test files found, exiting with code 0
2026-10-01T04:23:17.2222243Z 
2026-10-01T04:23:17.2223623Z ##[endgroup]
2026-10-01T04:23:18.1498989Z ##[group]@qelvora/brand:build
2026-10-01T04:23:18.1513937Z cache miss, executing c68e80ea4bd32f3d
2026-10-01T04:23:18.1535170Z $ tsc --noEmit
2026-10-01T04:23:18.1554820Z ##[endgroup]
2026-10-01T04:23:18.1649951Z ##[group]@qelvora/tokens:build
2026-10-01T04:23:18.1657852Z cache miss, executing cc0386ae4b0d76ff
2026-10-01T04:23:18.1659579Z $ tsc --noEmit
2026-10-01T04:23:18.1660392Z ##[endgroup]
2026-10-01T04:23:18.4828460Z ##[group]@qelvora/copy:build
2026-10-01T04:23:18.4829228Z cache miss, executing a78036bbd5cf4dd9
2026-10-01T04:23:18.4829707Z $ tsc --noEmit
2026-10-01T04:23:19.3564357Z ##[endgroup]
2026-10-01T04:23:19.3564854Z ##[group]@qelvora/api:build
2026-10-01T04:23:19.3565445Z cache miss, executing fcb3b8527068a1ce
2026-10-01T04:23:19.3565924Z $ tsc --noEmit
2026-10-01T04:23:19.3566472Z ##[endgroup]
2026-10-01T04:23:21.1791879Z @qelvora/backend:test
2026-10-01T04:23:21.1792797Z cache bypass, force executing ffc4443be1bd9607
2026-10-01T04:23:21.1793341Z $ vitest run
2026-10-01T04:23:21.1793481Z 
2026-10-01T04:23:21.1794104Z  RUN  v3.2.4 /home/runner/work/creator-platform/creator-platform/apps/backend
2026-10-01T04:23:21.1820812Z ##[error]command (/home/runner/work/creator-platform/creator-platform/apps/backend) /home/runner/setup-pnpm/node_modules/.bin/pnpm run test exited (1)
2026-10-01T04:23:21.1829803Z @qelvora/backend#test:  ERROR  command (/home/runner/work/creator-platform/creator-platform/apps/backend) /home/runner/setup-pnpm/node_modules/.bin/pnpm run test exited (1)
2026-10-01T04:23:21.1830491Z 
2026-10-01T04:23:21.1831212Z  ❯ tests/postgres.integration.test.ts (9 tests | 9 skipped) 103ms
2026-10-01T04:23:21.1832690Z    ↓ PostgreSQL foundation using the real non-owner role > T-11 denies unscoped read/write and leaves no tenant context on pooled connections
2026-10-01T04:23:21.1834048Z    ↓ PostgreSQL foundation using the real non-owner role > T-11 checks 10,000 random pairs against 1,000 real scoped threads
2026-10-01T04:23:21.1835663Z    ↓ PostgreSQL foundation using the real non-owner role > T-03/T-23 interrupt delivered text before the takeover boundary and reject stale generation frames
2026-10-01T04:23:21.1837130Z    ↓ PostgreSQL foundation using the real non-owner role > T-04/T-30 commits announced handback before new AI text and resumes with no duplicates
2026-10-01T04:23:21.1838325Z    ↓ PostgreSQL foundation using the real non-owner role > T-18/T-24 serializes simultaneous retries and last-unit allowance races
2026-10-01T04:23:21.1839404Z    ↓ PostgreSQL foundation using the real non-owner role > T-27 refuses stale extraction and never rebuilds a deleted fact
2026-10-01T04:23:21.1840613Z    ↓ PostgreSQL foundation using the real non-owner role > T-34 refuses team and stolen-session named acts; real user-verified signatures bind exact content once
2026-10-01T04:23:21.1841848Z    ↓ PostgreSQL foundation using the real non-owner role > T-28 stores verified duplicate inbox events once and reconciles current state
2026-10-01T04:23:21.1843321Z    ↓ PostgreSQL foundation using the real non-owner role > commits outbox frames with state and retries publication in aggregate order after a crash
2026-10-01T04:23:21.1844280Z  ✓ tests/contracts.test.ts (9 tests) 82ms
2026-10-01T04:23:21.1844626Z 
2026-10-01T04:23:21.1844962Z ⎯⎯⎯⎯⎯⎯ Failed Suites 1 ⎯⎯⎯⎯⎯⎯⎯
2026-10-01T04:23:21.1845224Z 
2026-10-01T04:23:21.1845798Z  FAIL  tests/postgres.integration.test.ts > PostgreSQL foundation using the real non-owner role
2026-10-01T04:23:21.1846601Z error: column "intro" of relation "fan_profile" already exists
2026-10-01T04:23:21.1847451Z  ❯ ../../node_modules/.pnpm/pg-pool@3.14.0_pg@8.23.0/node_modules/pg-pool/index.js:45:11
2026-10-01T04:23:21.1848160Z  ❯ tests/postgres.integration.test.ts:78:7
2026-10-01T04:23:21.1848616Z      76|           ),
2026-10-01T04:23:21.1848971Z      77|         );
2026-10-01T04:23:21.1849395Z      78|       await admin.query(
2026-10-01T04:23:21.1849795Z        |       ^
2026-10-01T04:23:21.1850198Z      79|         await readFile(
2026-10-01T04:23:21.1850760Z      80|           new URL("../migrations/0002_w1_identity.sql", import.meta.ur…
2026-10-01T04:23:21.1851101Z 
2026-10-01T04:23:21.1851470Z ⎯⎯⎯⎯⎯⎯⎯⎯⎯⎯⎯⎯⎯⎯⎯⎯⎯⎯⎯⎯⎯⎯⎯⎯[1/1]⎯
2026-10-01T04:23:21.1851810Z 
2026-10-01T04:23:21.1851819Z 
2026-10-01T04:23:21.1852839Z  Test Files  1 failed | 1 passed (2)
2026-10-01T04:23:21.1853809Z       Tests  9 passed | 9 skipped (18)
2026-10-01T04:23:21.1854382Z    Start at  04:23:19
2026-10-01T04:23:21.1855211Z    Duration  1.39s (transform 310ms, setup 0ms, collect 819ms, tests 185ms, environment 0ms, prepare 119ms)
2026-10-01T04:23:21.1855647Z 
2026-10-01T04:23:21.1855653Z 
2026-10-01T04:23:21.1862151Z ##[error]error: column "intro" of relation "fan_profile" already exists
 ❯ ../../node_modules/.pnpm/pg-pool@3.14.0_pg@8.23.0/node_modules/pg-pool/index.js:45:11
 ❯ tests/postgres.integration.test.ts:78:7

⎯⎯⎯⎯⎯⎯⎯⎯⎯⎯⎯⎯⎯⎯⎯⎯⎯⎯⎯⎯⎯⎯⎯⎯⎯⎯⎯⎯⎯⎯
Serialized Error: { length: 135, severity: 'ERROR', code: '42701', detail: undefined, hint: undefined, position: undefined, internalPosition: undefined, internalQuery: undefined, where: undefined, schema: undefined, table: undefined, dataType: undefined, constraint: undefined, file: 'tablecmds.c', routine: 'check_for_column_name_collision' }

2026-10-01T04:23:21.1865210Z [ELIFECYCLE] Test failed. See above for more details.
2026-10-01T04:23:21.1865465Z 
2026-10-01T04:23:21.1865610Z  Tasks:    5 successful, 6 total
2026-10-01T04:23:21.1865914Z Cached:    0 cached, 6 total
2026-10-01T04:23:21.1866314Z   Time:    5.079s 
2026-10-01T04:23:21.1866598Z Failed:    @qelvora/backend#test
2026-10-01T04:23:21.1866777Z 
2026-10-01T04:23:21.1867201Z  WARNING  no output files found for task @qelvora/api#build. Please check your `outputs` key in `turbo.json`
2026-10-01T04:23:21.1867976Z  WARNING  no output files found for task @qelvora/brand#build. Please check your `outputs` key in `turbo.json`
2026-10-01T04:23:21.1868717Z  WARNING  no output files found for task @qelvora/copy#build. Please check your `outputs` key in `turbo.json`
2026-10-01T04:23:21.1869459Z  WARNING  no output files found for task @qelvora/tokens#build. Please check your `outputs` key in `turbo.json`
2026-10-01T04:23:21.1870001Z  ERROR  run failed: command  exited (1)
2026-10-01T04:23:21.1886147Z [ELIFECYCLE] Test failed. See above for more details.
2026-10-01T04:23:21.1900490Z [ELIFECYCLE] Command failed with exit code 1.
2026-10-01T04:23:21.1918254Z ##[error]Process completed with exit code 1.
2026-10-01T04:23:21.2006563Z Post job cleanup.
2026-10-01T04:23:21.3445406Z Pruning is unnecessary.
2026-10-01T04:23:21.3614927Z Post job cleanup.
2026-10-01T04:23:21.4671087Z [command]/usr/bin/git version
2026-10-01T04:23:21.4714239Z git version 2.55.0
2026-10-01T04:23:21.4756742Z Temporarily overriding HOME='/home/runner/work/_temp/45bdccb9-79a6-42c1-b63c-bfd86fa6dbb2' before making global git config changes
2026-10-01T04:23:21.4758582Z Adding repository directory to the temporary git global config as a safe directory
2026-10-01T04:23:21.4760205Z [command]/usr/bin/git config --global --add safe.directory /home/runner/work/creator-platform/creator-platform
2026-10-01T04:23:21.4806308Z [command]/usr/bin/git config --local --name-only --get-regexp core\.sshCommand
2026-10-01T04:23:21.4845211Z [command]/usr/bin/git submodule foreach --recursive sh -c "git config --local --name-only --get-regexp 'core\.sshCommand' && git config --local --unset-all 'core.sshCommand' || :"
2026-10-01T04:23:21.5122690Z [command]/usr/bin/git config --local --name-only --get-regexp http\.https\:\/\/github\.com\/\.extraheader
2026-10-01T04:23:21.5153978Z http.https://github.com/.extraheader
2026-10-01T04:23:21.5165541Z [command]/usr/bin/git config --local --unset-all http.https://github.com/.extraheader
2026-10-01T04:23:21.5205373Z [command]/usr/bin/git submodule foreach --recursive sh -c "git config --local --name-only --get-regexp 'http\.https\:\/\/github\.com\/\.extraheader' && git config --local --unset-all 'http.https://github.com/.extraheader' || :"
2026-10-01T04:23:21.5489520Z [command]/usr/bin/git config --local --name-only --get-regexp ^includeIf\.gitdir:
2026-10-01T04:23:21.5530484Z [command]/usr/bin/git submodule foreach --recursive git config --local --show-origin --name-only --get-regexp remote.origin.url
2026-10-01T04:23:21.5938405Z Print service container logs: 694a2f75f0b44187adf1989148978947_pgvectorpgvectorpg17_dce08f
2026-10-01T04:23:21.5943341Z ##[command]/usr/bin/docker logs --details 863bcd9ebcce7ad8f790de606882f86f250200f93369e880d882361f797f8736
2026-10-01T04:23:21.6075261Z  initdb: warning: enabling "trust" authentication for local connections
2026-10-01T04:23:21.6076439Z  initdb: hint: You can change this by editing pg_hba.conf or using the option -A, or --auth-local and --auth-host, the next time you run initdb.
2026-10-01T04:23:21.6077952Z  2026-10-01 04:22:26.696 UTC [1] LOG:  starting PostgreSQL 17.11 (Debian 17.11-1.pgdg12+2) on x86_64-pc-linux-gnu, compiled by gcc (Debian 12.2.0-14+deb12u1) 12.2.0, 64-bit
2026-10-01T04:23:21.6078852Z  2026-10-01 04:22:26.696 UTC [1] LOG:  listening on IPv4 address "0.0.0.0", port 5432
2026-10-01T04:23:21.6079523Z  2026-10-01 04:22:26.696 UTC [1] LOG:  listening on IPv6 address "::", port 5432
2026-10-01T04:23:21.6080165Z  The files belonging to this database system will be owned by user "postgres".
2026-10-01T04:23:21.6080756Z  2026-10-01 04:22:26.697 UTC [1] LOG:  listening on Unix socket "/var/run/postgresql/.s.PGSQL.5432"
2026-10-01T04:23:21.6081238Z  This user must also own the server process.
2026-10-01T04:23:21.6081531Z  
2026-10-01T04:23:21.6082197Z  The database cluster will be initialized with locale "en_US.utf8".
2026-10-01T04:23:21.6082987Z  The default database encoding has accordingly been set to "UTF8".
2026-10-01T04:23:21.6083637Z  The default text search configuration will be set to "english".
2026-10-01T04:23:21.6083985Z  
2026-10-01T04:23:21.6084204Z  Data page checksums are disabled.
2026-10-01T04:23:21.6084480Z  
2026-10-01T04:23:21.6084805Z  fixing permissions on existing directory /var/lib/postgresql/data ... ok
2026-10-01T04:23:21.6085217Z  creating subdirectories ... ok
2026-10-01T04:23:21.6085556Z  selecting dynamic shared memory implementation ... posix
2026-10-01T04:23:21.6085928Z  selecting default "max_connections" ... 100
2026-10-01T04:23:21.6086260Z  selecting default "shared_buffers" ... 128MB
2026-10-01T04:23:21.6086589Z  selecting default time zone ... Etc/UTC
2026-10-01T04:23:21.6086888Z  creating configuration files ... ok
2026-10-01T04:23:21.6087175Z  running bootstrap script ... ok
2026-10-01T04:23:21.6087490Z  performing post-bootstrap initialization ... ok
2026-10-01T04:23:21.6087821Z  syncing data to disk ... ok
2026-10-01T04:23:21.6088064Z  
2026-10-01T04:23:21.6088250Z  
2026-10-01T04:23:21.6088502Z  Success. You can now start the database server using:
2026-10-01T04:23:21.6088811Z  
2026-10-01T04:23:21.6089057Z      pg_ctl -D /var/lib/postgresql/data -l logfile start
2026-10-01T04:23:21.6089364Z  
2026-10-01T04:23:21.6090029Z  waiting for server to start....2026-10-01 04:22:26.385 UTC [49] LOG:  starting PostgreSQL 17.11 (Debian 17.11-1.pgdg12+2) on x86_64-pc-linux-gnu, compiled by gcc (Debian 12.2.0-14+deb12u1) 12.2.0, 64-bit
2026-10-01T04:23:21.6090908Z  2026-10-01 04:22:26.386 UTC [49] LOG:  listening on Unix socket "/var/run/postgresql/.s.PGSQL.5432"
2026-10-01T04:23:21.6091471Z  2026-10-01 04:22:26.388 UTC [52] LOG:  database system was shut down at 2026-10-01 04:22:26 UTC
2026-10-01T04:23:21.6091978Z  2026-10-01 04:22:26.392 UTC [49] LOG:  database system is ready to accept connections
2026-10-01T04:23:21.6092360Z   done
2026-10-01T04:23:21.6092752Z  server started
2026-10-01T04:23:21.6092975Z  CREATE DATABASE
2026-10-01T04:23:21.6093182Z  
2026-10-01T04:23:21.6093360Z  
2026-10-01T04:23:21.6093696Z  /usr/local/bin/docker-entrypoint.sh: ignoring /docker-entrypoint-initdb.d/*
2026-10-01T04:23:21.6094088Z  
2026-10-01T04:23:21.6094445Z  waiting for server to shut down...2026-10-01 04:22:26.571 UTC [49] LOG:  received fast shutdown request
2026-10-01T04:23:21.6094969Z  .2026-10-01 04:22:26.572 UTC [49] LOG:  aborting any active transactions
2026-10-01T04:23:21.6095553Z  2026-10-01 04:22:26.574 UTC [49] LOG:  background worker "logical replication launcher" (PID 55) exited with exit code 1
2026-10-01T04:23:21.6096328Z  2026-10-01 04:22:26.574 UTC [50] LOG:  shutting down
2026-10-01T04:23:21.6096736Z  2026-10-01 04:22:26.574 UTC [50] LOG:  checkpoint starting: shutdown immediate
2026-10-01T04:23:21.6097781Z  2026-10-01 04:22:26.589 UTC [50] LOG:  checkpoint complete: wrote 921 buffers (5.6%); 0 WAL file(s) added, 0 removed, 0 recycled; write=0.013 s, sync=0.002 s, total=0.016 s; sync files=301, longest=0.001 s, average=0.001 s; distance=4238 kB, estimate=4238 kB; lsn=0/190A9D0, redo lsn=0/190A9D0
2026-10-01T04:23:21.6098859Z  2026-10-01 04:22:26.596 UTC [49] LOG:  database system is shut down
2026-10-01T04:23:21.6099209Z   done
2026-10-01T04:23:21.6099410Z  server stopped
2026-10-01T04:23:21.6099619Z  
2026-10-01T04:23:21.6099887Z  PostgreSQL init process complete; ready for start up.
2026-10-01T04:23:21.6100202Z  
2026-10-01T04:23:21.6100561Z  2026-10-01 04:22:26.700 UTC [65] LOG:  database system was shut down at 2026-10-01 04:22:26 UTC
2026-10-01T04:23:21.6101110Z  2026-10-01 04:22:26.704 UTC [1] LOG:  database system is ready to accept connections
2026-10-01T04:23:21.6101569Z  2026-10-01 04:22:30.811 UTC [76] FATAL:  role "root" does not exist
2026-10-01T04:23:21.6101957Z  2026-10-01 04:22:35.878 UTC [84] FATAL:  role "root" does not exist
2026-10-01T04:23:21.6102332Z  2026-10-01 04:22:40.960 UTC [92] FATAL:  role "root" does not exist
2026-10-01T04:23:21.6103579Z  2026-10-01 04:22:46.039 UTC [100] FATAL:  role "root" does not exist
2026-10-01T04:23:21.6104195Z  2026-10-01 04:22:51.226 UTC [108] FATAL:  role "root" does not exist
2026-10-01T04:23:21.6104794Z  2026-10-01 04:22:56.320 UTC [116] FATAL:  role "root" does not exist
2026-10-01T04:23:21.6105398Z  2026-10-01 04:23:01.423 UTC [124] FATAL:  role "root" does not exist
2026-10-01T04:23:21.6105980Z  2026-10-01 04:23:06.513 UTC [132] FATAL:  role "root" does not exist
2026-10-01T04:23:21.6106569Z  2026-10-01 04:23:11.591 UTC [140] FATAL:  role "root" does not exist
2026-10-01T04:23:21.6107182Z  2026-10-01 04:23:16.827 UTC [148] FATAL:  role "root" does not exist
2026-10-01T04:23:21.6107934Z  2026-10-01 04:23:20.478 UTC [149] ERROR:  column "intro" of relation "fan_profile" already exists
2026-10-01T04:23:21.6108936Z  2026-10-01 04:23:20.478 UTC [149] STATEMENT:  -- W1 additive identity migration. Apply only to a W8-approved database.
2026-10-01T04:23:21.6109717Z  	BEGIN;
2026-10-01T04:23:21.6110021Z  	SET LOCAL ROLE creator_owner;
2026-10-01T04:23:21.6110947Z  	ALTER TABLE creator.fan_profile ADD COLUMN intro text NOT NULL DEFAULT '' CHECK(length(intro)<=240), ADD COLUMN version integer NOT NULL DEFAULT 1;
2026-10-01T04:23:21.6112187Z  	ALTER TABLE creator.creator_profile DROP CONSTRAINT creator_profile_verification_check;
2026-10-01T04:23:21.6113791Z  	ALTER TABLE creator.creator_profile ADD CONSTRAINT creator_profile_verification_check CHECK(verification IN ('pending','verified','rejected','revoked'));
2026-10-01T04:23:21.6115703Z  	ALTER TABLE creator.creator_profile ADD COLUMN version integer NOT NULL DEFAULT 1, ADD COLUMN recovery_required boolean NOT NULL DEFAULT false, ADD COLUMN recovery_started_at timestamptz;
2026-10-01T04:23:21.6117227Z  	ALTER TABLE creator.passkey_credential ADD COLUMN created_at timestamptz NOT NULL DEFAULT now();
2026-10-01T04:23:21.6118118Z  	ALTER TABLE creator.signed_challenge ADD COLUMN command jsonb;
2026-10-01T04:23:21.6119508Z  	CREATE TABLE creator.auth_continuation(id uuid PRIMARY KEY DEFAULT gen_random_uuid(), return_to text NOT NULL, adapter_state text NOT NULL UNIQUE, expires_at timestamptz NOT NULL, used_at timestamptz);
2026-10-01T04:23:21.6120659Z  	CREATE INDEX auth_continuation_expiry ON creator.auth_continuation(expires_at);
2026-10-01T04:23:21.6122081Z  	CREATE TABLE creator.identity_session(id uuid PRIMARY KEY DEFAULT gen_random_uuid(), account_id uuid NOT NULL, token_hash text NOT NULL UNIQUE, upstream_cipher text NOT NULL, mode text NOT NULL CHECK(mode IN ('development','pantopus')), created_at timestamptz NOT NULL DEFAULT now(), expires_at timestamptz NOT NULL, refresh_until timestamptz NOT NULL, revoked_at timestamptz);
2026-10-01T04:23:21.6124022Z  	CREATE INDEX identity_session_account ON creator.identity_session(account_id) WHERE revoked_at IS NULL;
2026-10-01T04:23:21.6126079Z  	CREATE TABLE creator.creator_proof(id uuid PRIMARY KEY DEFAULT gen_random_uuid(), account_id uuid NOT NULL, creator_id uuid NOT NULL REFERENCES creator.creator_profile(id), code text NOT NULL, platform text NOT NULL CHECK(platform IN ('instagram','youtube')), account_url text NOT NULL, post_url text, state text NOT NULL DEFAULT 'challenge' CHECK(state IN ('challenge','pending','approved','rejected','revoked')), expires_at timestamptz NOT NULL, submitted_at timestamptz, reviewed_at timestamptz, reviewer_account_id uuid, review_case_id uuid, reason text);
2026-10-01T04:23:21.6128036Z  	CREATE INDEX creator_proof_pending ON creator.creator_proof(creator_id,state,expires_at);
2026-10-01T04:23:21.6128972Z  	CREATE TABLE creator.passkey_registration(id uuid PRIMARY KEY DEFAULT gen_random_uuid(), account_id uuid NOT NULL, challenge text NOT NULL UNIQUE, expires_at timestamptz NOT NULL, used_at timestamptz);
2026-10-01T04:23:21.6130723Z  	CREATE TABLE creator.team_invitation(id uuid PRIMARY KEY DEFAULT gen_random_uuid(), creator_id uuid NOT NULL REFERENCES creator.creator_profile(id), account_id uuid NOT NULL, roles text[] NOT NULL CHECK(cardinality(roles)>0 AND roles <@ ARRAY['triage','drafter','publisher','scheduler']::text[]), expires_at timestamptz NOT NULL, accepted_at timestamptz, revoked_at timestamptz);
2026-10-01T04:23:21.6132627Z  	CREATE INDEX team_invitation_account ON creator.team_invitation(account_id,expires_at) WHERE accepted_at IS NULL AND revoked_at IS NULL;
2026-10-01T04:23:21.6133794Z  	CREATE TABLE creator.signed_publication(signed_act_id uuid PRIMARY KEY REFERENCES creator.signed_act(id), account_id uuid NOT NULL, command jsonb NOT NULL, public_content boolean NOT NULL DEFAULT false, withdrawn_at timestamptz);
2026-10-01T04:23:21.6135285Z  	CREATE TABLE creator.identity_event(id uuid PRIMARY KEY DEFAULT gen_random_uuid(), account_id uuid NOT NULL, kind text NOT NULL, aggregate_id uuid NOT NULL, version integer NOT NULL, created_at timestamptz NOT NULL DEFAULT now(), published_at timestamptz);
2026-10-01T04:23:21.6136387Z  	CREATE INDEX identity_event_pending ON creator.identity_event(created_at) WHERE published_at IS NULL;
2026-10-01T04:23:21.6136883Z  	DO $$ DECLARE relation text; BEGIN
2026-10-01T04:23:21.6137401Z  	  FOREACH relation IN ARRAY ARRAY['creator_proof','passkey_registration','signed_publication','identity_event'] LOOP
2026-10-01T04:23:21.6138036Z  	    EXECUTE format('ALTER TABLE creator.%I ENABLE ROW LEVEL SECURITY',relation);
2026-10-01T04:23:21.6138545Z  	    EXECUTE format('ALTER TABLE creator.%I FORCE ROW LEVEL SECURITY',relation);
2026-10-01T04:23:21.6139486Z  	    EXECUTE format('CREATE POLICY account_scope ON creator.%I USING(account_id=nullif(current_setting(''app.account_id'',true),'''')::uuid) WITH CHECK(account_id=nullif(current_setting(''app.account_id'',true),'''')::uuid)',relation);
2026-10-01T04:23:21.6140304Z  	  END LOOP;
2026-10-01T04:23:21.6140524Z  	END $$;
2026-10-01T04:23:21.6140808Z  	ALTER TABLE creator.team_invitation ENABLE ROW LEVEL SECURITY;
2026-10-01T04:23:21.6141234Z  	ALTER TABLE creator.team_invitation FORCE ROW LEVEL SECURITY;
2026-10-01T04:23:21.6142311Z  	CREATE POLICY invitation_scope ON creator.team_invitation USING(account_id=nullif(current_setting('app.account_id',true),'')::uuid OR EXISTS(SELECT 1 FROM creator.creator_profile cp WHERE cp.id=creator_id AND cp.account_id=nullif(current_setting('app.account_id',true),'')::uuid));
2026-10-01T04:23:21.6143554Z  	ALTER TABLE creator.fan_profile ENABLE ROW LEVEL SECURITY;
2026-10-01T04:23:21.6143951Z  	ALTER TABLE creator.fan_profile FORCE ROW LEVEL SECURITY;
2026-10-01T04:23:21.6144416Z  	CREATE POLICY fan_public_identity ON creator.fan_profile FOR SELECT USING(true);
2026-10-01T04:23:21.6145129Z  	CREATE POLICY fan_owned_insert ON creator.fan_profile FOR INSERT WITH CHECK(account_id=nullif(current_setting('app.account_id',true),'')::uuid);
2026-10-01T04:23:21.6146370Z  	CREATE POLICY fan_owned_update ON creator.fan_profile FOR UPDATE USING(account_id=nullif(current_setting('app.account_id',true),'')::uuid) WITH CHECK(account_id=nullif(current_setting('app.account_id',true),'')::uuid);
2026-10-01T04:23:21.6147254Z  	ALTER TABLE creator.creator_profile ENABLE ROW LEVEL SECURITY;
2026-10-01T04:23:21.6147673Z  	ALTER TABLE creator.creator_profile FORCE ROW LEVEL SECURITY;
2026-10-01T04:23:21.6148169Z  	CREATE POLICY creator_public_identity ON creator.creator_profile FOR SELECT USING(true);
2026-10-01T04:23:21.6148949Z  	CREATE POLICY creator_owned_insert ON creator.creator_profile FOR INSERT WITH CHECK(account_id=nullif(current_setting('app.account_id',true),'')::uuid);
2026-10-01T04:23:21.6150099Z  	CREATE POLICY creator_owned_update ON creator.creator_profile FOR UPDATE USING(account_id=nullif(current_setting('app.account_id',true),'')::uuid) WITH CHECK(account_id=nullif(current_setting('app.account_id',true),'')::uuid);
2026-10-01T04:23:21.6151129Z  	-- Public projection contains no fan account, credential, challenge, assertion or private content.
2026-10-01T04:23:21.6152891Z  	CREATE TABLE creator.signed_verification(id uuid PRIMARY KEY REFERENCES creator.signed_act(id), account_id uuid NOT NULL, creator_id uuid NOT NULL, creator_name text NOT NULL, act_type text NOT NULL, content_hash text NOT NULL, verified_at timestamptz NOT NULL, key_revoked boolean NOT NULL DEFAULT false, creator_revoked boolean NOT NULL DEFAULT false, withdrawn boolean NOT NULL DEFAULT false, public_command jsonb);
2026-10-01T04:23:21.6154519Z  	ALTER TABLE creator.signed_verification ENABLE ROW LEVEL SECURITY;
2026-10-01T04:23:21.6154968Z  	ALTER TABLE creator.signed_verification FORCE ROW LEVEL SECURITY;
2026-10-01T04:23:21.6155462Z  	CREATE POLICY public_metadata ON creator.signed_verification FOR SELECT USING(true);
2026-10-01T04:23:21.6156230Z  	CREATE POLICY owner_insert ON creator.signed_verification FOR INSERT WITH CHECK(account_id=nullif(current_setting('app.account_id',true),'')::uuid);
2026-10-01T04:23:21.6157372Z  	CREATE POLICY owner_update ON creator.signed_verification FOR UPDATE USING(account_id=nullif(current_setting('app.account_id',true),'')::uuid) WITH CHECK(account_id=nullif(current_setting('app.account_id',true),'')::uuid);
2026-10-01T04:23:21.6158302Z  	GRANT SELECT,INSERT,UPDATE ON creator.signed_verification TO creator_runtime;
2026-10-01T04:23:21.6159254Z  	GRANT SELECT,INSERT,UPDATE ON creator.auth_continuation,creator.identity_session,creator.creator_proof,creator.passkey_registration,creator.team_invitation,creator.signed_publication TO creator_runtime;
2026-10-01T04:23:21.6160315Z  	GRANT SELECT,INSERT,UPDATE ON creator.fan_profile,creator.creator_profile,creator.team_membership TO creator_runtime;
2026-10-01T04:23:21.6160941Z  	GRANT SELECT,INSERT,UPDATE ON creator.identity_event TO creator_runtime;
2026-10-01T04:23:21.6161435Z  	INSERT INTO creator.schema_migration(version) VALUES('0002_w1_identity');
2026-10-01T04:23:21.6161808Z  	COMMIT;
2026-10-01T04:23:21.6162012Z  	
2026-10-01T04:23:21.6167990Z Stop and remove container: 694a2f75f0b44187adf1989148978947_pgvectorpgvectorpg17_dce08f
2026-10-01T04:23:21.6173607Z ##[command]/usr/bin/docker rm --force 863bcd9ebcce7ad8f790de606882f86f250200f93369e880d882361f797f8736
2026-10-01T04:23:21.7790579Z 863bcd9ebcce7ad8f790de606882f86f250200f93369e880d882361f797f8736
2026-10-01T04:23:21.7821037Z Remove container network: github_network_390b32f5157a47408fa9784eccfb4dc4
2026-10-01T04:23:21.7826160Z ##[command]/usr/bin/docker network rm github_network_390b32f5157a47408fa9784eccfb4dc4
2026-10-01T04:23:21.9049938Z github_network_390b32f5157a47408fa9784eccfb4dc4
2026-10-01T04:23:21.9123594Z Cleaning up orphan processes
2026-10-01T04:23:21.9459348Z ##[warning]Node.js 20 is deprecated. The following actions target Node.js 20 but are being forced to run on Node.js 24: actions/checkout@11d5960a326750d5838078e36cf38b85af677262, actions/setup-node@49933ea5288caeca8642d1e84afbd3f7d6820020, pnpm/action-setup@f40ffcd9367d9f12939873eb1018b921a783ffaa. For more information see: https://github.blog/changelog/2025-09-19-deprecation-of-node-20-on-github-actions-runners/
