2026-10-01T05:33:51.8788983Z Current runner version: '2.337.0'
2026-10-01T05:33:51.8814363Z ##[group]Runner Image Provisioner
2026-10-01T05:33:51.8815278Z Hosted Compute Agent
2026-10-01T05:33:51.8816069Z Version: 20260828.587
2026-10-01T05:33:51.8816746Z Commit: abac92662cab4cc7352de4f9f9d2e2419aad9c29
2026-10-01T05:33:51.8817552Z Build Date: 2026-08-28T16:44:25Z
2026-10-01T05:33:51.8818286Z Worker ID: {0f43d5c6-5dc6-4f2a-bf9e-bf79b2921b04}
2026-10-01T05:33:51.8819031Z Azure Region: centralus
2026-10-01T05:33:51.8820004Z ##[endgroup]
2026-10-01T05:33:51.8821342Z ##[group]Operating System
2026-10-01T05:33:51.8821986Z Ubuntu
2026-10-01T05:33:51.8822674Z 24.04.5
2026-10-01T05:33:51.8823215Z LTS
2026-10-01T05:33:51.8823834Z ##[endgroup]
2026-10-01T05:33:51.8824425Z ##[group]Runner Image
2026-10-01T05:33:51.8825037Z Image: ubuntu-24.04
2026-10-01T05:33:51.8825703Z Version: 20260920.314.1
2026-10-01T05:33:51.8827499Z Included Software: https://github.com/actions/runner-images/blob/ubuntu24/20260920.314/images/ubuntu/Ubuntu2404-Readme.md
2026-10-01T05:33:51.8830034Z Image Release: https://github.com/actions/runner-images/releases/tag/ubuntu24%2F20260920.314
2026-10-01T05:33:51.8831067Z ##[endgroup]
2026-10-01T05:33:51.8832406Z ##[group]GITHUB_TOKEN Permissions
2026-10-01T05:33:51.8834392Z Contents: read
2026-10-01T05:33:51.8835118Z Metadata: read
2026-10-01T05:33:51.8835701Z Packages: read
2026-10-01T05:33:51.8836698Z ##[endgroup]
2026-10-01T05:33:51.8838894Z Secret source: Actions
2026-10-01T05:33:51.8840423Z Cache mode: write
2026-10-01T05:33:51.8841158Z Prepare workflow directory
2026-10-01T05:33:51.9282545Z Prepare all required actions
2026-10-01T05:33:51.9332846Z Getting action download info
2026-10-01T05:33:52.2054418Z Download action repository 'actions/checkout@11d5960a326750d5838078e36cf38b85af677262' (SHA:11d5960a326750d5838078e36cf38b85af677262)
2026-10-01T05:33:52.3264642Z Download action repository 'pnpm/action-setup@f40ffcd9367d9f12939873eb1018b921a783ffaa' (SHA:f40ffcd9367d9f12939873eb1018b921a783ffaa)
2026-10-01T05:33:52.8764151Z Download action repository 'actions/setup-node@49933ea5288caeca8642d1e84afbd3f7d6820020' (SHA:49933ea5288caeca8642d1e84afbd3f7d6820020)
2026-10-01T05:33:53.0689284Z Complete job name: web-and-backend
2026-10-01T05:33:53.1218887Z ##[group]Checking docker version
2026-10-01T05:33:53.1234892Z ##[command]/usr/bin/docker version --format '{{.Server.APIVersion}}'
2026-10-01T05:33:53.1937230Z '1.48'
2026-10-01T05:33:53.1955271Z Docker daemon API version: '1.48'
2026-10-01T05:33:53.1956139Z ##[command]/usr/bin/docker version --format '{{.Client.APIVersion}}'
2026-10-01T05:33:53.2122268Z '1.48'
2026-10-01T05:33:53.2135718Z Docker client API version: '1.48'
2026-10-01T05:33:53.2142459Z ##[endgroup]
2026-10-01T05:33:53.2145233Z ##[group]Clean up resources from previous jobs
2026-10-01T05:33:53.2151439Z ##[command]/usr/bin/docker ps --all --quiet --no-trunc --filter "label=632957"
2026-10-01T05:33:53.2303239Z ##[command]/usr/bin/docker network prune --force --filter "label=632957"
2026-10-01T05:33:53.2437762Z ##[endgroup]
2026-10-01T05:33:53.2438407Z ##[group]Create local container network
2026-10-01T05:33:53.2449680Z ##[command]/usr/bin/docker network create --label 632957 github_network_79989706fa4242ada78e33816d35ea78
2026-10-01T05:33:53.2952730Z 6a96cc3c8d3f9851687dd6032a415a297a1a7f14aabe7adf409e1da18809091f
2026-10-01T05:33:53.2963445Z ##[endgroup]
2026-10-01T05:33:53.2988535Z ##[group]Starting postgres service container
2026-10-01T05:33:53.3010109Z ##[command]/usr/bin/docker pull pgvector/pgvector:pg17
2026-10-01T05:33:53.8140310Z pg17: Pulling from pgvector/pgvector
2026-10-01T05:33:53.9810154Z 039e6f9f9752: Pulling fs layer
2026-10-01T05:33:53.9811331Z 9524156efd7a: Pulling fs layer
2026-10-01T05:33:53.9812380Z d7b627e06eac: Pulling fs layer
2026-10-01T05:33:53.9813429Z f495088ca134: Pulling fs layer
2026-10-01T05:33:53.9814472Z 1e12f8d900eb: Pulling fs layer
2026-10-01T05:33:53.9815500Z 740ea3feff0f: Pulling fs layer
2026-10-01T05:33:53.9816536Z 5ac7c444edb0: Pulling fs layer
2026-10-01T05:33:53.9817558Z 11ec1b6ae2a0: Pulling fs layer
2026-10-01T05:33:53.9819051Z ef21471f3a2b: Pulling fs layer
2026-10-01T05:33:53.9820633Z 62ca04624b47: Pulling fs layer
2026-10-01T05:33:53.9821744Z 44438d8012af: Pulling fs layer
2026-10-01T05:33:53.9822808Z f67c9bdd808a: Pulling fs layer
2026-10-01T05:33:53.9823896Z 3d4e001e01a2: Pulling fs layer
2026-10-01T05:33:53.9824971Z 8cb2f3b54f01: Pulling fs layer
2026-10-01T05:33:53.9826050Z 9ef6b0a1be9e: Pulling fs layer
2026-10-01T05:33:53.9827102Z b70609756d71: Pulling fs layer
2026-10-01T05:33:53.9828117Z ef21471f3a2b: Waiting
2026-10-01T05:33:53.9829509Z 62ca04624b47: Waiting
2026-10-01T05:33:53.9830836Z 44438d8012af: Waiting
2026-10-01T05:33:53.9832239Z f67c9bdd808a: Waiting
2026-10-01T05:33:53.9833638Z 3d4e001e01a2: Waiting
2026-10-01T05:33:53.9835111Z 9ef6b0a1be9e: Waiting
2026-10-01T05:33:53.9836545Z b70609756d71: Waiting
2026-10-01T05:33:53.9837978Z 740ea3feff0f: Waiting
2026-10-01T05:33:53.9839637Z 5ac7c444edb0: Waiting
2026-10-01T05:33:53.9841321Z 11ec1b6ae2a0: Waiting
2026-10-01T05:33:53.9842770Z f495088ca134: Waiting
2026-10-01T05:33:53.9844223Z 8cb2f3b54f01: Waiting
2026-10-01T05:33:53.9845717Z 1e12f8d900eb: Waiting
2026-10-01T05:33:54.1463099Z 9524156efd7a: Download complete
2026-10-01T05:33:54.2320069Z d7b627e06eac: Verifying Checksum
2026-10-01T05:33:54.2330029Z d7b627e06eac: Download complete
2026-10-01T05:33:54.3038358Z 039e6f9f9752: Verifying Checksum
2026-10-01T05:33:54.3041938Z 039e6f9f9752: Download complete
2026-10-01T05:33:54.3569663Z f495088ca134: Verifying Checksum
2026-10-01T05:33:54.3571660Z f495088ca134: Download complete
2026-10-01T05:33:54.4813808Z 5ac7c444edb0: Download complete
2026-10-01T05:33:54.5096978Z 1e12f8d900eb: Verifying Checksum
2026-10-01T05:33:54.5098885Z 1e12f8d900eb: Download complete
2026-10-01T05:33:54.5295500Z 740ea3feff0f: Verifying Checksum
2026-10-01T05:33:54.5297187Z 740ea3feff0f: Download complete
2026-10-01T05:33:54.6178251Z 11ec1b6ae2a0: Verifying Checksum
2026-10-01T05:33:54.6183693Z 11ec1b6ae2a0: Download complete
2026-10-01T05:33:54.6441875Z 62ca04624b47: Verifying Checksum
2026-10-01T05:33:54.6443690Z 62ca04624b47: Download complete
2026-10-01T05:33:54.7799736Z 44438d8012af: Download complete
2026-10-01T05:33:54.7814770Z f67c9bdd808a: Verifying Checksum
2026-10-01T05:33:54.7818947Z f67c9bdd808a: Download complete
2026-10-01T05:33:54.9172739Z 8cb2f3b54f01: Download complete
2026-10-01T05:33:54.9204536Z 3d4e001e01a2: Verifying Checksum
2026-10-01T05:33:54.9207737Z 3d4e001e01a2: Download complete
2026-10-01T05:33:55.0513240Z 9ef6b0a1be9e: Verifying Checksum
2026-10-01T05:33:55.0516248Z 9ef6b0a1be9e: Download complete
2026-10-01T05:33:55.1480553Z b70609756d71: Verifying Checksum
2026-10-01T05:33:55.1481440Z b70609756d71: Download complete
2026-10-01T05:33:55.1582141Z ef21471f3a2b: Verifying Checksum
2026-10-01T05:33:55.1582928Z ef21471f3a2b: Download complete
2026-10-01T05:33:55.5885451Z 039e6f9f9752: Pull complete
2026-10-01T05:33:55.8671432Z 9524156efd7a: Pull complete
2026-10-01T05:33:55.9983829Z d7b627e06eac: Pull complete
2026-10-01T05:33:56.0341130Z f495088ca134: Pull complete
2026-10-01T05:33:56.3303096Z 1e12f8d900eb: Pull complete
2026-10-01T05:33:56.4025624Z 740ea3feff0f: Pull complete
2026-10-01T05:33:56.4092744Z 5ac7c444edb0: Pull complete
2026-10-01T05:33:56.4168777Z 11ec1b6ae2a0: Pull complete
2026-10-01T05:33:59.4157409Z ef21471f3a2b: Pull complete
2026-10-01T05:33:59.4297639Z 62ca04624b47: Pull complete
2026-10-01T05:33:59.4379513Z 44438d8012af: Pull complete
2026-10-01T05:33:59.4448041Z f67c9bdd808a: Pull complete
2026-10-01T05:33:59.4546026Z 3d4e001e01a2: Pull complete
2026-10-01T05:33:59.4609731Z 8cb2f3b54f01: Pull complete
2026-10-01T05:33:59.5094482Z 9ef6b0a1be9e: Pull complete
2026-10-01T05:33:59.5854578Z b70609756d71: Pull complete
2026-10-01T05:33:59.5889483Z Digest: sha256:cf134a767f474095eeba57e0117be8e568e011a63f33fbf252f14c9b760f8e6f
2026-10-01T05:33:59.5899969Z Status: Downloaded newer image for pgvector/pgvector:pg17
2026-10-01T05:33:59.5909048Z docker.io/pgvector/pgvector:pg17
2026-10-01T05:33:59.5971668Z ##[command]/usr/bin/docker create --name 7e72421d615a467e98b8dce22797d4be_pgvectorpgvectorpg17_4557aa --label 632957 --network github_network_79989706fa4242ada78e33816d35ea78 --network-alias postgres -p 5432:5432 --health-cmd pg_isready --health-interval 5s --health-timeout 5s --health-retries 12 -e "POSTGRES_DB=creator_foundation" -e "POSTGRES_PASSWORD=foundation-test-only" -e GITHUB_ACTIONS=true -e CI=true pgvector/pgvector:pg17
2026-10-01T05:33:59.6211616Z ae9cce7a9afb072d6583257f749d2599504e7510c54ed498d6e3e2210e7b9144
2026-10-01T05:33:59.6233437Z ##[command]/usr/bin/docker start ae9cce7a9afb072d6583257f749d2599504e7510c54ed498d6e3e2210e7b9144
2026-10-01T05:33:59.8215534Z ae9cce7a9afb072d6583257f749d2599504e7510c54ed498d6e3e2210e7b9144
2026-10-01T05:33:59.8227414Z ##[command]/usr/bin/docker ps --all --filter id=ae9cce7a9afb072d6583257f749d2599504e7510c54ed498d6e3e2210e7b9144 --filter status=running --no-trunc --format "{{.ID}} {{.Status}}"
2026-10-01T05:33:59.8358983Z ae9cce7a9afb072d6583257f749d2599504e7510c54ed498d6e3e2210e7b9144 Up Less than a second (health: starting)
2026-10-01T05:33:59.8384688Z ##[command]/usr/bin/docker port ae9cce7a9afb072d6583257f749d2599504e7510c54ed498d6e3e2210e7b9144
2026-10-01T05:33:59.8525778Z 5432/tcp -> 0.0.0.0:5432
2026-10-01T05:33:59.8526784Z 5432/tcp -> [::]:5432
2026-10-01T05:33:59.8597048Z ##[endgroup]
2026-10-01T05:33:59.8608805Z ##[group]Waiting for all services to be ready
2026-10-01T05:33:59.8626937Z ##[command]/usr/bin/docker inspect --format="{{if .Config.Healthcheck}}{{print .State.Health.Status}}{{end}}" ae9cce7a9afb072d6583257f749d2599504e7510c54ed498d6e3e2210e7b9144
2026-10-01T05:33:59.8768109Z starting
2026-10-01T05:33:59.8794479Z postgres service is starting, waiting 2 seconds before checking again.
2026-10-01T05:34:01.8796050Z ##[command]/usr/bin/docker inspect --format="{{if .Config.Healthcheck}}{{print .State.Health.Status}}{{end}}" ae9cce7a9afb072d6583257f749d2599504e7510c54ed498d6e3e2210e7b9144
2026-10-01T05:34:01.8926783Z starting
2026-10-01T05:34:01.8941767Z postgres service is starting, waiting 3 seconds before checking again.
2026-10-01T05:34:05.5635638Z ##[command]/usr/bin/docker inspect --format="{{if .Config.Healthcheck}}{{print .State.Health.Status}}{{end}}" ae9cce7a9afb072d6583257f749d2599504e7510c54ed498d6e3e2210e7b9144
2026-10-01T05:34:05.5770949Z healthy
2026-10-01T05:34:05.5786668Z postgres service is healthy.
2026-10-01T05:34:05.5787531Z ##[endgroup]
2026-10-01T05:34:05.6144779Z ##[group]Run actions/checkout@11d5960a326750d5838078e36cf38b85af677262
2026-10-01T05:34:05.6145374Z with:
2026-10-01T05:34:05.6145626Z   repository: WangPantopus/creator-platform
2026-10-01T05:34:05.6148207Z   token: ***
2026-10-01T05:34:05.6148429Z   ssh-strict: true
2026-10-01T05:34:05.6148645Z   ssh-user: git
2026-10-01T05:34:05.6148860Z   persist-credentials: true
2026-10-01T05:34:05.6149287Z   clean: true
2026-10-01T05:34:05.6149508Z   sparse-checkout-cone-mode: true
2026-10-01T05:34:05.6149768Z   fetch-depth: 1
2026-10-01T05:34:05.6149980Z   fetch-tags: false
2026-10-01T05:34:05.6150200Z   show-progress: true
2026-10-01T05:34:05.6150410Z   lfs: false
2026-10-01T05:34:05.6150597Z   submodules: false
2026-10-01T05:34:05.6150807Z   set-safe-directory: true
2026-10-01T05:34:05.6151051Z   allow-unsafe-pr-checkout: false
2026-10-01T05:34:05.6151469Z env:
2026-10-01T05:34:05.6152007Z   CREATOR_TEST_DATABASE_URL: ***127.0.0.1:5432/creator_foundation
2026-10-01T05:34:05.6152396Z ##[endgroup]
2026-10-01T05:34:05.7214983Z Syncing repository: WangPantopus/creator-platform
2026-10-01T05:34:05.7216731Z ##[group]Getting Git version info
2026-10-01T05:34:05.7217241Z Working directory is '/home/runner/work/creator-platform/creator-platform'
2026-10-01T05:34:05.7218106Z [command]/usr/bin/git version
2026-10-01T05:34:05.7234575Z git version 2.55.0
2026-10-01T05:34:05.7255989Z ##[endgroup]
2026-10-01T05:34:05.7270975Z Temporarily overriding HOME='/home/runner/work/_temp/eab5decf-40b8-4ee6-8e8b-2eaf4596bba0' before making global git config changes
2026-10-01T05:34:05.7271934Z Adding repository directory to the temporary git global config as a safe directory
2026-10-01T05:34:05.7277193Z [command]/usr/bin/git config --global --add safe.directory /home/runner/work/creator-platform/creator-platform
2026-10-01T05:34:05.7326746Z Deleting the contents of '/home/runner/work/creator-platform/creator-platform'
2026-10-01T05:34:05.7331955Z ##[group]Initializing the repository
2026-10-01T05:34:05.7336692Z [command]/usr/bin/git init /home/runner/work/creator-platform/creator-platform
2026-10-01T05:34:05.7413621Z hint: Using 'master' as the name for the initial branch. This default branch name
2026-10-01T05:34:05.7414757Z hint: will change to "main" in Git 3.0. To configure the initial branch name
2026-10-01T05:34:05.7415761Z hint: to use in all of your new repositories, which will suppress this warning,
2026-10-01T05:34:05.7416545Z hint: call:
2026-10-01T05:34:05.7417002Z hint:
2026-10-01T05:34:05.7417622Z hint: 	git config --global init.defaultBranch <name>
2026-10-01T05:34:05.7418297Z hint:
2026-10-01T05:34:05.7418886Z hint: Names commonly chosen instead of 'master' are 'main', 'trunk' and
2026-10-01T05:34:05.7420028Z hint: 'development'. The just-created branch can be renamed via this command:
2026-10-01T05:34:05.7420707Z hint:
2026-10-01T05:34:05.7421063Z hint: 	git branch -m <name>
2026-10-01T05:34:05.7421430Z hint:
2026-10-01T05:34:05.7421891Z hint: Disable this message with "git config set advice.defaultBranchName false"
2026-10-01T05:34:05.7422649Z Initialized empty Git repository in /home/runner/work/creator-platform/creator-platform/.git/
2026-10-01T05:34:05.7426725Z [command]/usr/bin/git remote add origin https://github.com/WangPantopus/creator-platform
2026-10-01T05:34:05.7471102Z ##[endgroup]
2026-10-01T05:34:05.7471622Z ##[group]Disabling automatic garbage collection
2026-10-01T05:34:05.7475742Z [command]/usr/bin/git config --local gc.auto 0
2026-10-01T05:34:05.7508461Z ##[endgroup]
2026-10-01T05:34:05.7509020Z ##[group]Setting up auth
2026-10-01T05:34:05.7516815Z [command]/usr/bin/git config --local --name-only --get-regexp core\.sshCommand
2026-10-01T05:34:05.7553297Z [command]/usr/bin/git submodule foreach --recursive sh -c "git config --local --name-only --get-regexp 'core\.sshCommand' && git config --local --unset-all 'core.sshCommand' || :"
2026-10-01T05:34:05.7923306Z [command]/usr/bin/git config --local --name-only --get-regexp http\.https\:\/\/github\.com\/\.extraheader
2026-10-01T05:34:05.7967829Z [command]/usr/bin/git submodule foreach --recursive sh -c "git config --local --name-only --get-regexp 'http\.https\:\/\/github\.com\/\.extraheader' && git config --local --unset-all 'http.https://github.com/.extraheader' || :"
2026-10-01T05:34:05.8234295Z [command]/usr/bin/git config --local --name-only --get-regexp ^includeIf\.gitdir:
2026-10-01T05:34:05.8274550Z [command]/usr/bin/git submodule foreach --recursive git config --local --show-origin --name-only --get-regexp remote.origin.url
2026-10-01T05:34:05.8528286Z [command]/usr/bin/git config --local http.https://github.com/.extraheader AUTHORIZATION: basic ***
2026-10-01T05:34:05.8570835Z ##[endgroup]
2026-10-01T05:34:05.8571421Z ##[group]Fetching the repository
2026-10-01T05:34:05.8580202Z [command]/usr/bin/git -c protocol.version=2 fetch --no-tags --prune --no-recurse-submodules --depth=1 origin +b8f0451b72105ff10b1d9a4ca856358101ad1c8d:refs/remotes/pull/2/merge
2026-10-01T05:34:09.4906856Z From https://github.com/WangPantopus/creator-platform
2026-10-01T05:34:09.4907537Z  * [new ref]         b8f0451b72105ff10b1d9a4ca856358101ad1c8d -> pull/2/merge
2026-10-01T05:34:09.4912382Z ##[endgroup]
2026-10-01T05:34:09.4913138Z ##[group]Determining the checkout info
2026-10-01T05:34:09.4915345Z ##[endgroup]
2026-10-01T05:34:09.4921628Z [command]/usr/bin/git sparse-checkout disable
2026-10-01T05:34:09.4985114Z [command]/usr/bin/git config --local --unset-all extensions.worktreeConfig
2026-10-01T05:34:09.5020587Z ##[group]Checking out the ref
2026-10-01T05:34:09.5024493Z [command]/usr/bin/git checkout --progress --force refs/remotes/pull/2/merge
2026-10-01T05:34:09.9699850Z Note: switching to 'refs/remotes/pull/2/merge'.
2026-10-01T05:34:09.9700155Z
2026-10-01T05:34:09.9700376Z You are in 'detached HEAD' state. You can look around, make experimental
2026-10-01T05:34:09.9700877Z changes and commit them, and you can discard any commits you make in this
2026-10-01T05:34:09.9701349Z state without impacting any branches by switching back to a branch.
2026-10-01T05:34:09.9701670Z
2026-10-01T05:34:09.9702063Z If you want to create a new branch to retain commits you create, you may
2026-10-01T05:34:09.9702642Z do so (now or later) by using -c with the switch command. Example:
2026-10-01T05:34:09.9702993Z
2026-10-01T05:34:09.9703134Z   git switch -c <new-branch-name>
2026-10-01T05:34:09.9703367Z
2026-10-01T05:34:09.9703504Z Or undo this operation with:
2026-10-01T05:34:09.9703719Z
2026-10-01T05:34:09.9703846Z   git switch -
2026-10-01T05:34:09.9704027Z
2026-10-01T05:34:09.9704323Z Turn off this advice by setting config variable advice.detachedHead to false
2026-10-01T05:34:09.9704743Z
2026-10-01T05:34:09.9705448Z HEAD is now at b8f0451 Merge 3639136ea5b312a555d7f3d94a9a4191c52b811f into 705215955415332e601adf5c42a2169cd0d173a5
2026-10-01T05:34:09.9722972Z ##[endgroup]
2026-10-01T05:34:09.9773102Z [command]/usr/bin/git log -1 --format=%H
2026-10-01T05:34:09.9802800Z b8f0451b72105ff10b1d9a4ca856358101ad1c8d
2026-10-01T05:34:10.0023596Z ##[group]Run pnpm/action-setup@f40ffcd9367d9f12939873eb1018b921a783ffaa
2026-10-01T05:34:10.0023983Z with:
2026-10-01T05:34:10.0024185Z   dest: ~/setup-pnpm
2026-10-01T05:34:10.0024404Z   run_install: null
2026-10-01T05:34:10.0024619Z   cache: false
2026-10-01T05:34:10.0024850Z   cache_dependency_path: pnpm-lock.yaml
2026-10-01T05:34:10.0025147Z   package_json_file: package.json
2026-10-01T05:34:10.0025403Z   standalone: false
2026-10-01T05:34:10.0025610Z env:
2026-10-01T05:34:10.0026249Z   CREATOR_TEST_DATABASE_URL: ***127.0.0.1:5432/creator_foundation
2026-10-01T05:34:10.0026613Z ##[endgroup]
2026-10-01T05:34:10.1467094Z ##[group]Running self-installer...
2026-10-01T05:34:10.5468015Z (node:2701) [DEP0169] DeprecationWarning: `url.parse()` behavior is not standardized and prone to errors that have security implications. Use the WHATWG URL API instead. CVEs are not issued for `url.parse()` vulnerabilities.
2026-10-01T05:34:10.5469506Z (Use `node --trace-deprecation ...` to show where the warning was created)
2026-10-01T05:34:10.7048215Z Progress: resolved 1, reused 0, downloaded 0, added 0
2026-10-01T05:34:10.8468914Z Packages: +3
2026-10-01T05:34:10.8470228Z +++
2026-10-01T05:34:11.5250083Z Progress: resolved 15, reused 0, downloaded 3, added 3, done
2026-10-01T05:34:11.5407055Z .../.pnpm/pnpm@12.5.1/node_modules/pnpm preinstall$ node install.js
2026-10-01T05:34:11.7878302Z .../.pnpm/pnpm@12.5.1/node_modules/pnpm preinstall: Done
2026-10-01T05:34:11.7883592Z .../.pnpm/pnpm@12.5.1/node_modules/pnpm postinstall$ node install.js
2026-10-01T05:34:11.8339840Z .../.pnpm/pnpm@12.5.1/node_modules/pnpm postinstall: Done
2026-10-01T05:34:13.0537718Z
2026-10-01T05:34:13.0538432Z dependencies:
2026-10-01T05:34:13.0538807Z + pnpm 12.5.1 (12.8.1 is available)
2026-10-01T05:34:13.0539018Z
2026-10-01T05:34:13.0559244Z Done in 2.7s
2026-10-01T05:34:13.0945613Z ##[endgroup]
2026-10-01T05:34:13.0946014Z Installation Completed!
2026-10-01T05:34:13.1118938Z ##[group]Run actions/setup-node@49933ea5288caeca8642d1e84afbd3f7d6820020
2026-10-01T05:34:13.1119574Z with:
2026-10-01T05:34:13.1119776Z   node-version: 24
2026-10-01T05:34:13.1119992Z   cache: pnpm
2026-10-01T05:34:13.1120196Z   always-auth: false
2026-10-01T05:34:13.1120422Z   check-latest: false
2026-10-01T05:34:13.1122904Z   token: ***
2026-10-01T05:34:13.1123110Z env:
2026-10-01T05:34:13.1123597Z   CREATOR_TEST_DATABASE_URL: ***127.0.0.1:5432/creator_foundation
2026-10-01T05:34:13.1124004Z   PNPM_HOME: /home/runner/setup-pnpm/node_modules/.bin
2026-10-01T05:34:13.1124318Z ##[endgroup]
2026-10-01T05:34:13.2564459Z Found in cache @ /opt/hostedtoolcache/node/24.21.0/x64
2026-10-01T05:34:13.2569398Z (node:2733) [DEP0040] DeprecationWarning: The `punycode` module is deprecated. Please use a userland alternative instead.
2026-10-01T05:34:13.2570533Z (Use `node --trace-deprecation ...` to show where the warning was created)
2026-10-01T05:34:13.2571928Z ##[group]Environment details
2026-10-01T05:34:13.5895558Z node: v24.21.0
2026-10-01T05:34:13.5895991Z npm: 11.19.0
2026-10-01T05:34:13.5896301Z yarn: 1.22.22
2026-10-01T05:34:13.5897708Z ##[endgroup]
2026-10-01T05:34:13.5916536Z [command]/home/runner/setup-pnpm/node_modules/.bin/pnpm store path --silent
2026-10-01T05:34:13.6085629Z /home/runner/setup-pnpm/node_modules/.bin/store/v11
2026-10-01T05:34:13.7630990Z Cache hit for: node-cache-Linux-x64-pnpm-8b0760970ed9b037374823622e075f59a481428ac275658883aab08174d5afef
2026-10-01T05:34:13.7767327Z (node:2733) [DEP0169] DeprecationWarning: `url.parse()` behavior is not standardized and prone to errors that have security implications. Use the WHATWG URL API instead. CVEs are not issued for `url.parse()` vulnerabilities.
2026-10-01T05:34:14.8931011Z Received 113246208 of 144787134 (78.2%), 107.9 MBs/sec
2026-10-01T05:34:15.1470531Z Received 144787134 of 144787134 (100.0%), 110.4 MBs/sec
2026-10-01T05:34:15.1479771Z Cache Size: ~138 MB (144787134 B)
2026-10-01T05:34:15.1534081Z [command]/usr/bin/tar -xf /home/runner/work/_temp/abc333b0-8117-4f29-af46-becffa1bfaa4/cache.tzst -P -C /home/runner/work/creator-platform/creator-platform --use-compress-program unzstd
2026-10-01T05:34:16.4046206Z Cache restored successfully
2026-10-01T05:34:16.4123494Z Cache restored from key: node-cache-Linux-x64-pnpm-8b0760970ed9b037374823622e075f59a481428ac275658883aab08174d5afef
2026-10-01T05:34:16.4330528Z ##[group]Run pnpm install --frozen-lockfile
2026-10-01T05:34:16.4330962Z pnpm install --frozen-lockfile
2026-10-01T05:34:16.4526501Z shell: /usr/bin/bash -e {0}
2026-10-01T05:34:16.4526789Z env:
2026-10-01T05:34:16.4527454Z   CREATOR_TEST_DATABASE_URL: ***127.0.0.1:5432/creator_foundation
2026-10-01T05:34:16.4527898Z   PNPM_HOME: /home/runner/setup-pnpm/node_modules/.bin
2026-10-01T05:34:16.4528235Z ##[endgroup]
2026-10-01T05:34:16.4827542Z Scope: all 8 workspace projects
2026-10-01T05:34:16.5064666Z ? Verifying lockfile against supply-chain policies (486 entries)...
2026-10-01T05:34:16.6690812Z Packages are hard linked from the content-addressable store to the virtual store.
2026-10-01T05:34:16.6710065Z   Content-addressable store is at: /home/runner/setup-pnpm/node_modules/.bin/store/v11
2026-10-01T05:34:16.6731977Z   Virtual store is at:             node_modules/.pnpm
2026-10-01T05:34:18.9744294Z ✓ Lockfile passes supply-chain policies (486 entries in 2.5s)
2026-10-01T05:34:18.9744985Z Lockfile is up to date, resolution step is skipped
2026-10-01T05:34:18.9809808Z Packages: +374
2026-10-01T05:34:18.9810227Z ++++++++++++++++++++++++++++++++++++++++++++++++++++++++++++++++++++++++++++++++
2026-10-01T05:34:19.0113085Z Progress: resolved 374, reused 374, downloaded 0, added 374, done
2026-10-01T05:34:19.0864423Z
2026-10-01T05:34:19.0865411Z devDependencies:
2026-10-01T05:34:19.0866298Z + @eslint/js 9.39.1
2026-10-01T05:34:19.0866834Z + @playwright/test 1.63.0
2026-10-01T05:34:19.0867394Z + @types/node 24.10.1
2026-10-01T05:34:19.0867876Z + @types/pngjs 6.0.5
2026-10-01T05:34:19.0868252Z + eslint 9.39.1
2026-10-01T05:34:19.0868654Z + globals 16.5.0
2026-10-01T05:34:19.0869005Z + pngjs 7.0.0
2026-10-01T05:34:19.0869614Z + prettier 3.6.2
2026-10-01T05:34:19.0870000Z + tsx 4.20.6
2026-10-01T05:34:19.0870325Z + turbo 2.11.5
2026-10-01T05:34:19.0870701Z + typescript 5.9.3
2026-10-01T05:34:19.0871054Z + typescript-eslint 8.46.4
2026-10-01T05:34:19.0871310Z + vitest 3.2.4
2026-10-01T05:34:19.0871449Z
2026-10-01T05:34:19.0871617Z Done in 2.6s using pnpm v12.5.1
2026-10-01T05:34:19.1146505Z ##[group]Run pnpm check
2026-10-01T05:34:19.1146788Z pnpm check
2026-10-01T05:34:19.1217470Z shell: /usr/bin/bash -e {0}
2026-10-01T05:34:19.1217746Z env:
2026-10-01T05:34:19.1218389Z   CREATOR_TEST_DATABASE_URL: ***127.0.0.1:5432/creator_foundation
2026-10-01T05:34:19.1219014Z   PNPM_HOME: /home/runner/setup-pnpm/node_modules/.bin
2026-10-01T05:34:19.1219506Z ##[endgroup]
2026-10-01T05:34:19.1477897Z $ pnpm generate:check && pnpm typecheck && pnpm lint && pnpm format:check && pnpm test && pnpm build
2026-10-01T05:34:19.1648245Z $ pnpm --filter @qelvora/api generate --check && node scripts/generate-shared.mjs --check && node scripts/generate-native-api.mjs --check
2026-10-01T05:34:19.1839318Z $ tsx scripts/generate-openapi.ts --check
2026-10-01T05:34:19.7622962Z Verified 12 shared web, Swift and Kotlin resources.
2026-10-01T05:34:19.8186427Z Verified Swift/Kotlin API models and 49 operations from OpenAPI.
2026-10-01T05:34:19.8542759Z $ turbo run typecheck
2026-10-01T05:34:19.8937645Z
2026-10-01T05:34:19.8938629Z Attention:
2026-10-01T05:34:19.8939775Z Turborepo now collects completely anonymous telemetry regarding usage.
2026-10-01T05:34:19.8940993Z This information is used to shape the Turborepo roadmap and prioritize features.
2026-10-01T05:34:19.8942763Z You can learn more, including how to opt-out if you'd not like to participate in this anonymous program, by visiting the following URL:
2026-10-01T05:34:19.8944001Z https://turborepo.dev/docs/telemetry
2026-10-01T05:34:19.8944375Z
2026-10-01T05:34:19.9169840Z
2026-10-01T05:34:19.9196711Z    • Packages in scope: @qelvora/api, @qelvora/backend, @qelvora/brand, @qelvora/copy, @qelvora/tokens, @qelvora/ui-web, @qelvora/web
2026-10-01T05:34:19.9198532Z    • Running typecheck in 7 packages
2026-10-01T05:34:19.9199751Z    • Remote caching disabled
2026-10-01T05:34:19.9203998Z
2026-10-01T05:34:21.7773597Z ##[group]@qelvora/brand:typecheck
2026-10-01T05:34:21.7790062Z cache miss, executing 82b6e60a5032143e
2026-10-01T05:34:21.7790876Z $ tsc --noEmit
2026-10-01T05:34:21.7791792Z ##[endgroup]
2026-10-01T05:34:21.9430821Z ##[group]@qelvora/tokens:typecheck
2026-10-01T05:34:21.9457325Z cache miss, executing 53cffeeeea9741bf
2026-10-01T05:34:21.9471397Z $ tsc --noEmit
2026-10-01T05:34:21.9479913Z ##[endgroup]
2026-10-01T05:34:22.0554070Z ##[group]@qelvora/copy:typecheck
2026-10-01T05:34:22.0555007Z cache miss, executing 3859b3c11213c319
2026-10-01T05:34:22.0568594Z $ tsc --noEmit
2026-10-01T05:34:22.0569505Z ##[endgroup]
2026-10-01T05:34:23.4954861Z ##[group]@qelvora/api:typecheck
2026-10-01T05:34:23.4955450Z cache miss, executing c509edf1b68b9f31
2026-10-01T05:34:23.4955915Z $ tsc --noEmit
2026-10-01T05:34:23.4956404Z ##[endgroup]
2026-10-01T05:34:24.6294045Z ##[group]@qelvora/ui-web:typecheck
2026-10-01T05:34:24.6294839Z cache miss, executing 308207a5523bde3a
2026-10-01T05:34:24.6295317Z $ tsc --noEmit
2026-10-01T05:34:24.6295904Z ##[endgroup]
2026-10-01T05:34:32.5824562Z ##[group]@qelvora/backend:typecheck
2026-10-01T05:34:32.5830537Z cache miss, executing 3ce83c63e7e34f01
2026-10-01T05:34:32.5831413Z $ tsc --noEmit
2026-10-01T05:34:32.5832103Z ##[endgroup]
2026-10-01T05:34:34.4771510Z ##[group]@qelvora/web:typecheck
2026-10-01T05:34:34.4772214Z cache miss, executing f62a182d160ef406
2026-10-01T05:34:34.4772691Z $ tsc --noEmit
2026-10-01T05:34:34.4773264Z ##[endgroup]
2026-10-01T05:34:34.4773491Z
2026-10-01T05:34:34.4773711Z  Tasks:    7 successful, 7 total
2026-10-01T05:34:34.4774341Z Cached:    0 cached, 7 total
2026-10-01T05:34:34.4774734Z   Time:    14.582s
2026-10-01T05:34:34.4774939Z
2026-10-01T05:34:34.5051582Z $ eslint apps/backend packages apps/web scripts tests playwright.config.ts --ignore-pattern '**/generated/**'
2026-10-01T05:34:40.1217745Z $ prettier --check apps packages config scripts tests '*.json' '*.yaml' '.github/**/*.yml'
2026-10-01T05:34:40.2080421Z Checking formatting...
2026-10-01T05:34:45.8408379Z All matched files use Prettier code style!
2026-10-01T05:34:45.9042079Z $ node --test scripts/shared.test.mjs && turbo run test
2026-10-01T05:34:46.2008535Z ✔ one rename updates native identifiers, package scopes and UI names while preserving Pantopus and binary assets (86.671048ms)
2026-10-01T05:34:46.2013209Z ✔ all fixed copy and both themes exist in generated web, Swift and Kotlin resources (127.592392ms)
2026-10-01T05:34:46.2107195Z ℹ tests 2
2026-10-01T05:34:46.2107663Z ℹ suites 0
2026-10-01T05:34:46.2108262Z ℹ pass 2
2026-10-01T05:34:46.2108600Z ℹ fail 0
2026-10-01T05:34:46.2108910Z ℹ cancelled 0
2026-10-01T05:34:46.2109519Z ℹ skipped 0
2026-10-01T05:34:46.2109834Z ℹ todo 0
2026-10-01T05:34:46.2110192Z ℹ duration_ms 273.841846
2026-10-01T05:34:46.2799757Z
2026-10-01T05:34:46.2802525Z    • Packages in scope: @qelvora/api, @qelvora/backend, @qelvora/brand, @qelvora/copy, @qelvora/tokens, @qelvora/ui-web, @qelvora/web
2026-10-01T05:34:46.2803999Z    • Running test in 7 packages
2026-10-01T05:34:46.2804594Z    • Remote caching disabled
2026-10-01T05:34:46.2804868Z
2026-10-01T05:34:47.1421125Z ##[group]@qelvora/api:test
2026-10-01T05:34:47.1480865Z cache bypass, force executing 373405a66eb21671
2026-10-01T05:34:47.1540422Z $ vitest run --passWithNoTests
2026-10-01T05:34:47.1580023Z
2026-10-01T05:34:47.1604199Z  RUN  v3.2.4 /home/runner/work/creator-platform/creator-platform/packages/api
2026-10-01T05:34:47.1639448Z
2026-10-01T05:34:47.1640170Z No test files found, exiting with code 0
2026-10-01T05:34:47.1669774Z
2026-10-01T05:34:47.1713276Z include: **/*.{test,spec}.?(c|m)[jt]s?(x)
2026-10-01T05:34:47.1741684Z exclude:  **/node_modules/**, **/dist/**, **/cypress/**, **/.{idea,git,cache,output,temp}/**, **/{karma,rollup,webpack,vite,vitest,jest,ava,babel,nyc,cypress,tsup,build,eslint,prettier}.config.*
2026-10-01T05:34:47.1811577Z
2026-10-01T05:34:47.1840446Z ##[endgroup]
2026-10-01T05:34:48.1081363Z ##[group]@qelvora/brand:build
2026-10-01T05:34:48.1082096Z cache miss, executing c68e80ea4bd32f3d
2026-10-01T05:34:48.1082641Z $ tsc --noEmit
2026-10-01T05:34:48.1083410Z ##[endgroup]
2026-10-01T05:34:48.3890376Z ##[group]@qelvora/tokens:build
2026-10-01T05:34:48.3891646Z cache miss, executing cc0386ae4b0d76ff
2026-10-01T05:34:48.3894099Z $ tsc --noEmit
2026-10-01T05:34:48.3894931Z ##[endgroup]
2026-10-01T05:34:48.5110613Z ##[group]@qelvora/copy:build
2026-10-01T05:34:48.5111541Z cache miss, executing 0cac4356cca28abd
2026-10-01T05:34:48.5112405Z $ tsc --noEmit
2026-10-01T05:34:48.5116435Z ##[endgroup]
2026-10-01T05:34:49.4530384Z ##[group]@qelvora/api:build
2026-10-01T05:34:49.4530966Z cache miss, executing fcb3b8527068a1ce
2026-10-01T05:34:49.4531296Z $ tsc --noEmit
2026-10-01T05:34:49.4531669Z ##[endgroup]
2026-10-01T05:35:34.4666716Z @qelvora/backend:test
2026-10-01T05:35:34.4667352Z cache bypass, force executing 63b8b9a96a09b0e6
2026-10-01T05:35:34.4667835Z $ vitest run
2026-10-01T05:35:34.4668027Z
2026-10-01T05:35:34.4668947Z  RUN  v3.2.4 /home/runner/work/creator-platform/creator-platform/apps/backend
2026-10-01T05:35:34.4669778Z
2026-10-01T05:35:34.4672678Z  ❯ tests/postgres.integration.test.ts (9 tests | 1 failed) 43269ms
2026-10-01T05:35:34.4674722Z    ✓ PostgreSQL foundation using the real non-owner role > T-11 denies unscoped read/write and leaves no tenant context on pooled connections 22ms
2026-10-01T05:35:34.4677023Z    × PostgreSQL foundation using the real non-owner role > T-11 checks 10,000 random pairs against 1,000 real scoped threads 42040ms
2026-10-01T05:35:34.4678461Z      → expected 30000 to be 50000 // Object.is equality
2026-10-01T05:35:34.4681094Z    ✓ PostgreSQL foundation using the real non-owner role > T-03/T-23 interrupt delivered text before the takeover boundary and reject stale generation frames 46ms
2026-10-01T05:35:34.4684512Z    ✓ PostgreSQL foundation using the real non-owner role > T-04/T-30 commits announced handback before new AI text and resumes with no duplicates 27ms
2026-10-01T05:35:34.4686466Z    ✓ PostgreSQL foundation using the real non-owner role > T-18/T-24 serializes simultaneous retries and last-unit allowance races 39ms
2026-10-01T05:35:34.4687910Z    ✓ PostgreSQL foundation using the real non-owner role > T-27 refuses stale extraction and never rebuilds a deleted fact 23ms
2026-10-01T05:35:34.4689607Z    ✓ PostgreSQL foundation using the real non-owner role > T-34 refuses team and stolen-session named acts; real user-verified signatures bind exact content once 62ms
2026-10-01T05:35:34.4692012Z    ✓ PostgreSQL foundation using the real non-owner role > T-28 stores verified duplicate inbox events once and reconciles current state 2ms
2026-10-01T05:35:34.4694386Z    ✓ PostgreSQL foundation using the real non-owner role > commits outbox frames with state and retries publication in aggregate order after a crash 14ms
2026-10-01T05:35:34.4696099Z  ✓ tests/contracts.test.ts (9 tests) 82ms
2026-10-01T05:35:34.4696673Z
2026-10-01T05:35:34.4697176Z ⎯⎯⎯⎯⎯⎯⎯ Failed Tests 1 ⎯⎯⎯⎯⎯⎯⎯
2026-10-01T05:35:34.4697591Z
2026-10-01T05:35:34.4719048Z ##[error]command (/home/runner/work/creator-platform/creator-platform/apps/backend) /home/runner/setup-pnpm/node_modules/.bin/pnpm run test exited (1)
2026-10-01T05:35:34.4729877Z @qelvora/backend#test:  ERROR  command (/home/runner/work/creator-platform/creator-platform/apps/backend) /home/runner/setup-pnpm/node_modules/.bin/pnpm run test exited (1)
2026-10-01T05:35:34.4730963Z  WARNING  no output files found for task @qelvora/api#build. Please check your `outputs` key in `turbo.json`
2026-10-01T05:35:34.4731738Z  WARNING  no output files found for task @qelvora/brand#build. Please check your `outputs` key in `turbo.json`
2026-10-01T05:35:34.4732471Z  WARNING  no output files found for task @qelvora/copy#build. Please check your `outputs` key in `turbo.json`
2026-10-01T05:35:34.4733212Z  WARNING  no output files found for task @qelvora/tokens#build. Please check your `outputs` key in `turbo.json`
2026-10-01T05:35:34.4733738Z  ERROR  run failed: command  exited (1)
2026-10-01T05:35:34.4734902Z  FAIL  tests/postgres.integration.test.ts > PostgreSQL foundation using the real non-owner role > T-11 checks 10,000 random pairs against 1,000 real scoped threads
2026-10-01T05:35:34.4735939Z AssertionError: expected 30000 to be 50000 // Object.is equality
2026-10-01T05:35:34.4736262Z
2026-10-01T05:35:34.4736403Z - Expected
2026-10-01T05:35:34.4736671Z + Received
2026-10-01T05:35:34.4736802Z
2026-10-01T05:35:34.4736932Z - 50000
2026-10-01T05:35:34.4737174Z + 30000
2026-10-01T05:35:34.4737292Z
2026-10-01T05:35:34.4737651Z  ❯ tests/postgres.integration.test.ts:235:34
2026-10-01T05:35:34.4738081Z     233|       }
2026-10-01T05:35:34.4738598Z     234|       // Current memory reads include scoped exclusions and transcript…
2026-10-01T05:35:34.4739682Z     235|       expect(observedStatements).toBe(50000);
2026-10-01T05:35:34.4740482Z        |                                  ^
2026-10-01T05:35:34.4740912Z     236|       await expect(
2026-10-01T05:35:34.4741806Z     237|         access.openThread(fan, creators[0]!.id, fans[1]!.id),
2026-10-01T05:35:34.4742369Z
2026-10-01T05:35:34.4742841Z ⎯⎯⎯⎯⎯⎯⎯⎯⎯⎯⎯⎯⎯⎯⎯⎯⎯⎯⎯⎯⎯⎯⎯⎯[1/1]⎯
2026-10-01T05:35:34.4743067Z
2026-10-01T05:35:34.4743072Z
2026-10-01T05:35:34.4743499Z  Test Files  1 failed | 1 passed (2)
2026-10-01T05:35:34.4744245Z       Tests  1 failed | 17 passed (18)
2026-10-01T05:35:34.4744967Z    Start at  05:34:49
2026-10-01T05:35:34.4745694Z    Duration  44.59s (transform 315ms, setup 0ms, collect 831ms, tests 43.35s, environment 0ms, prepare 121ms)
2026-10-01T05:35:34.4746165Z
2026-10-01T05:35:34.4746170Z
2026-10-01T05:35:34.4750161Z ##[error]AssertionError: expected 30000 to be 50000 // Object.is equality

- Expected
+ Received

- 50000
+ 30000

 ❯ tests/postgres.integration.test.ts:235:34


2026-10-01T05:35:34.4751445Z [ELIFECYCLE] Test failed. See above for more details.
2026-10-01T05:35:34.4751691Z
2026-10-01T05:35:34.4751829Z  Tasks:    5 successful, 6 total
2026-10-01T05:35:34.4752134Z Cached:    0 cached, 6 total
2026-10-01T05:35:34.4752385Z   Time:    48.213s
2026-10-01T05:35:34.4752656Z Failed:    @qelvora/backend#test
2026-10-01T05:35:34.4752815Z
2026-10-01T05:35:34.4762692Z [ELIFECYCLE] Test failed. See above for more details.
2026-10-01T05:35:34.4780028Z [ELIFECYCLE] Command failed with exit code 1.
2026-10-01T05:35:34.4798558Z ##[error]Process completed with exit code 1.
2026-10-01T05:35:34.4887339Z Post job cleanup.
2026-10-01T05:35:34.6420296Z Pruning is unnecessary.
2026-10-01T05:35:34.6685149Z Post job cleanup.
2026-10-01T05:35:34.7694798Z [command]/usr/bin/git version
2026-10-01T05:35:34.7742328Z git version 2.55.0
2026-10-01T05:35:34.7783547Z Temporarily overriding HOME='/home/runner/work/_temp/9535f4ab-1146-47b8-adc5-cbc4e5dc7c16' before making global git config changes
2026-10-01T05:35:34.7784978Z Adding repository directory to the temporary git global config as a safe directory
2026-10-01T05:35:34.7791386Z [command]/usr/bin/git config --global --add safe.directory /home/runner/work/creator-platform/creator-platform
2026-10-01T05:35:34.7833011Z [command]/usr/bin/git config --local --name-only --get-regexp core\.sshCommand
2026-10-01T05:35:34.7870292Z [command]/usr/bin/git submodule foreach --recursive sh -c "git config --local --name-only --get-regexp 'core\.sshCommand' && git config --local --unset-all 'core.sshCommand' || :"
2026-10-01T05:35:34.8159806Z [command]/usr/bin/git config --local --name-only --get-regexp http\.https\:\/\/github\.com\/\.extraheader
2026-10-01T05:35:34.8189036Z http.https://github.com/.extraheader
2026-10-01T05:35:34.8200932Z [command]/usr/bin/git config --local --unset-all http.https://github.com/.extraheader
2026-10-01T05:35:34.8242134Z [command]/usr/bin/git submodule foreach --recursive sh -c "git config --local --name-only --get-regexp 'http\.https\:\/\/github\.com\/\.extraheader' && git config --local --unset-all 'http.https://github.com/.extraheader' || :"
2026-10-01T05:35:34.8523373Z [command]/usr/bin/git config --local --name-only --get-regexp ^includeIf\.gitdir:
2026-10-01T05:35:34.8564764Z [command]/usr/bin/git submodule foreach --recursive git config --local --show-origin --name-only --get-regexp remote.origin.url
2026-10-01T05:35:34.8953233Z Print service container logs: 7e72421d615a467e98b8dce22797d4be_pgvectorpgvectorpg17_4557aa
2026-10-01T05:35:34.8958256Z ##[command]/usr/bin/docker logs --details ae9cce7a9afb072d6583257f749d2599504e7510c54ed498d6e3e2210e7b9144
2026-10-01T05:35:34.9097446Z  The files belonging to this database system will be owned by user "postgres".
2026-10-01T05:35:34.9098173Z  This user must also own the server process.
2026-10-01T05:35:34.9098614Z
2026-10-01T05:35:34.9099059Z  The database cluster will be initialized with locale "en_US.utf8".
2026-10-01T05:35:34.9099967Z  The default database encoding has accordingly been set to "UTF8".
2026-10-01T05:35:34.9100673Z  The default text search configuration will be set to "english".
2026-10-01T05:35:34.9101720Z
2026-10-01T05:35:34.9102022Z  Data page checksums are disabled.
2026-10-01T05:35:34.9102409Z
2026-10-01T05:35:34.9102870Z  fixing permissions on existing directory /var/lib/postgresql/data ... ok
2026-10-01T05:35:34.9103574Z  creating subdirectories ... ok
2026-10-01T05:35:34.9104062Z  selecting dynamic shared memory implementation ... posix
2026-10-01T05:35:34.9105451Z  selecting default "max_connections" ... 100
2026-10-01T05:35:34.9106273Z  selecting default "shared_buffers" ... 128MB
2026-10-01T05:35:34.9106749Z  selecting default time zone ... Etc/UTC
2026-10-01T05:35:34.9107197Z  creating configuration files ... ok
2026-10-01T05:35:34.9107635Z  running bootstrap script ... ok
2026-10-01T05:35:34.9108101Z  performing post-bootstrap initialization ... ok
2026-10-01T05:35:34.9108594Z  syncing data to disk ... ok
2026-10-01T05:35:34.9108951Z
2026-10-01T05:35:34.9109418Z
2026-10-01T05:35:34.9109778Z  Success. You can now start the database server using:
2026-10-01T05:35:34.9110251Z
2026-10-01T05:35:34.9110618Z      pg_ctl -D /var/lib/postgresql/data -l logfile start
2026-10-01T05:35:34.9111088Z
2026-10-01T05:35:34.9112377Z  initdb: warning: enabling "trust" authentication for local connections
2026-10-01T05:35:34.9113510Z  initdb: hint: You can change this by editing pg_hba.conf or using the option -A, or --auth-local and --auth-host, the next time you run initdb.
2026-10-01T05:35:34.9115078Z  2026-10-01 05:34:00.764 UTC [1] LOG:  starting PostgreSQL 17.11 (Debian 17.11-1.pgdg12+2) on x86_64-pc-linux-gnu, compiled by gcc (Debian 12.2.0-14+deb12u1) 12.2.0, 64-bit
2026-10-01T05:35:34.9116308Z  2026-10-01 05:34:00.764 UTC [1] LOG:  listening on IPv4 address "0.0.0.0", port 5432
2026-10-01T05:35:34.9117106Z  2026-10-01 05:34:00.764 UTC [1] LOG:  listening on IPv6 address "::", port 5432
2026-10-01T05:35:34.9117933Z  2026-10-01 05:34:00.765 UTC [1] LOG:  listening on Unix socket "/var/run/postgresql/.s.PGSQL.5432"
2026-10-01T05:35:34.9118841Z  2026-10-01 05:34:00.768 UTC [64] LOG:  database system was shut down at 2026-10-01 05:34:00 UTC
2026-10-01T05:35:34.9120301Z  2026-10-01 05:34:00.772 UTC [1] LOG:  database system is ready to accept connections
2026-10-01T05:35:34.9121037Z  2026-10-01 05:34:04.882 UTC [75] FATAL:  role "root" does not exist
2026-10-01T05:35:34.9121671Z  2026-10-01 05:34:09.947 UTC [83] FATAL:  role "root" does not exist
2026-10-01T05:35:34.9122319Z  2026-10-01 05:34:15.017 UTC [90] FATAL:  role "root" does not exist
2026-10-01T05:35:34.9122922Z  2026-10-01 05:34:20.117 UTC [98] FATAL:  role "root" does not exist
2026-10-01T05:35:34.9123524Z  2026-10-01 05:34:25.220 UTC [105] FATAL:  role "root" does not exist
2026-10-01T05:35:34.9124120Z  2026-10-01 05:34:30.316 UTC [113] FATAL:  role "root" does not exist
2026-10-01T05:35:34.9124536Z  2026-10-01 05:34:35.393 UTC [122] FATAL:  role "root" does not exist
2026-10-01T05:35:34.9125064Z  2026-10-01 05:34:40.465 UTC [130] FATAL:  role "root" does not exist
2026-10-01T05:35:34.9125508Z  2026-10-01 05:34:45.550 UTC [139] FATAL:  role "root" does not exist
2026-10-01T05:35:34.9126012Z  2026-10-01 05:34:50.627 UTC [148] FATAL:  role "root" does not exist
2026-10-01T05:35:34.9126940Z  2026-10-01 05:34:51.391 UTC [151] ERROR:  new row violates row-level security policy for table "thread"
2026-10-01T05:35:34.9127687Z  2026-10-01 05:34:51.391 UTC [151] STATEMENT:  INSERT INTO creator.thread(creator_id,fan_id,privacy_notice_at) VALUES($1,$2,now())
2026-10-01T05:35:34.9128301Z  2026-10-01 05:34:55.703 UTC [160] FATAL:  role "root" does not exist
2026-10-01T05:35:34.9128700Z  2026-10-01 05:35:00.781 UTC [169] FATAL:  role "root" does not exist
2026-10-01T05:35:34.9129289Z  2026-10-01 05:35:05.861 UTC [178] FATAL:  role "root" does not exist
2026-10-01T05:35:34.9129960Z  2026-10-01 05:35:10.938 UTC [186] FATAL:  role "root" does not exist
2026-10-01T05:35:34.9130569Z  2026-10-01 05:35:16.012 UTC [194] FATAL:  role "root" does not exist
2026-10-01T05:35:34.9130958Z  2026-10-01 05:35:21.093 UTC [202] FATAL:  role "root" does not exist
2026-10-01T05:35:34.9131343Z  2026-10-01 05:35:26.181 UTC [210] FATAL:  role "root" does not exist
2026-10-01T05:35:34.9131729Z  2026-10-01 05:35:31.269 UTC [219] FATAL:  role "root" does not exist
2026-10-01T05:35:34.9132210Z  2026-10-01 05:35:33.640 UTC [224] ERROR:  A named act requires an exact creator-signed assertion
2026-10-01T05:35:34.9132850Z  2026-10-01 05:35:33.640 UTC [224] CONTEXT:  PL/pgSQL function creator.require_signed_message() line 11 at RAISE
2026-10-01T05:35:34.9133791Z  2026-10-01 05:35:33.640 UTC [224] STATEMENT:  UPDATE creator.message SET text=$1 WHERE id=$2 AND thread_id=$3 AND creator_id=$4 AND fan_id=$5
2026-10-01T05:35:34.9134462Z  2026-10-01 05:35:33.675 UTC [62] LOG:  checkpoint starting: immediate force wait
2026-10-01T05:35:34.9135554Z  2026-10-01 05:35:33.678 UTC [62] LOG:  checkpoint complete: wrote 72 buffers (0.4%); 0 WAL file(s) added, 0 removed, 1 recycled; write=0.002 s, sync=0.001 s, total=0.004 s; sync files=26, longest=0.001 s, average=0.001 s; distance=14378 kB, estimate=14378 kB; lsn=0/27152A0, redo lsn=0/2715248
2026-10-01T05:35:34.9137016Z  waiting for server to start....2026-10-01 05:34:00.455 UTC [48] LOG:  starting PostgreSQL 17.11 (Debian 17.11-1.pgdg12+2) on x86_64-pc-linux-gnu, compiled by gcc (Debian 12.2.0-14+deb12u1) 12.2.0, 64-bit
2026-10-01T05:35:34.9137931Z  2026-10-01 05:34:00.455 UTC [48] LOG:  listening on Unix socket "/var/run/postgresql/.s.PGSQL.5432"
2026-10-01T05:35:34.9138510Z  2026-10-01 05:34:00.458 UTC [51] LOG:  database system was shut down at 2026-10-01 05:34:00 UTC
2026-10-01T05:35:34.9139035Z  2026-10-01 05:34:00.461 UTC [48] LOG:  database system is ready to accept connections
2026-10-01T05:35:34.9139660Z   done
2026-10-01T05:35:34.9139859Z  server started
2026-10-01T05:35:34.9140069Z  CREATE DATABASE
2026-10-01T05:35:34.9140284Z
2026-10-01T05:35:34.9140462Z
2026-10-01T05:35:34.9140788Z  /usr/local/bin/docker-entrypoint.sh: ignoring /docker-entrypoint-initdb.d/*
2026-10-01T05:35:34.9141192Z
2026-10-01T05:35:34.9141558Z  waiting for server to shut down...2026-10-01 05:34:00.639 UTC [48] LOG:  received fast shutdown request
2026-10-01T05:35:34.9142096Z  .2026-10-01 05:34:00.640 UTC [48] LOG:  aborting any active transactions
2026-10-01T05:35:34.9142701Z  2026-10-01 05:34:00.642 UTC [48] LOG:  background worker "logical replication launcher" (PID 54) exited with exit code 1
2026-10-01T05:35:34.9143249Z  2026-10-01 05:34:00.643 UTC [49] LOG:  shutting down
2026-10-01T05:35:34.9143648Z  2026-10-01 05:34:00.643 UTC [49] LOG:  checkpoint starting: shutdown immediate
2026-10-01T05:35:34.9144726Z  2026-10-01 05:34:00.657 UTC [49] LOG:  checkpoint complete: wrote 921 buffers (5.6%); 0 WAL file(s) added, 0 removed, 0 recycled; write=0.013 s, sync=0.002 s, total=0.015 s; sync files=301, longest=0.001 s, average=0.001 s; distance=4238 kB, estimate=4238 kB; lsn=0/190A9D0, redo lsn=0/190A9D0
2026-10-01T05:35:34.9145760Z  2026-10-01 05:34:00.665 UTC [48] LOG:  database system is shut down
2026-10-01T05:35:34.9146090Z   done
2026-10-01T05:35:34.9146283Z  server stopped
2026-10-01T05:35:34.9146480Z
2026-10-01T05:35:34.9146726Z  PostgreSQL init process complete; ready for start up.
2026-10-01T05:35:34.9147042Z
2026-10-01T05:35:34.9152826Z Stop and remove container: 7e72421d615a467e98b8dce22797d4be_pgvectorpgvectorpg17_4557aa
2026-10-01T05:35:34.9157649Z ##[command]/usr/bin/docker rm --force ae9cce7a9afb072d6583257f749d2599504e7510c54ed498d6e3e2210e7b9144
2026-10-01T05:35:35.0530937Z ae9cce7a9afb072d6583257f749d2599504e7510c54ed498d6e3e2210e7b9144
2026-10-01T05:35:35.0558326Z Remove container network: github_network_79989706fa4242ada78e33816d35ea78
2026-10-01T05:35:35.0563196Z ##[command]/usr/bin/docker network rm github_network_79989706fa4242ada78e33816d35ea78
2026-10-01T05:35:35.1584492Z github_network_79989706fa4242ada78e33816d35ea78
2026-10-01T05:35:35.1666079Z Cleaning up orphan processes
2026-10-01T05:35:35.2023878Z ##[warning]Node.js 20 is deprecated. The following actions target Node.js 20 but are being forced to run on Node.js 24: actions/checkout@11d5960a326750d5838078e36cf38b85af677262, actions/setup-node@49933ea5288caeca8642d1e84afbd3f7d6820020, pnpm/action-setup@f40ffcd9367d9f12939873eb1018b921a783ffaa. For more information see: https://github.blog/changelog/2025-09-19-deprecation-of-node-20-on-github-actions-runners/
