Monitoring boot status for Creator Platform W7 Resume 20260930 (90934313-E0DD-445C-B8AF-AA8188BD2AC0).
Booting device...
[2026-10-01 00:19:37 +0000] Status=0, isTerminal=NO, Elapsed=00:00.
	Booting

[2026-10-01 00:19:39 +0000] Status=1, isTerminal=NO, Elapsed=00:02.
	Waiting on BackBoard

[2026-10-01 00:19:41 +0000] Status=4, isTerminal=NO, Elapsed=00:03.
	Waiting on System App

[2026-10-01 00:19:42 +0000] Status=4, isTerminal=NO, Elapsed=00:04.
	Waiting on System App

[2026-10-01 00:19:42 +0000] Status=4, isTerminal=NO, Elapsed=00:04.
	Waiting on System App

[2026-10-01 00:19:43 +0000] Status=4, isTerminal=NO, Elapsed=00:05.
	Waiting on System App

[2026-10-01 00:19:44 +0000] Status=4, isTerminal=NO, Elapsed=00:06.
	Waiting on System App

[2026-10-01 00:19:45 +0000] Status=4, isTerminal=NO, Elapsed=00:07.
	Waiting on System App

[2026-10-01 00:19:46 +0000] Status=4, isTerminal=NO, Elapsed=00:08.
	Waiting on System App

[2026-10-01 00:19:47 +0000] Status=4, isTerminal=NO, Elapsed=00:09.
	Waiting on System App

[2026-10-01 00:19:48 +0000] Status=4, isTerminal=NO, Elapsed=00:10.
	Waiting on System App

[2026-10-01 00:19:49 +0000] Status=4, isTerminal=NO, Elapsed=00:11.
	Waiting on System App

[2026-10-01 00:19:50 +0000] Status=4, isTerminal=NO, Elapsed=00:12.
	Waiting on System App

[2026-10-01 00:19:51 +0000] Status=4, isTerminal=NO, Elapsed=00:13.
	Waiting on System App

[2026-10-01 00:19:52 +0000] Status=4, isTerminal=NO, Elapsed=00:14.
	Waiting on System App

[2026-10-01 00:19:53 +0000] Status=4, isTerminal=NO, Elapsed=00:15.
	Waiting on System App

[2026-10-01 00:19:54 +0000] Status=4294967295, isTerminal=YES, Elapsed=00:16.
	Finished

