--------- beginning of events
09-30 19:43:13.271 I/am_proc_died(  583): [0,835,WebViewLoader-x86_64,-700,0]
09-30 19:43:37.703 I/am_anr  (  583): [0,907,com.google.android.bluetooth,550026821,executing service com.google.android.bluetooth/com.android.bluetooth.btservice.AdapterService, waited 20106ms]
09-30 19:43:54.973 I/am_proc_died(  583): [0,907,com.google.android.bluetooth,-700,0]
09-30 19:43:55.378 I/am_anr  (  583): [0,944,com.android.phone,952647245,Broadcast of Intent { act=android.safetycenter.action.REFRESH_SAFETY_SOURCES flg=0x10000010 pkg=com.android.phone cmp=com.android.phone/.security.SafetySourceReceiver (has extras) }]
09-30 19:43:58.300 I/am_anr  (  583): [0,832,com.android.systemui,550026765,executing service com.android.systemui/.SystemUIService, waited 25628ms]
09-30 19:44:03.077 I/am_proc_died(  583): [0,944,com.android.phone,-800,0]
09-30 19:44:10.323 I/am_anr  (  583): [0,1056,com.google.android.gms.persistent,-1597325755,Process ProcessRecord{ac51ffd 1056:com.google.android.gms.persistent/u0a143} failed to complete startup]
09-30 19:44:11.584 I/am_anr  (  583): [0,1123,com.google.android.inputmethod.latin,550157893,Process ProcessRecord{56fb558 1123:com.google.android.inputmethod.latin/u0a154} failed to complete startup]
09-30 19:44:13.181 I/am_proc_died(  583): [0,1056,com.google.android.gms.persistent,0,19]
09-30 19:44:13.909 I/am_anr  (  583): [0,1218,com.google.android.as,818658885,Process ProcessRecord{c48ff01 1218:com.google.android.as/u0a135} failed to complete startup]
09-30 19:44:14.260 I/am_proc_died(  583): [0,1123,com.google.android.inputmethod.latin,0,7]
09-30 19:44:16.801 I/am_proc_died(  583): [0,1218,com.google.android.as,0,19]
09-30 19:44:28.685 I/am_anr  (  583): [0,1537,com.google.android.gms,-1597325755,Broadcast of Intent { act=android.intent.action.INTENT_FILTER_NEEDS_VERIFICATION flg=0x10000010 cmp=com.google.android.gms/.statementservice.IntentFilterVerificationReceiver (has extras) }]
09-30 19:44:28.689 I/am_proc_died(  583): [0,1251,com.google.android.googlequicksearchbox:interactor,100,5]
09-30 19:44:34.131 I/am_anr  (  583): [0,1466,com.android.phone,952647245,Process ProcessRecord{58f0bdd 1466:com.android.phone/1001} failed to complete startup]
09-30 19:44:35.180 I/am_proc_died(  583): [0,1537,com.google.android.gms,0,19]
09-30 19:44:37.482 I/am_anr  (  583): [0,1942,com.google.android.gms,-1597325755,Process ProcessRecord{9e310bd 1942:com.google.android.gms/u0a143} failed to complete startup]
09-30 19:44:37.791 I/am_proc_died(  583): [0,1466,com.android.phone,-800,0]
09-30 19:44:49.652 I/am_proc_died(  583): [0,1602,com.google.android.googlequicksearchbox:search,0,5]
09-30 19:44:57.248 I/am_anr  (  583): [0,1823,com.google.android.as,818658885,Process ProcessRecord{d3853c8 1823:com.google.android.as/u0a135} failed to complete startup]
09-30 19:45:00.066 I/am_proc_died(  583): [0,1395,com.google.android.bluetooth,-700,0]
09-30 19:45:02.923 I/am_proc_died(  583): [0,1908,com.google.android.googlequicksearchbox:interactor,100,5]
09-30 19:45:03.643 I/am_proc_died(  583): [0,1823,com.google.android.as,0,5]
09-30 19:45:09.925 I/am_anr  (  583): [0,1966,com.android.phone,952647245,Process ProcessRecord{58f0bdd 1966:com.android.phone/1001} failed to complete startup]
09-30 19:45:13.168 I/am_proc_died(  583): [0,2062,com.google.android.googlequicksearchbox:search,500,10]
09-30 19:45:15.168 I/am_proc_died(  583): [0,1966,com.android.phone,-800,0]
09-30 19:45:23.785 I/am_anr  (  583): [0,2092,com.google.android.gms,-1597325755,Process ProcessRecord{de0e1b3 2092:com.google.android.gms/u0a143} failed to complete startup]
09-30 19:45:27.899 I/am_proc_died(  583): [0,2207,com.google.android.googlequicksearchbox:interactor,100,5]
09-30 19:45:28.708 I/am_proc_died(  583): [0,2092,com.google.android.gms,0,19]
09-30 19:45:40.199 I/am_anr  (  583): [0,2270,com.android.phone,952647245,Process ProcessRecord{58f0bdd 2270:com.android.phone/1001} failed to complete startup]
09-30 19:45:44.031 I/am_proc_died(  583): [0,2270,com.android.phone,-800,0]
09-30 19:45:57.584 I/am_proc_died(  583): [0,2319,com.google.android.bluetooth,0,10]
09-30 19:46:14.306 I/am_anr  (  583): [0,2685,com.android.phone,952647245,Process ProcessRecord{58f0bdd 2685:com.android.phone/1001} failed to complete startup]
09-30 19:46:23.404 I/am_proc_died(  583): [0,2685,com.android.phone,-800,0]
09-30 19:46:33.660 I/am_anr  (  583): [0,2828,com.google.android.bluetooth,550026821,executing service com.google.android.bluetooth/com.android.bluetooth.btservice.AdapterService, waited 24427ms]
09-30 19:46:51.748 I/am_anr  (  583): [0,3046,com.android.phone,952647245,Process ProcessRecord{58f0bdd 3046:com.android.phone/1001} failed to complete startup]
09-30 19:46:56.865 I/am_proc_died(  583): [0,3046,com.android.phone,-800,0]
09-30 19:46:59.425 I/am_proc_died(  583): [0,2828,com.google.android.bluetooth,-700,0]
09-30 19:47:19.758 I/am_anr  (  583): [0,2440,com.google.android.gms.persistent,-1597325755,Broadcast of Intent { act=com.google.android.chimera.MODULE_CONFIGURATION_CHANGED flg=0x10 pkg=com.google.android.gms cmp=com.google.android.gms/.chimera.GmsIntentOperationService$PersistentInternalReceiver (has extras) }]
09-30 19:47:34.477 I/am_anr  (  583): [0,3255,com.android.phone,952647245,Process ProcessRecord{58f0bdd 3255:com.android.phone/1001} failed to complete startup]
09-30 19:47:35.710 I/am_proc_died(  583): [0,3272,com.google.android.bluetooth,-700,0]
09-30 19:47:37.200 I/am_proc_died(  583): [0,3255,com.android.phone,-800,0]
09-30 19:47:37.819 I/am_proc_died(  583): [0,2440,com.google.android.gms.persistent,0,3]
09-30 19:48:03.251 I/am_anr  (  583): [0,3482,com.android.phone,952647245,Process ProcessRecord{58f0bdd 3482:com.android.phone/1001} failed to complete startup]
