INFO         | Android emulator version 37.1.11.0 (build_id 15917651) (CL:N/A)
INFO         | Graphics backend: gfxstream
INFO         | Found systemPath /Users/yingpengwang/Library/Android/sdk/system-images/android-34/google_apis/arm64-v8a/
INFO         | Increasing RAM size to 2560MB
INFO         | Guest GLES Driver: Auto (ext controls)
INFO         | emuglConfig_init: vulkan_mode_selected:host gles_mode_selected:host
INFO         | Checking system compatibility:
INFO         |   Checking: hasSufficientDiskSpace
INFO         |      Ok: Disk space requirements to run avd: `Qelvora_W3_API34` are met
INFO         |   Checking: hasSufficientHwGpu
INFO         |      Ok: Hardware GPU requirements to run avd: `Qelvora_W3_API34` are passed
INFO         |   Checking: hasSufficientSystem
INFO         |      Ok: System requirements to run avd: `Qelvora_W3_API34` are met
INFO         | Storing crashdata in: /tmp/android-yingpengwang/emu-crash-37.1.11.db, detection is enabled for process: 46113
INFO         | Initializing gfxstream backend
INFO         | startOpenglesRendererImpl: gpu info
INFO         | 
INFO         | Setting ICD filenames for the loader = /Users/yingpengwang/Library/Android/sdk/emulator/lib64/vulkan/MoltenVK_icd.json
INFO         | SharedLibrary::open for [/Users/yingpengwang/Library/Android/sdk/emulator/qemu/darwin-aarch64/lib64/vulkan/libvulkan.dylib]
INFO         | Added library: /Users/yingpengwang/Library/Android/sdk/emulator/qemu/darwin-aarch64/lib64/vulkan/libvulkan.dylib
INFO         | Enabling Vulkan portability.
INFO         | Selecting Vulkan device: Apple M2 Max, Version: 1.1.323
INFO         | Using Vulkan externalMemoryMode: Metal for VkEmulation
INFO         | Initializing VkEmulation features:
INFO         |     glInteropSupported: false
INFO         |     useDeferredCommands: true
INFO         |     createResourceWithRequirements: true
INFO         |     useVulkanComposition: false
INFO         |     useVulkanNativeSwapchain: false
INFO         |     enable guestRenderDoc: false
INFO         |     ASTC LDR emulation mode: Gpu
INFO         |     enable ETC2 emulation: true
INFO         |     enable Ycbcr emulation: false
INFO         |     guestVulkanOnly: false
INFO         |     useDedicatedAllocations: false
INFO         |     guestVulkanMaxApiVersion: 1.3.0
INFO         |     enableProtectedMemoryEmulation: false
INFO         | Graphics Adapter Vendor Google (Apple)
INFO         | Graphics Adapter Android Emulator OpenGL ES Translator (Apple M2 Max)
INFO         | Graphics API Version OpenGL ES 3.0 (4.1 Metal - 91.7)
INFO         | Graphics API Extensions GL_OES_EGL_sync GL_OES_EGL_image GL_OES_EGL_image_external GL_OES_depth24 GL_OES_depth32 GL_OES_element_index_uint GL_OES_texture_float GL_OES_texture_float_linear GL_OES_compressed_paletted_texture GL_OES_compressed_ETC1_RGB8_texture GL_OES_depth_texture GL_OES_texture_npot GL_OES_rgb8_rgba8 GL_EXT_color_buffer_float GL_EXT_color_buffer_half_float GL_EXT_texture_format_BGRA8888 GL_APPLE_texture_format_BGRA8888 
INFO         | Graphics Device Extensions N/A
INFO         | Disabling sparse binding feature support
INFO         | Sending adb public key [QAAAANFA4m7P58GByrk5pEOfWs02FekgCuXmer1e5YA4xMvmJ4ba9BE7cdnXGMdxP+W8LO09MbFWueOk4TU+/f71HpzNgRHWyEZJ0FlcZJyndVJNBVuhH1YU7xZDoF3jTHslmDNj83zupH37tLc1EJqYSvLSSuxUutNJvh7FgMUJfsxfbPSRo+0jXfQ6IpSn29UQmnOdNM1cgumrKQzGZs5UOyGHVlaxAf+MnCLCp4vjXELOdvnLvOAd68nGewSYy89ydeAEIV8q1jnU0JnjLrQwc0DqFU5qVku4R31P7OZqn1gCeg0y5mOu6kvtZ8KiwQs1U0e1FLflbuS/ckqTXUFSzuhsjguv7ZUxo/IkwPGRDCLUKCUp+XCpS6pu6PfUcP05ionqCj5PXCV2xi3+4g4YOah7IQDKJp9NHpkXOBUp2GFNC6YHDzIhppD8IHcgVkT2L+R8wWtbLIddeE7iGhvRMTRwP/MdHovd/nxvO9CYohM5lE/J7VnHjhrXLjVh1CorVYxwTdGalXJDA0Q9SyHSHXHcYdUArv5neABwq8kzEexzRIDLm/G2yO2tVnfv2Jd0LvDaMIgauDHUVUHbgM64zFNM6DMy8eMgGvnxYHJW7FpXnfzx+8jwaxVoy5FCVKrFbgT5ZgbaGRwsXVl9yijrS1/RoWHC5aMm88siDorqIg9v4q1liAEAAQA= yingpengwang@unknown]
INFO         | Userspace boot properties:
INFO         |   androidboot.boot_devices=a003600.virtio_mmio
INFO         |   androidboot.dalvik.vm.heapsize=576m
INFO         |   androidboot.debug.hwui.renderer=skiagl
INFO         |   androidboot.debug.sf.nobootanimation=1
INFO         |   androidboot.hardware=ranchu
INFO         |   androidboot.hardware.gltransport=pipe
INFO         |   androidboot.hardware.vulkan=ranchu
INFO         |   androidboot.logcat=*:V
INFO         |   androidboot.opengles.version=196608
INFO         |   androidboot.qemu=1
INFO         |   androidboot.qemu.adb.pubkey=QAAAANFA4m7P58GByrk5pEOfWs02FekgCuXmer1e5YA4xMvmJ4ba9BE7cdnXGMdxP+W8LO09MbFWueOk4TU+/f71HpzNgRHWyEZJ0FlcZJyndVJNBVuhH1YU7xZDoF3jTHslmDNj83zupH37tLc1EJqYSvLSSuxUutNJvh7FgMUJfsxfbPSRo+0jXfQ6IpSn29UQmnOdNM1cgumrKQzGZs5UOyGHVlaxAf+MnCLCp4vjXELOdvnLvOAd68nGewSYy89ydeAEIV8q1jnU0JnjLrQwc0DqFU5qVku4R31P7OZqn1gCeg0y5mOu6kvtZ8KiwQs1U0e1FLflbuS/ckqTXUFSzuhsjguv7ZUxo/IkwPGRDCLUKCUp+XCpS6pu6PfUcP05ionqCj5PXCV2xi3+4g4YOah7IQDKJp9NHpkXOBUp2GFNC6YHDzIhppD8IHcgVkT2L+R8wWtbLIddeE7iGhvRMTRwP/MdHovd/nxvO9CYohM5lE/J7VnHjhrXLjVh1CorVYxwTdGalXJDA0Q9SyHSHXHcYdUArv5neABwq8kzEexzRIDLm/G2yO2tVnfv2Jd0LvDaMIgauDHUVUHbgM64zFNM6DMy8eMgGvnxYHJW7FpXnfzx+8jwaxVoy5FCVKrFbgT5ZgbaGRwsXVl9yijrS1/RoWHC5aMm88siDorqIg9v4q1liAEAAQA= yingpengwang@unknown
INFO         |   androidboot.qemu.avd_name=Qelvora_W3_API34
INFO         |   androidboot.qemu.camera_hq_edge_processing=0
INFO         |   androidboot.qemu.camera_protocol_ver=1
INFO         |   androidboot.qemu.cpuvulkan.version=4206592
INFO         |   androidboot.qemu.gltransport.drawFlushInterval=800
INFO         |   androidboot.qemu.gltransport.name=pipe
INFO         |   androidboot.qemu.hwcodec.avcdec=2
INFO         |   androidboot.qemu.hwcodec.hevcdec=2
INFO         |   androidboot.qemu.hwcodec.vpxdec=2
INFO         |   androidboot.qemu.settings.system.screen_off_timeout=2147483647
INFO         |   androidboot.qemu.skin=1170x2532
INFO         |   androidboot.qemu.virtiowifi=1
INFO         |   androidboot.qemu.vsync=60
INFO         |   androidboot.serialno=EMULATOR37X1X11X0
INFO         |   androidboot.vbmeta.digest=7d083757a5e20cd0c568182e509f6d02da844505ce73ef80b2f1ada3f02ae18c
INFO         |   androidboot.vbmeta.hash_alg=sha256
INFO         |   androidboot.vbmeta.size=6656
INFO         |   androidboot.veritymode=enforcing
INFO         | Monitoring duration of emulator setup.
INFO         | Successfully initialized netsim WiFi
INFO         | Activated packet streamer for bluetooth emulation
INFO         | Setting display: 0 configuration to: 1170x2532, dpi: 480x480 
INFO         | setDisplayActiveConfig: id:0, 1170x2532
INFO         | emulatorSetupEnvironment: Environment scene is not required
INFO         | Loading snapshot 'default_boot'...
WARNING      | Device 'encrypt' does not have the requested snapshot 'default_boot'

WARNING      | Failed to load snapshot 'default_boot'
USER_INFO    | The emulator is performing a cold boot without a saved state because there's no snapshot and you have configured it not to save on exit.
INFO         | Boot completed in 15335 ms
INFO         | Increasing screen off timeout, logcat buffer size to 2M.
INFO         | Wait for emulator (pid 46113) 20 seconds to shutdown gracefully before kill;you can set environment variable ANDROID_EMULATOR_WAIT_TIME_BEFORE_KILL(in seconds) to change the default value (20 seconds)

USER_INFO    | Snapshots have been disabled by the user, save request is ignored.
INFO         | Saving snapshot 'default_boot' using 0 ms
WARNING      | Emulator client has not yet been configured.. Call configure me first!
INFO         | removeAll
WARNING      | Netsim Wifi dns:///localhost:59635 is gone due to Stream removed (CANCELLED)
