2026-10-01T14:11:23.8519821Z Current runner version: '2.337.0'
2026-10-01T14:11:23.8546575Z ##[group]Runner Image Provisioner
2026-10-01T14:11:23.8547592Z Hosted Compute Agent
2026-10-01T14:11:23.8548257Z Version: 20260828.587
2026-10-01T14:11:23.8549104Z Commit: abac92662cab4cc7352de4f9f9d2e2419aad9c29
2026-10-01T14:11:23.8549994Z Build Date: 2026-08-28T16:44:25Z
2026-10-01T14:11:23.8550857Z Worker ID: {59041310-e467-4c84-be14-62249cc10afb}
2026-10-01T14:11:23.8551744Z Azure Region: eastus
2026-10-01T14:11:23.8552425Z ##[endgroup]
2026-10-01T14:11:23.8554289Z ##[group]Operating System
2026-10-01T14:11:23.8555027Z Ubuntu
2026-10-01T14:11:23.8555704Z 24.04.5
2026-10-01T14:11:23.8556441Z LTS
2026-10-01T14:11:23.8557079Z ##[endgroup]
2026-10-01T14:11:23.8557740Z ##[group]Runner Image
2026-10-01T14:11:23.8558449Z Image: ubuntu-24.04
2026-10-01T14:11:23.8559174Z Version: 20260920.314.1
2026-10-01T14:11:23.8560706Z Included Software: https://github.com/actions/runner-images/blob/ubuntu24/20260920.314/images/ubuntu/Ubuntu2404-Readme.md
2026-10-01T14:11:23.8562680Z Image Release: https://github.com/actions/runner-images/releases/tag/ubuntu24%2F20260920.314
2026-10-01T14:11:23.8564008Z ##[endgroup]
2026-10-01T14:11:23.8565579Z ##[group]GITHUB_TOKEN Permissions
2026-10-01T14:11:23.8567558Z Contents: read
2026-10-01T14:11:23.8568351Z Metadata: read
2026-10-01T14:11:23.8569010Z Packages: read
2026-10-01T14:11:23.8569718Z ##[endgroup]
2026-10-01T14:11:23.8572009Z Secret source: Actions
2026-10-01T14:11:23.8573200Z Cache mode: write
2026-10-01T14:11:23.8574194Z Prepare workflow directory
2026-10-01T14:11:24.0065101Z Prepare all required actions
2026-10-01T14:11:24.0102898Z Getting action download info
2026-10-01T14:11:24.2000146Z Download action repository 'actions/checkout@11d5960a326750d5838078e36cf38b85af677262' (SHA:11d5960a326750d5838078e36cf38b85af677262)
2026-10-01T14:11:24.3382062Z Download action repository 'pnpm/action-setup@f40ffcd9367d9f12939873eb1018b921a783ffaa' (SHA:f40ffcd9367d9f12939873eb1018b921a783ffaa)
2026-10-01T14:11:24.5379591Z Download action repository 'actions/setup-node@49933ea5288caeca8642d1e84afbd3f7d6820020' (SHA:49933ea5288caeca8642d1e84afbd3f7d6820020)
2026-10-01T14:11:24.7712745Z Complete job name: web-and-backend
2026-10-01T14:11:24.8126596Z ##[group]Checking docker version
2026-10-01T14:11:24.8136871Z ##[command]/usr/bin/docker version --format '{{.Server.APIVersion}}'
2026-10-01T14:11:24.8885212Z '1.48'
2026-10-01T14:11:24.8896211Z Docker daemon API version: '1.48'
2026-10-01T14:11:24.8897084Z ##[command]/usr/bin/docker version --format '{{.Client.APIVersion}}'
2026-10-01T14:11:24.9036160Z '1.48'
2026-10-01T14:11:24.9046948Z Docker client API version: '1.48'
2026-10-01T14:11:24.9050806Z ##[endgroup]
2026-10-01T14:11:24.9052776Z ##[group]Clean up resources from previous jobs
2026-10-01T14:11:24.9057584Z ##[command]/usr/bin/docker ps --all --quiet --no-trunc --filter "label=d555bf"
2026-10-01T14:11:24.9199667Z ##[command]/usr/bin/docker network prune --force --filter "label=d555bf"
2026-10-01T14:11:24.9310937Z ##[endgroup]
2026-10-01T14:11:24.9311441Z ##[group]Create local container network
2026-10-01T14:11:24.9319802Z ##[command]/usr/bin/docker network create --label d555bf github_network_2adf565b16af4f22bb300a51b569611a
2026-10-01T14:11:24.9855425Z b530935772f6e53f57d592ba6cd7e31f51a222e6f41f559d09ffccff8599d4f5
2026-10-01T14:11:24.9872586Z ##[endgroup]
2026-10-01T14:11:24.9892521Z ##[group]Starting postgres service container
2026-10-01T14:11:24.9909421Z ##[command]/usr/bin/docker pull pgvector/pgvector:pg17
2026-10-01T14:11:25.2194000Z pg17: Pulling from pgvector/pgvector
2026-10-01T14:11:25.3021041Z 039e6f9f9752: Pulling fs layer
2026-10-01T14:11:25.3022096Z 9524156efd7a: Pulling fs layer
2026-10-01T14:11:25.3022975Z d7b627e06eac: Pulling fs layer
2026-10-01T14:11:25.3024078Z f495088ca134: Pulling fs layer
2026-10-01T14:11:25.3024892Z 1e12f8d900eb: Pulling fs layer
2026-10-01T14:11:25.3025492Z 740ea3feff0f: Pulling fs layer
2026-10-01T14:11:25.3026119Z 5ac7c444edb0: Pulling fs layer
2026-10-01T14:11:25.3026773Z 11ec1b6ae2a0: Pulling fs layer
2026-10-01T14:11:25.3027717Z ef21471f3a2b: Pulling fs layer
2026-10-01T14:11:25.3028371Z 62ca04624b47: Pulling fs layer
2026-10-01T14:11:25.3028978Z 44438d8012af: Pulling fs layer
2026-10-01T14:11:25.3029589Z f67c9bdd808a: Pulling fs layer
2026-10-01T14:11:25.3030271Z 3d4e001e01a2: Pulling fs layer
2026-10-01T14:11:25.3030923Z 8cb2f3b54f01: Pulling fs layer
2026-10-01T14:11:25.3031563Z 9ef6b0a1be9e: Pulling fs layer
2026-10-01T14:11:25.3032193Z b70609756d71: Pulling fs layer
2026-10-01T14:11:25.3032810Z 62ca04624b47: Waiting
2026-10-01T14:11:25.3033390Z 44438d8012af: Waiting
2026-10-01T14:11:25.3034210Z f495088ca134: Waiting
2026-10-01T14:11:25.3034817Z 1e12f8d900eb: Waiting
2026-10-01T14:11:25.3035480Z f67c9bdd808a: Waiting
2026-10-01T14:11:25.3036336Z 3d4e001e01a2: Waiting
2026-10-01T14:11:25.3037170Z 740ea3feff0f: Waiting
2026-10-01T14:11:25.3038011Z 5ac7c444edb0: Waiting
2026-10-01T14:11:25.3038878Z 8cb2f3b54f01: Waiting
2026-10-01T14:11:25.3039738Z 9ef6b0a1be9e: Waiting
2026-10-01T14:11:25.3040611Z 11ec1b6ae2a0: Waiting
2026-10-01T14:11:25.3041524Z b70609756d71: Waiting
2026-10-01T14:11:25.3042402Z ef21471f3a2b: Waiting
2026-10-01T14:11:25.4002016Z 9524156efd7a: Verifying Checksum
2026-10-01T14:11:25.4003928Z 9524156efd7a: Download complete
2026-10-01T14:11:25.4172209Z d7b627e06eac: Verifying Checksum
2026-10-01T14:11:25.4174337Z d7b627e06eac: Download complete
2026-10-01T14:11:25.4413750Z f495088ca134: Verifying Checksum
2026-10-01T14:11:25.4415817Z f495088ca134: Download complete
2026-10-01T14:11:25.4758050Z 1e12f8d900eb: Verifying Checksum
2026-10-01T14:11:25.4760108Z 1e12f8d900eb: Download complete
2026-10-01T14:11:25.4805776Z 039e6f9f9752: Verifying Checksum
2026-10-01T14:11:25.4807623Z 039e6f9f9752: Download complete
2026-10-01T14:11:25.4847308Z 740ea3feff0f: Verifying Checksum
2026-10-01T14:11:25.4849057Z 740ea3feff0f: Download complete
2026-10-01T14:11:25.5020615Z 5ac7c444edb0: Verifying Checksum
2026-10-01T14:11:25.5022820Z 5ac7c444edb0: Download complete
2026-10-01T14:11:25.5067202Z 11ec1b6ae2a0: Verifying Checksum
2026-10-01T14:11:25.5069265Z 11ec1b6ae2a0: Download complete
2026-10-01T14:11:25.5298351Z 62ca04624b47: Download complete
2026-10-01T14:11:25.5426769Z 44438d8012af: Verifying Checksum
2026-10-01T14:11:25.5428637Z 44438d8012af: Download complete
2026-10-01T14:11:25.5633096Z f67c9bdd808a: Verifying Checksum
2026-10-01T14:11:25.5640200Z f67c9bdd808a: Download complete
2026-10-01T14:11:25.5702563Z 3d4e001e01a2: Download complete
2026-10-01T14:11:25.5909936Z 8cb2f3b54f01: Download complete
2026-10-01T14:11:25.6057465Z 9ef6b0a1be9e: Verifying Checksum
2026-10-01T14:11:25.6060608Z 9ef6b0a1be9e: Download complete
2026-10-01T14:11:25.6358071Z b70609756d71: Verifying Checksum
2026-10-01T14:11:25.6360040Z b70609756d71: Download complete
2026-10-01T14:11:25.8219558Z ef21471f3a2b: Verifying Checksum
2026-10-01T14:11:25.8222277Z ef21471f3a2b: Download complete
2026-10-01T14:11:26.4301105Z 039e6f9f9752: Pull complete
2026-10-01T14:11:32.2013240Z 9524156efd7a: Pull complete
2026-10-01T14:11:32.3795416Z d7b627e06eac: Pull complete
2026-10-01T14:11:32.5013048Z f495088ca134: Pull complete
2026-10-01T14:11:32.9606841Z 1e12f8d900eb: Pull complete
2026-10-01T14:11:33.0985179Z 740ea3feff0f: Pull complete
2026-10-01T14:11:33.1046627Z 5ac7c444edb0: Pull complete
2026-10-01T14:11:33.1115311Z 11ec1b6ae2a0: Pull complete
2026-10-01T14:11:36.9058023Z ef21471f3a2b: Pull complete
2026-10-01T14:11:36.9162093Z 62ca04624b47: Pull complete
2026-10-01T14:11:36.9236818Z 44438d8012af: Pull complete
2026-10-01T14:11:36.9300374Z f67c9bdd808a: Pull complete
2026-10-01T14:11:36.9363368Z 3d4e001e01a2: Pull complete
2026-10-01T14:11:36.9589351Z 8cb2f3b54f01: Pull complete
2026-10-01T14:11:36.9953469Z 9ef6b0a1be9e: Pull complete
2026-10-01T14:11:37.0734061Z b70609756d71: Pull complete
2026-10-01T14:11:37.0775387Z Digest: sha256:cf134a767f474095eeba57e0117be8e568e011a63f33fbf252f14c9b760f8e6f
2026-10-01T14:11:37.0786779Z Status: Downloaded newer image for pgvector/pgvector:pg17
2026-10-01T14:11:37.0795590Z docker.io/pgvector/pgvector:pg17
2026-10-01T14:11:37.0847063Z ##[command]/usr/bin/docker create --name 9843b234823047bbb22b75db7762d268_pgvectorpgvectorpg17_493b9d --label d555bf --network github_network_2adf565b16af4f22bb300a51b569611a --network-alias postgres -p 5432:5432 --health-cmd pg_isready --health-interval 5s --health-timeout 5s --health-retries 12 -e "POSTGRES_DB=creator_foundation" -e "POSTGRES_PASSWORD=foundation-test-only" -e GITHUB_ACTIONS=true -e CI=true pgvector/pgvector:pg17
2026-10-01T14:11:37.1230103Z d0b582eeadd06a99f2a90fee4952145b486c662f94744dca19e94d7be68700b2
2026-10-01T14:11:37.1249067Z ##[command]/usr/bin/docker start d0b582eeadd06a99f2a90fee4952145b486c662f94744dca19e94d7be68700b2
2026-10-01T14:11:37.3357163Z d0b582eeadd06a99f2a90fee4952145b486c662f94744dca19e94d7be68700b2
2026-10-01T14:11:37.3373368Z ##[command]/usr/bin/docker ps --all --filter id=d0b582eeadd06a99f2a90fee4952145b486c662f94744dca19e94d7be68700b2 --filter status=running --no-trunc --format "{{.ID}} {{.Status}}"
2026-10-01T14:11:37.3489667Z d0b582eeadd06a99f2a90fee4952145b486c662f94744dca19e94d7be68700b2 Up Less than a second (health: starting)
2026-10-01T14:11:37.3508946Z ##[command]/usr/bin/docker port d0b582eeadd06a99f2a90fee4952145b486c662f94744dca19e94d7be68700b2
2026-10-01T14:11:37.3619040Z 5432/tcp -> 0.0.0.0:5432
2026-10-01T14:11:37.3619904Z 5432/tcp -> [::]:5432
2026-10-01T14:11:37.3657584Z ##[endgroup]
2026-10-01T14:11:37.3664632Z ##[group]Waiting for all services to be ready
2026-10-01T14:11:37.3675520Z ##[command]/usr/bin/docker inspect --format="{{if .Config.Healthcheck}}{{print .State.Health.Status}}{{end}}" d0b582eeadd06a99f2a90fee4952145b486c662f94744dca19e94d7be68700b2
2026-10-01T14:11:37.3808530Z starting
2026-10-01T14:11:37.3833324Z postgres service is starting, waiting 2 seconds before checking again.
2026-10-01T14:11:39.3845310Z ##[command]/usr/bin/docker inspect --format="{{if .Config.Healthcheck}}{{print .State.Health.Status}}{{end}}" d0b582eeadd06a99f2a90fee4952145b486c662f94744dca19e94d7be68700b2
2026-10-01T14:11:39.3952905Z starting
2026-10-01T14:11:39.3964687Z postgres service is starting, waiting 3 seconds before checking again.
2026-10-01T14:11:43.2064294Z ##[command]/usr/bin/docker inspect --format="{{if .Config.Healthcheck}}{{print .State.Health.Status}}{{end}}" d0b582eeadd06a99f2a90fee4952145b486c662f94744dca19e94d7be68700b2
2026-10-01T14:11:43.2167355Z healthy
2026-10-01T14:11:43.2186682Z postgres service is healthy.
2026-10-01T14:11:43.2187344Z ##[endgroup]
2026-10-01T14:11:43.2475594Z ##[group]Run actions/checkout@11d5960a326750d5838078e36cf38b85af677262
2026-10-01T14:11:43.2476093Z with:
2026-10-01T14:11:43.2476300Z   repository: WangPantopus/creator-platform
2026-10-01T14:11:43.2478436Z   token: ***
2026-10-01T14:11:43.2478622Z   ssh-strict: true
2026-10-01T14:11:43.2478797Z   ssh-user: git
2026-10-01T14:11:43.2478983Z   persist-credentials: true
2026-10-01T14:11:43.2479185Z   clean: true
2026-10-01T14:11:43.2479366Z   sparse-checkout-cone-mode: true
2026-10-01T14:11:43.2479580Z   fetch-depth: 1
2026-10-01T14:11:43.2479772Z   fetch-tags: false
2026-10-01T14:11:43.2479950Z   show-progress: true
2026-10-01T14:11:43.2480128Z   lfs: false
2026-10-01T14:11:43.2480293Z   submodules: false
2026-10-01T14:11:43.2480471Z   set-safe-directory: true
2026-10-01T14:11:43.2480680Z   allow-unsafe-pr-checkout: false
2026-10-01T14:11:43.2481011Z env:
2026-10-01T14:11:43.2481456Z   CREATOR_TEST_DATABASE_URL: ***127.0.0.1:5432/creator_foundation
2026-10-01T14:11:43.2481768Z ##[endgroup]
2026-10-01T14:11:43.3276146Z Syncing repository: WangPantopus/creator-platform
2026-10-01T14:11:43.3277608Z ##[group]Getting Git version info
2026-10-01T14:11:43.3278130Z Working directory is '/home/runner/work/creator-platform/creator-platform'
2026-10-01T14:11:43.3278885Z [command]/usr/bin/git version
2026-10-01T14:11:43.3323058Z git version 2.55.0
2026-10-01T14:11:43.3339047Z ##[endgroup]
2026-10-01T14:11:43.3350950Z Temporarily overriding HOME='/home/runner/work/_temp/605fb69b-62e8-4d32-af3c-f2e9023f9507' before making global git config changes
2026-10-01T14:11:43.3352182Z Adding repository directory to the temporary git global config as a safe directory
2026-10-01T14:11:43.3353548Z [command]/usr/bin/git config --global --add safe.directory /home/runner/work/creator-platform/creator-platform
2026-10-01T14:11:43.3398132Z Deleting the contents of '/home/runner/work/creator-platform/creator-platform'
2026-10-01T14:11:43.3400558Z ##[group]Initializing the repository
2026-10-01T14:11:43.3403634Z [command]/usr/bin/git init /home/runner/work/creator-platform/creator-platform
2026-10-01T14:11:43.3581285Z hint: Using 'master' as the name for the initial branch. This default branch name
2026-10-01T14:11:43.3582074Z hint: will change to "main" in Git 3.0. To configure the initial branch name
2026-10-01T14:11:43.3582719Z hint: to use in all of your new repositories, which will suppress this warning,
2026-10-01T14:11:43.3583227Z hint: call:
2026-10-01T14:11:43.3583473Z hint:
2026-10-01T14:11:43.3583953Z hint: 	git config --global init.defaultBranch <name>
2026-10-01T14:11:43.3584398Z hint:
2026-10-01T14:11:43.3584783Z hint: Names commonly chosen instead of 'master' are 'main', 'trunk' and
2026-10-01T14:11:43.3585422Z hint: 'development'. The just-created branch can be renamed via this command:
2026-10-01T14:11:43.3585917Z hint:
2026-10-01T14:11:43.3586174Z hint: 	git branch -m <name>
2026-10-01T14:11:43.3586462Z hint:
2026-10-01T14:11:43.3586882Z hint: Disable this message with "git config set advice.defaultBranchName false"
2026-10-01T14:11:43.3593400Z Initialized empty Git repository in /home/runner/work/creator-platform/creator-platform/.git/
2026-10-01T14:11:43.3600984Z [command]/usr/bin/git remote add origin https://github.com/WangPantopus/creator-platform
2026-10-01T14:11:43.3645449Z ##[endgroup]
2026-10-01T14:11:43.3645963Z ##[group]Disabling automatic garbage collection
2026-10-01T14:11:43.3648504Z [command]/usr/bin/git config --local gc.auto 0
2026-10-01T14:11:43.3675077Z ##[endgroup]
2026-10-01T14:11:43.3675558Z ##[group]Setting up auth
2026-10-01T14:11:43.3680280Z [command]/usr/bin/git config --local --name-only --get-regexp core\.sshCommand
2026-10-01T14:11:43.3710994Z [command]/usr/bin/git submodule foreach --recursive sh -c "git config --local --name-only --get-regexp 'core\.sshCommand' && git config --local --unset-all 'core.sshCommand' || :"
2026-10-01T14:11:43.4039471Z [command]/usr/bin/git config --local --name-only --get-regexp http\.https\:\/\/github\.com\/\.extraheader
2026-10-01T14:11:43.4071423Z [command]/usr/bin/git submodule foreach --recursive sh -c "git config --local --name-only --get-regexp 'http\.https\:\/\/github\.com\/\.extraheader' && git config --local --unset-all 'http.https://github.com/.extraheader' || :"
2026-10-01T14:11:43.4263903Z [command]/usr/bin/git config --local --name-only --get-regexp ^includeIf\.gitdir:
2026-10-01T14:11:43.4294749Z [command]/usr/bin/git submodule foreach --recursive git config --local --show-origin --name-only --get-regexp remote.origin.url
2026-10-01T14:11:43.4484982Z [command]/usr/bin/git config --local http.https://github.com/.extraheader AUTHORIZATION: basic ***
2026-10-01T14:11:43.4520758Z ##[endgroup]
2026-10-01T14:11:43.4521211Z ##[group]Fetching the repository
2026-10-01T14:11:43.4528521Z [command]/usr/bin/git -c protocol.version=2 fetch --no-tags --prune --no-recurse-submodules --depth=1 origin +0e733115d65ee9e531e90d56160332cb2d78394f:refs/remotes/pull/36/merge
2026-10-01T14:11:46.8088072Z From https://github.com/WangPantopus/creator-platform
2026-10-01T14:11:46.8090914Z  * [new ref]         0e733115d65ee9e531e90d56160332cb2d78394f -> pull/36/merge
2026-10-01T14:11:46.8092153Z ##[endgroup]
2026-10-01T14:11:46.8092606Z ##[group]Determining the checkout info
2026-10-01T14:11:46.8095006Z ##[endgroup]
2026-10-01T14:11:46.8100138Z [command]/usr/bin/git sparse-checkout disable
2026-10-01T14:11:46.8147516Z [command]/usr/bin/git config --local --unset-all extensions.worktreeConfig
2026-10-01T14:11:46.8173299Z ##[group]Checking out the ref
2026-10-01T14:11:46.8176429Z [command]/usr/bin/git checkout --progress --force refs/remotes/pull/36/merge
2026-10-01T14:11:47.4210391Z Note: switching to 'refs/remotes/pull/36/merge'.
2026-10-01T14:11:47.4210721Z 
2026-10-01T14:11:47.4210977Z You are in 'detached HEAD' state. You can look around, make experimental
2026-10-01T14:11:47.4211567Z changes and commit them, and you can discard any commits you make in this
2026-10-01T14:11:47.4212145Z state without impacting any branches by switching back to a branch.
2026-10-01T14:11:47.4212621Z 
2026-10-01T14:11:47.4212846Z If you want to create a new branch to retain commits you create, you may
2026-10-01T14:11:47.4213352Z do so (now or later) by using -c with the switch command. Example:
2026-10-01T14:11:47.4213554Z 
2026-10-01T14:11:47.4213645Z   git switch -c <new-branch-name>
2026-10-01T14:11:47.4213938Z 
2026-10-01T14:11:47.4214069Z Or undo this operation with:
2026-10-01T14:11:47.4214256Z 
2026-10-01T14:11:47.4214346Z   git switch -
2026-10-01T14:11:47.4214469Z 
2026-10-01T14:11:47.4214648Z Turn off this advice by setting config variable advice.detachedHead to false
2026-10-01T14:11:47.4214913Z 
2026-10-01T14:11:47.4215182Z HEAD is now at 0e73311 Merge 438ab04a0d1e88e7150beb71cac9191a043e340e into 4c2ea26867d27ba7466e0ac7446216fe0a49b24f
2026-10-01T14:11:47.4245928Z ##[endgroup]
2026-10-01T14:11:47.4286418Z [command]/usr/bin/git log -1 --format=%H
2026-10-01T14:11:47.4310865Z 0e733115d65ee9e531e90d56160332cb2d78394f
2026-10-01T14:11:47.4508240Z ##[group]Run pnpm/action-setup@f40ffcd9367d9f12939873eb1018b921a783ffaa
2026-10-01T14:11:47.4508550Z with:
2026-10-01T14:11:47.4508723Z   dest: ~/setup-pnpm
2026-10-01T14:11:47.4508909Z   run_install: null
2026-10-01T14:11:47.4509085Z   cache: false
2026-10-01T14:11:47.4509272Z   cache_dependency_path: pnpm-lock.yaml
2026-10-01T14:11:47.4509508Z   package_json_file: package.json
2026-10-01T14:11:47.4509717Z   standalone: false
2026-10-01T14:11:47.4509886Z env:
2026-10-01T14:11:47.4510405Z   CREATOR_TEST_DATABASE_URL: ***127.0.0.1:5432/creator_foundation
2026-10-01T14:11:47.4510691Z ##[endgroup]
2026-10-01T14:11:47.5628480Z ##[group]Running self-installer...
2026-10-01T14:11:47.8647730Z (node:2500) [DEP0169] DeprecationWarning: `url.parse()` behavior is not standardized and prone to errors that have security implications. Use the WHATWG URL API instead. CVEs are not issued for `url.parse()` vulnerabilities.
2026-10-01T14:11:47.8649105Z (Use `node --trace-deprecation ...` to show where the warning was created)
2026-10-01T14:11:48.0026709Z Progress: resolved 1, reused 0, downloaded 0, added 0
2026-10-01T14:11:48.5031044Z Packages: +3
2026-10-01T14:11:48.5031571Z +++
2026-10-01T14:11:48.9645058Z Progress: resolved 15, reused 0, downloaded 3, added 3, done
2026-10-01T14:11:48.9765464Z .../.pnpm/pnpm@12.5.1/node_modules/pnpm preinstall$ node install.js
2026-10-01T14:11:49.4781858Z .../.pnpm/pnpm@12.5.1/node_modules/pnpm preinstall: Done
2026-10-01T14:11:49.4786392Z .../.pnpm/pnpm@12.5.1/node_modules/pnpm postinstall$ node install.js
2026-10-01T14:11:49.5135337Z .../.pnpm/pnpm@12.5.1/node_modules/pnpm postinstall: Done
2026-10-01T14:11:50.4690920Z 
2026-10-01T14:11:50.4691467Z dependencies:
2026-10-01T14:11:50.4691734Z + pnpm 12.5.1 (12.8.1 is available)
2026-10-01T14:11:50.4691901Z 
2026-10-01T14:11:50.4711894Z Done in 2.7s
2026-10-01T14:11:50.5077086Z ##[endgroup]
2026-10-01T14:11:50.5077543Z Installation Completed!
2026-10-01T14:11:50.5255523Z ##[group]Run actions/setup-node@49933ea5288caeca8642d1e84afbd3f7d6820020
2026-10-01T14:11:50.5256029Z with:
2026-10-01T14:11:50.5256280Z   node-version: 24
2026-10-01T14:11:50.5256548Z   cache: pnpm
2026-10-01T14:11:50.5256809Z   always-auth: false
2026-10-01T14:11:50.5257091Z   check-latest: false
2026-10-01T14:11:50.5260854Z   token: ***
2026-10-01T14:11:50.5261107Z env:
2026-10-01T14:11:50.5261766Z   CREATOR_TEST_DATABASE_URL: ***127.0.0.1:5432/creator_foundation
2026-10-01T14:11:50.5262333Z   PNPM_HOME: /home/runner/setup-pnpm/node_modules/.bin
2026-10-01T14:11:50.5262744Z ##[endgroup]
2026-10-01T14:11:50.7072526Z Found in cache @ /opt/hostedtoolcache/node/24.21.0/x64
2026-10-01T14:11:50.7076944Z (node:2531) [DEP0040] DeprecationWarning: The `punycode` module is deprecated. Please use a userland alternative instead.
2026-10-01T14:11:50.7077842Z (Use `node --trace-deprecation ...` to show where the warning was created)
2026-10-01T14:11:50.7079614Z ##[group]Environment details
2026-10-01T14:11:51.0745039Z node: v24.21.0
2026-10-01T14:11:51.0745683Z npm: 11.19.0
2026-10-01T14:11:51.0746171Z yarn: 1.22.22
2026-10-01T14:11:51.0747460Z ##[endgroup]
2026-10-01T14:11:51.0762222Z [command]/home/runner/setup-pnpm/node_modules/.bin/pnpm store path --silent
2026-10-01T14:11:51.0899693Z /home/runner/setup-pnpm/node_modules/.bin/store/v11
2026-10-01T14:11:51.1642572Z Cache hit for: node-cache-Linux-x64-pnpm-8b0760970ed9b037374823622e075f59a481428ac275658883aab08174d5afef
2026-10-01T14:11:51.1737619Z (node:2531) [DEP0169] DeprecationWarning: `url.parse()` behavior is not standardized and prone to errors that have security implications. Use the WHATWG URL API instead. CVEs are not issued for `url.parse()` vulnerabilities.
2026-10-01T14:11:51.8043631Z Received 144787134 of 144787134 (100.0%), 227.9 MBs/sec
2026-10-01T14:11:51.8044496Z Cache Size: ~138 MB (144787134 B)
2026-10-01T14:11:51.8072145Z [command]/usr/bin/tar -xf /home/runner/work/_temp/c0fba677-a0a3-4ee0-878e-91dfddf7a16c/cache.tzst -P -C /home/runner/work/creator-platform/creator-platform --use-compress-program unzstd
2026-10-01T14:11:52.8318678Z Cache restored successfully
2026-10-01T14:11:52.8380077Z Cache restored from key: node-cache-Linux-x64-pnpm-8b0760970ed9b037374823622e075f59a481428ac275658883aab08174d5afef
2026-10-01T14:11:52.8588838Z ##[group]Run pnpm install --frozen-lockfile
2026-10-01T14:11:52.8589210Z [36;1mpnpm install --frozen-lockfile[0m
2026-10-01T14:11:52.8775190Z shell: /usr/bin/bash -e {0}
2026-10-01T14:11:52.8775429Z env:
2026-10-01T14:11:52.8776104Z   CREATOR_TEST_DATABASE_URL: ***127.0.0.1:5432/creator_foundation
2026-10-01T14:11:52.8776451Z   PNPM_HOME: /home/runner/setup-pnpm/node_modules/.bin
2026-10-01T14:11:52.8776723Z ##[endgroup]
2026-10-01T14:11:52.9018891Z Scope: all 8 workspace projects
2026-10-01T14:11:52.9210282Z ? Verifying lockfile against supply-chain policies (486 entries)...
2026-10-01T14:11:53.0357853Z Packages are hard linked from the content-addressable store to the virtual store.
2026-10-01T14:11:53.0360269Z   Content-addressable store is at: /home/runner/setup-pnpm/node_modules/.bin/store/v11
2026-10-01T14:11:53.0361184Z   Virtual store is at:             node_modules/.pnpm
2026-10-01T14:11:54.9440659Z ✓ Lockfile passes supply-chain policies (486 entries in 2s)
2026-10-01T14:11:54.9441366Z Lockfile is up to date, resolution step is skipped
2026-10-01T14:11:54.9497308Z Packages: +374
2026-10-01T14:11:54.9497817Z ++++++++++++++++++++++++++++++++++++++++++++++++++++++++++++++++++++++++++++++++
2026-10-01T14:11:54.9691839Z Progress: resolved 374, reused 374, downloaded 0, added 374, done
2026-10-01T14:11:55.0628092Z 
2026-10-01T14:11:55.0628852Z devDependencies:
2026-10-01T14:11:55.0629233Z + @eslint/js 9.39.1
2026-10-01T14:11:55.0629497Z + @playwright/test 1.63.0
2026-10-01T14:11:55.0629740Z + @types/node 24.10.1
2026-10-01T14:11:55.0629966Z + @types/pngjs 6.0.5
2026-10-01T14:11:55.0630160Z + eslint 9.39.1
2026-10-01T14:11:55.0630339Z + globals 16.5.0
2026-10-01T14:11:55.0630515Z + pngjs 7.0.0
2026-10-01T14:11:55.0630688Z + prettier 3.6.2
2026-10-01T14:11:55.0630882Z + tsx 4.20.6
2026-10-01T14:11:55.0631062Z + turbo 2.11.5
2026-10-01T14:11:55.0631244Z + typescript 5.9.3
2026-10-01T14:11:55.0631454Z + typescript-eslint 8.46.4
2026-10-01T14:11:55.0631656Z + vitest 3.2.4
2026-10-01T14:11:55.0631774Z 
2026-10-01T14:11:55.0647295Z Done in 2.2s using pnpm v12.5.1
2026-10-01T14:11:55.0842032Z ##[group]Run pnpm check
2026-10-01T14:11:55.0842275Z [36;1mpnpm check[0m
2026-10-01T14:11:55.0898076Z shell: /usr/bin/bash -e {0}
2026-10-01T14:11:55.0898303Z env:
2026-10-01T14:11:55.0898783Z   CREATOR_TEST_DATABASE_URL: ***127.0.0.1:5432/creator_foundation
2026-10-01T14:11:55.0899128Z   PNPM_HOME: /home/runner/setup-pnpm/node_modules/.bin
2026-10-01T14:11:55.0899548Z ##[endgroup]
2026-10-01T14:11:55.1101464Z $ pnpm generate:check && pnpm typecheck && pnpm lint && pnpm format:check && pnpm test && pnpm build
2026-10-01T14:11:55.1235543Z $ pnpm --filter @qelvora/api generate --check && node scripts/generate-shared.mjs --check && node scripts/generate-native-api.mjs --check
2026-10-01T14:11:55.1388604Z $ tsx scripts/generate-openapi.ts --check
2026-10-01T14:11:55.6096297Z Verified 12 shared web, Swift and Kotlin resources.
2026-10-01T14:11:55.6574241Z Verified Swift/Kotlin API models and 98 operations from OpenAPI.
2026-10-01T14:11:55.6756331Z $ turbo run typecheck
2026-10-01T14:11:55.7059923Z 
2026-10-01T14:11:55.7074786Z Attention:
2026-10-01T14:11:55.7104419Z Turborepo now collects completely anonymous telemetry regarding usage.
2026-10-01T14:11:55.7105399Z This information is used to shape the Turborepo roadmap and prioritize features.
2026-10-01T14:11:55.7135076Z You can learn more, including how to opt-out if you'd not like to participate in this anonymous program, by visiting the following URL:
2026-10-01T14:11:55.7138330Z https://turborepo.dev/docs/telemetry
2026-10-01T14:11:55.7138751Z 
2026-10-01T14:11:55.7265471Z 
2026-10-01T14:11:55.7270521Z    • Packages in scope: @qelvora/api, @qelvora/backend, @qelvora/brand, @qelvora/copy, @qelvora/tokens, @qelvora/ui-web, @qelvora/web
2026-10-01T14:11:55.7271773Z    • Running typecheck in 7 packages
2026-10-01T14:11:55.7272396Z    • Remote caching disabled
2026-10-01T14:11:55.7272776Z 
2026-10-01T14:11:57.2820840Z ##[group]@qelvora/tokens:typecheck
2026-10-01T14:11:57.2845169Z cache miss, executing 53cffeeeea9741bf
2026-10-01T14:11:57.2847960Z $ tsc --noEmit
2026-10-01T14:11:57.2848858Z ##[endgroup]
2026-10-01T14:11:57.2919005Z ##[group]@qelvora/brand:typecheck
2026-10-01T14:11:57.2919772Z cache miss, executing 82b6e60a5032143e
2026-10-01T14:11:57.2920253Z $ tsc --noEmit
2026-10-01T14:11:57.2920804Z ##[endgroup]
2026-10-01T14:11:57.4337686Z ##[group]@qelvora/copy:typecheck
2026-10-01T14:11:57.4338926Z cache miss, executing 3859b3c11213c319
2026-10-01T14:11:57.4339525Z $ tsc --noEmit
2026-10-01T14:11:57.4340178Z ##[endgroup]
2026-10-01T14:11:59.0703089Z ##[group]@qelvora/api:typecheck
2026-10-01T14:11:59.0708115Z cache miss, executing ab56df2d1f060b51
2026-10-01T14:11:59.0713449Z $ tsc --noEmit
2026-10-01T14:11:59.0714358Z ##[endgroup]
2026-10-01T14:11:59.5799924Z ##[group]@qelvora/ui-web:typecheck
2026-10-01T14:11:59.5804913Z cache miss, executing 308207a5523bde3a
2026-10-01T14:11:59.5808767Z $ tsc --noEmit
2026-10-01T14:11:59.5809597Z ##[endgroup]
2026-10-01T14:12:06.8251857Z ##[group]@qelvora/backend:typecheck
2026-10-01T14:12:06.8253190Z cache miss, executing ce6534be1abbb103
2026-10-01T14:12:06.8254073Z $ tsc --noEmit
2026-10-01T14:12:06.8254915Z ##[endgroup]
2026-10-01T14:12:08.2398577Z ##[group]@qelvora/web:typecheck
2026-10-01T14:12:08.2399125Z cache miss, executing b33869458c3b402a
2026-10-01T14:12:08.2399470Z $ tsc --noEmit
2026-10-01T14:12:08.2399906Z ##[endgroup]
2026-10-01T14:12:08.2405727Z 
2026-10-01T14:12:08.2405979Z  Tasks:    7 successful, 7 total
2026-10-01T14:12:08.2406496Z Cached:    0 cached, 7 total
2026-10-01T14:12:08.2406764Z   Time:    12.534s 
2026-10-01T14:12:08.2406883Z 
2026-10-01T14:12:08.2618862Z $ eslint apps/backend packages apps/web scripts tests playwright.config.ts --ignore-pattern '**/generated/**'
2026-10-01T14:12:13.2528715Z $ prettier --check apps packages config scripts tests '*.json' '*.yaml' '.github/**/*.yml'
2026-10-01T14:12:13.3229213Z Checking formatting...
2026-10-01T14:12:18.2977951Z All matched files use Prettier code style!
2026-10-01T14:12:18.3518386Z $ node --test scripts/shared.test.mjs && turbo run test
2026-10-01T14:12:18.7730726Z ✔ one rename updates native identifiers, package scopes and UI names while preserving Pantopus and binary assets (246.13718ms)
2026-10-01T14:12:18.7733544Z ✔ all fixed copy and both themes exist in generated web, Swift and Kotlin resources (109.971909ms)
2026-10-01T14:12:18.7803707Z ℹ tests 2
2026-10-01T14:12:18.7804426Z ℹ suites 0
2026-10-01T14:12:18.7804902Z ℹ pass 2
2026-10-01T14:12:18.7805148Z ℹ fail 0
2026-10-01T14:12:18.7805385Z ℹ cancelled 0
2026-10-01T14:12:18.7805629Z ℹ skipped 0
2026-10-01T14:12:18.7819358Z ℹ todo 0
2026-10-01T14:12:18.7819712Z ℹ duration_ms 403.385547
2026-10-01T14:12:18.8321392Z 
2026-10-01T14:12:18.8322792Z    • Packages in scope: @qelvora/api, @qelvora/backend, @qelvora/brand, @qelvora/copy, @qelvora/tokens, @qelvora/ui-web, @qelvora/web
2026-10-01T14:12:18.8323547Z    • Running test in 7 packages
2026-10-01T14:12:18.8324265Z    • Remote caching disabled
2026-10-01T14:12:18.8324560Z 
2026-10-01T14:12:19.9906412Z ##[group]@qelvora/api:test
2026-10-01T14:12:19.9974457Z cache bypass, force executing b2d6e1abc3b44212
2026-10-01T14:12:19.9985140Z $ vitest run --passWithNoTests
2026-10-01T14:12:20.0014218Z 
2026-10-01T14:12:20.0065193Z [1m[46m RUN [49m[22m [36mv3.2.4 [39m[90m/home/runner/work/creator-platform/creator-platform/packages/api[39m
2026-10-01T14:12:20.0065785Z 
2026-10-01T14:12:20.0097187Z No test files found, exiting with code 0
2026-10-01T14:12:20.0120238Z 
2026-10-01T14:12:20.0169704Z [2minclude: [22m[33m**/*.{test,spec}.?(c|m)[jt]s?(x)[39m
2026-10-01T14:12:20.0195906Z [2mexclude:  [22m[33m**/node_modules/**[2m, [22m**/dist/**[2m, [22m**/cypress/**[2m, [22m**/.{idea,git,cache,output,temp}/**[2m, [22m**/{karma,rollup,webpack,vite,vitest,jest,ava,babel,nyc,cypress,tsup,build,eslint,prettier}.config.*[39m
2026-10-01T14:12:20.0276228Z 
2026-10-01T14:12:20.0313670Z ##[endgroup]
2026-10-01T14:12:20.4298868Z ##[group]@qelvora/brand:build
2026-10-01T14:12:20.4355699Z cache miss, executing c68e80ea4bd32f3d
2026-10-01T14:12:20.4376064Z $ tsc --noEmit
2026-10-01T14:12:20.4388557Z ##[endgroup]
2026-10-01T14:12:20.5071604Z ##[group]@qelvora/tokens:build
2026-10-01T14:12:20.5083489Z cache miss, executing cc0386ae4b0d76ff
2026-10-01T14:12:20.5084073Z $ tsc --noEmit
2026-10-01T14:12:20.5087869Z ##[endgroup]
2026-10-01T14:12:20.6176255Z ##[group]@qelvora/copy:build
2026-10-01T14:12:20.6176866Z cache miss, executing 0cac4356cca28abd
2026-10-01T14:12:20.6177233Z $ tsc --noEmit
2026-10-01T14:12:20.6177719Z ##[endgroup]
2026-10-01T14:12:21.8061607Z ##[group]@qelvora/api:build
2026-10-01T14:12:21.8062032Z cache miss, executing 919122b7677bcc59
2026-10-01T14:12:21.8062316Z $ tsc --noEmit
2026-10-01T14:12:21.8062628Z ##[endgroup]
2026-10-01T14:13:03.2443058Z ##[group]@qelvora/backend:test
2026-10-01T14:13:03.2443652Z cache bypass, force executing a3a34b2e37f3b300
2026-10-01T14:13:03.2444177Z $ vitest run
2026-10-01T14:13:03.2444329Z 
2026-10-01T14:13:03.2445219Z [1m[46m RUN [49m[22m [36mv3.2.4 [39m[90m/home/runner/work/creator-platform/creator-platform/apps/backend[39m
2026-10-01T14:13:03.2445688Z 
2026-10-01T14:13:03.2446325Z  [32m✓[39m tests/postgres.integration.test.ts [2m([22m[2m9 tests[22m[2m)[22m[33m 40021[2mms[22m[39m
2026-10-01T14:13:03.2447570Z    [33m[2m✓[22m[39m PostgreSQL foundation using the real non-owner role[2m > [22mT-11 checks 10,000 random pairs against 1,000 real scoped threads [33m 38185[2mms[22m[39m
2026-10-01T14:13:03.2448439Z  [32m✓[39m tests/contracts.test.ts [2m([22m[2m9 tests[22m[2m)[22m[32m 65[2mms[22m[39m
2026-10-01T14:13:03.2448704Z 
2026-10-01T14:13:03.2448951Z [2m Test Files [22m [1m[32m2 passed[39m[22m[90m (2)[39m
2026-10-01T14:13:03.2449365Z [2m      Tests [22m [1m[32m18 passed[39m[22m[90m (18)[39m
2026-10-01T14:13:03.2449716Z [2m   Start at [22m 14:12:22
2026-10-01T14:13:03.2450290Z [2m   Duration [22m 41.11s[2m (transform 290ms, setup 0ms, collect 709ms, tests 40.09s, environment 0ms, prepare 93ms)[22m
2026-10-01T14:13:03.2450621Z 
2026-10-01T14:13:03.2451254Z ##[endgroup]
2026-10-01T14:13:03.2451391Z 
2026-10-01T14:13:03.2451550Z  Tasks:    6 successful, 6 total
2026-10-01T14:13:03.2451820Z Cached:    0 cached, 6 total
2026-10-01T14:13:03.2452027Z   Time:    44.429s 
2026-10-01T14:13:03.2452136Z 
2026-10-01T14:13:03.2452953Z  WARNING  no output files found for task @qelvora/api#build. Please check your `outputs` key in `turbo.json`
2026-10-01T14:13:03.2454394Z  WARNING  no output files found for task @qelvora/brand#build. Please check your `outputs` key in `turbo.json`
2026-10-01T14:13:03.2455798Z  WARNING  no output files found for task @qelvora/copy#build. Please check your `outputs` key in `turbo.json`
2026-10-01T14:13:03.2456699Z  WARNING  no output files found for task @qelvora/tokens#build. Please check your `outputs` key in `turbo.json`
2026-10-01T14:13:03.2650706Z $ turbo run build
2026-10-01T14:13:03.3156482Z 
2026-10-01T14:13:03.3158310Z    • Packages in scope: @qelvora/api, @qelvora/backend, @qelvora/brand, @qelvora/copy, @qelvora/tokens, @qelvora/ui-web, @qelvora/web
2026-10-01T14:13:03.3159754Z    • Running build in 7 packages
2026-10-01T14:13:03.3160344Z    • Remote caching disabled
2026-10-01T14:13:03.3160686Z 
2026-10-01T14:13:03.3175014Z ##[group]@qelvora/copy:build
2026-10-01T14:13:03.3175730Z cache hit, replaying logs 0cac4356cca28abd
2026-10-01T14:13:03.3176313Z $ tsc --noEmit
2026-10-01T14:13:03.3176909Z ##[endgroup]
2026-10-01T14:13:03.3177481Z ##[group]@qelvora/brand:build
2026-10-01T14:13:03.3178014Z cache hit, replaying logs c68e80ea4bd32f3d
2026-10-01T14:13:03.3178562Z $ tsc --noEmit
2026-10-01T14:13:03.3183348Z ##[endgroup]
2026-10-01T14:13:03.3183988Z ##[group]@qelvora/api:build
2026-10-01T14:13:03.3184521Z cache hit, replaying logs 919122b7677bcc59
2026-10-01T14:13:03.3184897Z $ tsc --noEmit
2026-10-01T14:13:03.3185331Z ##[endgroup]
2026-10-01T14:13:03.3185767Z ##[group]@qelvora/tokens:build
2026-10-01T14:13:03.3186198Z cache hit, replaying logs cc0386ae4b0d76ff
2026-10-01T14:13:03.3186549Z $ tsc --noEmit
2026-10-01T14:13:03.3186992Z ##[endgroup]
2026-10-01T14:13:13.0039162Z ##[group]@qelvora/backend:build
2026-10-01T14:13:13.0039736Z cache miss, executing c5c51cac9d4b6fec
2026-10-01T14:13:13.0040169Z $ tsc --noEmit && node scripts/build.mjs
2026-10-01T14:13:13.0040711Z ##[endgroup]
2026-10-01T14:13:21.5605910Z ##[group]@qelvora/web:build
2026-10-01T14:13:21.5606474Z cache miss, executing d8419107da781aba
2026-10-01T14:13:21.5606811Z $ next build
2026-10-01T14:13:21.5607256Z ▲ Next.js 16.3.7 (Turbopack)
2026-10-01T14:13:21.5607561Z ✓ Running next.config.ts took 26ms
2026-10-01T14:13:21.5608228Z ⚠ No build cache found. Please configure build caching for faster rebuilds. Read more: https://nextjs.org/docs/messages/no-cache
2026-10-01T14:13:21.5608855Z Attention: Next.js now collects completely anonymous telemetry regarding usage.
2026-10-01T14:13:21.5609325Z This information is used to shape Next.js' roadmap and prioritize features.
2026-10-01T14:13:21.5609987Z You can learn more, including how to opt-out if you'd not like to participate in this anonymous program, by visiting the following URL:
2026-10-01T14:13:21.5610454Z https://nextjs.org/telemetry
2026-10-01T14:13:21.5610598Z 
2026-10-01T14:13:21.5610603Z 
2026-10-01T14:13:21.5610734Z   Creating an optimized production build ...
2026-10-01T14:13:21.5611087Z ✓ Compiled successfully in 9.0s
2026-10-01T14:13:21.5611325Z   Running TypeScript ...
2026-10-01T14:13:21.5611566Z   Finished TypeScript in 6.1s ...
2026-10-01T14:13:21.5611843Z   Collecting page data using 3 workers ...
2026-10-01T14:13:21.5612132Z   Generating static pages using 3 workers (0/31) ...
2026-10-01T14:13:21.5612430Z   Generating static pages using 3 workers (7/31) 
2026-10-01T14:13:21.5612732Z   Generating static pages using 3 workers (15/31) 
2026-10-01T14:13:21.5613020Z   Generating static pages using 3 workers (23/31) 
2026-10-01T14:13:21.5613414Z ✓ Generating static pages using 3 workers (31/31) in 332ms
2026-10-01T14:13:21.5613711Z   Finalizing page optimization ...
2026-10-01T14:13:21.5614042Z 
2026-10-01T14:13:21.5614355Z Route (app)
2026-10-01T14:13:21.5614547Z ┌ ƒ /
2026-10-01T14:13:21.5614742Z ├ ○ /_not-found
2026-10-01T14:13:21.5614953Z ├ ƒ /api/auth/complete
2026-10-01T14:13:21.5615169Z ├ ƒ /api/auth/continue
2026-10-01T14:13:21.5615374Z ├ ƒ /api/auth/restore
2026-10-01T14:13:21.5615638Z ├ ƒ /api/commerce-approvals/[...path]
2026-10-01T14:13:21.5616041Z ├ ƒ /api/commerce/[...path]
2026-10-01T14:13:21.5616274Z ├ ƒ /api/content/[...path]
2026-10-01T14:13:21.5616541Z ├ ƒ /api/conversations/[...path]
2026-10-01T14:13:21.5616823Z ├ ƒ /api/growth-development
2026-10-01T14:13:21.5617061Z ├ ƒ /api/growth/[...path]
2026-10-01T14:13:21.5617290Z ├ ƒ /api/platform/[...path]
2026-10-01T14:13:21.5617524Z ├ ƒ /api/studio/[...path]
2026-10-01T14:13:21.5617758Z ├ ƒ /api/studio/ai/[...path]
2026-10-01T14:13:21.5617998Z ├ ƒ /api/trust/[...path]
2026-10-01T14:13:21.5618218Z ├ ƒ /api/w6/[...path]
2026-10-01T14:13:21.5618422Z ├ ƒ /auth/continue
2026-10-01T14:13:21.5618636Z ├ ƒ /auth/development
2026-10-01T14:13:21.5618909Z ├ ƒ /calls/[creatorId]/[fanId]/[sessionId]
2026-10-01T14:13:21.5619155Z ├ ƒ /chat/[handle]
2026-10-01T14:13:21.5619382Z ├ ƒ /commerce/[screen]
2026-10-01T14:13:21.5619638Z ├ ƒ /content/[creatorId]/[contentId]
2026-10-01T14:13:21.5619894Z ├ ƒ /creators/[handle]
2026-10-01T14:13:21.5620107Z ├ ƒ /creators/[handle]/chat
2026-10-01T14:13:21.5620399Z ├ ƒ /creators/[handle]/posts/[id]
2026-10-01T14:13:21.5620650Z ├ ƒ /creators/maya
2026-10-01T14:13:21.5620845Z ├ ○ /design
2026-10-01T14:13:21.5621059Z ├ ○ /design/components
2026-10-01T14:13:21.5621292Z ├ ƒ /design/components/[name]
2026-10-01T14:13:21.5621537Z ├ ○ /design/screens
2026-10-01T14:13:21.5621787Z ├ ƒ /design/screens/[group]/[id]
2026-10-01T14:13:21.5622087Z ├ ○ /design/studies/comprehension
2026-10-01T14:13:21.5622317Z ├ ƒ /discover
2026-10-01T14:13:21.5622518Z ├ ƒ /growth-development
2026-10-01T14:13:21.5622740Z ├ ƒ /home
2026-10-01T14:13:21.5622944Z ├ ƒ /identity/account
2026-10-01T14:13:21.5623149Z ├ ƒ /invite/[id]
2026-10-01T14:13:21.5623413Z ├ ○ /media/ai-voice
2026-10-01T14:13:21.5623616Z ├ ƒ /media/voice
2026-10-01T14:13:21.5623960Z ├ ƒ /notifications
2026-10-01T14:13:21.5624186Z ├ ƒ /notifications/settings
2026-10-01T14:13:21.5624414Z ├ ƒ /onboarding/handle
2026-10-01T14:13:21.5624609Z ├ ○ /ops
2026-10-01T14:13:21.5624805Z ├ ○ /ops/audits
2026-10-01T14:13:21.5625016Z ├ ƒ /ops/cases/[id]
2026-10-01T14:13:21.5625219Z ├ ○ /ops/metrics
2026-10-01T14:13:21.5625411Z ├ ƒ /share/[id]
2026-10-01T14:13:21.5625607Z ├ ƒ /share/[id]/image
2026-10-01T14:13:21.5625801Z ├ ƒ /sitemap.xml
2026-10-01T14:13:21.5625981Z ├ ○ /status
2026-10-01T14:13:21.5626221Z ├ ƒ /studio/[creatorId]/[[...screen]]
2026-10-01T14:13:21.5626472Z ├ ƒ /studio/activation
2026-10-01T14:13:21.5626689Z ├ ƒ /studio/ai/[[...section]]
2026-10-01T14:13:21.5627003Z ├ ƒ /studio/calls/[creatorId]/[fanId]/[commitmentId]
2026-10-01T14:13:21.5627387Z ├ ƒ /studio/impact
2026-10-01T14:13:21.5627604Z ├ ƒ /studio/insights
2026-10-01T14:13:21.5627850Z ├ ○ /studio/launch
2026-10-01T14:13:21.5628083Z ├ ƒ /studio/measurement
2026-10-01T14:13:21.5628306Z ├ ƒ /studio/setup
2026-10-01T14:13:21.5628520Z ├ ƒ /studio/workspace
2026-10-01T14:13:21.5628731Z ├ ○ /support
2026-10-01T14:13:21.5628941Z ├ ○ /support/access
2026-10-01T14:13:21.5629159Z ├ ○ /support/feedback
2026-10-01T14:13:21.5629391Z ├ ○ /support/privacy
2026-10-01T14:13:21.5629647Z ├ ƒ /threads/[creatorId]/[fanId]
2026-10-01T14:13:21.5629985Z ├ ƒ /threads/[creatorId]/[fanId]/citations/[passageId]
2026-10-01T14:13:21.5630352Z ├ ƒ /threads/[creatorId]/[fanId]/messages/[messageId]
2026-10-01T14:13:21.5630617Z ├ ○ /trust
2026-10-01T14:13:21.5630818Z ├ ○ /trust/crisis
2026-10-01T14:13:21.5631019Z ├ ○ /trust/terms
2026-10-01T14:13:21.5631249Z ├ ƒ /unsubscribe/[token]
2026-10-01T14:13:21.5631470Z ├ ƒ /verify/[id]
2026-10-01T14:13:21.5631663Z └ ƒ /you
2026-10-01T14:13:21.5631770Z 
2026-10-01T14:13:21.5631775Z 
2026-10-01T14:13:21.5631932Z ○  (Static)   prerendered as static content
2026-10-01T14:13:21.5632261Z ƒ  (Dynamic)  server-rendered on demand
2026-10-01T14:13:21.5632559Z 
2026-10-01T14:13:21.5632785Z ##[endgroup]
2026-10-01T14:13:21.5735213Z 
2026-10-01T14:13:21.5735475Z  Tasks:    6 successful, 6 total
2026-10-01T14:13:21.5735895Z Cached:    4 cached, 6 total
2026-10-01T14:13:21.5736219Z   Time:    18.279s 
2026-10-01T14:13:21.5736391Z 
2026-10-01T14:13:21.7272718Z Post job cleanup.
2026-10-01T14:13:21.8233042Z (node:4153) [DEP0040] DeprecationWarning: The `punycode` module is deprecated. Please use a userland alternative instead.
2026-10-01T14:13:21.8234495Z (Use `node --trace-deprecation ...` to show where the warning was created)
2026-10-01T14:13:21.8236039Z Cache hit occurred on the primary key node-cache-Linux-x64-pnpm-8b0760970ed9b037374823622e075f59a481428ac275658883aab08174d5afef, not saving cache.
2026-10-01T14:13:21.8334035Z Post job cleanup.
2026-10-01T14:13:21.9446722Z Pruning is unnecessary.
2026-10-01T14:13:21.9579086Z Post job cleanup.
2026-10-01T14:13:22.0283374Z [command]/usr/bin/git version
2026-10-01T14:13:22.0317497Z git version 2.55.0
2026-10-01T14:13:22.0344404Z Temporarily overriding HOME='/home/runner/work/_temp/9891c462-0311-4e06-b4ac-dfad661f9d1e' before making global git config changes
2026-10-01T14:13:22.0345555Z Adding repository directory to the temporary git global config as a safe directory
2026-10-01T14:13:22.0348949Z [command]/usr/bin/git config --global --add safe.directory /home/runner/work/creator-platform/creator-platform
2026-10-01T14:13:22.0379444Z [command]/usr/bin/git config --local --name-only --get-regexp core\.sshCommand
2026-10-01T14:13:22.0408045Z [command]/usr/bin/git submodule foreach --recursive sh -c "git config --local --name-only --get-regexp 'core\.sshCommand' && git config --local --unset-all 'core.sshCommand' || :"
2026-10-01T14:13:22.0618567Z [command]/usr/bin/git config --local --name-only --get-regexp http\.https\:\/\/github\.com\/\.extraheader
2026-10-01T14:13:22.0639920Z http.https://github.com/.extraheader
2026-10-01T14:13:22.0648476Z [command]/usr/bin/git config --local --unset-all http.https://github.com/.extraheader
2026-10-01T14:13:22.0678030Z [command]/usr/bin/git submodule foreach --recursive sh -c "git config --local --name-only --get-regexp 'http\.https\:\/\/github\.com\/\.extraheader' && git config --local --unset-all 'http.https://github.com/.extraheader' || :"
2026-10-01T14:13:22.0893954Z [command]/usr/bin/git config --local --name-only --get-regexp ^includeIf\.gitdir:
2026-10-01T14:13:22.0927660Z [command]/usr/bin/git submodule foreach --recursive git config --local --show-origin --name-only --get-regexp remote.origin.url
2026-10-01T14:13:22.1239968Z Print service container logs: 9843b234823047bbb22b75db7762d268_pgvectorpgvectorpg17_493b9d
2026-10-01T14:13:22.1244011Z ##[command]/usr/bin/docker logs --details d0b582eeadd06a99f2a90fee4952145b486c662f94744dca19e94d7be68700b2
2026-10-01T14:13:22.1351656Z  initdb: warning: enabling "trust" authentication for local connections
2026-10-01T14:13:22.1352688Z  The files belonging to this database system will be owned by user "postgres".
2026-10-01T14:13:22.1353653Z  initdb: hint: You can change this by editing pg_hba.conf or using the option -A, or --auth-local and --auth-host, the next time you run initdb.
2026-10-01T14:13:22.1355000Z  2026-10-01 14:11:38.397 UTC [1] LOG:  starting PostgreSQL 17.11 (Debian 17.11-1.pgdg12+2) on x86_64-pc-linux-gnu, compiled by gcc (Debian 12.2.0-14+deb12u1) 12.2.0, 64-bit
2026-10-01T14:13:22.1355972Z  2026-10-01 14:11:38.397 UTC [1] LOG:  listening on IPv4 address "0.0.0.0", port 5432
2026-10-01T14:13:22.1356603Z  2026-10-01 14:11:38.397 UTC [1] LOG:  listening on IPv6 address "::", port 5432
2026-10-01T14:13:22.1357241Z  2026-10-01 14:11:38.398 UTC [1] LOG:  listening on Unix socket "/var/run/postgresql/.s.PGSQL.5432"
2026-10-01T14:13:22.1357926Z  2026-10-01 14:11:38.400 UTC [64] LOG:  database system was shut down at 2026-10-01 14:11:38 UTC
2026-10-01T14:13:22.1358559Z  2026-10-01 14:11:38.404 UTC [1] LOG:  database system is ready to accept connections
2026-10-01T14:13:22.1359098Z  2026-10-01 14:11:42.382 UTC [76] FATAL:  role "root" does not exist
2026-10-01T14:13:22.1359584Z  2026-10-01 14:11:47.439 UTC [84] FATAL:  role "root" does not exist
2026-10-01T14:13:22.1360116Z  2026-10-01 14:11:52.508 UTC [92] FATAL:  role "root" does not exist
2026-10-01T14:13:22.1360619Z  2026-10-01 14:11:57.578 UTC [100] FATAL:  role "root" does not exist
2026-10-01T14:13:22.1361398Z  2026-10-01 14:12:02.684 UTC [108] FATAL:  role "root" does not exist
2026-10-01T14:13:22.1361913Z  2026-10-01 14:12:07.744 UTC [116] FATAL:  role "root" does not exist
2026-10-01T14:13:22.1362416Z  2026-10-01 14:12:12.806 UTC [125] FATAL:  role "root" does not exist
2026-10-01T14:13:22.1362901Z  2026-10-01 14:12:17.871 UTC [133] FATAL:  role "root" does not exist
2026-10-01T14:13:22.1363552Z  2026-10-01 14:12:22.934 UTC [142] FATAL:  role "root" does not exist
2026-10-01T14:13:22.1364283Z  2026-10-01 14:12:24.213 UTC [145] ERROR:  new row violates row-level security policy for table "thread"
2026-10-01T14:13:22.1365139Z  2026-10-01 14:12:24.213 UTC [145] STATEMENT:  INSERT INTO creator.thread(creator_id,fan_id,privacy_notice_at) VALUES($1,$2,now())
2026-10-01T14:13:22.1365886Z  2026-10-01 14:12:27.994 UTC [154] FATAL:  role "root" does not exist
2026-10-01T14:13:22.1366372Z  2026-10-01 14:12:33.055 UTC [162] FATAL:  role "root" does not exist
2026-10-01T14:13:22.1366850Z  2026-10-01 14:12:38.117 UTC [170] FATAL:  role "root" does not exist
2026-10-01T14:13:22.1367346Z  2026-10-01 14:12:43.169 UTC [179] FATAL:  role "root" does not exist
2026-10-01T14:13:22.1367769Z  2026-10-01 14:12:48.225 UTC [187] FATAL:  role "root" does not exist
2026-10-01T14:13:22.1368080Z  2026-10-01 14:12:53.290 UTC [196] FATAL:  role "root" does not exist
2026-10-01T14:13:22.1368406Z  2026-10-01 14:12:58.352 UTC [204] FATAL:  role "root" does not exist
2026-10-01T14:13:22.1368785Z  2026-10-01 14:13:02.556 UTC [208] ERROR:  A named act requires an exact creator-signed assertion
2026-10-01T14:13:22.1369273Z  2026-10-01 14:13:02.556 UTC [208] CONTEXT:  PL/pgSQL function creator.require_signed_message() line 11 at RAISE
2026-10-01T14:13:22.1369857Z  2026-10-01 14:13:02.556 UTC [208] STATEMENT:  UPDATE creator.message SET text=$1 WHERE id=$2 AND thread_id=$3 AND creator_id=$4 AND fan_id=$5
2026-10-01T14:13:22.1370363Z  2026-10-01 14:13:02.583 UTC [62] LOG:  checkpoint starting: immediate force wait
2026-10-01T14:13:22.1371395Z  2026-10-01 14:13:02.587 UTC [62] LOG:  checkpoint complete: wrote 72 buffers (0.4%); 0 WAL file(s) added, 0 removed, 1 recycled; write=0.002 s, sync=0.001 s, total=0.004 s; sync files=26, longest=0.001 s, average=0.001 s; distance=14381 kB, estimate=14381 kB; lsn=0/2716050, redo lsn=0/2715FE0
2026-10-01T14:13:22.1372206Z  2026-10-01 14:13:03.425 UTC [217] FATAL:  role "root" does not exist
2026-10-01T14:13:22.1372531Z  2026-10-01 14:13:08.507 UTC [226] FATAL:  role "root" does not exist
2026-10-01T14:13:22.1372836Z  2026-10-01 14:13:13.579 UTC [234] FATAL:  role "root" does not exist
2026-10-01T14:13:22.1373141Z  2026-10-01 14:13:18.635 UTC [242] FATAL:  role "root" does not exist
2026-10-01T14:13:22.1373423Z  This user must also own the server process.
2026-10-01T14:13:22.1373650Z  
2026-10-01T14:13:22.1374182Z  The database cluster will be initialized with locale "en_US.utf8".
2026-10-01T14:13:22.1374552Z  The default database encoding has accordingly been set to "UTF8".
2026-10-01T14:13:22.1374974Z  The default text search configuration will be set to "english".
2026-10-01T14:13:22.1375260Z  
2026-10-01T14:13:22.1375434Z  Data page checksums are disabled.
2026-10-01T14:13:22.1375645Z  
2026-10-01T14:13:22.1375890Z  fixing permissions on existing directory /var/lib/postgresql/data ... ok
2026-10-01T14:13:22.1376214Z  creating subdirectories ... ok
2026-10-01T14:13:22.1376480Z  selecting dynamic shared memory implementation ... posix
2026-10-01T14:13:22.1376767Z  selecting default "max_connections" ... 100
2026-10-01T14:13:22.1377027Z  selecting default "shared_buffers" ... 128MB
2026-10-01T14:13:22.1377272Z  selecting default time zone ... Etc/UTC
2026-10-01T14:13:22.1377503Z  creating configuration files ... ok
2026-10-01T14:13:22.1377738Z  running bootstrap script ... ok
2026-10-01T14:13:22.1377985Z  performing post-bootstrap initialization ... ok
2026-10-01T14:13:22.1378239Z  syncing data to disk ... ok
2026-10-01T14:13:22.1378432Z  
2026-10-01T14:13:22.1378589Z  
2026-10-01T14:13:22.1378785Z  Success. You can now start the database server using:
2026-10-01T14:13:22.1379170Z  
2026-10-01T14:13:22.1379379Z      pg_ctl -D /var/lib/postgresql/data -l logfile start
2026-10-01T14:13:22.1379626Z  
2026-10-01T14:13:22.1380143Z  waiting for server to start....2026-10-01 14:11:38.092 UTC [48] LOG:  starting PostgreSQL 17.11 (Debian 17.11-1.pgdg12+2) on x86_64-pc-linux-gnu, compiled by gcc (Debian 12.2.0-14+deb12u1) 12.2.0, 64-bit
2026-10-01T14:13:22.1380832Z  2026-10-01 14:11:38.092 UTC [48] LOG:  listening on Unix socket "/var/run/postgresql/.s.PGSQL.5432"
2026-10-01T14:13:22.1381287Z  2026-10-01 14:11:38.094 UTC [51] LOG:  database system was shut down at 2026-10-01 14:11:37 UTC
2026-10-01T14:13:22.1381691Z  2026-10-01 14:11:38.098 UTC [48] LOG:  database system is ready to accept connections
2026-10-01T14:13:22.1382001Z   done
2026-10-01T14:13:22.1382170Z  server started
2026-10-01T14:13:22.1382344Z  CREATE DATABASE
2026-10-01T14:13:22.1382513Z  
2026-10-01T14:13:22.1382676Z  
2026-10-01T14:13:22.1382940Z  /usr/local/bin/docker-entrypoint.sh: ignoring /docker-entrypoint-initdb.d/*
2026-10-01T14:13:22.1383256Z  
2026-10-01T14:13:22.1383550Z  waiting for server to shut down...2026-10-01 14:11:38.268 UTC [48] LOG:  received fast shutdown request
2026-10-01T14:13:22.1384130Z  .2026-10-01 14:11:38.269 UTC [48] LOG:  aborting any active transactions
2026-10-01T14:13:22.1384577Z  2026-10-01 14:11:38.270 UTC [48] LOG:  background worker "logical replication launcher" (PID 54) exited with exit code 1
2026-10-01T14:13:22.1384998Z  2026-10-01 14:11:38.270 UTC [49] LOG:  shutting down
2026-10-01T14:13:22.1385310Z  2026-10-01 14:11:38.271 UTC [49] LOG:  checkpoint starting: shutdown immediate
2026-10-01T14:13:22.1386124Z  2026-10-01 14:11:38.359 UTC [49] LOG:  checkpoint complete: wrote 921 buffers (5.6%); 0 WAL file(s) added, 0 removed, 0 recycled; write=0.076 s, sync=0.012 s, total=0.089 s; sync files=301, longest=0.009 s, average=0.001 s; distance=4238 kB, estimate=4238 kB; lsn=0/190A9D0, redo lsn=0/190A9D0
2026-10-01T14:13:22.1386909Z  2026-10-01 14:11:38.365 UTC [48] LOG:  database system is shut down
2026-10-01T14:13:22.1387172Z   done
2026-10-01T14:13:22.1387338Z  server stopped
2026-10-01T14:13:22.1387511Z  
2026-10-01T14:13:22.1387840Z  PostgreSQL init process complete; ready for start up.
2026-10-01T14:13:22.1388092Z  
2026-10-01T14:13:22.1392325Z Stop and remove container: 9843b234823047bbb22b75db7762d268_pgvectorpgvectorpg17_493b9d
2026-10-01T14:13:22.1396085Z ##[command]/usr/bin/docker rm --force d0b582eeadd06a99f2a90fee4952145b486c662f94744dca19e94d7be68700b2
2026-10-01T14:13:22.5130588Z d0b582eeadd06a99f2a90fee4952145b486c662f94744dca19e94d7be68700b2
2026-10-01T14:13:22.5155396Z Remove container network: github_network_2adf565b16af4f22bb300a51b569611a
2026-10-01T14:13:22.5158833Z ##[command]/usr/bin/docker network rm github_network_2adf565b16af4f22bb300a51b569611a
2026-10-01T14:13:22.6012562Z github_network_2adf565b16af4f22bb300a51b569611a
2026-10-01T14:13:22.6072489Z Cleaning up orphan processes
2026-10-01T14:13:22.6379721Z ##[warning]Node.js 20 is deprecated. The following actions target Node.js 20 but are being forced to run on Node.js 24: actions/checkout@11d5960a326750d5838078e36cf38b85af677262, actions/setup-node@49933ea5288caeca8642d1e84afbd3f7d6820020, pnpm/action-setup@f40ffcd9367d9f12939873eb1018b921a783ffaa. For more information see: https://github.blog/changelog/2025-09-19-deprecation-of-node-20-on-github-actions-runners/
