2026-10-01T14:11:33.2814794Z Current runner version: '2.337.0'
2026-10-01T14:11:33.2841036Z ##[group]Runner Image Provisioner
2026-10-01T14:11:33.2841916Z Hosted Compute Agent
2026-10-01T14:11:33.2842835Z Version: 20260901.588
2026-10-01T14:11:33.2843527Z Commit: f88ec8081b781fac6c440065ac7ff9e710ce3d0b
2026-10-01T14:11:33.2844261Z Build Date: 2026-09-01T19:56:44Z
2026-10-01T14:11:33.2845060Z Worker ID: {a8f99836-8305-4407-9e42-7e75a3523872}
2026-10-01T14:11:33.2845776Z Azure Region: westus2
2026-10-01T14:11:33.2846385Z ##[endgroup]
2026-10-01T14:11:33.2847886Z ##[group]Operating System
2026-10-01T14:11:33.2848533Z Ubuntu
2026-10-01T14:11:33.2849165Z 24.04.5
2026-10-01T14:11:33.2849681Z LTS
2026-10-01T14:11:33.2850294Z ##[endgroup]
2026-10-01T14:11:33.2850948Z ##[group]Runner Image
2026-10-01T14:11:33.2851590Z Image: ubuntu-24.04
2026-10-01T14:11:33.2852528Z Version: 20260927.320.1
2026-10-01T14:11:33.2854096Z Included Software: https://github.com/actions/runner-images/blob/ubuntu24/20260927.320/images/ubuntu/Ubuntu2404-Readme.md
2026-10-01T14:11:33.2855826Z Image Release: https://github.com/actions/runner-images/releases/tag/ubuntu24%2F20260927.320
2026-10-01T14:11:33.2856886Z ##[endgroup]
2026-10-01T14:11:33.2858138Z ##[group]GITHUB_TOKEN Permissions
2026-10-01T14:11:33.2860103Z Contents: read
2026-10-01T14:11:33.2860846Z Metadata: read
2026-10-01T14:11:33.2861404Z Packages: read
2026-10-01T14:11:33.2862348Z ##[endgroup]
2026-10-01T14:11:33.2864790Z Secret source: Actions
2026-10-01T14:11:33.2865727Z Cache mode: write
2026-10-01T14:11:33.2866523Z Prepare workflow directory
2026-10-01T14:11:33.3209964Z Prepare all required actions
2026-10-01T14:11:33.3261889Z Getting action download info
2026-10-01T14:11:33.7269681Z Download action repository 'actions/checkout@11d5960a326750d5838078e36cf38b85af677262' (SHA:11d5960a326750d5838078e36cf38b85af677262)
2026-10-01T14:11:33.8394586Z Download action repository 'actions/setup-java@cf277c60eb25467037889841efdb72551f06f6c3' (SHA:cf277c60eb25467037889841efdb72551f06f6c3)
2026-10-01T14:11:34.1775972Z Download action repository 'reactivecircus/android-emulator-runner@a421e43855164a8197daf9d8d40fe71c6996bb0d' (SHA:a421e43855164a8197daf9d8d40fe71c6996bb0d)
2026-10-01T14:11:34.4296929Z Download action repository 'actions/upload-artifact@ea165f8d65b6e75b540449e92b4886f43607fa02' (SHA:ea165f8d65b6e75b540449e92b4886f43607fa02)
2026-10-01T14:11:34.6577818Z Complete job name: android-runtime
2026-10-01T14:11:34.7503358Z ##[group]Run actions/checkout@11d5960a326750d5838078e36cf38b85af677262
2026-10-01T14:11:34.7504724Z with:
2026-10-01T14:11:34.7505454Z   repository: WangPantopus/creator-platform
2026-10-01T14:11:34.7509800Z   token: ***
2026-10-01T14:11:34.7510425Z   ssh-strict: true
2026-10-01T14:11:34.7511025Z   ssh-user: git
2026-10-01T14:11:34.7511610Z   persist-credentials: true
2026-10-01T14:11:34.7512516Z   clean: true
2026-10-01T14:11:34.7513148Z   sparse-checkout-cone-mode: true
2026-10-01T14:11:34.7513889Z   fetch-depth: 1
2026-10-01T14:11:34.7514483Z   fetch-tags: false
2026-10-01T14:11:34.7515069Z   show-progress: true
2026-10-01T14:11:34.7516114Z   lfs: false
2026-10-01T14:11:34.7517024Z   submodules: false
2026-10-01T14:11:34.7517960Z   set-safe-directory: true
2026-10-01T14:11:34.7519196Z   allow-unsafe-pr-checkout: false
2026-10-01T14:11:34.7520854Z ##[endgroup]
2026-10-01T14:11:34.8584808Z Syncing repository: WangPantopus/creator-platform
2026-10-01T14:11:34.8588640Z ##[group]Getting Git version info
2026-10-01T14:11:34.8590338Z Working directory is '/home/runner/work/creator-platform/creator-platform'
2026-10-01T14:11:34.8592994Z [command]/usr/bin/git version
2026-10-01T14:11:34.8630003Z git version 2.55.0
2026-10-01T14:11:34.8735740Z ##[endgroup]
2026-10-01T14:11:34.8747372Z Temporarily overriding HOME='/home/runner/work/_temp/f24c7850-9898-4de7-a833-02e2fc90f118' before making global git config changes
2026-10-01T14:11:34.8750140Z Adding repository directory to the temporary git global config as a safe directory
2026-10-01T14:11:34.8753174Z [command]/usr/bin/git config --global --add safe.directory /home/runner/work/creator-platform/creator-platform
2026-10-01T14:11:34.8757980Z Deleting the contents of '/home/runner/work/creator-platform/creator-platform'
2026-10-01T14:11:34.8760609Z ##[group]Initializing the repository
2026-10-01T14:11:34.8776791Z [command]/usr/bin/git init /home/runner/work/creator-platform/creator-platform
2026-10-01T14:11:34.8892259Z hint: Using 'master' as the name for the initial branch. This default branch name
2026-10-01T14:11:34.8894968Z hint: will change to "main" in Git 3.0. To configure the initial branch name
2026-10-01T14:11:34.8896931Z hint: to use in all of your new repositories, which will suppress this warning,
2026-10-01T14:11:34.8898616Z hint: call:
2026-10-01T14:11:34.8899552Z hint:
2026-10-01T14:11:34.8900682Z hint: 	git config --global init.defaultBranch <name>
2026-10-01T14:11:34.8902276Z hint:
2026-10-01T14:11:34.8903773Z hint: Names commonly chosen instead of 'master' are 'main', 'trunk' and
2026-10-01T14:11:34.8906155Z hint: 'development'. The just-created branch can be renamed via this command:
2026-10-01T14:11:34.8907849Z hint:
2026-10-01T14:11:34.8908924Z hint: 	git branch -m <name>
2026-10-01T14:11:34.8910036Z hint:
2026-10-01T14:11:34.8911350Z hint: Disable this message with "git config set advice.defaultBranchName false"
2026-10-01T14:11:34.8913751Z Initialized empty Git repository in /home/runner/work/creator-platform/creator-platform/.git/
2026-10-01T14:11:34.8917682Z [command]/usr/bin/git remote add origin https://github.com/WangPantopus/creator-platform
2026-10-01T14:11:34.8965312Z ##[endgroup]
2026-10-01T14:11:34.8967111Z ##[group]Disabling automatic garbage collection
2026-10-01T14:11:34.8969745Z [command]/usr/bin/git config --local gc.auto 0
2026-10-01T14:11:34.9006403Z ##[endgroup]
2026-10-01T14:11:34.9007976Z ##[group]Setting up auth
2026-10-01T14:11:34.9015595Z [command]/usr/bin/git config --local --name-only --get-regexp core\.sshCommand
2026-10-01T14:11:34.9061895Z [command]/usr/bin/git submodule foreach --recursive sh -c "git config --local --name-only --get-regexp 'core\.sshCommand' && git config --local --unset-all 'core.sshCommand' || :"
2026-10-01T14:11:34.9443965Z [command]/usr/bin/git config --local --name-only --get-regexp http\.https\:\/\/github\.com\/\.extraheader
2026-10-01T14:11:34.9485435Z [command]/usr/bin/git submodule foreach --recursive sh -c "git config --local --name-only --get-regexp 'http\.https\:\/\/github\.com\/\.extraheader' && git config --local --unset-all 'http.https://github.com/.extraheader' || :"
2026-10-01T14:11:34.9720665Z [command]/usr/bin/git config --local --name-only --get-regexp ^includeIf\.gitdir:
2026-10-01T14:11:34.9758557Z [command]/usr/bin/git submodule foreach --recursive git config --local --show-origin --name-only --get-regexp remote.origin.url
2026-10-01T14:11:34.9988548Z [command]/usr/bin/git config --local http.https://github.com/.extraheader AUTHORIZATION: basic ***
2026-10-01T14:11:35.0033748Z ##[endgroup]
2026-10-01T14:11:35.0035940Z ##[group]Fetching the repository
2026-10-01T14:11:35.0045214Z [command]/usr/bin/git -c protocol.version=2 fetch --no-tags --prune --no-recurse-submodules --depth=1 origin +0e733115d65ee9e531e90d56160332cb2d78394f:refs/remotes/pull/36/merge
2026-10-01T14:11:38.5667947Z From https://github.com/WangPantopus/creator-platform
2026-10-01T14:11:38.5669542Z  * [new ref]         0e733115d65ee9e531e90d56160332cb2d78394f -> pull/36/merge
2026-10-01T14:11:38.5673143Z ##[endgroup]
2026-10-01T14:11:38.5674048Z ##[group]Determining the checkout info
2026-10-01T14:11:38.5676262Z ##[endgroup]
2026-10-01T14:11:38.5684173Z [command]/usr/bin/git sparse-checkout disable
2026-10-01T14:11:38.5744289Z [command]/usr/bin/git config --local --unset-all extensions.worktreeConfig
2026-10-01T14:11:38.5814457Z ##[group]Checking out the ref
2026-10-01T14:11:38.5819883Z [command]/usr/bin/git checkout --progress --force refs/remotes/pull/36/merge
2026-10-01T14:11:39.3046087Z Note: switching to 'refs/remotes/pull/36/merge'.
2026-10-01T14:11:39.3046817Z 
2026-10-01T14:11:39.3047409Z You are in 'detached HEAD' state. You can look around, make experimental
2026-10-01T14:11:39.3048799Z changes and commit them, and you can discard any commits you make in this
2026-10-01T14:11:39.3049625Z state without impacting any branches by switching back to a branch.
2026-10-01T14:11:39.3050216Z 
2026-10-01T14:11:39.3050581Z If you want to create a new branch to retain commits you create, you may
2026-10-01T14:11:39.3051347Z do so (now or later) by using -c with the switch command. Example:
2026-10-01T14:11:39.3051780Z 
2026-10-01T14:11:39.3052273Z   git switch -c <new-branch-name>
2026-10-01T14:11:39.3052614Z 
2026-10-01T14:11:39.3052790Z Or undo this operation with:
2026-10-01T14:11:39.3053063Z 
2026-10-01T14:11:39.3053207Z   git switch -
2026-10-01T14:11:39.3053428Z 
2026-10-01T14:11:39.3053778Z Turn off this advice by setting config variable advice.detachedHead to false
2026-10-01T14:11:39.3054305Z 
2026-10-01T14:11:39.3054882Z HEAD is now at 0e73311 Merge 438ab04a0d1e88e7150beb71cac9191a043e340e into 4c2ea26867d27ba7466e0ac7446216fe0a49b24f
2026-10-01T14:11:39.3079252Z ##[endgroup]
2026-10-01T14:11:39.3128344Z [command]/usr/bin/git log -1 --format=%H
2026-10-01T14:11:39.3157617Z 0e733115d65ee9e531e90d56160332cb2d78394f
2026-10-01T14:11:39.3467666Z ##[group]Run actions/setup-java@cf277c60eb25467037889841efdb72551f06f6c3
2026-10-01T14:11:39.3468101Z with:
2026-10-01T14:11:39.3468329Z   distribution: temurin
2026-10-01T14:11:39.3468563Z   java-version: 21
2026-10-01T14:11:39.3468784Z   java-package: jdk
2026-10-01T14:11:39.3469015Z   check-latest: false
2026-10-01T14:11:39.3469235Z   server-id: github
2026-10-01T14:11:39.3469479Z   server-username: GITHUB_ACTOR
2026-10-01T14:11:39.3469743Z   server-password: GITHUB_TOKEN
2026-10-01T14:11:39.3470004Z   overwrite-settings: true
2026-10-01T14:11:39.3470244Z   job-status: success
2026-10-01T14:11:39.3472931Z   token: ***
2026-10-01T14:11:39.3473165Z ##[endgroup]
2026-10-01T14:11:39.5139018Z ##[warning]setup-java v4 is deprecated and will no longer receive updates. Please migrate to actions/setup-java@v5.
2026-10-01T14:11:39.5151665Z ##[group]Installed distributions
2026-10-01T14:11:39.5239071Z Resolved Java 21.0.12+1 from tool-cache
2026-10-01T14:11:39.5239782Z Setting Java 21.0.12+1 as the default
2026-10-01T14:11:39.5250324Z (node:2450) [DEP0040] DeprecationWarning: The `punycode` module is deprecated. Please use a userland alternative instead.
2026-10-01T14:11:39.5251276Z (Use `node --trace-deprecation ...` to show where the warning was created)
2026-10-01T14:11:39.5254429Z Creating toolchains.xml for JDK version 21 from temurin
2026-10-01T14:11:39.5333781Z Writing to /home/runner/.m2/toolchains.xml
2026-10-01T14:11:39.5334474Z 
2026-10-01T14:11:39.5334717Z Java configuration:
2026-10-01T14:11:39.5335187Z   Distribution: temurin
2026-10-01T14:11:39.5335633Z   Version: 21.0.12+1
2026-10-01T14:11:39.5336254Z   Path: /opt/hostedtoolcache/Java_Temurin-Hotspot_jdk/21.0.12-1/x64
2026-10-01T14:11:39.5336834Z 
2026-10-01T14:11:39.5337353Z ##[endgroup]
2026-10-01T14:11:39.5362224Z Creating settings.xml with server-id: github
2026-10-01T14:11:39.5382570Z Writing to /home/runner/.m2/settings.xml
2026-10-01T14:11:39.5558685Z ##[group]Run echo 'KERNEL=="kvm", GROUP="kvm", MODE="0666", OPTIONS+="static_node=kvm"' | sudo tee /etc/udev/rules.d/99-kvm4all.rules
2026-10-01T14:11:39.5559676Z [36;1mecho 'KERNEL=="kvm", GROUP="kvm", MODE="0666", OPTIONS+="static_node=kvm"' | sudo tee /etc/udev/rules.d/99-kvm4all.rules[0m
2026-10-01T14:11:39.5560310Z [36;1msudo udevadm control --reload-rules[0m
2026-10-01T14:11:39.5560658Z [36;1msudo udevadm trigger --name-match=kvm[0m
2026-10-01T14:11:39.5894075Z shell: /usr/bin/bash -e {0}
2026-10-01T14:11:39.5894417Z env:
2026-10-01T14:11:39.5894771Z   JAVA_HOME: /opt/hostedtoolcache/Java_Temurin-Hotspot_jdk/21.0.12-1/x64
2026-10-01T14:11:39.5895325Z   JAVA_HOME_21_X64: /opt/hostedtoolcache/Java_Temurin-Hotspot_jdk/21.0.12-1/x64
2026-10-01T14:11:39.5895757Z ##[endgroup]
2026-10-01T14:11:39.6085712Z KERNEL=="kvm", GROUP="kvm", MODE="0666", OPTIONS+="static_node=kvm"
2026-10-01T14:11:39.6523675Z ##[group]Run reactivecircus/android-emulator-runner@a421e43855164a8197daf9d8d40fe71c6996bb0d
2026-10-01T14:11:39.6524199Z with:
2026-10-01T14:11:39.6524411Z   api-level: 34
2026-10-01T14:11:39.6524622Z   arch: x86_64
2026-10-01T14:11:39.6524948Z   script: cd apps/android && ./gradlew :app:connectedDebugAndroidTest
2026-10-01T14:11:39.6525325Z   target: default
2026-10-01T14:11:39.6525531Z   cores: 2
2026-10-01T14:11:39.6525719Z   avd-name: test
2026-10-01T14:11:39.6525939Z   force-avd-creation: true
2026-10-01T14:11:39.6526193Z   emulator-boot-timeout: 600
2026-10-01T14:11:39.6526444Z   emulator-port: 5554
2026-10-01T14:11:39.6526904Z   emulator-options: -no-window -gpu swiftshader_indirect -no-snapshot -noaudio -no-boot-anim
2026-10-01T14:11:39.6527373Z   disable-animations: true
2026-10-01T14:11:39.6527625Z   disable-spellchecker: false
2026-10-01T14:11:39.6527892Z   disable-linux-hw-accel: auto
2026-10-01T14:11:39.6528152Z   enable-hw-keyboard: false
2026-10-01T14:11:39.6528423Z   channel: stable
2026-10-01T14:11:39.6528637Z env:
2026-10-01T14:11:39.6528940Z   JAVA_HOME: /opt/hostedtoolcache/Java_Temurin-Hotspot_jdk/21.0.12-1/x64
2026-10-01T14:11:39.6529436Z   JAVA_HOME_21_X64: /opt/hostedtoolcache/Java_Temurin-Hotspot_jdk/21.0.12-1/x64
2026-10-01T14:11:39.6529822Z ##[endgroup]
2026-10-01T14:11:39.7163601Z ##[group]Configure emulator
2026-10-01T14:11:39.7166361Z API level: 34
2026-10-01T14:11:39.7166894Z System image API level: 34
2026-10-01T14:11:39.7167388Z target: default
2026-10-01T14:11:39.7168075Z CPU architecture: x86_64
2026-10-01T14:11:39.7180129Z Hardware profile: 
2026-10-01T14:11:39.7180553Z Cores: 2
2026-10-01T14:11:39.7180772Z RAM size: 
2026-10-01T14:11:39.7180979Z Heap size: 
2026-10-01T14:11:39.7181320Z SD card path or size: 
2026-10-01T14:11:39.7181724Z Disk size: 
2026-10-01T14:11:39.7182455Z AVD name: test
2026-10-01T14:11:39.7182901Z force avd creation: true
2026-10-01T14:11:39.7183234Z Emulator boot timeout: 600
2026-10-01T14:11:39.7183532Z emulator port: 5554
2026-10-01T14:11:39.7183974Z emulator options: -no-window -gpu swiftshader_indirect -no-snapshot -noaudio -no-boot-anim
2026-10-01T14:11:39.7184440Z disable animations: true
2026-10-01T14:11:39.7184690Z disable spellchecker: false
2026-10-01T14:11:39.7184971Z disable Linux hardware acceleration: false
2026-10-01T14:11:39.7185269Z enable hardware keyboard: false
2026-10-01T14:11:39.7185518Z Channel: 0 (stable)
2026-10-01T14:11:39.7185723Z Script:
2026-10-01T14:11:39.7185993Z cd apps/android && ./gradlew :app:connectedDebugAndroidTest
2026-10-01T14:11:39.7186358Z Pre emulator launch script:
2026-10-01T14:11:39.7186869Z ##[endgroup]
2026-10-01T14:11:39.7187246Z ##[group]Install Android SDK
2026-10-01T14:11:39.7446819Z [command]/usr/bin/sh -c \yes | sdkmanager --licenses > /dev/null
2026-10-01T14:11:50.8331319Z Installing latest build tools, platform tools, and platform.
2026-10-01T14:11:50.8346347Z [command]/usr/bin/sh -c \sdkmanager --install 'build-tools;37.0.0' platform-tools 'platforms;android-34'> /dev/null
2026-10-01T14:11:52.4906218Z Installing latest emulator.
2026-10-01T14:11:52.4920139Z [command]/usr/bin/sh -c \sdkmanager --install emulator --channel=0 > /dev/null
2026-10-01T14:12:01.6370547Z Installing system images.
2026-10-01T14:12:01.6384964Z [command]/usr/bin/sh -c \sdkmanager --install 'system-images;android-34;default;x86_64' --channel=0 > /dev/null
2026-10-01T14:12:15.8310506Z ##[endgroup]
2026-10-01T14:12:15.8311375Z ##[group]Create AVD
2026-10-01T14:12:15.8311869Z Creating AVD.
2026-10-01T14:12:15.8366287Z [command]/usr/bin/sh -c \echo no | avdmanager create avd --force -n test --package 'system-images;android-34;default;x86_64'
2026-10-01T14:12:16.6601270Z Loading local repository...                                                     
2026-10-01T14:12:16.6602415Z [=========                              ] 25% Loading local repository...       
2026-10-01T14:12:16.6603208Z [=========                              ] 25% Fetch remote repository...        
2026-10-01T14:12:16.6604646Z [=======================================] 100% Fetch remote repository...       
2026-10-01T14:12:16.9070972Z Auto-selecting single ABI x86_64
2026-10-01T14:12:16.9594115Z Do you wish to create a custom hardware profile? [no] [command]/usr/bin/sh -c \printf 'hw.cpu.ncore=2\n' >> /home/runner/.android/avd/test.avd/config.ini
2026-10-01T14:12:16.9617573Z ##[endgroup]
2026-10-01T14:12:16.9619713Z ##[group]Launch Emulator
2026-10-01T14:12:16.9620488Z Starting emulator.
2026-10-01T14:12:16.9638547Z [command]/usr/bin/sh -c \/usr/local/lib/android/sdk/emulator/emulator -port 5554 -avd test -no-window -gpu swiftshader_indirect -no-snapshot -noaudio -no-boot-anim &
2026-10-01T14:12:16.9761583Z INFO         | Android emulator version 37.1.11.0 (build_id 15917651) (CL:N/A)
2026-10-01T14:12:16.9762646Z INFO         | Graphics backend: gfxstream
2026-10-01T14:12:16.9763631Z INFO         | Found systemPath /usr/local/lib/android/sdk/system-images/android-34/default/x86_64/
2026-10-01T14:12:17.0221250Z INFO         | Saving last run QEMU version for the AVD to 2
2026-10-01T14:12:17.0221896Z INFO         | Increasing RAM size to 2560MB
2026-10-01T14:12:17.0245771Z ##############################################################################
2026-10-01T14:12:17.0246489Z ##                        WARNING - ACTION REQUIRED                         ##
2026-10-01T14:12:17.0247256Z ##  Consider using the '-metrics-collection' flag to help improve the       ##
2026-10-01T14:12:17.0248074Z ##  emulator by sending anonymized usage data. Or use the '-no-metrics'     ##
2026-10-01T14:12:17.0248958Z ##  flag to bypass this warning and turn off the metrics collection.        ##
2026-10-01T14:12:17.0249806Z ##  In a future release this warning will turn into a one-time blocking     ##
2026-10-01T14:12:17.0250632Z ##  prompt to ask for explicit user input regarding metrics collection.     ##
2026-10-01T14:12:17.0251402Z ##                                                                          ##
2026-10-01T14:12:17.0252525Z ##  Please see '-help-metrics-collection' for more details. You can use     ##
2026-10-01T14:12:17.0253565Z ##  '-metrics-to-file' or '-metrics-to-console' flags to see what type of   ##
2026-10-01T14:12:17.0254590Z ##  data is being collected by emulator as part of usage statistics.        ##
2026-10-01T14:12:17.0255492Z ##############################################################################
2026-10-01T14:12:17.0256262Z INFO         | Guest GLES Driver: Auto (ext controls)
2026-10-01T14:12:17.0257284Z INFO         | emuglConfig_init: vulkan_mode_selected:swiftshader gles_mode_selected:swiftshader
2026-10-01T14:12:17.0258234Z INFO         | Checking system compatibility:
2026-10-01T14:12:17.0258887Z INFO         |   Checking: hasSufficientDiskSpace
2026-10-01T14:12:17.0259590Z INFO         |      Ok: Disk space requirements to run avd: `test` are met
2026-10-01T14:12:17.0260307Z INFO         |   Checking: hasSufficientHwGpu
2026-10-01T14:12:17.0260999Z INFO         |      Ok: Hardware GPU compatibility checks are not required
2026-10-01T14:12:17.0261691Z INFO         |   Checking: hasSufficientSystem
2026-10-01T14:12:17.0262652Z INFO         |      Ok: System requirements to run avd: `test` are met
2026-10-01T14:12:17.0264151Z WARNING      | Feature QuickbootFileBacked is disabled due to stability issues, if you really want that, the environment variable ANDROID_EMU_FORCE_QUICKBOOT_FILE_BACKED need to set to 1
2026-10-01T14:12:18.1787638Z ERROR        | Unable to connect to adb daemon on port: 5037
2026-10-01T14:12:18.1789440Z INFO         | Storing crashdata in: /tmp/android-runner/emu-crash-37.1.11.db, detection is enabled for process: 2783
2026-10-01T14:12:18.1790479Z INFO         | Initializing gfxstream backend
2026-10-01T14:12:18.1798986Z INFO         | startOpenglesRendererImpl: gpu info
2026-10-01T14:12:18.1799884Z INFO         | 
2026-10-01T14:12:18.1802103Z INFO         | initIcdPaths: ICD set to 'swiftshader', using Swiftshader ICD
2026-10-01T14:12:18.1804228Z INFO         | Setting ICD filenames for the loader = /usr/local/lib/android/sdk/emulator/lib64/vulkan/vk_swiftshader_icd.json
2026-10-01T14:12:18.1806637Z INFO         | SharedLibrary::open for [/usr/local/lib/android/sdk/emulator/qemu/linux-x86_64/lib64/vulkan/libvulkan.so]
2026-10-01T14:12:18.1808833Z INFO         | SharedLibrary::open for [/usr/local/lib/android/sdk/emulator/qemu/linux-x86_64/lib64/vulkan/libvulkan.so.1]
2026-10-01T14:12:18.1810507Z INFO         | SharedLibrary::open for [/usr/local/lib/android/sdk/emulator/lib64/vulkan/libvulkan.so]
2026-10-01T14:12:18.1811829Z INFO         | Added library: /usr/local/lib/android/sdk/emulator/lib64/vulkan/libvulkan.so
2026-10-01T14:12:18.1869545Z INFO         | Selecting Vulkan device: SwiftShader Device (Subzero), Version: 1.3.0
2026-10-01T14:12:18.1870899Z INFO         | Using Vulkan externalMemoryMode: OpaqueFd for VkEmulation
2026-10-01T14:12:18.2039966Z INFO         | SharedLibrary::open for [libX11]
2026-10-01T14:12:18.2041154Z WARNING      | Could not open libX11.so, try libX11.so.6
2026-10-01T14:12:18.2042678Z INFO         | SharedLibrary::open for [libX11.so.6]
2026-10-01T14:12:18.2043441Z INFO         | SharedLibrary::open for [libX11-xcb]
2026-10-01T14:12:18.2044192Z WARNING      | Could not open libX11-xcb.so, try libX11-xcb.so.1
2026-10-01T14:12:18.2044977Z INFO         | SharedLibrary::open for [libX11-xcb.so.1]
2026-10-01T14:12:18.2094400Z INFO         | Initializing VkEmulation features:
2026-10-01T14:12:18.2097148Z INFO         |     glInteropSupported: false
2026-10-01T14:12:18.2098201Z INFO         |     useDeferredCommands: true
2026-10-01T14:12:18.2099362Z INFO         |     createResourceWithRequirements: true
2026-10-01T14:12:18.2100154Z INFO         |     useVulkanComposition: false
2026-10-01T14:12:18.2100757Z INFO         |     useVulkanNativeSwapchain: false
2026-10-01T14:12:18.2101519Z INFO         |     enable guestRenderDoc: false
2026-10-01T14:12:18.2102597Z INFO         |     ASTC LDR emulation mode: Gpu
2026-10-01T14:12:18.2107496Z INFO         |     enable ETC2 emulation: true
2026-10-01T14:12:18.2108689Z INFO         |     enable Ycbcr emulation: false
2026-10-01T14:12:18.2109776Z INFO         |     guestVulkanOnly: false
2026-10-01T14:12:18.2110516Z INFO         |     useDedicatedAllocations: false
2026-10-01T14:12:18.2111309Z INFO         |     guestVulkanMaxApiVersion: 1.3.0
2026-10-01T14:12:18.2112464Z INFO         |     enableProtectedMemoryEmulation: false
2026-10-01T14:12:18.2113436Z INFO         | Graphics Adapter Vendor Google (Google Inc.)
2026-10-01T14:12:18.2114563Z INFO         | Graphics Adapter Android Emulator OpenGL ES Translator (Google SwiftShader)
2026-10-01T14:12:18.2115644Z INFO         | Graphics API Version OpenGL ES 3.0 (OpenGL ES 3.0 SwiftShader 4.0.0.1)
2026-10-01T14:12:18.2118708Z INFO         | Graphics API Extensions GL_OES_EGL_sync GL_OES_EGL_image GL_OES_EGL_image_external GL_OES_depth24 GL_OES_depth32 GL_OES_element_index_uint GL_OES_texture_float GL_OES_texture_float_linear GL_OES_compressed_paletted_texture GL_OES_compressed_ETC1_RGB8_texture GL_OES_depth_texture GL_OES_texture_half_float GL_OES_texture_half_float_linear GL_OES_packed_depth_stencil GL_OES_vertex_half_float GL_OES_standard_derivatives GL_OES_texture_npot GL_OES_rgb8_rgba8 GL_EXT_color_buffer_float GL_EXT_color_buffer_half_float GL_EXT_texture_format_BGRA8888 GL_APPLE_texture_format_BGRA8888 
2026-10-01T14:12:18.2121573Z INFO         | Graphics Device Extensions N/A
2026-10-01T14:12:18.2122232Z INFO         | Disabling sparse binding feature support
2026-10-01T14:12:18.2159766Z INFO         | Sending adb public key [QAAAAANSiUNVl1ghDuduPSEQupCogBLps8khxIOLB7IE2U9uSYeDJTY8FNe2NAZP94Hvo/w6Keksl5FA/J+4IbLwbxY3I3s+gcnAYNaMLGuxQt/sPiyeZaSP78CiCgwLz6/BgMfbIqFz/3d2Ca4F+gD11knvyFsuEHeBpwJlNFlabtMIkDCfaxxAKvMBbMfVqf1OOC7ORzE/S2hfRJhiXo41vmY3BoGcizLuaXjkf19I6/iaoUaqtXSo+a74vTEwkwImydb3CD4ATQiKgJ7vp9XIJChjUaJC1on2+5Ta0vlDf1jsZehXrgEZ5j/jIbxsqK8TiFC2PIOIA8STLQ+kVT83v6+zI/7WslmOODwQ1pX38gJ5n4ewUsWsWp+mjB9pv9xzTAS5a9uvDjByqZvTnegfZVYGvQwkIecsZaJsGWiaqouTHRkpuHy5RltvNAF/l6QSpmkd1IjNjI2YhjpiLgwKJItJUh7beQOFxoLekes52ouUhEmHIn8NxXkD2Am16rGDWAItKwUYWNpEQ9wn5jELNcwFUXdd5mOFg5vccFr3Bnm2/xmxk0Z4cqX4tYCV4CXJ0FuJwkwomD5npZF0YcaXmQED8YMCVTJvjIYizVfWsrpQSRd2TEcBKbWnmd/E982AxAR0eSdxaCDrtCAbKGicbXFR15elHckv3I3XTpljHCpECzguYwEAAQA= runner@unknown]
2026-10-01T14:12:18.2165895Z INFO         | Userspace boot properties:
2026-10-01T14:12:18.2166414Z INFO         |   androidboot.boot_devices=pci0000:00/0000:00:03.0 pci0000:00/0000:00:06.0
2026-10-01T14:12:18.2166972Z INFO         |   androidboot.dalvik.vm.heapsize=576m
2026-10-01T14:12:18.2167409Z INFO         |   androidboot.debug.hwui.renderer=skiagl
2026-10-01T14:12:18.2167851Z INFO         |   androidboot.debug.sf.nobootanimation=1
2026-10-01T14:12:18.2168264Z INFO         |   androidboot.hardware=ranchu
2026-10-01T14:12:18.2168674Z INFO         |   androidboot.hardware.gltransport=pipe
2026-10-01T14:12:18.2169104Z INFO         |   androidboot.hardware.vulkan=ranchu
2026-10-01T14:12:18.2169490Z INFO         |   androidboot.logcat=*:V
2026-10-01T14:12:18.2169864Z INFO         |   androidboot.opengles.version=196608
2026-10-01T14:12:18.2170188Z INFO         |   androidboot.qemu=1
2026-10-01T14:12:18.2174046Z INFO         |   androidboot.qemu.adb.pubkey=QAAAAANSiUNVl1ghDuduPSEQupCogBLps8khxIOLB7IE2U9uSYeDJTY8FNe2NAZP94Hvo/w6Keksl5FA/J+4IbLwbxY3I3s+gcnAYNaMLGuxQt/sPiyeZaSP78CiCgwLz6/BgMfbIqFz/3d2Ca4F+gD11knvyFsuEHeBpwJlNFlabtMIkDCfaxxAKvMBbMfVqf1OOC7ORzE/S2hfRJhiXo41vmY3BoGcizLuaXjkf19I6/iaoUaqtXSo+a74vTEwkwImydb3CD4ATQiKgJ7vp9XIJChjUaJC1on2+5Ta0vlDf1jsZehXrgEZ5j/jIbxsqK8TiFC2PIOIA8STLQ+kVT83v6+zI/7WslmOODwQ1pX38gJ5n4ewUsWsWp+mjB9pv9xzTAS5a9uvDjByqZvTnegfZVYGvQwkIecsZaJsGWiaqouTHRkpuHy5RltvNAF/l6QSpmkd1IjNjI2YhjpiLgwKJItJUh7beQOFxoLekes52ouUhEmHIn8NxXkD2Am16rGDWAItKwUYWNpEQ9wn5jELNcwFUXdd5mOFg5vccFr3Bnm2/xmxk0Z4cqX4tYCV4CXJ0FuJwkwomD5npZF0YcaXmQED8YMCVTJvjIYizVfWsrpQSRd2TEcBKbWnmd/E982AxAR0eSdxaCDrtCAbKGicbXFR15elHckv3I3XTpljHCpECzguYwEAAQA= runner@unknown
2026-10-01T14:12:18.2177684Z INFO         |   androidboot.qemu.avd_name=test
2026-10-01T14:12:18.2178056Z INFO         |   androidboot.qemu.camera_hq_edge_processing=0
2026-10-01T14:12:18.2178432Z INFO         |   androidboot.qemu.camera_protocol_ver=1
2026-10-01T14:12:18.2178801Z INFO         |   androidboot.qemu.cpuvulkan.version=4206592
2026-10-01T14:12:18.2179216Z INFO         |   androidboot.qemu.gltransport.drawFlushInterval=800
2026-10-01T14:12:18.2179627Z INFO         |   androidboot.qemu.gltransport.name=pipe
2026-10-01T14:12:18.2179980Z INFO         |   androidboot.qemu.hwcodec.avcdec=2
2026-10-01T14:12:18.2180327Z INFO         |   androidboot.qemu.hwcodec.hevcdec=2
2026-10-01T14:12:18.2180678Z INFO         |   androidboot.qemu.hwcodec.vpxdec=2
2026-10-01T14:12:18.2181103Z INFO         |   androidboot.qemu.settings.system.screen_off_timeout=2147483647
2026-10-01T14:12:18.2181537Z INFO         |   androidboot.qemu.skin=320x640
2026-10-01T14:12:18.2181856Z INFO         |   androidboot.qemu.virtiowifi=1
2026-10-01T14:12:18.2182676Z INFO         |   androidboot.qemu.vsync=60
2026-10-01T14:12:18.2183084Z INFO         |   androidboot.serialno=EMULATOR37X1X11X0
2026-10-01T14:12:18.2183650Z INFO         |   androidboot.vbmeta.digest=8bee4f6105b6acd7de887b1ee6629ab07066df02ee9bbca07663adffdad97fc1
2026-10-01T14:12:18.2184213Z INFO         |   androidboot.vbmeta.hash_alg=sha256
2026-10-01T14:12:18.2184544Z INFO         |   androidboot.vbmeta.size=6656
2026-10-01T14:12:18.2184867Z INFO         |   androidboot.veritymode=enforcing
2026-10-01T14:12:18.2329421Z WARNING: cannnot unmap ptr 0x7f9386a01000 as it is in the protected range from 0x7f92e6a00000 to 0x7f9386c00000
2026-10-01T14:12:18.2523682Z INFO         | Monitoring duration of emulator setup.
2026-10-01T14:12:21.2632989Z INFO         | Activated packet streamer for bluetooth emulation
2026-10-01T14:12:21.2635847Z INFO         | Successfully initialized netsim WiFi
2026-10-01T14:12:21.2694583Z INFO         | Setting display: 0 configuration to: 320x640, dpi: 160x160 
2026-10-01T14:12:21.2695372Z INFO         | setDisplayActiveConfig: id:0, 320x640
2026-10-01T14:12:21.2696568Z INFO         | emulatorSetupEnvironment: Environment scene is not required
2026-10-01T14:12:21.2778514Z USER_INFO    | Emulator is performing a full startup. This may take upto two minutes, or more.
2026-10-01T14:12:21.2780921Z WARNING      | Failed to process .ini file /home/runner/.android/emu-update-last-check.ini for reading.
2026-10-01T14:12:21.3902745Z WARNING      | Failed to process .ini file /home/runner/.android/emu-update-last-check.ini for reading.
2026-10-01T14:12:26.9685196Z [command]/usr/local/lib/android/sdk/platform-tools/adb -s emulator-5554 shell getprop sys.boot_completed
2026-10-01T14:12:26.9716688Z * daemon not running; starting now at tcp:5037
2026-10-01T14:12:27.2883799Z * daemon started successfully
2026-10-01T14:12:27.2884388Z adb: device offline
2026-10-01T14:12:27.2893441Z The process '/usr/local/lib/android/sdk/platform-tools/adb' failed with exit code 1
2026-10-01T14:12:29.2926031Z [command]/usr/local/lib/android/sdk/platform-tools/adb -s emulator-5554 shell getprop sys.boot_completed
2026-10-01T14:12:29.2982843Z adb: device offline
2026-10-01T14:12:29.3003290Z The process '/usr/local/lib/android/sdk/platform-tools/adb' failed with exit code 1
2026-10-01T14:12:31.3021457Z [command]/usr/local/lib/android/sdk/platform-tools/adb -s emulator-5554 shell getprop sys.boot_completed
2026-10-01T14:12:31.3061329Z adb: device offline
2026-10-01T14:12:31.3067161Z The process '/usr/local/lib/android/sdk/platform-tools/adb' failed with exit code 1
2026-10-01T14:12:33.3133964Z [command]/usr/local/lib/android/sdk/platform-tools/adb -s emulator-5554 shell getprop sys.boot_completed
2026-10-01T14:12:33.4249840Z 
2026-10-01T14:12:35.4336645Z [command]/usr/local/lib/android/sdk/platform-tools/adb -s emulator-5554 shell getprop sys.boot_completed
2026-10-01T14:12:35.4546729Z 
2026-10-01T14:12:37.4590967Z [command]/usr/local/lib/android/sdk/platform-tools/adb -s emulator-5554 shell getprop sys.boot_completed
2026-10-01T14:12:37.4829793Z 
2026-10-01T14:12:39.4916280Z [command]/usr/local/lib/android/sdk/platform-tools/adb -s emulator-5554 shell getprop sys.boot_completed
2026-10-01T14:12:39.5192468Z 
2026-10-01T14:12:41.5241207Z [command]/usr/local/lib/android/sdk/platform-tools/adb -s emulator-5554 shell getprop sys.boot_completed
2026-10-01T14:12:41.5502971Z 
2026-10-01T14:12:43.5573684Z [command]/usr/local/lib/android/sdk/platform-tools/adb -s emulator-5554 shell getprop sys.boot_completed
2026-10-01T14:12:43.5915773Z 
2026-10-01T14:12:45.5943697Z [command]/usr/local/lib/android/sdk/platform-tools/adb -s emulator-5554 shell getprop sys.boot_completed
2026-10-01T14:12:45.6144081Z 
2026-10-01T14:12:47.6203534Z [command]/usr/local/lib/android/sdk/platform-tools/adb -s emulator-5554 shell getprop sys.boot_completed
2026-10-01T14:12:47.6748524Z 
2026-10-01T14:12:48.4413258Z INFO         | Boot completed in 31437 ms
2026-10-01T14:12:48.4424511Z INFO         | Increasing screen off timeout, logcat buffer size to 2M.
2026-10-01T14:12:49.6870532Z [command]/usr/local/lib/android/sdk/platform-tools/adb -s emulator-5554 shell getprop sys.boot_completed
2026-10-01T14:12:49.7346150Z 1
2026-10-01T14:12:49.7372864Z Emulator booted.
2026-10-01T14:12:49.7403335Z [command]/usr/local/lib/android/sdk/platform-tools/adb -s emulator-5554 shell input keyevent 82
2026-10-01T14:12:51.1698894Z Disabling animations.
2026-10-01T14:12:51.1749466Z [command]/usr/local/lib/android/sdk/platform-tools/adb -s emulator-5554 shell settings put global window_animation_scale 0.0
2026-10-01T14:12:51.2526430Z [command]/usr/local/lib/android/sdk/platform-tools/adb -s emulator-5554 shell settings put global transition_animation_scale 0.0
2026-10-01T14:12:51.3324239Z [command]/usr/local/lib/android/sdk/platform-tools/adb -s emulator-5554 shell settings put global animator_duration_scale 0.0
2026-10-01T14:12:51.3998662Z ##[endgroup]
2026-10-01T14:12:51.4056708Z [command]/usr/bin/sh -c cd apps/android && ./gradlew :app:connectedDebugAndroidTest
2026-10-01T14:12:51.6453815Z Downloading https://services.gradle.org/distributions/gradle-8.9-bin.zip
2026-10-01T14:12:53.8591190Z ............10%.............20%.............30%.............40%.............50%.............60%.............70%.............80%.............90%.............100%
2026-10-01T14:12:55.3943170Z 
2026-10-01T14:12:55.3954256Z Welcome to Gradle 8.9!
2026-10-01T14:12:55.3955639Z 
2026-10-01T14:12:55.3956164Z Here are the highlights of this release:
2026-10-01T14:12:55.3958865Z  - Enhanced Error and Warning Messages
2026-10-01T14:12:55.3961740Z  - IDE Integration Improvements
2026-10-01T14:12:55.3963516Z  - Daemon JVM Information
2026-10-01T14:12:55.3965805Z 
2026-10-01T14:12:55.3966494Z For more details see https://docs.gradle.org/8.9/release-notes.html
2026-10-01T14:12:55.3969325Z 
2026-10-01T14:12:55.7903402Z Starting a Gradle Daemon (subsequent builds will be faster)
2026-10-01T14:13:59.3975935Z > Task :app:checkKotlinGradlePluginConfigurationErrors SKIPPED
2026-10-01T14:13:59.4002668Z > Task :app:preBuild UP-TO-DATE
2026-10-01T14:13:59.4032557Z > Task :app:preDebugBuild UP-TO-DATE
2026-10-01T14:13:59.5881587Z > Task :app:generateDebugBuildConfig
2026-10-01T14:14:06.4903255Z > Task :app:generateDebugResValues
2026-10-01T14:14:06.5897544Z > Task :app:checkDebugAarMetadata
2026-10-01T14:14:06.5898269Z > Task :app:mapDebugSourceSetPaths
2026-10-01T14:14:06.5901693Z > Task :app:generateDebugResources
2026-10-01T14:14:07.9877034Z > Task :app:packageDebugResources
2026-10-01T14:14:08.8875401Z > Task :app:mergeDebugResources
2026-10-01T14:14:10.7903501Z > Task :app:createDebugCompatibleScreenManifests
2026-10-01T14:14:10.7923140Z > Task :app:extractDeepLinksDebug
2026-10-01T14:14:10.8902568Z > Task :app:parseDebugLocalResources
2026-10-01T14:14:11.3876520Z > Task :app:processDebugMainManifest
2026-10-01T14:14:11.4883479Z > Task :app:processDebugManifest
2026-10-01T14:14:11.4884090Z > Task :app:processDebugManifestForPackage
2026-10-01T14:14:11.4884642Z > Task :app:javaPreCompileDebug
2026-10-01T14:14:12.5903410Z > Task :app:preDebugAndroidTestBuild SKIPPED
2026-10-01T14:14:13.2875428Z > Task :app:processDebugResources
2026-10-01T14:14:13.8877741Z > Task :app:processDebugAndroidTestManifest
2026-10-01T14:14:19.8883222Z > Task :app:generateDebugAndroidTestBuildConfig
2026-10-01T14:14:19.9901066Z > Task :app:checkDebugAndroidTestAarMetadata
2026-10-01T14:14:19.9923852Z > Task :app:generateDebugAndroidTestResValues
2026-10-01T14:14:19.9954694Z > Task :app:mapDebugAndroidTestSourceSetPaths
2026-10-01T14:14:19.9982820Z > Task :app:generateDebugAndroidTestResources
2026-10-01T14:14:20.4879301Z > Task :app:mergeDebugAndroidTestResources
2026-10-01T14:14:20.7892682Z > Task :app:processDebugAndroidTestResources
2026-10-01T14:14:20.7915069Z > Task :app:javaPreCompileDebugAndroidTest
2026-10-01T14:14:20.7936327Z > Task :app:mergeDebugShaders
2026-10-01T14:14:20.7963157Z > Task :app:compileDebugShaders NO-SOURCE
2026-10-01T14:14:20.7990597Z > Task :app:generateDebugAssets UP-TO-DATE
2026-10-01T14:14:20.9904947Z > Task :app:mergeDebugAssets
2026-10-01T14:14:20.9943113Z > Task :app:compressDebugAssets
2026-10-01T14:14:20.9962971Z > Task :app:desugarDebugFileDependencies
2026-10-01T14:14:22.2878251Z > Task :app:checkDebugDuplicateClasses
2026-10-01T14:14:24.1892553Z 
2026-10-01T14:14:24.1900590Z > Task :app:compileDebugKotlin
2026-10-01T14:14:24.1901891Z e: The daemon has terminated unexpectedly on startup attempt #1 with error code: 0. The daemon process output:
2026-10-01T14:14:24.1903718Z     1. Kotlin compile daemon is ready
2026-10-01T14:14:52.2902667Z 
2026-10-01T14:14:52.2941398Z > Task :app:mergeExtDexDebug
2026-10-01T14:16:17.7930470Z > Task :app:compileDebugJavaWithJavac
2026-10-01T14:16:25.0876668Z > Task :app:bundleDebugClassesToCompileJar
2026-10-01T14:16:26.2903514Z > Task :app:dexBuilderDebug
2026-10-01T14:16:28.3913398Z > Task :app:mergeDebugGlobalSynthetics
2026-10-01T14:16:28.4917709Z > Task :app:processDebugJavaRes
2026-10-01T14:16:30.1876749Z > Task :app:compileDebugAndroidTestKotlin
2026-10-01T14:16:30.8876550Z > Task :app:mergeDebugJavaResource
2026-10-01T14:16:31.0914497Z > Task :app:compileDebugAndroidTestJavaWithJavac
2026-10-01T14:16:31.0943249Z > Task :app:mergeLibDexDebug
2026-10-01T14:16:31.1893257Z > Task :app:mergeDebugJniLibFolders
2026-10-01T14:16:32.1877441Z > Task :app:mergeProjectDexDebug
2026-10-01T14:16:32.1903240Z > Task :app:mergeDebugNativeLibs
2026-10-01T14:16:33.1891508Z > Task :app:validateSigningDebug
2026-10-01T14:16:33.2889225Z > Task :app:writeDebugAppMetadata
2026-10-01T14:16:33.2962681Z 
2026-10-01T14:16:33.2963724Z > Task :app:stripDebugDebugSymbols
2026-10-01T14:16:33.2993203Z Unable to strip the following libraries, packaging them as they are: libandroidx.graphics.path.so.
2026-10-01T14:16:33.3022287Z 
2026-10-01T14:16:33.3024722Z > Task :app:writeDebugSigningConfigVersions
2026-10-01T14:16:33.3896586Z > Task :app:mergeDebugAndroidTestShaders
2026-10-01T14:16:33.3923004Z > Task :app:compileDebugAndroidTestShaders NO-SOURCE
2026-10-01T14:16:33.3933138Z > Task :app:generateDebugAndroidTestAssets UP-TO-DATE
2026-10-01T14:16:33.3962819Z > Task :app:mergeDebugAndroidTestAssets
2026-10-01T14:16:33.4010352Z > Task :app:compressDebugAndroidTestAssets
2026-10-01T14:16:33.4022869Z > Task :app:desugarDebugAndroidTestFileDependencies
2026-10-01T14:16:33.5899718Z > Task :app:dexBuilderDebugAndroidTest
2026-10-01T14:16:36.3879299Z > Task :app:mergeDebugAndroidTestGlobalSynthetics
2026-10-01T14:16:36.3880764Z > Task :app:packageDebug
2026-10-01T14:16:36.3881652Z > Task :app:createDebugApkListingFileRedirect
2026-10-01T14:16:36.3882776Z > Task :app:processDebugAndroidTestJavaRes
2026-10-01T14:16:36.4905550Z > Task :app:checkDebugAndroidTestDuplicateClasses
2026-10-01T14:16:36.5890947Z > Task :app:mergeDebugAndroidTestJavaResource
2026-10-01T14:16:36.9882752Z > Task :app:mergeExtDexDebugAndroidTest
2026-10-01T14:16:36.9895575Z > Task :app:mergeLibDexDebugAndroidTest
2026-10-01T14:16:36.9896435Z > Task :app:mergeDebugAndroidTestJniLibFolders
2026-10-01T14:16:37.0877606Z > Task :app:mergeProjectDexDebugAndroidTest
2026-10-01T14:16:37.0882826Z > Task :app:mergeDebugAndroidTestNativeLibs NO-SOURCE
2026-10-01T14:16:37.0884055Z > Task :app:stripDebugAndroidTestDebugSymbols NO-SOURCE
2026-10-01T14:16:37.0884983Z > Task :app:validateSigningDebugAndroidTest
2026-10-01T14:16:37.0885852Z > Task :app:writeDebugAndroidTestSigningConfigVersions
2026-10-01T14:16:37.1877575Z > Task :app:packageDebugAndroidTest
2026-10-01T14:16:37.1882299Z > Task :app:createDebugAndroidTestApkListingFileRedirect
2026-10-01T14:16:41.0875782Z [EmulatorConsole]: Failed to start Emulator console for 5554
2026-10-01T14:16:50.1891284Z 
2026-10-01T14:16:50.1892761Z > Task :app:connectedDebugAndroidTest
2026-10-01T14:16:50.1893972Z Starting 4 tests on emulator-5554 - 14
2026-10-01T14:16:55.5879768Z 
2026-10-01T14:16:55.5892667Z Finished 4 tests on emulator-5554 - 14
2026-10-01T14:16:56.7884480Z 
2026-10-01T14:16:56.7896896Z BUILD SUCCESSFUL in 4m 5s
2026-10-01T14:16:56.7897525Z 67 actionable tasks: 67 executed
2026-10-01T14:16:57.1943808Z ##[group]Terminate Emulator
2026-10-01T14:16:57.1958122Z [command]/usr/local/lib/android/sdk/platform-tools/adb -s emulator-5554 emu kill
2026-10-01T14:16:57.1993486Z OK: killing emulator, bye bye
2026-10-01T14:16:57.1993968Z OK
2026-10-01T14:16:57.1997018Z INFO         | Wait for emulator (pid 2783) 20 seconds to shutdown gracefully before kill;you can set environment variable ANDROID_EMULATOR_WAIT_TIME_BEFORE_KILL(in seconds) to change the default value (20 seconds)
2026-10-01T14:16:57.1998456Z 
2026-10-01T14:16:57.1998927Z ##[endgroup]
2026-10-01T14:16:57.2066849Z USER_INFO    | Snapshots have been disabled by the user, save request is ignored.
2026-10-01T14:16:57.2068064Z INFO         | Saving snapshot 'default_boot' using 0 ms
2026-10-01T14:16:57.4697895Z ERROR        | stop: Not implemented
2026-10-01T14:16:57.4698808Z WARNING      | Emulator client has not yet been configured.. Call configure me first!
2026-10-01T14:16:57.4819903Z INFO         | removeAll
2026-10-01T14:16:57.5266027Z WARNING      | Netsim Wifi dns:///localhost:41143 is gone due to Stream removed (CANCELLED)
2026-10-01T14:16:58.3795672Z ##[group]Run actions/upload-artifact@ea165f8d65b6e75b540449e92b4886f43607fa02
2026-10-01T14:16:58.3796272Z with:
2026-10-01T14:16:58.3796481Z   name: android-runtime-review
2026-10-01T14:16:58.3796778Z   path: apps/android/app/build/reports/androidTests
2026-10-01T14:16:58.3797101Z   if-no-files-found: warn
2026-10-01T14:16:58.3797343Z   compression-level: 6
2026-10-01T14:16:58.3797571Z   overwrite: false
2026-10-01T14:16:58.3797788Z   include-hidden-files: false
2026-10-01T14:16:58.3798018Z env:
2026-10-01T14:16:58.3798315Z   JAVA_HOME: /opt/hostedtoolcache/Java_Temurin-Hotspot_jdk/21.0.12-1/x64
2026-10-01T14:16:58.3798806Z   JAVA_HOME_21_X64: /opt/hostedtoolcache/Java_Temurin-Hotspot_jdk/21.0.12-1/x64
2026-10-01T14:16:58.3799208Z   ANDROID_AVD_HOME: /home/runner/.android/avd
2026-10-01T14:16:58.3799482Z ##[endgroup]
2026-10-01T14:16:58.5572821Z (node:3593) [DEP0040] DeprecationWarning: The `punycode` module is deprecated. Please use a userland alternative instead.
2026-10-01T14:16:58.5574293Z (Use `node --trace-deprecation ...` to show where the warning was created)
2026-10-01T14:16:58.5683474Z With the provided path, there will be 7 files uploaded
2026-10-01T14:16:58.5692631Z Artifact name is valid!
2026-10-01T14:16:58.5693601Z Root directory input is valid!
2026-10-01T14:16:58.9236745Z Beginning upload of artifact content to blob storage
2026-10-01T14:16:58.9554195Z (node:3593) [DEP0169] DeprecationWarning: `url.parse()` behavior is not standardized and prone to errors that have security implications. Use the WHATWG URL API instead. CVEs are not issued for `url.parse()` vulnerabilities.
2026-10-01T14:16:59.2644104Z Uploaded bytes 6307
2026-10-01T14:16:59.3502292Z Finished uploading artifact content to blob storage!
2026-10-01T14:16:59.3503424Z SHA256 digest of uploaded artifact zip is 101058a3c6c20977404ac8161760ec6b6c57e8d1ef86e065fc5a80638681435b
2026-10-01T14:16:59.3504702Z Finalizing artifact upload
2026-10-01T14:16:59.6520423Z Artifact android-runtime-review.zip successfully finalized. Artifact ID 11169050074
2026-10-01T14:16:59.6521580Z Artifact android-runtime-review has been successfully uploaded! Final size is 6307 bytes. Artifact ID is 11169050074
2026-10-01T14:16:59.6531293Z Artifact download URL: https://github.com/WangPantopus/creator-platform/actions/runs/36873025288/artifacts/11169050074
2026-10-01T14:16:59.6766610Z Post job cleanup.
2026-10-01T14:16:59.8167596Z (node:3606) [DEP0040] DeprecationWarning: The `punycode` module is deprecated. Please use a userland alternative instead.
2026-10-01T14:16:59.8168926Z (Use `node --trace-deprecation ...` to show where the warning was created)
2026-10-01T14:16:59.8350406Z Post job cleanup.
2026-10-01T14:16:59.9352225Z [command]/usr/bin/git version
2026-10-01T14:16:59.9416587Z git version 2.55.0
2026-10-01T14:16:59.9465365Z Temporarily overriding HOME='/home/runner/work/_temp/037aac5e-9e17-4d76-88a4-3e68dd6b6467' before making global git config changes
2026-10-01T14:16:59.9466810Z Adding repository directory to the temporary git global config as a safe directory
2026-10-01T14:16:59.9471422Z [command]/usr/bin/git config --global --add safe.directory /home/runner/work/creator-platform/creator-platform
2026-10-01T14:16:59.9513406Z [command]/usr/bin/git config --local --name-only --get-regexp core\.sshCommand
2026-10-01T14:16:59.9552169Z [command]/usr/bin/git submodule foreach --recursive sh -c "git config --local --name-only --get-regexp 'core\.sshCommand' && git config --local --unset-all 'core.sshCommand' || :"
2026-10-01T14:16:59.9819350Z [command]/usr/bin/git config --local --name-only --get-regexp http\.https\:\/\/github\.com\/\.extraheader
2026-10-01T14:16:59.9851319Z http.https://github.com/.extraheader
2026-10-01T14:16:59.9863507Z [command]/usr/bin/git config --local --unset-all http.https://github.com/.extraheader
2026-10-01T14:16:59.9915082Z [command]/usr/bin/git submodule foreach --recursive sh -c "git config --local --name-only --get-regexp 'http\.https\:\/\/github\.com\/\.extraheader' && git config --local --unset-all 'http.https://github.com/.extraheader' || :"
2026-10-01T14:17:00.0180332Z [command]/usr/bin/git config --local --name-only --get-regexp ^includeIf\.gitdir:
2026-10-01T14:17:00.0219443Z [command]/usr/bin/git submodule foreach --recursive git config --local --show-origin --name-only --get-regexp remote.origin.url
2026-10-01T14:17:00.0649518Z Cleaning up orphan processes
2026-10-01T14:17:00.1035330Z Terminate orphan process: pid (2891) (adb)
2026-10-01T14:17:00.1123230Z Terminate orphan process: pid (3097) (java)
2026-10-01T14:17:00.1230374Z Terminate orphan process: pid (3256) (java)
2026-10-01T14:17:00.1307402Z ##[warning]Node.js 20 is deprecated. The following actions target Node.js 20 but are being forced to run on Node.js 24: actions/checkout@11d5960a326750d5838078e36cf38b85af677262, actions/setup-java@cf277c60eb25467037889841efdb72551f06f6c3, actions/upload-artifact@ea165f8d65b6e75b540449e92b4886f43607fa02. For more information see: https://github.blog/changelog/2025-09-19-deprecation-of-node-20-on-github-actions-runners/
