Command line invocation:
    /Applications/Xcode.app/Contents/Developer/usr/bin/xcodebuild -project apps/ios/QelvoraApp.xcodeproj -scheme QelvoraApp -configuration Debug -sdk iphonesimulator -destination "platform=iOS Simulator,id=FAB31883-2F36-4E50-83B3-D9654B60FF00" -derivedDataPath /private/tmp/creator-platform-w7-active-20261001/ios-derived -jobs 2 CODE_SIGNING_ALLOWED=YES CODE_SIGN_IDENTITY=- build

Build settings from command line:
    CODE_SIGN_IDENTITY = -
    CODE_SIGNING_ALLOWED = YES
    SDKROOT = iphonesimulator27.0

Resolve Package Graph


Resolved source packages:
  QelvoraNative: /Users/yingpengwang/estimate-rescue/creator-platform/w7-completion-840545/apps/ios
  swift-syntax: https://github.com/swiftlang/swift-syntax @ 604.0.0
  LiveKit: https://github.com/livekit/client-sdk-swift.git @ 2.17.0
  swift-custom-dump: https://github.com/pointfreeco/swift-custom-dump @ 1.7.3
  LiveKitWebRTC: https://github.com/livekit/webrtc-xcframework.git @ 150.7871.2
  swift-issue-reporting: https://github.com/pointfreeco/swift-issue-reporting @ 2.1.1
  LiveKitUniFFI: https://github.com/livekit/livekit-uniffi-xcframework.git @ 0.1.9
  swift-snapshot-testing: https://github.com/pointfreeco/swift-snapshot-testing.git @ 1.19.6

Build Preparation
Build task concurrency set to 2 via user default IDEBuildOperationMaxNumberOfConcurrentCompileTasks

note: Using codesigning identity override: -
ComputePackagePrebuildTargetDependencyGraph

Prepare packages

CreateBuildRequest

SendProjectDescription

CreateBuildOperation

ComputeTargetDependencyGraph
note: Building targets in dependency order
note: Target dependency graph (13 targets)
    Target 'QelvoraApp' in project 'QelvoraApp'
        ➜ Explicit dependency on target 'QelvoraUI-product' in project 'QelvoraNative'
    Target 'QelvoraUI-product' in project 'QelvoraNative'
        ➜ Explicit dependency on target 'QelvoraUI' in project 'QelvoraNative'
        ➜ Explicit dependency on target 'QelvoraNative_QelvoraUI' in project 'QelvoraNative'
        ➜ Explicit dependency on target 'LiveKit-product' in project 'LiveKit'
    Target 'QelvoraUI' in project 'QelvoraNative'
        ➜ Explicit dependency on target 'QelvoraNative_QelvoraUI' in project 'QelvoraNative'
        ➜ Explicit dependency on target 'LiveKit-product' in project 'LiveKit'
    Target 'LiveKit-product' in project 'LiveKit'
        ➜ Explicit dependency on target 'LiveKit' in project 'LiveKit'
        ➜ Explicit dependency on target 'LiveKit_LiveKit' in project 'LiveKit'
        ➜ Explicit dependency on target 'CLiveKitProto' in project 'LiveKit'
        ➜ Explicit dependency on target 'LiveKitNanopb' in project 'LiveKit'
        ➜ Explicit dependency on target 'LKObjCHelpers' in project 'LiveKit'
        ➜ Explicit dependency on target 'LiveKitWebRTC-product' in project 'LiveKitWebRTC'
        ➜ Explicit dependency on target 'LiveKitUniFFI-product' in project 'LiveKitUniFFI'
    Target 'LiveKit' in project 'LiveKit'
        ➜ Explicit dependency on target 'LiveKit_LiveKit' in project 'LiveKit'
        ➜ Explicit dependency on target 'CLiveKitProto' in project 'LiveKit'
        ➜ Explicit dependency on target 'LiveKitNanopb' in project 'LiveKit'
        ➜ Explicit dependency on target 'LKObjCHelpers' in project 'LiveKit'
        ➜ Explicit dependency on target 'LiveKitWebRTC-product' in project 'LiveKitWebRTC'
        ➜ Explicit dependency on target 'LiveKitUniFFI-product' in project 'LiveKitUniFFI'
    Target 'LiveKitUniFFI-product' in project 'LiveKitUniFFI'
        ➜ Explicit dependency on target 'LiveKitUniFFI' in project 'LiveKitUniFFI'
    Target 'LiveKitUniFFI' in project 'LiveKitUniFFI' (no dependencies)
    Target 'LiveKitWebRTC-product' in project 'LiveKitWebRTC' (no dependencies)
    Target 'LKObjCHelpers' in project 'LiveKit' (no dependencies)
    Target 'LiveKitNanopb' in project 'LiveKit'
        ➜ Explicit dependency on target 'CLiveKitProto' in project 'LiveKit'
    Target 'CLiveKitProto' in project 'LiveKit' (no dependencies)
    Target 'LiveKit_LiveKit' in project 'LiveKit' (no dependencies)
    Target 'QelvoraNative_QelvoraUI' in project 'QelvoraNative' (no dependencies)

GatherProvisioningInputs

CreateBuildDescription

ClangStatCache /Applications/Xcode.app/Contents/Developer/Toolchains/XcodeDefault.xctoolchain/usr/bin/clang-stat-cache /Applications/Xcode.app/Contents/Developer/Platforms/iPhoneSimulator.platform/Developer/SDKs/iPhoneSimulator27.0.sdk /tmp/creator-platform-w7-active-20261001/ios-derived/SDKStatCaches.noindex/iphonesimulator27.0-24A430-8dc58220667be655e1bcc261a7455254.sdkstatcache
    cd /Users/yingpengwang/estimate-rescue/creator-platform/w7-completion-840545/apps/ios/QelvoraApp.xcodeproj
    /Applications/Xcode.app/Contents/Developer/Toolchains/XcodeDefault.xctoolchain/usr/bin/clang-stat-cache /Applications/Xcode.app/Contents/Developer/Platforms/iPhoneSimulator.platform/Developer/SDKs/iPhoneSimulator27.0.sdk -o /tmp/creator-platform-w7-active-20261001/ios-derived/SDKStatCaches.noindex/iphonesimulator27.0-24A430-8dc58220667be655e1bcc261a7455254.sdkstatcache

SwiftDriver QelvoraUI normal arm64 com.apple.xcode.tools.swift.compiler (in target 'QelvoraUI' from project 'QelvoraNative')
    cd /Users/yingpengwang/estimate-rescue/creator-platform/w7-completion-840545/apps/ios/QelvoraApp.xcodeproj
    builtin-SwiftDriver -- /Applications/Xcode.app/Contents/Developer/Toolchains/XcodeDefault.xctoolchain/usr/bin/swiftc -parse-as-library -module-name QelvoraUI -Onone @/tmp/creator-platform-w7-active-20261001/ios-derived/Build/Intermediates.noindex/QelvoraNative.build/Debug-iphonesimulator/QelvoraUI-t.build/Objects-normal/arm64/QelvoraUI.SwiftFileList -DSWIFT_PACKAGE -DDEBUG -DSWIFT_MODULE_RESOURCE_BUNDLE_AVAILABLE -Xcc -fmodule-map-file\=/tmp/creator-platform-w7-active-20261001/ios-derived/Build/Intermediates.noindex/GeneratedModuleMaps-iphonesimulator/LKObjCHelpers.modulemap -Xcc -fmodule-map-file\=/tmp/creator-platform-w7-active-20261001/ios-derived/Build/Intermediates.noindex/GeneratedModuleMaps-iphonesimulator/CLiveKitProto.modulemap -DXcode -plugin-path /Applications/Xcode.app/Contents/Developer/Toolchains/XcodeDefault.xctoolchain/usr/lib/swift/host/plugins/testing -enable-experimental-feature DebugDescriptionMacro -sdk /Applications/Xcode.app/Contents/Developer/Platforms/iPhoneSimulator.platform/Developer/SDKs/iPhoneSimulator27.0.sdk -target arm64-apple-ios17.0-simulator -g -module-cache-path /tmp/creator-platform-w7-active-20261001/ios-derived/ModuleCache.noindex -Xfrontend -serialize-debugging-options -enable-testing -index-store-path /tmp/creator-platform-w7-active-20261001/ios-derived/Index.noindex/DataStore -Xcc -D_LIBCPP_HARDENING_MODE\=_LIBCPP_HARDENING_MODE_DEBUG -swift-version 6 -I /tmp/creator-platform-w7-active-20261001/ios-derived/Build/Products/Debug-iphonesimulator -Isystem /Applications/Xcode.app/Contents/Developer/Platforms/iPhoneSimulator.platform/Developer/usr/lib -F /tmp/creator-platform-w7-active-20261001/ios-derived/Build/Products/Debug-iphonesimulator/PackageFrameworks -F /tmp/creator-platform-w7-active-20261001/ios-derived/Build/Products/Debug-iphonesimulator -F /Applications/Xcode.app/Contents/Developer/Platforms/iPhoneSimulator.platform/Developer/Library/Frameworks -F /Applications/Xcode.app/Contents/Developer/Platforms/iPhoneSimulator.platform/Developer/SDKs/iPhoneSimulator27.0.sdk/Developer/Library/Frameworks -c -j12 -enable-batch-mode -incremental -Xcc -ivfsstatcache -Xcc /tmp/creator-platform-w7-active-20261001/ios-derived/SDKStatCaches.noindex/iphonesimulator27.0-24A430-8dc58220667be655e1bcc261a7455254.sdkstatcache -output-file-map /tmp/creator-platform-w7-active-20261001/ios-derived/Build/Intermediates.noindex/QelvoraNative.build/Debug-iphonesimulator/QelvoraUI-t.build/Objects-normal/arm64/QelvoraUI-OutputFileMap.json -save-temps -no-color-diagnostics -explicit-module-build -module-cache-path /tmp/creator-platform-w7-active-20261001/ios-derived/Build/Intermediates.noindex/SwiftExplicitPrecompiledModules -clang-scanner-module-cache-path /tmp/creator-platform-w7-active-20261001/ios-derived/ModuleCache.noindex -sdk-module-cache-path /tmp/creator-platform-w7-active-20261001/ios-derived/SDKExplicitPrecompiledModules -emit-dependencies -emit-module -emit-module-path /tmp/creator-platform-w7-active-20261001/ios-derived/Build/Intermediates.noindex/QelvoraNative.build/Debug-iphonesimulator/QelvoraUI-t.build/Objects-normal/arm64/QelvoraUI.swiftmodule -serialize-diagnostics -dependency-scan-serialize-diagnostics-path /tmp/creator-platform-w7-active-20261001/ios-derived/Build/Intermediates.noindex/QelvoraNative.build/Debug-iphonesimulator/QelvoraUI-t.build/Objects-normal/arm64/QelvoraUI-dependency-scan.dia -validate-clang-modules-once -clang-build-session-file /tmp/creator-platform-w7-active-20261001/ios-derived/ModuleCache.noindex/Session.modulevalidation -Xcc -fmodules-prune-interval\=86400 -Xcc -fmodules-prune-after\=345600 -package-name ios -emit-const-values -const-gather-protocols-list /tmp/creator-platform-w7-active-20261001/ios-derived/Build/Intermediates.noindex/QelvoraNative.build/Debug-iphonesimulator/QelvoraUI-t.build/Objects-normal/arm64/QelvoraUI_const_extract_protocols.json -Xcc -I/tmp/creator-platform-w7-active-20261001/ios-derived/SourcePackages/checkouts/client-sdk-swift/Sources/LKObjCHelpers/include -Xcc -I/tmp/creator-platform-w7-active-20261001/ios-derived/SourcePackages/checkouts/client-sdk-swift/Sources/CLiveKitProto/include -Xcc -I/tmp/creator-platform-w7-active-20261001/ios-derived/Build/Products/Debug-iphonesimulator/include -Xcc -I/tmp/creator-platform-w7-active-20261001/ios-derived/Build/Intermediates.noindex/QelvoraNative.build/Debug-iphonesimulator/QelvoraUI-t.build/DerivedSources-normal/arm64 -Xcc -I/tmp/creator-platform-w7-active-20261001/ios-derived/Build/Intermediates.noindex/QelvoraNative.build/Debug-iphonesimulator/QelvoraUI-t.build/DerivedSources/arm64 -Xcc -I/tmp/creator-platform-w7-active-20261001/ios-derived/Build/Intermediates.noindex/QelvoraNative.build/Debug-iphonesimulator/QelvoraUI-t.build/DerivedSources -Xcc -DSWIFT_PACKAGE -Xcc -DDEBUG\=1 -emit-objc-header -emit-objc-header-path /tmp/creator-platform-w7-active-20261001/ios-derived/Build/Intermediates.noindex/QelvoraNative.build/Debug-iphonesimulator/QelvoraUI-t.build/Objects-normal/arm64/QelvoraUI-Swift.h -working-directory /Users/yingpengwang/estimate-rescue/creator-platform/w7-completion-840545/apps/ios/QelvoraApp.xcodeproj -experimental-emit-module-separately -disable-cmo

SwiftEmitModule normal arm64 Emitting\ module\ for\ QelvoraUI (in target 'QelvoraUI' from project 'QelvoraNative')

SwiftCompile normal arm64 (in target 'QelvoraUI' from project 'QelvoraNative')
    cd /Users/yingpengwang/estimate-rescue/creator-platform/w7-completion-840545/apps/ios/QelvoraApp.xcodeproj
    

/Users/yingpengwang/estimate-rescue/creator-platform/w7-completion-840545/apps/ios/Sources/QelvoraUI/Trust.swift:23:93: warning: no 'async' operations occur within 'await' expression [#UnnecessaryEffectMarker]
 21 |     public let baseURL: URL
 22 |     public let token: @Sendable () async throws -> String?
 23 |     public init(baseURL: URL, token: @escaping @Sendable () async throws -> String? = { try await SecureSessionStorage().read() }) { self.baseURL = baseURL; self.token = token }
    |                                                                                             `- warning: no 'async' operations occur within 'await' expression [#UnnecessaryEffectMarker]
 24 |     fileprivate func request<T: Decodable>(_ path: String, body: Data? = nil) async throws -> T {
 25 |         try JSONDecoder().decode(T.self, from: await bytes(path, body: body))

/Users/yingpengwang/estimate-rescue/creator-platform/w7-completion-840545/apps/ios/Sources/QelvoraUI/Trust.swift:76:128: warning: no 'async' operations occur within 'await' expression [#UnnecessaryEffectMarker]
 74 |     @State private var feedbackConsent = false
 75 |     @Environment(\.colorScheme) private var scheme
 76 |     public init(baseURL: URL?, destination: String = "/support", token: @escaping @Sendable () async throws -> String? = { try await SecureSessionStorage().read() }) {
    |                                                                                                                                `- warning: no 'async' operations occur within 'await' expression [#UnnecessaryEffectMarker]
 77 |         client = baseURL.map { TrustClient(baseURL: $0, token: token) }; _route = State(initialValue: destination)
 78 |         let query = URLComponents(string: destination)?.queryItems ?? []

[#UnnecessaryEffectMarker]: <https://docs.swift.org/compiler/documentation/diagnostics/unnecessary-effect-marker>
SwiftDriverJobDiscovery normal arm64 Emitting module for QelvoraUI (in target 'QelvoraUI' from project 'QelvoraNative')

SwiftDriver\ Compilation\ Requirements QelvoraUI normal arm64 com.apple.xcode.tools.swift.compiler (in target 'QelvoraUI' from project 'QelvoraNative')
    cd /Users/yingpengwang/estimate-rescue/creator-platform/w7-completion-840545/apps/ios/QelvoraApp.xcodeproj
    builtin-Swift-Compilation-Requirements -- /Applications/Xcode.app/Contents/Developer/Toolchains/XcodeDefault.xctoolchain/usr/bin/swiftc -parse-as-library -module-name QelvoraUI -Onone @/tmp/creator-platform-w7-active-20261001/ios-derived/Build/Intermediates.noindex/QelvoraNative.build/Debug-iphonesimulator/QelvoraUI-t.build/Objects-normal/arm64/QelvoraUI.SwiftFileList -DSWIFT_PACKAGE -DDEBUG -DSWIFT_MODULE_RESOURCE_BUNDLE_AVAILABLE -Xcc -fmodule-map-file\=/tmp/creator-platform-w7-active-20261001/ios-derived/Build/Intermediates.noindex/GeneratedModuleMaps-iphonesimulator/LKObjCHelpers.modulemap -Xcc -fmodule-map-file\=/tmp/creator-platform-w7-active-20261001/ios-derived/Build/Intermediates.noindex/GeneratedModuleMaps-iphonesimulator/CLiveKitProto.modulemap -DXcode -plugin-path /Applications/Xcode.app/Contents/Developer/Toolchains/XcodeDefault.xctoolchain/usr/lib/swift/host/plugins/testing -enable-experimental-feature DebugDescriptionMacro -sdk /Applications/Xcode.app/Contents/Developer/Platforms/iPhoneSimulator.platform/Developer/SDKs/iPhoneSimulator27.0.sdk -target arm64-apple-ios17.0-simulator -g -module-cache-path /tmp/creator-platform-w7-active-20261001/ios-derived/ModuleCache.noindex -Xfrontend -serialize-debugging-options -enable-testing -index-store-path /tmp/creator-platform-w7-active-20261001/ios-derived/Index.noindex/DataStore -Xcc -D_LIBCPP_HARDENING_MODE\=_LIBCPP_HARDENING_MODE_DEBUG -swift-version 6 -I /tmp/creator-platform-w7-active-20261001/ios-derived/Build/Products/Debug-iphonesimulator -Isystem /Applications/Xcode.app/Contents/Developer/Platforms/iPhoneSimulator.platform/Developer/usr/lib -F /tmp/creator-platform-w7-active-20261001/ios-derived/Build/Products/Debug-iphonesimulator/PackageFrameworks -F /tmp/creator-platform-w7-active-20261001/ios-derived/Build/Products/Debug-iphonesimulator -F /Applications/Xcode.app/Contents/Developer/Platforms/iPhoneSimulator.platform/Developer/Library/Frameworks -F /Applications/Xcode.app/Contents/Developer/Platforms/iPhoneSimulator.platform/Developer/SDKs/iPhoneSimulator27.0.sdk/Developer/Library/Frameworks -c -j12 -enable-batch-mode -incremental -Xcc -ivfsstatcache -Xcc /tmp/creator-platform-w7-active-20261001/ios-derived/SDKStatCaches.noindex/iphonesimulator27.0-24A430-8dc58220667be655e1bcc261a7455254.sdkstatcache -output-file-map /tmp/creator-platform-w7-active-20261001/ios-derived/Build/Intermediates.noindex/QelvoraNative.build/Debug-iphonesimulator/QelvoraUI-t.build/Objects-normal/arm64/QelvoraUI-OutputFileMap.json -save-temps -no-color-diagnostics -explicit-module-build -module-cache-path /tmp/creator-platform-w7-active-20261001/ios-derived/Build/Intermediates.noindex/SwiftExplicitPrecompiledModules -clang-scanner-module-cache-path /tmp/creator-platform-w7-active-20261001/ios-derived/ModuleCache.noindex -sdk-module-cache-path /tmp/creator-platform-w7-active-20261001/ios-derived/SDKExplicitPrecompiledModules -emit-dependencies -emit-module -emit-module-path /tmp/creator-platform-w7-active-20261001/ios-derived/Build/Intermediates.noindex/QelvoraNative.build/Debug-iphonesimulator/QelvoraUI-t.build/Objects-normal/arm64/QelvoraUI.swiftmodule -serialize-diagnostics -dependency-scan-serialize-diagnostics-path /tmp/creator-platform-w7-active-20261001/ios-derived/Build/Intermediates.noindex/QelvoraNative.build/Debug-iphonesimulator/QelvoraUI-t.build/Objects-normal/arm64/QelvoraUI-dependency-scan.dia -validate-clang-modules-once -clang-build-session-file /tmp/creator-platform-w7-active-20261001/ios-derived/ModuleCache.noindex/Session.modulevalidation -Xcc -fmodules-prune-interval\=86400 -Xcc -fmodules-prune-after\=345600 -package-name ios -emit-const-values -const-gather-protocols-list /tmp/creator-platform-w7-active-20261001/ios-derived/Build/Intermediates.noindex/QelvoraNative.build/Debug-iphonesimulator/QelvoraUI-t.build/Objects-normal/arm64/QelvoraUI_const_extract_protocols.json -Xcc -I/tmp/creator-platform-w7-active-20261001/ios-derived/SourcePackages/checkouts/client-sdk-swift/Sources/LKObjCHelpers/include -Xcc -I/tmp/creator-platform-w7-active-20261001/ios-derived/SourcePackages/checkouts/client-sdk-swift/Sources/CLiveKitProto/include -Xcc -I/tmp/creator-platform-w7-active-20261001/ios-derived/Build/Products/Debug-iphonesimulator/include -Xcc -I/tmp/creator-platform-w7-active-20261001/ios-derived/Build/Intermediates.noindex/QelvoraNative.build/Debug-iphonesimulator/QelvoraUI-t.build/DerivedSources-normal/arm64 -Xcc -I/tmp/creator-platform-w7-active-20261001/ios-derived/Build/Intermediates.noindex/QelvoraNative.build/Debug-iphonesimulator/QelvoraUI-t.build/DerivedSources/arm64 -Xcc -I/tmp/creator-platform-w7-active-20261001/ios-derived/Build/Intermediates.noindex/QelvoraNative.build/Debug-iphonesimulator/QelvoraUI-t.build/DerivedSources -Xcc -DSWIFT_PACKAGE -Xcc -DDEBUG\=1 -emit-objc-header -emit-objc-header-path /tmp/creator-platform-w7-active-20261001/ios-derived/Build/Intermediates.noindex/QelvoraNative.build/Debug-iphonesimulator/QelvoraUI-t.build/Objects-normal/arm64/QelvoraUI-Swift.h -working-directory /Users/yingpengwang/estimate-rescue/creator-platform/w7-completion-840545/apps/ios/QelvoraApp.xcodeproj -experimental-emit-module-separately -disable-cmo

Copy /tmp/creator-platform-w7-active-20261001/ios-derived/Build/Products/Debug-iphonesimulator/QelvoraUI.swiftmodule/Project/arm64-apple-ios-simulator.swiftsourceinfo /tmp/creator-platform-w7-active-20261001/ios-derived/Build/Intermediates.noindex/QelvoraNative.build/Debug-iphonesimulator/QelvoraUI-t.build/Objects-normal/arm64/QelvoraUI.swiftsourceinfo (in target 'QelvoraUI' from project 'QelvoraNative')
    cd /Users/yingpengwang/estimate-rescue/creator-platform/w7-completion-840545/apps/ios
    builtin-copy -exclude .DS_Store -exclude CVS -exclude .svn -exclude .git -exclude .hg -resolve-src-symlinks -rename /tmp/creator-platform-w7-active-20261001/ios-derived/Build/Intermediates.noindex/QelvoraNative.build/Debug-iphonesimulator/QelvoraUI-t.build/Objects-normal/arm64/QelvoraUI.swiftsourceinfo /tmp/creator-platform-w7-active-20261001/ios-derived/Build/Products/Debug-iphonesimulator/QelvoraUI.swiftmodule/Project/arm64-apple-ios-simulator.swiftsourceinfo

Copy /tmp/creator-platform-w7-active-20261001/ios-derived/Build/Products/Debug-iphonesimulator/QelvoraUI.swiftmodule/arm64-apple-ios-simulator.abi.json /tmp/creator-platform-w7-active-20261001/ios-derived/Build/Intermediates.noindex/QelvoraNative.build/Debug-iphonesimulator/QelvoraUI-t.build/Objects-normal/arm64/QelvoraUI.abi.json (in target 'QelvoraUI' from project 'QelvoraNative')
    cd /Users/yingpengwang/estimate-rescue/creator-platform/w7-completion-840545/apps/ios
    builtin-copy -exclude .DS_Store -exclude CVS -exclude .svn -exclude .git -exclude .hg -resolve-src-symlinks -rename /tmp/creator-platform-w7-active-20261001/ios-derived/Build/Intermediates.noindex/QelvoraNative.build/Debug-iphonesimulator/QelvoraUI-t.build/Objects-normal/arm64/QelvoraUI.abi.json /tmp/creator-platform-w7-active-20261001/ios-derived/Build/Products/Debug-iphonesimulator/QelvoraUI.swiftmodule/arm64-apple-ios-simulator.abi.json

SwiftCompile normal arm64 Compiling\ NativeAvailability.swift /Users/yingpengwang/estimate-rescue/creator-platform/w7-completion-840545/apps/ios/Sources/QelvoraUI/Media/NativeAvailability.swift (in target 'QelvoraUI' from project 'QelvoraNative')

SwiftCompile normal arm64 /Users/yingpengwang/estimate-rescue/creator-platform/w7-completion-840545/apps/ios/Sources/QelvoraUI/Media/NativeAvailability.swift (in target 'QelvoraUI' from project 'QelvoraNative')
    cd /Users/yingpengwang/estimate-rescue/creator-platform/w7-completion-840545/apps/ios/QelvoraApp.xcodeproj
    builtin-SwiftPerFileCompile NativeAvailability.swift

SwiftDriverJobDiscovery normal arm64 Compiling NativeAvailability.swift (in target 'QelvoraUI' from project 'QelvoraNative')

SwiftDriver\ Compilation QelvoraUI normal arm64 com.apple.xcode.tools.swift.compiler (in target 'QelvoraUI' from project 'QelvoraNative')
    cd /Users/yingpengwang/estimate-rescue/creator-platform/w7-completion-840545/apps/ios/QelvoraApp.xcodeproj
    builtin-Swift-Compilation -- /Applications/Xcode.app/Contents/Developer/Toolchains/XcodeDefault.xctoolchain/usr/bin/swiftc -parse-as-library -module-name QelvoraUI -Onone @/tmp/creator-platform-w7-active-20261001/ios-derived/Build/Intermediates.noindex/QelvoraNative.build/Debug-iphonesimulator/QelvoraUI-t.build/Objects-normal/arm64/QelvoraUI.SwiftFileList -DSWIFT_PACKAGE -DDEBUG -DSWIFT_MODULE_RESOURCE_BUNDLE_AVAILABLE -Xcc -fmodule-map-file\=/tmp/creator-platform-w7-active-20261001/ios-derived/Build/Intermediates.noindex/GeneratedModuleMaps-iphonesimulator/LKObjCHelpers.modulemap -Xcc -fmodule-map-file\=/tmp/creator-platform-w7-active-20261001/ios-derived/Build/Intermediates.noindex/GeneratedModuleMaps-iphonesimulator/CLiveKitProto.modulemap -DXcode -plugin-path /Applications/Xcode.app/Contents/Developer/Toolchains/XcodeDefault.xctoolchain/usr/lib/swift/host/plugins/testing -enable-experimental-feature DebugDescriptionMacro -sdk /Applications/Xcode.app/Contents/Developer/Platforms/iPhoneSimulator.platform/Developer/SDKs/iPhoneSimulator27.0.sdk -target arm64-apple-ios17.0-simulator -g -module-cache-path /tmp/creator-platform-w7-active-20261001/ios-derived/ModuleCache.noindex -Xfrontend -serialize-debugging-options -enable-testing -index-store-path /tmp/creator-platform-w7-active-20261001/ios-derived/Index.noindex/DataStore -Xcc -D_LIBCPP_HARDENING_MODE\=_LIBCPP_HARDENING_MODE_DEBUG -swift-version 6 -I /tmp/creator-platform-w7-active-20261001/ios-derived/Build/Products/Debug-iphonesimulator -Isystem /Applications/Xcode.app/Contents/Developer/Platforms/iPhoneSimulator.platform/Developer/usr/lib -F /tmp/creator-platform-w7-active-20261001/ios-derived/Build/Products/Debug-iphonesimulator/PackageFrameworks -F /tmp/creator-platform-w7-active-20261001/ios-derived/Build/Products/Debug-iphonesimulator -F /Applications/Xcode.app/Contents/Developer/Platforms/iPhoneSimulator.platform/Developer/Library/Frameworks -F /Applications/Xcode.app/Contents/Developer/Platforms/iPhoneSimulator.platform/Developer/SDKs/iPhoneSimulator27.0.sdk/Developer/Library/Frameworks -c -j12 -enable-batch-mode -incremental -Xcc -ivfsstatcache -Xcc /tmp/creator-platform-w7-active-20261001/ios-derived/SDKStatCaches.noindex/iphonesimulator27.0-24A430-8dc58220667be655e1bcc261a7455254.sdkstatcache -output-file-map /tmp/creator-platform-w7-active-20261001/ios-derived/Build/Intermediates.noindex/QelvoraNative.build/Debug-iphonesimulator/QelvoraUI-t.build/Objects-normal/arm64/QelvoraUI-OutputFileMap.json -save-temps -no-color-diagnostics -explicit-module-build -module-cache-path /tmp/creator-platform-w7-active-20261001/ios-derived/Build/Intermediates.noindex/SwiftExplicitPrecompiledModules -clang-scanner-module-cache-path /tmp/creator-platform-w7-active-20261001/ios-derived/ModuleCache.noindex -sdk-module-cache-path /tmp/creator-platform-w7-active-20261001/ios-derived/SDKExplicitPrecompiledModules -emit-dependencies -emit-module -emit-module-path /tmp/creator-platform-w7-active-20261001/ios-derived/Build/Intermediates.noindex/QelvoraNative.build/Debug-iphonesimulator/QelvoraUI-t.build/Objects-normal/arm64/QelvoraUI.swiftmodule -serialize-diagnostics -dependency-scan-serialize-diagnostics-path /tmp/creator-platform-w7-active-20261001/ios-derived/Build/Intermediates.noindex/QelvoraNative.build/Debug-iphonesimulator/QelvoraUI-t.build/Objects-normal/arm64/QelvoraUI-dependency-scan.dia -validate-clang-modules-once -clang-build-session-file /tmp/creator-platform-w7-active-20261001/ios-derived/ModuleCache.noindex/Session.modulevalidation -Xcc -fmodules-prune-interval\=86400 -Xcc -fmodules-prune-after\=345600 -package-name ios -emit-const-values -const-gather-protocols-list /tmp/creator-platform-w7-active-20261001/ios-derived/Build/Intermediates.noindex/QelvoraNative.build/Debug-iphonesimulator/QelvoraUI-t.build/Objects-normal/arm64/QelvoraUI_const_extract_protocols.json -Xcc -I/tmp/creator-platform-w7-active-20261001/ios-derived/SourcePackages/checkouts/client-sdk-swift/Sources/LKObjCHelpers/include -Xcc -I/tmp/creator-platform-w7-active-20261001/ios-derived/SourcePackages/checkouts/client-sdk-swift/Sources/CLiveKitProto/include -Xcc -I/tmp/creator-platform-w7-active-20261001/ios-derived/Build/Products/Debug-iphonesimulator/include -Xcc -I/tmp/creator-platform-w7-active-20261001/ios-derived/Build/Intermediates.noindex/QelvoraNative.build/Debug-iphonesimulator/QelvoraUI-t.build/DerivedSources-normal/arm64 -Xcc -I/tmp/creator-platform-w7-active-20261001/ios-derived/Build/Intermediates.noindex/QelvoraNative.build/Debug-iphonesimulator/QelvoraUI-t.build/DerivedSources/arm64 -Xcc -I/tmp/creator-platform-w7-active-20261001/ios-derived/Build/Intermediates.noindex/QelvoraNative.build/Debug-iphonesimulator/QelvoraUI-t.build/DerivedSources -Xcc -DSWIFT_PACKAGE -Xcc -DDEBUG\=1 -emit-objc-header -emit-objc-header-path /tmp/creator-platform-w7-active-20261001/ios-derived/Build/Intermediates.noindex/QelvoraNative.build/Debug-iphonesimulator/QelvoraUI-t.build/Objects-normal/arm64/QelvoraUI-Swift.h -working-directory /Users/yingpengwang/estimate-rescue/creator-platform/w7-completion-840545/apps/ios/QelvoraApp.xcodeproj -experimental-emit-module-separately -disable-cmo

Ld /tmp/creator-platform-w7-active-20261001/ios-derived/Build/Products/Debug-iphonesimulator/QelvoraUI.o normal (in target 'QelvoraUI' from project 'QelvoraNative')
    cd /Users/yingpengwang/estimate-rescue/creator-platform/w7-completion-840545/apps/ios
    /Applications/Xcode.app/Contents/Developer/Toolchains/XcodeDefault.xctoolchain/usr/bin/clang -Xlinker -reproducible -target arm64-apple-ios17.0-simulator -r -isysroot /Applications/Xcode.app/Contents/Developer/Platforms/iPhoneSimulator.platform/Developer/SDKs/iPhoneSimulator27.0.sdk -O0 -Xlinker -no_warn_duplicate_libraries -F/tmp/creator-platform-w7-active-20261001/ios-derived/Build/Intermediates.noindex/EagerLinkingTBDs/Debug-iphonesimulator -F/tmp/creator-platform-w7-active-20261001/ios-derived/Build/Products/Debug-iphonesimulator/PackageFrameworks -F/tmp/creator-platform-w7-active-20261001/ios-derived/Build/Products/Debug-iphonesimulator -iframework /Applications/Xcode.app/Contents/Developer/Platforms/iPhoneSimulator.platform/Developer/Library/Frameworks -iframework /Applications/Xcode.app/Contents/Developer/Platforms/iPhoneSimulator.platform/Developer/SDKs/iPhoneSimulator27.0.sdk/Developer/Library/Frameworks -filelist /tmp/creator-platform-w7-active-20261001/ios-derived/Build/Intermediates.noindex/QelvoraNative.build/Debug-iphonesimulator/QelvoraUI-t.build/Objects-normal/arm64/QelvoraUI.LinkFileList -nostdlib -Xlinker -object_path_lto -Xlinker /tmp/creator-platform-w7-active-20261001/ios-derived/Build/Intermediates.noindex/QelvoraNative.build/Debug-iphonesimulator/QelvoraUI-t.build/Objects-normal/arm64/QelvoraUI_lto.o -Xlinker -no_deduplicate -Xlinker -objc_abi_version -Xlinker 2 -Xlinker -dependency_info -Xlinker /tmp/creator-platform-w7-active-20261001/ios-derived/Build/Intermediates.noindex/QelvoraNative.build/Debug-iphonesimulator/QelvoraUI-t.build/Objects-normal/arm64/QelvoraUI_dependency_info.dat -fobjc-link-runtime -L/Applications/Xcode.app/Contents/Developer/Toolchains/XcodeDefault.xctoolchain/usr/lib/swift/iphonesimulator -L/usr/lib/swift -Xlinker -add_ast_path -Xlinker /tmp/creator-platform-w7-active-20261001/ios-derived/Build/Intermediates.noindex/QelvoraNative.build/Debug-iphonesimulator/QelvoraUI-t.build/Objects-normal/arm64/QelvoraUI.swiftmodule -o /tmp/creator-platform-w7-active-20261001/ios-derived/Build/Products/Debug-iphonesimulator/QelvoraUI.o

ExtractAppIntentsMetadata (in target 'QelvoraUI' from project 'QelvoraNative')
    cd /Users/yingpengwang/estimate-rescue/creator-platform/w7-completion-840545/apps/ios
    /Applications/Xcode.app/Contents/Developer/Toolchains/XcodeDefault.xctoolchain/usr/bin/appintentsmetadataprocessor --toolchain-dir /Applications/Xcode.app/Contents/Developer/Toolchains/XcodeDefault.xctoolchain --module-name QelvoraUI --sdk-root /Applications/Xcode.app/Contents/Developer/Platforms/iPhoneSimulator.platform/Developer/SDKs/iPhoneSimulator27.0.sdk --xcode-version 27A266a --platform-family iOS --deployment-target 17.0 --bundle-identifier ios.QelvoraUI --output /tmp/creator-platform-w7-active-20261001/ios-derived/Build/Products/Debug-iphonesimulator/QelvoraUI.appintents --target-triple arm64-apple-ios17.0-simulator --binary-file /tmp/creator-platform-w7-active-20261001/ios-derived/Build/Products/Debug-iphonesimulator/QelvoraUI.o --dependency-file /tmp/creator-platform-w7-active-20261001/ios-derived/Build/Intermediates.noindex/QelvoraNative.build/Debug-iphonesimulator/QelvoraUI-t.build/Objects-normal/arm64/QelvoraUI_dependency_info.dat --stringsdata-file /tmp/creator-platform-w7-active-20261001/ios-derived/Build/Intermediates.noindex/QelvoraNative.build/Debug-iphonesimulator/QelvoraUI-t.build/Objects-normal/arm64/ExtractedAppShortcutsMetadata.stringsdata --source-file-list /tmp/creator-platform-w7-active-20261001/ios-derived/Build/Intermediates.noindex/QelvoraNative.build/Debug-iphonesimulator/QelvoraUI-t.build/Objects-normal/arm64/QelvoraUI.SwiftFileList --metadata-file-list /tmp/creator-platform-w7-active-20261001/ios-derived/Build/Intermediates.noindex/QelvoraNative.build/Debug-iphonesimulator/QelvoraUI-t.build/QelvoraUI.DependencyMetadataFileList --static-metadata-file-list /tmp/creator-platform-w7-active-20261001/ios-derived/Build/Intermediates.noindex/QelvoraNative.build/Debug-iphonesimulator/QelvoraUI-t.build/QelvoraUI.DependencyStaticMetadataFileList --swift-const-vals-list /tmp/creator-platform-w7-active-20261001/ios-derived/Build/Intermediates.noindex/QelvoraNative.build/Debug-iphonesimulator/QelvoraUI-t.build/Objects-normal/arm64/QelvoraUI.SwiftConstValuesFileList --force --compile-time-extraction --deployment-aware-processing --no-app-shortcuts-localization
2026-10-02 07:09:16.348 appintentsmetadataprocessor[64598:42747627] Starting appintentsmetadataprocessor export
2026-10-02 07:09:16.434 appintentsmetadataprocessor[64598:42747627] Extracted no relevant App Intents symbols, skipping writing output

CodeSign /tmp/creator-platform-w7-active-20261001/ios-derived/Build/Products/Debug-iphonesimulator/QelvoraUI.o (in target 'QelvoraUI' from project 'QelvoraNative')
    cd /Users/yingpengwang/estimate-rescue/creator-platform/w7-completion-840545/apps/ios
    
    Signing Identity:     "Sign to Run Locally"
    
    /usr/bin/codesign --force --sign - --timestamp\=none --generate-entitlement-der /tmp/creator-platform-w7-active-20261001/ios-derived/Build/Products/Debug-iphonesimulator/QelvoraUI.o

Ld /tmp/creator-platform-w7-active-20261001/ios-derived/Build/Products/Debug-iphonesimulator/QelvoraApp.app/QelvoraApp.debug.dylib normal (in target 'QelvoraApp' from project 'QelvoraApp')
    cd /Users/yingpengwang/estimate-rescue/creator-platform/w7-completion-840545/apps/ios
    /Applications/Xcode.app/Contents/Developer/Toolchains/XcodeDefault.xctoolchain/usr/bin/clang -Xlinker -reproducible -target arm64-apple-ios17.0-simulator -dynamiclib -isysroot /Applications/Xcode.app/Contents/Developer/Platforms/iPhoneSimulator.platform/Developer/SDKs/iPhoneSimulator27.0.sdk -O0 -Xlinker -no_warn_duplicate_libraries -L/tmp/creator-platform-w7-active-20261001/ios-derived/Build/Intermediates.noindex/EagerLinkingTBDs/Debug-iphonesimulator -L/tmp/creator-platform-w7-active-20261001/ios-derived/Build/Products/Debug-iphonesimulator -F/tmp/creator-platform-w7-active-20261001/ios-derived/Build/Intermediates.noindex/EagerLinkingTBDs/Debug-iphonesimulator -F/tmp/creator-platform-w7-active-20261001/ios-derived/Build/Products/Debug-iphonesimulator/PackageFrameworks -F/tmp/creator-platform-w7-active-20261001/ios-derived/Build/Products/Debug-iphonesimulator -filelist /tmp/creator-platform-w7-active-20261001/ios-derived/Build/Intermediates.noindex/QelvoraApp.build/Debug-iphonesimulator/QelvoraApp.build/Objects-normal/arm64/QelvoraApp.LinkFileList -install_name @rpath/QelvoraApp.debug.dylib -Xlinker -rpath -Xlinker /usr/lib/swift -Xlinker -rpath -Xlinker @loader_path -Xlinker -rpath -Xlinker /tmp/creator-platform-w7-active-20261001/ios-derived/Build/Products/Debug-iphonesimulator/PackageFrameworks -Xlinker -rpath -Xlinker @executable_path/Frameworks -Xlinker -dead_strip -Xlinker -object_path_lto -Xlinker /tmp/creator-platform-w7-active-20261001/ios-derived/Build/Intermediates.noindex/QelvoraApp.build/Debug-iphonesimulator/QelvoraApp.build/Objects-normal/arm64/QelvoraApp_lto.o -rdynamic -Xlinker -no_deduplicate -Xlinker -objc_abi_version -Xlinker 2 -Xlinker -dependency_info -Xlinker /tmp/creator-platform-w7-active-20261001/ios-derived/Build/Intermediates.noindex/QelvoraApp.build/Debug-iphonesimulator/QelvoraApp.build/Objects-normal/arm64/QelvoraApp_dependency_info.dat -fobjc-link-runtime -L/Applications/Xcode.app/Contents/Developer/Toolchains/XcodeDefault.xctoolchain/usr/lib/swift/iphonesimulator -L/usr/lib/swift -Xlinker -add_ast_path -Xlinker /tmp/creator-platform-w7-active-20261001/ios-derived/Build/Intermediates.noindex/QelvoraApp.build/Debug-iphonesimulator/QelvoraApp.build/Objects-normal/arm64/QelvoraApp.swiftmodule -Xlinker -alias -Xlinker _main -Xlinker ___debug_main_executable_dylib_entry_point -framework LiveKitWebRTC -framework LiveKitWebRTC -framework RustLiveKitUniFFI -Xlinker -no_adhoc_codesign -o /tmp/creator-platform-w7-active-20261001/ios-derived/Build/Products/Debug-iphonesimulator/QelvoraApp.app/QelvoraApp.debug.dylib

Copy /tmp/creator-platform-w7-active-20261001/ios-derived/Build/Products/Debug-iphonesimulator/QelvoraApp.app/LiveKit_LiveKit.bundle /tmp/creator-platform-w7-active-20261001/ios-derived/Build/Products/Debug-iphonesimulator/LiveKit_LiveKit.bundle (in target 'QelvoraApp' from project 'QelvoraApp')
    cd /Users/yingpengwang/estimate-rescue/creator-platform/w7-completion-840545/apps/ios
    builtin-copy -exclude .DS_Store -exclude CVS -exclude .svn -exclude .git -exclude .hg -resolve-src-symlinks /tmp/creator-platform-w7-active-20261001/ios-derived/Build/Products/Debug-iphonesimulator/LiveKit_LiveKit.bundle /tmp/creator-platform-w7-active-20261001/ios-derived/Build/Products/Debug-iphonesimulator/QelvoraApp.app

Copy /tmp/creator-platform-w7-active-20261001/ios-derived/Build/Products/Debug-iphonesimulator/QelvoraApp.app/QelvoraNative_QelvoraUI.bundle /tmp/creator-platform-w7-active-20261001/ios-derived/Build/Products/Debug-iphonesimulator/QelvoraNative_QelvoraUI.bundle (in target 'QelvoraApp' from project 'QelvoraApp')
    cd /Users/yingpengwang/estimate-rescue/creator-platform/w7-completion-840545/apps/ios
    builtin-copy -exclude .DS_Store -exclude CVS -exclude .svn -exclude .git -exclude .hg -resolve-src-symlinks /tmp/creator-platform-w7-active-20261001/ios-derived/Build/Products/Debug-iphonesimulator/QelvoraNative_QelvoraUI.bundle /tmp/creator-platform-w7-active-20261001/ios-derived/Build/Products/Debug-iphonesimulator/QelvoraApp.app

ProcessInfoPlistFile /tmp/creator-platform-w7-active-20261001/ios-derived/Build/Products/Debug-iphonesimulator/QelvoraApp.app/Info.plist /Users/yingpengwang/estimate-rescue/creator-platform/w7-completion-840545/apps/ios/App/Info.plist (in target 'QelvoraApp' from project 'QelvoraApp')
    cd /Users/yingpengwang/estimate-rescue/creator-platform/w7-completion-840545/apps/ios
    builtin-infoPlistUtility /Users/yingpengwang/estimate-rescue/creator-platform/w7-completion-840545/apps/ios/App/Info.plist -producttype com.apple.product-type.application -genpkginfo /tmp/creator-platform-w7-active-20261001/ios-derived/Build/Products/Debug-iphonesimulator/QelvoraApp.app/PkgInfo -expandbuildsettings -format binary -platform iphonesimulator -scanforprivacyfile /tmp/creator-platform-w7-active-20261001/ios-derived/Build/Products/Debug-iphonesimulator/QelvoraApp.app/Frameworks/LiveKitWebRTC.framework -scanforprivacyfile /tmp/creator-platform-w7-active-20261001/ios-derived/Build/Products/Debug-iphonesimulator/QelvoraApp.app/Frameworks/RustLiveKitUniFFI.framework -scanforprivacyfile /tmp/creator-platform-w7-active-20261001/ios-derived/Build/Products/Debug-iphonesimulator/QelvoraApp.app/LiveKit_LiveKit.bundle -scanforprivacyfile /tmp/creator-platform-w7-active-20261001/ios-derived/Build/Products/Debug-iphonesimulator/QelvoraApp.app/QelvoraNative_QelvoraUI.bundle -o /tmp/creator-platform-w7-active-20261001/ios-derived/Build/Products/Debug-iphonesimulator/QelvoraApp.app/Info.plist

ConstructStubExecutorLinkFileList /tmp/creator-platform-w7-active-20261001/ios-derived/Build/Intermediates.noindex/QelvoraApp.build/Debug-iphonesimulator/QelvoraApp.build/QelvoraApp-ExecutorLinkFileList-normal-arm64.txt (in target 'QelvoraApp' from project 'QelvoraApp')
    cd /Users/yingpengwang/estimate-rescue/creator-platform/w7-completion-840545/apps/ios
    construct-stub-executor-link-file-list /tmp/creator-platform-w7-active-20261001/ios-derived/Build/Products/Debug-iphonesimulator/QelvoraApp.app/QelvoraApp.debug.dylib /Applications/Xcode.app/Contents/Developer/Platforms/iPhoneSimulator.platform/Developer/usr/lib/libPreviewsJITStubExecutor_no_swift_entry_point.a /Applications/Xcode.app/Contents/Developer/Platforms/iPhoneSimulator.platform/Developer/usr/lib/libPreviewsJITStubExecutor.a --output /tmp/creator-platform-w7-active-20261001/ios-derived/Build/Intermediates.noindex/QelvoraApp.build/Debug-iphonesimulator/QelvoraApp.build/QelvoraApp-ExecutorLinkFileList-normal-arm64.txt
note: Using stub executor library with Swift entry point. (in target 'QelvoraApp' from project 'QelvoraApp')

Ld /tmp/creator-platform-w7-active-20261001/ios-derived/Build/Products/Debug-iphonesimulator/QelvoraApp.app/QelvoraApp normal (in target 'QelvoraApp' from project 'QelvoraApp')
    cd /Users/yingpengwang/estimate-rescue/creator-platform/w7-completion-840545/apps/ios
    /Applications/Xcode.app/Contents/Developer/Toolchains/XcodeDefault.xctoolchain/usr/bin/clang -Xlinker -reproducible -target arm64-apple-ios17.0-simulator -isysroot /Applications/Xcode.app/Contents/Developer/Platforms/iPhoneSimulator.platform/Developer/SDKs/iPhoneSimulator27.0.sdk -O0 -Xlinker -no_warn_duplicate_libraries -L/tmp/creator-platform-w7-active-20261001/ios-derived/Build/Products/Debug-iphonesimulator -F/tmp/creator-platform-w7-active-20261001/ios-derived/Build/Products/Debug-iphonesimulator/PackageFrameworks -F/tmp/creator-platform-w7-active-20261001/ios-derived/Build/Products/Debug-iphonesimulator -Xlinker -rpath -Xlinker @executable_path -Xlinker -rpath -Xlinker @loader_path -Xlinker -rpath -Xlinker /tmp/creator-platform-w7-active-20261001/ios-derived/Build/Products/Debug-iphonesimulator/PackageFrameworks -Xlinker -rpath -Xlinker @executable_path/Frameworks -rdynamic -Xlinker -no_deduplicate -Xlinker -objc_abi_version -Xlinker 2 -e ___debug_blank_executor_main -Xlinker -sectcreate -Xlinker __TEXT -Xlinker __debug_dylib -Xlinker /tmp/creator-platform-w7-active-20261001/ios-derived/Build/Intermediates.noindex/QelvoraApp.build/Debug-iphonesimulator/QelvoraApp.build/QelvoraApp-DebugDylibPath-normal-arm64.txt -Xlinker -sectcreate -Xlinker __TEXT -Xlinker __debug_instlnm -Xlinker /tmp/creator-platform-w7-active-20261001/ios-derived/Build/Intermediates.noindex/QelvoraApp.build/Debug-iphonesimulator/QelvoraApp.build/QelvoraApp-DebugDylibInstallName-normal-arm64.txt -Xlinker -filelist -Xlinker /tmp/creator-platform-w7-active-20261001/ios-derived/Build/Intermediates.noindex/QelvoraApp.build/Debug-iphonesimulator/QelvoraApp.build/QelvoraApp-ExecutorLinkFileList-normal-arm64.txt -Xlinker -sectcreate -Xlinker __TEXT -Xlinker __entitlements -Xlinker /tmp/creator-platform-w7-active-20261001/ios-derived/Build/Intermediates.noindex/QelvoraApp.build/Debug-iphonesimulator/QelvoraApp.build/QelvoraApp.app-Simulated.xcent -Xlinker -sectcreate -Xlinker __TEXT -Xlinker __ents_der -Xlinker /tmp/creator-platform-w7-active-20261001/ios-derived/Build/Intermediates.noindex/QelvoraApp.build/Debug-iphonesimulator/QelvoraApp.build/QelvoraApp.app-Simulated.xcent.der /tmp/creator-platform-w7-active-20261001/ios-derived/Build/Products/Debug-iphonesimulator/QelvoraApp.app/QelvoraApp.debug.dylib -Xlinker -no_adhoc_codesign -o /tmp/creator-platform-w7-active-20261001/ios-derived/Build/Products/Debug-iphonesimulator/QelvoraApp.app/QelvoraApp

CopySwiftLibs /tmp/creator-platform-w7-active-20261001/ios-derived/Build/Products/Debug-iphonesimulator/QelvoraApp.app (in target 'QelvoraApp' from project 'QelvoraApp')
    cd /Users/yingpengwang/estimate-rescue/creator-platform/w7-completion-840545/apps/ios
    builtin-swiftStdLibTool --copy --verbose --sign - --scan-executable /tmp/creator-platform-w7-active-20261001/ios-derived/Build/Products/Debug-iphonesimulator/QelvoraApp.app/QelvoraApp.debug.dylib --scan-folder /tmp/creator-platform-w7-active-20261001/ios-derived/Build/Products/Debug-iphonesimulator/QelvoraApp.app/Frameworks --scan-folder /tmp/creator-platform-w7-active-20261001/ios-derived/Build/Products/Debug-iphonesimulator/QelvoraApp.app/PlugIns --scan-folder /tmp/creator-platform-w7-active-20261001/ios-derived/Build/Products/Debug-iphonesimulator/QelvoraApp.app/SystemExtensions --scan-folder /tmp/creator-platform-w7-active-20261001/ios-derived/Build/Products/Debug-iphonesimulator/QelvoraApp.app/Extensions --platform iphonesimulator --toolchain /Applications/Xcode.app/Contents/Developer/Toolchains/XcodeDefault.xctoolchain --destination /tmp/creator-platform-w7-active-20261001/ios-derived/Build/Products/Debug-iphonesimulator/QelvoraApp.app/Frameworks --strip-bitcode --strip-bitcode-tool /Applications/Xcode.app/Contents/Developer/Toolchains/XcodeDefault.xctoolchain/usr/bin/bitcode_strip --emit-dependency-info /tmp/creator-platform-w7-active-20261001/ios-derived/Build/Intermediates.noindex/QelvoraApp.build/Debug-iphonesimulator/QelvoraApp.build/SwiftStdLibToolInputDependencies.dep --filter-for-swift-os

ExtractAppIntentsMetadata (in target 'QelvoraApp' from project 'QelvoraApp')
    cd /Users/yingpengwang/estimate-rescue/creator-platform/w7-completion-840545/apps/ios
    /Applications/Xcode.app/Contents/Developer/Toolchains/XcodeDefault.xctoolchain/usr/bin/appintentsmetadataprocessor --toolchain-dir /Applications/Xcode.app/Contents/Developer/Toolchains/XcodeDefault.xctoolchain --module-name QelvoraApp --sdk-root /Applications/Xcode.app/Contents/Developer/Platforms/iPhoneSimulator.platform/Developer/SDKs/iPhoneSimulator27.0.sdk --xcode-version 27A266a --platform-family iOS --deployment-target 17.0 --bundle-identifier com.pantopus.qelvora --output /tmp/creator-platform-w7-active-20261001/ios-derived/Build/Products/Debug-iphonesimulator/QelvoraApp.app --target-triple arm64-apple-ios17.0-simulator --binary-file /tmp/creator-platform-w7-active-20261001/ios-derived/Build/Products/Debug-iphonesimulator/QelvoraApp.app/QelvoraApp --dependency-file /tmp/creator-platform-w7-active-20261001/ios-derived/Build/Intermediates.noindex/QelvoraApp.build/Debug-iphonesimulator/QelvoraApp.build/Objects-normal/arm64/QelvoraApp_dependency_info.dat --stringsdata-file /tmp/creator-platform-w7-active-20261001/ios-derived/Build/Intermediates.noindex/QelvoraApp.build/Debug-iphonesimulator/QelvoraApp.build/Objects-normal/arm64/ExtractedAppShortcutsMetadata.stringsdata --source-file-list /tmp/creator-platform-w7-active-20261001/ios-derived/Build/Intermediates.noindex/QelvoraApp.build/Debug-iphonesimulator/QelvoraApp.build/Objects-normal/arm64/QelvoraApp.SwiftFileList --metadata-file-list /tmp/creator-platform-w7-active-20261001/ios-derived/Build/Intermediates.noindex/QelvoraApp.build/Debug-iphonesimulator/QelvoraApp.build/QelvoraApp.DependencyMetadataFileList --static-metadata-file-list /tmp/creator-platform-w7-active-20261001/ios-derived/Build/Intermediates.noindex/QelvoraApp.build/Debug-iphonesimulator/QelvoraApp.build/QelvoraApp.DependencyStaticMetadataFileList --swift-const-vals-list /tmp/creator-platform-w7-active-20261001/ios-derived/Build/Intermediates.noindex/QelvoraApp.build/Debug-iphonesimulator/QelvoraApp.build/Objects-normal/arm64/QelvoraApp.SwiftConstValuesFileList --compile-time-extraction --deployment-aware-processing --no-app-shortcuts-localization
2026-10-02 07:09:17.052 appintentsmetadataprocessor[64803:42748000] Starting appintentsmetadataprocessor export
2026-10-02 07:09:17.054 appintentsmetadataprocessor[64803:42748000] warning: Metadata extraction skipped, no AppIntents.framework dependency found

CodeSign /tmp/creator-platform-w7-active-20261001/ios-derived/Build/Products/Debug-iphonesimulator/QelvoraApp.app/QelvoraApp.debug.dylib (in target 'QelvoraApp' from project 'QelvoraApp')
    cd /Users/yingpengwang/estimate-rescue/creator-platform/w7-completion-840545/apps/ios
    
    Signing Identity:     "Sign to Run Locally"
    
    /usr/bin/codesign --force --sign - --timestamp\=none --generate-entitlement-der /tmp/creator-platform-w7-active-20261001/ios-derived/Build/Products/Debug-iphonesimulator/QelvoraApp.app/QelvoraApp.debug.dylib

CodeSign /tmp/creator-platform-w7-active-20261001/ios-derived/Build/Products/Debug-iphonesimulator/QelvoraApp.app (in target 'QelvoraApp' from project 'QelvoraApp')
    cd /Users/yingpengwang/estimate-rescue/creator-platform/w7-completion-840545/apps/ios
    
    Signing Identity:     "Sign to Run Locally"
    
    /usr/bin/codesign --force --sign - --timestamp\=none --generate-entitlement-der /tmp/creator-platform-w7-active-20261001/ios-derived/Build/Products/Debug-iphonesimulator/QelvoraApp.app

Validate /tmp/creator-platform-w7-active-20261001/ios-derived/Build/Products/Debug-iphonesimulator/QelvoraApp.app (in target 'QelvoraApp' from project 'QelvoraApp')
    cd /Users/yingpengwang/estimate-rescue/creator-platform/w7-completion-840545/apps/ios
    builtin-validationUtility /tmp/creator-platform-w7-active-20261001/ios-derived/Build/Products/Debug-iphonesimulator/QelvoraApp.app -shallow-bundle -infoplist-subpath Info.plist

PruneExplicitPrecompiledModules /tmp/creator-platform-w7-active-20261001/ios-derived/Build/Intermediates.noindex/SwiftExplicitPrecompiledModules

PruneExplicitPrecompiledModules /tmp/creator-platform-w7-active-20261001/ios-derived/Build/Intermediates.noindex/ExplicitPrecompiledModules

PruneExplicitPrecompiledModules /tmp/creator-platform-w7-active-20261001/ios-derived/SDKExplicitPrecompiledModules

** BUILD SUCCEEDED **

