2026-10-01T14:31:50.1354791Z Current runner version: '2.337.0'
2026-10-01T14:31:50.1375369Z ##[group]Runner Image Provisioner
2026-10-01T14:31:50.1376095Z Hosted Compute Agent
2026-10-01T14:31:50.1376606Z Version: 20260901.588
2026-10-01T14:31:50.1377164Z Commit: f88ec8081b781fac6c440065ac7ff9e710ce3d0b
2026-10-01T14:31:50.1377764Z Build Date: 2026-09-01T19:56:44Z
2026-10-01T14:31:50.1378645Z Worker ID: {4a6d1098-760e-44cf-9a78-10dd39d01280}
2026-10-01T14:31:50.1379297Z Azure Region: westus3
2026-10-01T14:31:50.1379798Z ##[endgroup]
2026-10-01T14:31:50.1381016Z ##[group]Operating System
2026-10-01T14:31:50.1381527Z Ubuntu
2026-10-01T14:31:50.1381944Z 24.04.5
2026-10-01T14:31:50.1382416Z LTS
2026-10-01T14:31:50.1382867Z ##[endgroup]
2026-10-01T14:31:50.1383346Z ##[group]Runner Image
2026-10-01T14:31:50.1383849Z Image: ubuntu-24.04
2026-10-01T14:31:50.1384334Z Version: 20260927.320.1
2026-10-01T14:31:50.1385378Z Included Software: https://github.com/actions/runner-images/blob/ubuntu24/20260927.320/images/ubuntu/Ubuntu2404-Readme.md
2026-10-01T14:31:50.1386648Z Image Release: https://github.com/actions/runner-images/releases/tag/ubuntu24%2F20260927.320
2026-10-01T14:31:50.1387489Z ##[endgroup]
2026-10-01T14:31:50.1388671Z ##[group]GITHUB_TOKEN Permissions
2026-10-01T14:31:50.1390290Z Contents: read
2026-10-01T14:31:50.1390760Z Metadata: read
2026-10-01T14:31:50.1391311Z Packages: read
2026-10-01T14:31:50.1391769Z ##[endgroup]
2026-10-01T14:31:50.1393465Z Secret source: Actions
2026-10-01T14:31:50.1394286Z Cache mode: write
2026-10-01T14:31:50.1394871Z Prepare workflow directory
2026-10-01T14:31:50.1659470Z Prepare all required actions
2026-10-01T14:31:50.1699370Z Getting action download info
2026-10-01T14:31:50.5261471Z Download action repository 'actions/checkout@11d5960a326750d5838078e36cf38b85af677262' (SHA:11d5960a326750d5838078e36cf38b85af677262)
2026-10-01T14:31:50.7529673Z Download action repository 'actions/setup-java@cf277c60eb25467037889841efdb72551f06f6c3' (SHA:cf277c60eb25467037889841efdb72551f06f6c3)
2026-10-01T14:31:51.7012228Z Download action repository 'reactivecircus/android-emulator-runner@a421e43855164a8197daf9d8d40fe71c6996bb0d' (SHA:a421e43855164a8197daf9d8d40fe71c6996bb0d)
2026-10-01T14:31:52.2644073Z Download action repository 'actions/upload-artifact@ea165f8d65b6e75b540449e92b4886f43607fa02' (SHA:ea165f8d65b6e75b540449e92b4886f43607fa02)
2026-10-01T14:31:52.5069109Z Complete job name: android-runtime
2026-10-01T14:31:52.5668976Z ##[group]Run actions/checkout@11d5960a326750d5838078e36cf38b85af677262
2026-10-01T14:31:52.5669795Z with:
2026-10-01T14:31:52.5670160Z   repository: WangPantopus/creator-platform
2026-10-01T14:31:52.5672840Z   token: ***
2026-10-01T14:31:52.5673244Z   ssh-strict: true
2026-10-01T14:31:52.5673583Z   ssh-user: git
2026-10-01T14:31:52.5673936Z   persist-credentials: true
2026-10-01T14:31:52.5674292Z   clean: true
2026-10-01T14:31:52.5674656Z   sparse-checkout-cone-mode: true
2026-10-01T14:31:52.5675093Z   fetch-depth: 1
2026-10-01T14:31:52.5675412Z   fetch-tags: false
2026-10-01T14:31:52.5675757Z   show-progress: true
2026-10-01T14:31:52.5676119Z   lfs: false
2026-10-01T14:31:52.5676451Z   submodules: false
2026-10-01T14:31:52.5676810Z   set-safe-directory: true
2026-10-01T14:31:52.5677162Z   allow-unsafe-pr-checkout: false
2026-10-01T14:31:52.5677677Z ##[endgroup]
2026-10-01T14:31:52.6513057Z Syncing repository: WangPantopus/creator-platform
2026-10-01T14:31:52.6515637Z ##[group]Getting Git version info
2026-10-01T14:31:52.6516423Z Working directory is '/home/runner/work/creator-platform/creator-platform'
2026-10-01T14:31:52.6517521Z [command]/usr/bin/git version
2026-10-01T14:31:52.6571982Z git version 2.55.0
2026-10-01T14:31:52.6589478Z ##[endgroup]
2026-10-01T14:31:52.6603059Z Temporarily overriding HOME='/home/runner/work/_temp/1f914260-7544-4612-81c3-42178203a68d' before making global git config changes
2026-10-01T14:31:52.6604318Z Adding repository directory to the temporary git global config as a safe directory
2026-10-01T14:31:52.6607650Z [command]/usr/bin/git config --global --add safe.directory /home/runner/work/creator-platform/creator-platform
2026-10-01T14:31:52.6652584Z Deleting the contents of '/home/runner/work/creator-platform/creator-platform'
2026-10-01T14:31:52.6656958Z ##[group]Initializing the repository
2026-10-01T14:31:52.6730796Z [command]/usr/bin/git init /home/runner/work/creator-platform/creator-platform
2026-10-01T14:31:52.6747499Z hint: Using 'master' as the name for the initial branch. This default branch name
2026-10-01T14:31:52.6748610Z hint: will change to "main" in Git 3.0. To configure the initial branch name
2026-10-01T14:31:52.6749502Z hint: to use in all of your new repositories, which will suppress this warning,
2026-10-01T14:31:52.6750238Z hint: call:
2026-10-01T14:31:52.6750652Z hint:
2026-10-01T14:31:52.6751209Z hint: 	git config --global init.defaultBranch <name>
2026-10-01T14:31:52.6751738Z hint:
2026-10-01T14:31:52.6752261Z hint: Names commonly chosen instead of 'master' are 'main', 'trunk' and
2026-10-01T14:31:52.6753134Z hint: 'development'. The just-created branch can be renamed via this command:
2026-10-01T14:31:52.6753903Z hint:
2026-10-01T14:31:52.6754218Z hint: 	git branch -m <name>
2026-10-01T14:31:52.6754561Z hint:
2026-10-01T14:31:52.6754978Z hint: Disable this message with "git config set advice.defaultBranchName false"
2026-10-01T14:31:52.6755729Z Initialized empty Git repository in /home/runner/work/creator-platform/creator-platform/.git/
2026-10-01T14:31:52.6767150Z [command]/usr/bin/git remote add origin https://github.com/WangPantopus/creator-platform
2026-10-01T14:31:52.6803458Z ##[endgroup]
2026-10-01T14:31:52.6804100Z ##[group]Disabling automatic garbage collection
2026-10-01T14:31:52.6806715Z [command]/usr/bin/git config --local gc.auto 0
2026-10-01T14:31:52.6835609Z ##[endgroup]
2026-10-01T14:31:52.6836396Z ##[group]Setting up auth
2026-10-01T14:31:52.6842004Z [command]/usr/bin/git config --local --name-only --get-regexp core\.sshCommand
2026-10-01T14:31:52.6874875Z [command]/usr/bin/git submodule foreach --recursive sh -c "git config --local --name-only --get-regexp 'core\.sshCommand' && git config --local --unset-all 'core.sshCommand' || :"
2026-10-01T14:31:52.7177389Z [command]/usr/bin/git config --local --name-only --get-regexp http\.https\:\/\/github\.com\/\.extraheader
2026-10-01T14:31:52.7222443Z [command]/usr/bin/git submodule foreach --recursive sh -c "git config --local --name-only --get-regexp 'http\.https\:\/\/github\.com\/\.extraheader' && git config --local --unset-all 'http.https://github.com/.extraheader' || :"
2026-10-01T14:31:52.7415559Z [command]/usr/bin/git config --local --name-only --get-regexp ^includeIf\.gitdir:
2026-10-01T14:31:52.7446067Z [command]/usr/bin/git submodule foreach --recursive git config --local --show-origin --name-only --get-regexp remote.origin.url
2026-10-01T14:31:52.7635682Z [command]/usr/bin/git config --local http.https://github.com/.extraheader AUTHORIZATION: basic ***
2026-10-01T14:31:52.7671364Z ##[endgroup]
2026-10-01T14:31:52.7671904Z ##[group]Fetching the repository
2026-10-01T14:31:52.7679671Z [command]/usr/bin/git -c protocol.version=2 fetch --no-tags --prune --no-recurse-submodules --depth=1 origin +28110726e047cffdcd00f73aeb0324e689458e09:refs/remotes/pull/36/merge
2026-10-01T14:31:57.3668178Z From https://github.com/WangPantopus/creator-platform
2026-10-01T14:31:57.3668819Z  * [new ref]         28110726e047cffdcd00f73aeb0324e689458e09 -> pull/36/merge
2026-10-01T14:31:57.3670776Z ##[endgroup]
2026-10-01T14:31:57.3671194Z ##[group]Determining the checkout info
2026-10-01T14:31:57.3672969Z ##[endgroup]
2026-10-01T14:31:57.3685113Z [command]/usr/bin/git sparse-checkout disable
2026-10-01T14:31:57.3729304Z [command]/usr/bin/git config --local --unset-all extensions.worktreeConfig
2026-10-01T14:31:57.3760546Z ##[group]Checking out the ref
2026-10-01T14:31:57.3760921Z [command]/usr/bin/git checkout --progress --force refs/remotes/pull/36/merge
2026-10-01T14:31:57.9779960Z Note: switching to 'refs/remotes/pull/36/merge'.
2026-10-01T14:31:57.9780315Z 
2026-10-01T14:31:57.9780562Z You are in 'detached HEAD' state. You can look around, make experimental
2026-10-01T14:31:57.9781467Z changes and commit them, and you can discard any commits you make in this
2026-10-01T14:31:57.9782001Z state without impacting any branches by switching back to a branch.
2026-10-01T14:31:57.9782314Z 
2026-10-01T14:31:57.9782570Z If you want to create a new branch to retain commits you create, you may
2026-10-01T14:31:57.9783077Z do so (now or later) by using -c with the switch command. Example:
2026-10-01T14:31:57.9783371Z 
2026-10-01T14:31:57.9783496Z   git switch -c <new-branch-name>
2026-10-01T14:31:57.9783713Z 
2026-10-01T14:31:57.9783848Z Or undo this operation with:
2026-10-01T14:31:57.9784054Z 
2026-10-01T14:31:57.9784193Z   git switch -
2026-10-01T14:31:57.9784369Z 
2026-10-01T14:31:57.9784678Z Turn off this advice by setting config variable advice.detachedHead to false
2026-10-01T14:31:57.9785038Z 
2026-10-01T14:31:57.9785449Z HEAD is now at 2811072 Merge 8cbf47e35707da27768d3a30c1e57ae9ed2b3a25 into a92b04757378108e3a88b7c03f71e8a68e66c6ec
2026-10-01T14:31:57.9808204Z ##[endgroup]
2026-10-01T14:31:57.9854113Z [command]/usr/bin/git log -1 --format=%H
2026-10-01T14:31:57.9887308Z 28110726e047cffdcd00f73aeb0324e689458e09
2026-10-01T14:31:58.0141246Z ##[group]Run actions/setup-java@cf277c60eb25467037889841efdb72551f06f6c3
2026-10-01T14:31:58.0141572Z with:
2026-10-01T14:31:58.0141760Z   distribution: temurin
2026-10-01T14:31:58.0141947Z   java-version: 21
2026-10-01T14:31:58.0142127Z   java-package: jdk
2026-10-01T14:31:58.0142305Z   check-latest: false
2026-10-01T14:31:58.0142488Z   server-id: github
2026-10-01T14:31:58.0142693Z   server-username: GITHUB_ACTOR
2026-10-01T14:31:58.0142907Z   server-password: GITHUB_TOKEN
2026-10-01T14:31:58.0143109Z   overwrite-settings: true
2026-10-01T14:31:58.0143308Z   job-status: success
2026-10-01T14:31:58.0145629Z   token: ***
2026-10-01T14:31:58.0145806Z ##[endgroup]
2026-10-01T14:31:58.1493761Z ##[warning]setup-java v4 is deprecated and will no longer receive updates. Please migrate to actions/setup-java@v5.
2026-10-01T14:31:58.1499682Z ##[group]Installed distributions
2026-10-01T14:31:58.1524777Z Resolved Java 21.0.12+1 from tool-cache
2026-10-01T14:31:58.1525263Z Setting Java 21.0.12+1 as the default
2026-10-01T14:31:58.1533015Z (node:2075) [DEP0040] DeprecationWarning: The `punycode` module is deprecated. Please use a userland alternative instead.
2026-10-01T14:31:58.1533580Z (Use `node --trace-deprecation ...` to show where the warning was created)
2026-10-01T14:31:58.1535616Z Creating toolchains.xml for JDK version 21 from temurin
2026-10-01T14:31:58.1591405Z Writing to /home/runner/.m2/toolchains.xml
2026-10-01T14:31:58.1592023Z 
2026-10-01T14:31:58.1592205Z Java configuration:
2026-10-01T14:31:58.1592495Z   Distribution: temurin
2026-10-01T14:31:58.1592765Z   Version: 21.0.12+1
2026-10-01T14:31:58.1593103Z   Path: /opt/hostedtoolcache/Java_Temurin-Hotspot_jdk/21.0.12-1/x64
2026-10-01T14:31:58.1593334Z 
2026-10-01T14:31:58.1593619Z ##[endgroup]
2026-10-01T14:31:58.1609171Z Creating settings.xml with server-id: github
2026-10-01T14:31:58.1627685Z Writing to /home/runner/.m2/settings.xml
2026-10-01T14:31:58.1775237Z ##[group]Run echo 'KERNEL=="kvm", GROUP="kvm", MODE="0666", OPTIONS+="static_node=kvm"' | sudo tee /etc/udev/rules.d/99-kvm4all.rules
2026-10-01T14:31:58.1776002Z [36;1mecho 'KERNEL=="kvm", GROUP="kvm", MODE="0666", OPTIONS+="static_node=kvm"' | sudo tee /etc/udev/rules.d/99-kvm4all.rules[0m
2026-10-01T14:31:58.1776466Z [36;1msudo udevadm control --reload-rules[0m
2026-10-01T14:31:58.1776736Z [36;1msudo udevadm trigger --name-match=kvm[0m
2026-10-01T14:31:58.2013863Z shell: /usr/bin/bash -e {0}
2026-10-01T14:31:58.2014173Z env:
2026-10-01T14:31:58.2014453Z   JAVA_HOME: /opt/hostedtoolcache/Java_Temurin-Hotspot_jdk/21.0.12-1/x64
2026-10-01T14:31:58.2014872Z   JAVA_HOME_21_X64: /opt/hostedtoolcache/Java_Temurin-Hotspot_jdk/21.0.12-1/x64
2026-10-01T14:31:58.2015182Z ##[endgroup]
2026-10-01T14:31:58.2169265Z KERNEL=="kvm", GROUP="kvm", MODE="0666", OPTIONS+="static_node=kvm"
2026-10-01T14:31:58.2528507Z ##[group]Run reactivecircus/android-emulator-runner@a421e43855164a8197daf9d8d40fe71c6996bb0d
2026-10-01T14:31:58.2528907Z with:
2026-10-01T14:31:58.2529079Z   api-level: 34
2026-10-01T14:31:58.2529250Z   arch: x86_64
2026-10-01T14:31:58.2529489Z   script: cd apps/android && ./gradlew :app:connectedDebugAndroidTest
2026-10-01T14:31:58.2529772Z   target: default
2026-10-01T14:31:58.2529940Z   cores: 2
2026-10-01T14:31:58.2530106Z   avd-name: test
2026-10-01T14:31:58.2530285Z   force-avd-creation: true
2026-10-01T14:31:58.2530484Z   emulator-boot-timeout: 600
2026-10-01T14:31:58.2530705Z   emulator-port: 5554
2026-10-01T14:31:58.2531035Z   emulator-options: -no-window -gpu swiftshader_indirect -no-snapshot -noaudio -no-boot-anim
2026-10-01T14:31:58.2531384Z   disable-animations: true
2026-10-01T14:31:58.2531583Z   disable-spellchecker: false
2026-10-01T14:31:58.2531791Z   disable-linux-hw-accel: auto
2026-10-01T14:31:58.2531992Z   enable-hw-keyboard: false
2026-10-01T14:31:58.2532213Z   channel: stable
2026-10-01T14:31:58.2532389Z env:
2026-10-01T14:31:58.2532634Z   JAVA_HOME: /opt/hostedtoolcache/Java_Temurin-Hotspot_jdk/21.0.12-1/x64
2026-10-01T14:31:58.2533019Z   JAVA_HOME_21_X64: /opt/hostedtoolcache/Java_Temurin-Hotspot_jdk/21.0.12-1/x64
2026-10-01T14:31:58.2533317Z ##[endgroup]
2026-10-01T14:31:58.3007747Z ##[group]Configure emulator
2026-10-01T14:31:58.3008706Z API level: 34
2026-10-01T14:31:58.3009146Z System image API level: 34
2026-10-01T14:31:58.3009509Z target: default
2026-10-01T14:31:58.3010039Z CPU architecture: x86_64
2026-10-01T14:31:58.3010362Z Hardware profile: 
2026-10-01T14:31:58.3012814Z Cores: 2
2026-10-01T14:31:58.3013065Z RAM size: 
2026-10-01T14:31:58.3013297Z Heap size: 
2026-10-01T14:31:58.3013538Z SD card path or size: 
2026-10-01T14:31:58.3013804Z Disk size: 
2026-10-01T14:31:58.3014028Z AVD name: test
2026-10-01T14:31:58.3014315Z force avd creation: true
2026-10-01T14:31:58.3014623Z Emulator boot timeout: 600
2026-10-01T14:31:58.3014954Z emulator port: 5554
2026-10-01T14:31:58.3015479Z emulator options: -no-window -gpu swiftshader_indirect -no-snapshot -noaudio -no-boot-anim
2026-10-01T14:31:58.3016036Z disable animations: true
2026-10-01T14:31:58.3016329Z disable spellchecker: false
2026-10-01T14:31:58.3016665Z disable Linux hardware acceleration: false
2026-10-01T14:31:58.3017072Z enable hardware keyboard: false
2026-10-01T14:31:58.3017494Z Channel: 0 (stable)
2026-10-01T14:31:58.3017744Z Script:
2026-10-01T14:31:58.3018063Z cd apps/android && ./gradlew :app:connectedDebugAndroidTest
2026-10-01T14:31:58.3018608Z Pre emulator launch script:
2026-10-01T14:31:58.3019120Z ##[endgroup]
2026-10-01T14:31:58.3019776Z ##[group]Install Android SDK
2026-10-01T14:31:58.3077829Z [command]/usr/bin/sh -c \yes | sdkmanager --licenses > /dev/null
2026-10-01T14:32:03.8769977Z Installing latest build tools, platform tools, and platform.
2026-10-01T14:32:03.8781081Z [command]/usr/bin/sh -c \sdkmanager --install 'build-tools;37.0.0' platform-tools 'platforms;android-34'> /dev/null
2026-10-01T14:32:05.0625253Z Installing latest emulator.
2026-10-01T14:32:05.0632274Z [command]/usr/bin/sh -c \sdkmanager --install emulator --channel=0 > /dev/null
2026-10-01T14:32:17.5896735Z Installing system images.
2026-10-01T14:32:17.5906748Z [command]/usr/bin/sh -c \sdkmanager --install 'system-images;android-34;default;x86_64' --channel=0 > /dev/null
2026-10-01T14:32:40.8982856Z ##[endgroup]
2026-10-01T14:32:40.8983368Z ##[group]Create AVD
2026-10-01T14:32:40.8983677Z Creating AVD.
2026-10-01T14:32:40.9030644Z [command]/usr/bin/sh -c \echo no | avdmanager create avd --force -n test --package 'system-images;android-34;default;x86_64'
2026-10-01T14:32:41.5081687Z Loading local repository...                                                     
2026-10-01T14:32:41.5082338Z [=========                              ] 25% Loading local repository...       
2026-10-01T14:32:41.5082896Z [=========                              ] 25% Fetch remote repository...        
2026-10-01T14:32:41.5083917Z [=======================================] 100% Fetch remote repository...       
2026-10-01T14:32:41.5640258Z Auto-selecting single ABI x86_64
2026-10-01T14:32:41.6026827Z Do you wish to create a custom hardware profile? [no] [command]/usr/bin/sh -c \printf 'hw.cpu.ncore=2\n' >> /home/runner/.android/avd/test.avd/config.ini
2026-10-01T14:32:41.6045516Z ##[endgroup]
2026-10-01T14:32:41.6047511Z ##[group]Launch Emulator
2026-10-01T14:32:41.6047835Z Starting emulator.
2026-10-01T14:32:41.6059772Z [command]/usr/bin/sh -c \/usr/local/lib/android/sdk/emulator/emulator -port 5554 -avd test -no-window -gpu swiftshader_indirect -no-snapshot -noaudio -no-boot-anim &
2026-10-01T14:32:41.6167730Z INFO         | Android emulator version 37.1.11.0 (build_id 15917651) (CL:N/A)
2026-10-01T14:32:41.6168210Z INFO         | Graphics backend: gfxstream
2026-10-01T14:32:41.6168769Z INFO         | Found systemPath /usr/local/lib/android/sdk/system-images/android-34/default/x86_64/
2026-10-01T14:32:41.6596373Z INFO         | Saving last run QEMU version for the AVD to 2
2026-10-01T14:32:41.6597101Z INFO         | Increasing RAM size to 2560MB
2026-10-01T14:32:41.6597720Z ##############################################################################
2026-10-01T14:32:41.6598487Z ##                        WARNING - ACTION REQUIRED                         ##
2026-10-01T14:32:41.6599678Z ##  Consider using the '-metrics-collection' flag to help improve the       ##
2026-10-01T14:32:41.6600737Z ##  emulator by sending anonymized usage data. Or use the '-no-metrics'     ##
2026-10-01T14:32:41.6601670Z ##  flag to bypass this warning and turn off the metrics collection.        ##
2026-10-01T14:32:41.6602433Z ##  In a future release this warning will turn into a one-time blocking     ##
2026-10-01T14:32:41.6603217Z ##  prompt to ask for explicit user input regarding metrics collection.     ##
2026-10-01T14:32:41.6603896Z ##                                                                          ##
2026-10-01T14:32:41.6604673Z ##  Please see '-help-metrics-collection' for more details. You can use     ##
2026-10-01T14:32:41.6605585Z ##  '-metrics-to-file' or '-metrics-to-console' flags to see what type of   ##
2026-10-01T14:32:41.6629639Z ##  data is being collected by emulator as part of usage statistics.        ##
2026-10-01T14:32:41.6630184Z ##############################################################################
2026-10-01T14:32:41.6630583Z INFO         | Guest GLES Driver: Auto (ext controls)
2026-10-01T14:32:41.6631117Z INFO         | emuglConfig_init: vulkan_mode_selected:swiftshader gles_mode_selected:swiftshader
2026-10-01T14:32:41.6631715Z INFO         | Checking system compatibility:
2026-10-01T14:32:41.6632125Z INFO         |   Checking: hasSufficientDiskSpace
2026-10-01T14:32:41.6632605Z INFO         |      Ok: Disk space requirements to run avd: `test` are met
2026-10-01T14:32:41.6633086Z INFO         |   Checking: hasSufficientHwGpu
2026-10-01T14:32:41.6633564Z INFO         |      Ok: Hardware GPU compatibility checks are not required
2026-10-01T14:32:41.6634070Z INFO         |   Checking: hasSufficientSystem
2026-10-01T14:32:41.6634529Z INFO         |      Ok: System requirements to run avd: `test` are met
2026-10-01T14:32:41.6635629Z WARNING      | Feature QuickbootFileBacked is disabled due to stability issues, if you really want that, the environment variable ANDROID_EMU_FORCE_QUICKBOOT_FILE_BACKED need to set to 1
2026-10-01T14:32:42.0283726Z ERROR        | Unable to connect to adb daemon on port: 5037
2026-10-01T14:32:42.0286265Z INFO         | Storing crashdata in: /tmp/android-runner/emu-crash-37.1.11.db, detection is enabled for process: 2402
2026-10-01T14:32:42.0286995Z INFO         | Initializing gfxstream backend
2026-10-01T14:32:42.0296507Z INFO         | startOpenglesRendererImpl: gpu info
2026-10-01T14:32:42.0296907Z INFO         | 
2026-10-01T14:32:42.0304974Z INFO         | initIcdPaths: ICD set to 'swiftshader', using Swiftshader ICD
2026-10-01T14:32:42.0306438Z INFO         | Setting ICD filenames for the loader = /usr/local/lib/android/sdk/emulator/lib64/vulkan/vk_swiftshader_icd.json
2026-10-01T14:32:42.0307629Z INFO         | SharedLibrary::open for [/usr/local/lib/android/sdk/emulator/qemu/linux-x86_64/lib64/vulkan/libvulkan.so]
2026-10-01T14:32:42.0308852Z INFO         | SharedLibrary::open for [/usr/local/lib/android/sdk/emulator/qemu/linux-x86_64/lib64/vulkan/libvulkan.so.1]
2026-10-01T14:32:42.0309875Z INFO         | SharedLibrary::open for [/usr/local/lib/android/sdk/emulator/lib64/vulkan/libvulkan.so]
2026-10-01T14:32:42.0310802Z INFO         | Added library: /usr/local/lib/android/sdk/emulator/lib64/vulkan/libvulkan.so
2026-10-01T14:32:42.0342067Z INFO         | Selecting Vulkan device: SwiftShader Device (Subzero), Version: 1.3.0
2026-10-01T14:32:42.0342705Z INFO         | Using Vulkan externalMemoryMode: OpaqueFd for VkEmulation
2026-10-01T14:32:42.0465645Z INFO         | SharedLibrary::open for [libX11]
2026-10-01T14:32:42.0466172Z WARNING      | Could not open libX11.so, try libX11.so.6
2026-10-01T14:32:42.0466527Z INFO         | SharedLibrary::open for [libX11.so.6]
2026-10-01T14:32:42.0466822Z INFO         | SharedLibrary::open for [libX11-xcb]
2026-10-01T14:32:42.0467124Z WARNING      | Could not open libX11-xcb.so, try libX11-xcb.so.1
2026-10-01T14:32:42.0467566Z INFO         | SharedLibrary::open for [libX11-xcb.so.1]
2026-10-01T14:32:42.0513076Z INFO         | Initializing VkEmulation features:
2026-10-01T14:32:42.0513490Z INFO         |     glInteropSupported: false
2026-10-01T14:32:42.0513823Z INFO         |     useDeferredCommands: true
2026-10-01T14:32:42.0514217Z INFO         |     createResourceWithRequirements: true
2026-10-01T14:32:42.0514603Z INFO         |     useVulkanComposition: false
2026-10-01T14:32:42.0514948Z INFO         |     useVulkanNativeSwapchain: false
2026-10-01T14:32:42.0515299Z INFO         |     enable guestRenderDoc: false
2026-10-01T14:32:42.0515658Z INFO         |     ASTC LDR emulation mode: Gpu
2026-10-01T14:32:42.0515980Z INFO         |     enable ETC2 emulation: true
2026-10-01T14:32:42.0516344Z INFO         |     enable Ycbcr emulation: false
2026-10-01T14:32:42.0516709Z INFO         |     guestVulkanOnly: false
2026-10-01T14:32:42.0516960Z INFO         |     useDedicatedAllocations: false
2026-10-01T14:32:42.0517222Z INFO         |     guestVulkanMaxApiVersion: 1.3.0
2026-10-01T14:32:42.0517496Z INFO         |     enableProtectedMemoryEmulation: false
2026-10-01T14:32:42.0521154Z INFO         | Graphics Adapter Vendor Google (Google Inc.)
2026-10-01T14:32:42.0521691Z INFO         | Graphics Adapter Android Emulator OpenGL ES Translator (Google SwiftShader)
2026-10-01T14:32:42.0522282Z INFO         | Graphics API Version OpenGL ES 3.0 (OpenGL ES 3.0 SwiftShader 4.0.0.1)
2026-10-01T14:32:42.0524510Z INFO         | Graphics API Extensions GL_OES_EGL_sync GL_OES_EGL_image GL_OES_EGL_image_external GL_OES_depth24 GL_OES_depth32 GL_OES_element_index_uint GL_OES_texture_float GL_OES_texture_float_linear GL_OES_compressed_paletted_texture GL_OES_compressed_ETC1_RGB8_texture GL_OES_depth_texture GL_OES_texture_half_float GL_OES_texture_half_float_linear GL_OES_packed_depth_stencil GL_OES_vertex_half_float GL_OES_standard_derivatives GL_OES_texture_npot GL_OES_rgb8_rgba8 GL_EXT_color_buffer_float GL_EXT_color_buffer_half_float GL_EXT_texture_format_BGRA8888 GL_APPLE_texture_format_BGRA8888 
2026-10-01T14:32:42.0526181Z INFO         | Graphics Device Extensions N/A
2026-10-01T14:32:42.0526457Z INFO         | Disabling sparse binding feature support
2026-10-01T14:32:42.0566861Z INFO         | Sending adb public key [QAAAABev1FhZh1Z8M0AGMjcNUnkq/LL4WOXH3RPZqerx0jMGOIV6W1HziC6zXRbPOutbxqfDhka7/4ooB1p2slw8nG86o1DNMqHjjxIO2lxM2PoIiRtXAFWF1faMd9aCr8EYYn/a+a9qFI7X6eieSvy2Cva5gqvYmZLSyeRvRNvi4AIloJZ82kzKoirCAoE7O/GMFIaEQ33G+5T/5iU+mPD35SwOm/GCBptCqhY3Of1p9zqum40l+dEudi2s3xdIq0BGfVW/b4mJPoTRlHdW0fsCGO0k9JIaFCKOxWJOy/jS2SjhpnMEfH1Tddm7E5BCErqAcWKecK5HWQk/ZSnCvJflnkRBt2/YLCkAIGzD3KlVCNy5PoTnlej3wB1y5PsVzpru1vtuXSuBnyB7VvqaWOTiWeNkDymtorxurmXLaJO0QKl1lF9I/1S9l3ihrc3kgf2uGkehR+uPJEJjaHxSR1Fhs3PC1Jm7jFPBo64WqSSMJJc0n8jvUbvYYnRRG4mevNn3rFWodnSVjLef0H2HJr6h0usdCxAKG+TVx1dQfFdgoxNS+eldjOs7SJIC+7NTofBIT4yEabG+UnbxPM2+d8obVoWBwr4hugvoYEnQPGcS8+DaHetryp9u7dZTPBFTZ/c62L7sUZFcFinhl12U/uCBIRFwSHtNvRMT8rHReSgf0uTioTKhNwEAAQA= runner@unknown]
2026-10-01T14:32:42.0572046Z INFO         | Userspace boot properties:
2026-10-01T14:32:42.0572677Z INFO         |   androidboot.boot_devices=pci0000:00/0000:00:03.0 pci0000:00/0000:00:06.0
2026-10-01T14:32:42.0573356Z INFO         |   androidboot.dalvik.vm.heapsize=576m
2026-10-01T14:32:42.0573929Z INFO         |   androidboot.debug.hwui.renderer=skiagl
2026-10-01T14:32:42.0574268Z INFO         |   androidboot.debug.sf.nobootanimation=1
2026-10-01T14:32:42.0574553Z INFO         |   androidboot.hardware=ranchu
2026-10-01T14:32:42.0574847Z INFO         |   androidboot.hardware.gltransport=pipe
2026-10-01T14:32:42.0575127Z INFO         |   androidboot.hardware.vulkan=ranchu
2026-10-01T14:32:42.0575375Z INFO         |   androidboot.logcat=*:V
2026-10-01T14:32:42.0575631Z INFO         |   androidboot.opengles.version=196608
2026-10-01T14:32:42.0575887Z INFO         |   androidboot.qemu=1
2026-10-01T14:32:42.0578779Z INFO         |   androidboot.qemu.adb.pubkey=QAAAABev1FhZh1Z8M0AGMjcNUnkq/LL4WOXH3RPZqerx0jMGOIV6W1HziC6zXRbPOutbxqfDhka7/4ooB1p2slw8nG86o1DNMqHjjxIO2lxM2PoIiRtXAFWF1faMd9aCr8EYYn/a+a9qFI7X6eieSvy2Cva5gqvYmZLSyeRvRNvi4AIloJZ82kzKoirCAoE7O/GMFIaEQ33G+5T/5iU+mPD35SwOm/GCBptCqhY3Of1p9zqum40l+dEudi2s3xdIq0BGfVW/b4mJPoTRlHdW0fsCGO0k9JIaFCKOxWJOy/jS2SjhpnMEfH1Tddm7E5BCErqAcWKecK5HWQk/ZSnCvJflnkRBt2/YLCkAIGzD3KlVCNy5PoTnlej3wB1y5PsVzpru1vtuXSuBnyB7VvqaWOTiWeNkDymtorxurmXLaJO0QKl1lF9I/1S9l3ihrc3kgf2uGkehR+uPJEJjaHxSR1Fhs3PC1Jm7jFPBo64WqSSMJJc0n8jvUbvYYnRRG4mevNn3rFWodnSVjLef0H2HJr6h0usdCxAKG+TVx1dQfFdgoxNS+eldjOs7SJIC+7NTofBIT4yEabG+UnbxPM2+d8obVoWBwr4hugvoYEnQPGcS8+DaHetryp9u7dZTPBFTZ/c62L7sUZFcFinhl12U/uCBIRFwSHtNvRMT8rHReSgf0uTioTKhNwEAAQA= runner@unknown
2026-10-01T14:32:42.0581503Z INFO         |   androidboot.qemu.avd_name=test
2026-10-01T14:32:42.0581796Z INFO         |   androidboot.qemu.camera_hq_edge_processing=0
2026-10-01T14:32:42.0582095Z INFO         |   androidboot.qemu.camera_protocol_ver=1
2026-10-01T14:32:42.0582376Z INFO         |   androidboot.qemu.cpuvulkan.version=4206592
2026-10-01T14:32:42.0582692Z INFO         |   androidboot.qemu.gltransport.drawFlushInterval=800
2026-10-01T14:32:42.0583002Z INFO         |   androidboot.qemu.gltransport.name=pipe
2026-10-01T14:32:42.0583281Z INFO         |   androidboot.qemu.hwcodec.avcdec=2
2026-10-01T14:32:42.0583555Z INFO         |   androidboot.qemu.hwcodec.hevcdec=2
2026-10-01T14:32:42.0583812Z INFO         |   androidboot.qemu.hwcodec.vpxdec=2
2026-10-01T14:32:42.0584129Z INFO         |   androidboot.qemu.settings.system.screen_off_timeout=2147483647
2026-10-01T14:32:42.0584449Z INFO         |   androidboot.qemu.skin=320x640
2026-10-01T14:32:42.0584694Z INFO         |   androidboot.qemu.virtiowifi=1
2026-10-01T14:32:42.0584928Z INFO         |   androidboot.qemu.vsync=60
2026-10-01T14:32:42.0585183Z INFO         |   androidboot.serialno=EMULATOR37X1X11X0
2026-10-01T14:32:42.0585617Z INFO         |   androidboot.vbmeta.digest=8bee4f6105b6acd7de887b1ee6629ab07066df02ee9bbca07663adffdad97fc1
2026-10-01T14:32:42.0586024Z INFO         |   androidboot.vbmeta.hash_alg=sha256
2026-10-01T14:32:42.0586286Z INFO         |   androidboot.vbmeta.size=6656
2026-10-01T14:32:42.0586532Z INFO         |   androidboot.veritymode=enforcing
2026-10-01T14:32:42.0789984Z WARNING: cannnot unmap ptr 0x7fb348201000 as it is in the protected range from 0x7fb2a8200000 to 0x7fb348400000
2026-10-01T14:32:42.0910142Z INFO         | Monitoring duration of emulator setup.
2026-10-01T14:32:45.1176138Z INFO         | Activated packet streamer for bluetooth emulation
2026-10-01T14:32:45.1177043Z INFO         | Successfully initialized netsim WiFi
2026-10-01T14:32:45.1222686Z INFO         | Setting display: 0 configuration to: 320x640, dpi: 160x160 
2026-10-01T14:32:45.1223758Z INFO         | setDisplayActiveConfig: id:0, 320x640
2026-10-01T14:32:45.1224604Z INFO         | emulatorSetupEnvironment: Environment scene is not required
2026-10-01T14:32:45.1284575Z USER_INFO    | Emulator is performing a full startup. This may take upto two minutes, or more.
2026-10-01T14:32:45.1285681Z WARNING      | Failed to process .ini file /home/runner/.android/emu-update-last-check.ini for reading.
2026-10-01T14:32:45.3311884Z WARNING      | Failed to process .ini file /home/runner/.android/emu-update-last-check.ini for reading.
2026-10-01T14:32:51.6094408Z [command]/usr/local/lib/android/sdk/platform-tools/adb -s emulator-5554 shell getprop sys.boot_completed
2026-10-01T14:32:51.6120237Z * daemon not running; starting now at tcp:5037
2026-10-01T14:32:51.6764457Z * daemon started successfully
2026-10-01T14:32:51.6764964Z adb: device offline
2026-10-01T14:32:51.6768592Z The process '/usr/local/lib/android/sdk/platform-tools/adb' failed with exit code 1
2026-10-01T14:32:53.6814312Z [command]/usr/local/lib/android/sdk/platform-tools/adb -s emulator-5554 shell getprop sys.boot_completed
2026-10-01T14:32:53.6837495Z adb: device offline
2026-10-01T14:32:53.6842615Z The process '/usr/local/lib/android/sdk/platform-tools/adb' failed with exit code 1
2026-10-01T14:32:55.6890477Z [command]/usr/local/lib/android/sdk/platform-tools/adb -s emulator-5554 shell getprop sys.boot_completed
2026-10-01T14:32:55.6934157Z adb: device offline
2026-10-01T14:32:55.6935095Z The process '/usr/local/lib/android/sdk/platform-tools/adb' failed with exit code 1
2026-10-01T14:32:57.6990194Z [command]/usr/local/lib/android/sdk/platform-tools/adb -s emulator-5554 shell getprop sys.boot_completed
2026-10-01T14:32:57.7142824Z 
2026-10-01T14:32:59.7199803Z [command]/usr/local/lib/android/sdk/platform-tools/adb -s emulator-5554 shell getprop sys.boot_completed
2026-10-01T14:32:59.7458839Z 
2026-10-01T14:33:01.7520045Z [command]/usr/local/lib/android/sdk/platform-tools/adb -s emulator-5554 shell getprop sys.boot_completed
2026-10-01T14:33:01.7729008Z 
2026-10-01T14:33:03.7769978Z [command]/usr/local/lib/android/sdk/platform-tools/adb -s emulator-5554 shell getprop sys.boot_completed
2026-10-01T14:33:03.7989335Z 
2026-10-01T14:33:05.8072886Z [command]/usr/local/lib/android/sdk/platform-tools/adb -s emulator-5554 shell getprop sys.boot_completed
2026-10-01T14:33:05.8377455Z 
2026-10-01T14:33:07.4579372Z INFO         | Boot completed in 25815 ms
2026-10-01T14:33:07.4579996Z INFO         | Increasing screen off timeout, logcat buffer size to 2M.
2026-10-01T14:33:07.8412271Z [command]/usr/local/lib/android/sdk/platform-tools/adb -s emulator-5554 shell getprop sys.boot_completed
2026-10-01T14:33:07.9084775Z 1
2026-10-01T14:33:07.9094471Z Emulator booted.
2026-10-01T14:33:07.9113801Z [command]/usr/local/lib/android/sdk/platform-tools/adb -s emulator-5554 shell input keyevent 82
2026-10-01T14:33:09.2950500Z Disabling animations.
2026-10-01T14:33:09.2992587Z [command]/usr/local/lib/android/sdk/platform-tools/adb -s emulator-5554 shell settings put global window_animation_scale 0.0
2026-10-01T14:33:09.5840004Z [command]/usr/local/lib/android/sdk/platform-tools/adb -s emulator-5554 shell settings put global transition_animation_scale 0.0
2026-10-01T14:33:09.7169855Z [command]/usr/local/lib/android/sdk/platform-tools/adb -s emulator-5554 shell settings put global animator_duration_scale 0.0
2026-10-01T14:33:09.7730344Z ##[endgroup]
2026-10-01T14:33:09.7745795Z [command]/usr/bin/sh -c cd apps/android && ./gradlew :app:connectedDebugAndroidTest
2026-10-01T14:33:09.9492252Z Downloading https://services.gradle.org/distributions/gradle-8.9-bin.zip
2026-10-01T14:33:11.6280896Z ............10%.............20%.............30%.............40%.............50%.............60%.............70%.............80%.............90%.............100%
2026-10-01T14:33:12.8060410Z 
2026-10-01T14:33:12.8061150Z Welcome to Gradle 8.9!
2026-10-01T14:33:12.8061592Z 
2026-10-01T14:33:12.8061895Z Here are the highlights of this release:
2026-10-01T14:33:12.8062618Z  - Enhanced Error and Warning Messages
2026-10-01T14:33:12.8063053Z  - IDE Integration Improvements
2026-10-01T14:33:12.8063923Z  - Daemon JVM Information
2026-10-01T14:33:12.8064116Z 
2026-10-01T14:33:12.8064512Z For more details see https://docs.gradle.org/8.9/release-notes.html
2026-10-01T14:33:12.8064854Z 
2026-10-01T14:33:13.1058719Z Starting a Gradle Daemon (subsequent builds will be faster)
2026-10-01T14:34:09.5132066Z > Task :app:checkKotlinGradlePluginConfigurationErrors SKIPPED
2026-10-01T14:34:09.5168973Z > Task :app:preBuild UP-TO-DATE
2026-10-01T14:34:09.5190079Z > Task :app:preDebugBuild UP-TO-DATE
2026-10-01T14:34:09.7054437Z > Task :app:generateDebugBuildConfig
2026-10-01T14:34:24.1089363Z > Task :app:generateDebugResValues
2026-10-01T14:34:24.2060035Z > Task :app:checkDebugAarMetadata
2026-10-01T14:34:24.2060482Z > Task :app:mapDebugSourceSetPaths
2026-10-01T14:34:24.2060861Z > Task :app:generateDebugResources
2026-10-01T14:34:25.3083739Z > Task :app:packageDebugResources
2026-10-01T14:34:25.8055241Z > Task :app:mergeDebugResources
2026-10-01T14:34:26.1053476Z > Task :app:createDebugCompatibleScreenManifests
2026-10-01T14:34:26.1063876Z > Task :app:extractDeepLinksDebug
2026-10-01T14:34:26.2070036Z > Task :app:parseDebugLocalResources
2026-10-01T14:34:26.4072439Z > Task :app:processDebugMainManifest
2026-10-01T14:34:26.5052720Z > Task :app:processDebugManifest
2026-10-01T14:34:26.5053162Z > Task :app:processDebugManifestForPackage
2026-10-01T14:34:26.5053548Z > Task :app:javaPreCompileDebug
2026-10-01T14:34:27.4052927Z > Task :app:preDebugAndroidTestBuild SKIPPED
2026-10-01T14:34:27.9052986Z > Task :app:processDebugResources
2026-10-01T14:34:29.5069594Z > Task :app:processDebugAndroidTestManifest
2026-10-01T14:34:34.7069376Z > Task :app:generateDebugAndroidTestBuildConfig
2026-10-01T14:34:34.8132278Z > Task :app:checkDebugAndroidTestAarMetadata
2026-10-01T14:34:34.8199153Z > Task :app:generateDebugAndroidTestResValues
2026-10-01T14:34:34.8228880Z > Task :app:mapDebugAndroidTestSourceSetPaths
2026-10-01T14:34:34.8259394Z > Task :app:generateDebugAndroidTestResources
2026-10-01T14:34:35.2080129Z > Task :app:mergeDebugAndroidTestResources
2026-10-01T14:34:35.4061629Z > Task :app:processDebugAndroidTestResources
2026-10-01T14:34:35.4112314Z > Task :app:javaPreCompileDebugAndroidTest
2026-10-01T14:34:35.4159478Z > Task :app:mergeDebugShaders
2026-10-01T14:34:35.4192124Z > Task :app:compileDebugShaders NO-SOURCE
2026-10-01T14:34:35.4218768Z > Task :app:generateDebugAssets UP-TO-DATE
2026-10-01T14:34:35.6080438Z > Task :app:mergeDebugAssets
2026-10-01T14:34:35.6082720Z > Task :app:compressDebugAssets
2026-10-01T14:34:35.6084215Z > Task :app:desugarDebugFileDependencies
2026-10-01T14:34:37.2069383Z > Task :app:checkDebugDuplicateClasses
2026-10-01T14:34:59.5059215Z > Task :app:compileDebugKotlin
2026-10-01T14:35:07.2079343Z > Task :app:mergeExtDexDebug
2026-10-01T14:35:59.0101572Z > Task :app:compileDebugJavaWithJavac
2026-10-01T14:36:04.2053784Z > Task :app:bundleDebugClassesToCompileJar
2026-10-01T14:36:05.0064267Z > Task :app:dexBuilderDebug
2026-10-01T14:36:06.7060110Z > Task :app:mergeDebugGlobalSynthetics
2026-10-01T14:36:06.9109565Z > Task :app:processDebugJavaRes
2026-10-01T14:36:08.3054475Z > Task :app:compileDebugAndroidTestKotlin
2026-10-01T14:36:08.8053594Z > Task :app:mergeDebugJavaResource
2026-10-01T14:36:08.9059462Z > Task :app:compileDebugAndroidTestJavaWithJavac
2026-10-01T14:36:08.9090504Z > Task :app:mergeLibDexDebug
2026-10-01T14:36:08.9091730Z > Task :app:mergeDebugJniLibFolders
2026-10-01T14:36:09.4053648Z > Task :app:mergeDebugNativeLibs
2026-10-01T14:36:09.8069656Z > Task :app:mergeProjectDexDebug
2026-10-01T14:36:09.8073345Z 
2026-10-01T14:36:09.8073753Z > Task :app:stripDebugDebugSymbols
2026-10-01T14:36:09.8074746Z Unable to strip the following libraries, packaging them as they are: libandroidx.graphics.path.so.
2026-10-01T14:36:10.4079086Z 
2026-10-01T14:36:10.4132353Z > Task :app:validateSigningDebug
2026-10-01T14:36:10.4142111Z > Task :app:writeDebugAppMetadata
2026-10-01T14:36:10.4169249Z > Task :app:writeDebugSigningConfigVersions
2026-10-01T14:36:10.5089242Z > Task :app:mergeDebugAndroidTestShaders
2026-10-01T14:36:10.5107427Z > Task :app:compileDebugAndroidTestShaders NO-SOURCE
2026-10-01T14:36:10.5129294Z > Task :app:generateDebugAndroidTestAssets UP-TO-DATE
2026-10-01T14:36:10.5153054Z > Task :app:mergeDebugAndroidTestAssets
2026-10-01T14:36:10.5179067Z > Task :app:compressDebugAndroidTestAssets
2026-10-01T14:36:10.5208848Z > Task :app:desugarDebugAndroidTestFileDependencies
2026-10-01T14:36:10.6073148Z > Task :app:dexBuilderDebugAndroidTest
2026-10-01T14:36:12.7054606Z > Task :app:mergeDebugAndroidTestGlobalSynthetics
2026-10-01T14:36:12.7099167Z > Task :app:packageDebug
2026-10-01T14:36:12.7109825Z > Task :app:createDebugApkListingFileRedirect
2026-10-01T14:36:12.7110493Z > Task :app:processDebugAndroidTestJavaRes
2026-10-01T14:36:12.8079249Z > Task :app:checkDebugAndroidTestDuplicateClasses
2026-10-01T14:36:12.9053852Z > Task :app:mergeDebugAndroidTestJavaResource
2026-10-01T14:36:13.2058825Z > Task :app:mergeExtDexDebugAndroidTest
2026-10-01T14:36:13.2059573Z > Task :app:mergeLibDexDebugAndroidTest
2026-10-01T14:36:13.2060324Z > Task :app:mergeDebugAndroidTestJniLibFolders
2026-10-01T14:36:13.2060951Z > Task :app:mergeDebugAndroidTestNativeLibs NO-SOURCE
2026-10-01T14:36:13.2063262Z > Task :app:mergeProjectDexDebugAndroidTest
2026-10-01T14:36:13.2089825Z > Task :app:stripDebugAndroidTestDebugSymbols NO-SOURCE
2026-10-01T14:36:13.2109276Z > Task :app:validateSigningDebugAndroidTest
2026-10-01T14:36:13.2109758Z > Task :app:writeDebugAndroidTestSigningConfigVersions
2026-10-01T14:36:13.3054696Z > Task :app:packageDebugAndroidTest
2026-10-01T14:36:13.3055390Z > Task :app:createDebugAndroidTestApkListingFileRedirect
2026-10-01T14:36:17.9052402Z [EmulatorConsole]: Failed to start Emulator console for 5554
2026-10-01T14:36:24.2054583Z 
2026-10-01T14:36:24.2055335Z > Task :app:connectedDebugAndroidTest
2026-10-01T14:36:24.2056017Z Starting 4 tests on emulator-5554 - 14
2026-10-01T14:36:28.1052572Z 
2026-10-01T14:36:28.1054077Z Finished 4 tests on emulator-5554 - 14
2026-10-01T14:36:28.7888775Z 
2026-10-01T14:36:28.7929097Z BUILD SUCCESSFUL in 3m 18s
2026-10-01T14:36:28.7930502Z 67 actionable tasks: 67 executed
2026-10-01T14:36:29.1117398Z ##[group]Terminate Emulator
2026-10-01T14:36:29.1125592Z [command]/usr/local/lib/android/sdk/platform-tools/adb -s emulator-5554 emu kill
2026-10-01T14:36:29.1152648Z OK: killing emulator, bye bye
2026-10-01T14:36:29.1153269Z OK
2026-10-01T14:36:29.1156473Z ##[endgroup]
2026-10-01T14:36:29.1157361Z INFO         | Wait for emulator (pid 2402) 20 seconds to shutdown gracefully before kill;you can set environment variable ANDROID_EMULATOR_WAIT_TIME_BEFORE_KILL(in seconds) to change the default value (20 seconds)
2026-10-01T14:36:29.1158165Z 
2026-10-01T14:36:29.1215405Z USER_INFO    | Snapshots have been disabled by the user, save request is ignored.
2026-10-01T14:36:29.1217388Z INFO         | Saving snapshot 'default_boot' using 0 ms
2026-10-01T14:36:29.2314414Z ERROR        | stop: Not implemented
2026-10-01T14:36:29.2315045Z WARNING      | Emulator client has not yet been configured.. Call configure me first!
2026-10-01T14:36:29.2423451Z INFO         | removeAll
2026-10-01T14:36:29.2827246Z WARNING      | Netsim Wifi dns:///localhost:43361 is gone due to Stream removed (CANCELLED)
2026-10-01T14:36:29.9051279Z ##[group]Run actions/upload-artifact@ea165f8d65b6e75b540449e92b4886f43607fa02
2026-10-01T14:36:29.9051785Z with:
2026-10-01T14:36:29.9052037Z   name: android-runtime-review
2026-10-01T14:36:29.9052404Z   path: apps/android/app/build/reports/androidTests
2026-10-01T14:36:29.9052658Z   if-no-files-found: warn
2026-10-01T14:36:29.9052846Z   compression-level: 6
2026-10-01T14:36:29.9053028Z   overwrite: false
2026-10-01T14:36:29.9053202Z   include-hidden-files: false
2026-10-01T14:36:29.9053390Z env:
2026-10-01T14:36:29.9053632Z   JAVA_HOME: /opt/hostedtoolcache/Java_Temurin-Hotspot_jdk/21.0.12-1/x64
2026-10-01T14:36:29.9054014Z   JAVA_HOME_21_X64: /opt/hostedtoolcache/Java_Temurin-Hotspot_jdk/21.0.12-1/x64
2026-10-01T14:36:29.9054328Z   ANDROID_AVD_HOME: /home/runner/.android/avd
2026-10-01T14:36:29.9054778Z ##[endgroup]
2026-10-01T14:36:30.0402003Z (node:3154) [DEP0040] DeprecationWarning: The `punycode` module is deprecated. Please use a userland alternative instead.
2026-10-01T14:36:30.0402793Z (Use `node --trace-deprecation ...` to show where the warning was created)
2026-10-01T14:36:30.0471452Z With the provided path, there will be 7 files uploaded
2026-10-01T14:36:30.0475678Z Artifact name is valid!
2026-10-01T14:36:30.0476270Z Root directory input is valid!
2026-10-01T14:36:30.4010284Z Beginning upload of artifact content to blob storage
2026-10-01T14:36:30.4225738Z (node:3154) [DEP0169] DeprecationWarning: `url.parse()` behavior is not standardized and prone to errors that have security implications. Use the WHATWG URL API instead. CVEs are not issued for `url.parse()` vulnerabilities.
2026-10-01T14:36:30.6232752Z Uploaded bytes 6306
2026-10-01T14:36:30.6802615Z Finished uploading artifact content to blob storage!
2026-10-01T14:36:30.6803358Z SHA256 digest of uploaded artifact zip is 7ddf04247501e849d8516213d37369ca0c78f705c0e4add75f6744e86d2fd4a7
2026-10-01T14:36:30.6804406Z Finalizing artifact upload
2026-10-01T14:36:30.9687757Z Artifact android-runtime-review.zip successfully finalized. Artifact ID 11169298510
2026-10-01T14:36:30.9688616Z Artifact android-runtime-review has been successfully uploaded! Final size is 6306 bytes. Artifact ID is 11169298510
2026-10-01T14:36:30.9694250Z Artifact download URL: https://github.com/WangPantopus/creator-platform/actions/runs/36877042138/artifacts/11169298510
2026-10-01T14:36:30.9852511Z Post job cleanup.
2026-10-01T14:36:31.0991867Z (node:3177) [DEP0040] DeprecationWarning: The `punycode` module is deprecated. Please use a userland alternative instead.
2026-10-01T14:36:31.0993126Z (Use `node --trace-deprecation ...` to show where the warning was created)
2026-10-01T14:36:31.1180949Z Post job cleanup.
2026-10-01T14:36:31.1955882Z [command]/usr/bin/git version
2026-10-01T14:36:31.1996038Z git version 2.55.0
2026-10-01T14:36:31.2029829Z Temporarily overriding HOME='/home/runner/work/_temp/63bfa0c3-9555-4335-a7e9-de0a40bf7158' before making global git config changes
2026-10-01T14:36:31.2030592Z Adding repository directory to the temporary git global config as a safe directory
2026-10-01T14:36:31.2034934Z [command]/usr/bin/git config --global --add safe.directory /home/runner/work/creator-platform/creator-platform
2026-10-01T14:36:31.2072194Z [command]/usr/bin/git config --local --name-only --get-regexp core\.sshCommand
2026-10-01T14:36:31.2103851Z [command]/usr/bin/git submodule foreach --recursive sh -c "git config --local --name-only --get-regexp 'core\.sshCommand' && git config --local --unset-all 'core.sshCommand' || :"
2026-10-01T14:36:31.2369678Z [command]/usr/bin/git config --local --name-only --get-regexp http\.https\:\/\/github\.com\/\.extraheader
2026-10-01T14:36:31.2381704Z http.https://github.com/.extraheader
2026-10-01T14:36:31.2419303Z [command]/usr/bin/git config --local --unset-all http.https://github.com/.extraheader
2026-10-01T14:36:31.2463075Z [command]/usr/bin/git submodule foreach --recursive sh -c "git config --local --name-only --get-regexp 'http\.https\:\/\/github\.com\/\.extraheader' && git config --local --unset-all 'http.https://github.com/.extraheader' || :"
2026-10-01T14:36:31.2760341Z [command]/usr/bin/git config --local --name-only --get-regexp ^includeIf\.gitdir:
2026-10-01T14:36:31.2804138Z [command]/usr/bin/git submodule foreach --recursive git config --local --show-origin --name-only --get-regexp remote.origin.url
2026-10-01T14:36:31.3199944Z Cleaning up orphan processes
2026-10-01T14:36:31.3523063Z Terminate orphan process: pid (2516) (adb)
2026-10-01T14:36:31.3592421Z Terminate orphan process: pid (2709) (java)
2026-10-01T14:36:31.3715135Z Terminate orphan process: pid (2831) (java)
2026-10-01T14:36:31.3739935Z ##[warning]Node.js 20 is deprecated. The following actions target Node.js 20 but are being forced to run on Node.js 24: actions/checkout@11d5960a326750d5838078e36cf38b85af677262, actions/setup-java@cf277c60eb25467037889841efdb72551f06f6c3, actions/upload-artifact@ea165f8d65b6e75b540449e92b4886f43607fa02. For more information see: https://github.blog/changelog/2025-09-19-deprecation-of-node-20-on-github-actions-runners/
