2026-10-01T14:52:19.7068457Z Current runner version: '2.337.0'
2026-10-01T14:52:19.7096086Z ##[group]Runner Image Provisioner
2026-10-01T14:52:19.7097120Z Hosted Compute Agent
2026-10-01T14:52:19.7097718Z Version: 20260901.588
2026-10-01T14:52:19.7098798Z Commit: f88ec8081b781fac6c440065ac7ff9e710ce3d0b
2026-10-01T14:52:19.7099564Z Build Date: 2026-09-01T19:56:44Z
2026-10-01T14:52:19.7100240Z Worker ID: {a6860a34-f1be-47d7-a339-07aef0074552}
2026-10-01T14:52:19.7101043Z Azure Region: eastus2
2026-10-01T14:52:19.7101648Z ##[endgroup]
2026-10-01T14:52:19.7103231Z ##[group]Operating System
2026-10-01T14:52:19.7103909Z Ubuntu
2026-10-01T14:52:19.7104428Z 24.04.5
2026-10-01T14:52:19.7105028Z LTS
2026-10-01T14:52:19.7105543Z ##[endgroup]
2026-10-01T14:52:19.7106115Z ##[group]Runner Image
2026-10-01T14:52:19.7106805Z Image: ubuntu-24.04
2026-10-01T14:52:19.7107375Z Version: 20260927.320.1
2026-10-01T14:52:19.7109369Z Included Software: https://github.com/actions/runner-images/blob/ubuntu24/20260927.320/images/ubuntu/Ubuntu2404-Readme.md
2026-10-01T14:52:19.7111929Z Image Release: https://github.com/actions/runner-images/releases/tag/ubuntu24%2F20260927.320
2026-10-01T14:52:19.7113649Z ##[endgroup]
2026-10-01T14:52:19.7115578Z ##[group]GITHUB_TOKEN Permissions
2026-10-01T14:52:19.7118560Z Contents: read
2026-10-01T14:52:19.7119540Z Metadata: read
2026-10-01T14:52:19.7120547Z Packages: read
2026-10-01T14:52:19.7121412Z ##[endgroup]
2026-10-01T14:52:19.7124464Z Secret source: Actions
2026-10-01T14:52:19.7126040Z Cache mode: write
2026-10-01T14:52:19.7127282Z Prepare workflow directory
2026-10-01T14:52:19.7485120Z Prepare all required actions
2026-10-01T14:52:19.7535238Z Getting action download info
2026-10-01T14:52:20.0611410Z Download action repository 'actions/checkout@11d5960a326750d5838078e36cf38b85af677262' (SHA:11d5960a326750d5838078e36cf38b85af677262)
2026-10-01T14:52:20.1717449Z Download action repository 'actions/setup-java@cf277c60eb25467037889841efdb72551f06f6c3' (SHA:cf277c60eb25467037889841efdb72551f06f6c3)
2026-10-01T14:52:20.4893425Z Download action repository 'reactivecircus/android-emulator-runner@a421e43855164a8197daf9d8d40fe71c6996bb0d' (SHA:a421e43855164a8197daf9d8d40fe71c6996bb0d)
2026-10-01T14:52:20.7043379Z Download action repository 'actions/upload-artifact@ea165f8d65b6e75b540449e92b4886f43607fa02' (SHA:ea165f8d65b6e75b540449e92b4886f43607fa02)
2026-10-01T14:52:20.9330728Z Complete job name: android-runtime
2026-10-01T14:52:21.0162876Z ##[group]Run actions/checkout@11d5960a326750d5838078e36cf38b85af677262
2026-10-01T14:52:21.0164217Z with:
2026-10-01T14:52:21.0164923Z   repository: WangPantopus/creator-platform
2026-10-01T14:52:21.0169109Z   token: ***
2026-10-01T14:52:21.0169748Z   ssh-strict: true
2026-10-01T14:52:21.0170285Z   ssh-user: git
2026-10-01T14:52:21.0170860Z   persist-credentials: true
2026-10-01T14:52:21.0171464Z   clean: true
2026-10-01T14:52:21.0172057Z   sparse-checkout-cone-mode: true
2026-10-01T14:52:21.0172737Z   fetch-depth: 1
2026-10-01T14:52:21.0173259Z   fetch-tags: false
2026-10-01T14:52:21.0173821Z   show-progress: true
2026-10-01T14:52:21.0174459Z   lfs: false
2026-10-01T14:52:21.0174971Z   submodules: false
2026-10-01T14:52:21.0175569Z   set-safe-directory: true
2026-10-01T14:52:21.0176187Z   allow-unsafe-pr-checkout: false
2026-10-01T14:52:21.0177128Z ##[endgroup]
2026-10-01T14:52:21.1256413Z Syncing repository: WangPantopus/creator-platform
2026-10-01T14:52:21.1260306Z ##[group]Getting Git version info
2026-10-01T14:52:21.1261879Z Working directory is '/home/runner/work/creator-platform/creator-platform'
2026-10-01T14:52:21.1264000Z [command]/usr/bin/git version
2026-10-01T14:52:21.1311754Z git version 2.55.0
2026-10-01T14:52:21.1337457Z ##[endgroup]
2026-10-01T14:52:21.1450641Z Temporarily overriding HOME='/home/runner/work/_temp/026e150a-e988-4bd2-a9bb-c94ea774cdcb' before making global git config changes
2026-10-01T14:52:21.1453572Z Adding repository directory to the temporary git global config as a safe directory
2026-10-01T14:52:21.1455919Z [command]/usr/bin/git config --global --add safe.directory /home/runner/work/creator-platform/creator-platform
2026-10-01T14:52:21.1459326Z Deleting the contents of '/home/runner/work/creator-platform/creator-platform'
2026-10-01T14:52:21.1461662Z ##[group]Initializing the repository
2026-10-01T14:52:21.1462824Z [command]/usr/bin/git init /home/runner/work/creator-platform/creator-platform
2026-10-01T14:52:21.1571042Z hint: Using 'master' as the name for the initial branch. This default branch name
2026-10-01T14:52:21.1582539Z hint: will change to "main" in Git 3.0. To configure the initial branch name
2026-10-01T14:52:21.1584704Z hint: to use in all of your new repositories, which will suppress this warning,
2026-10-01T14:52:21.1586403Z hint: call:
2026-10-01T14:52:21.1587931Z hint:
2026-10-01T14:52:21.1589536Z hint: 	git config --global init.defaultBranch <name>
2026-10-01T14:52:21.1590948Z hint:
2026-10-01T14:52:21.1592231Z hint: Names commonly chosen instead of 'master' are 'main', 'trunk' and
2026-10-01T14:52:21.1593847Z hint: 'development'. The just-created branch can be renamed via this command:
2026-10-01T14:52:21.1595201Z hint:
2026-10-01T14:52:21.1595945Z hint: 	git branch -m <name>
2026-10-01T14:52:21.1596754Z hint:
2026-10-01T14:52:21.1597931Z hint: Disable this message with "git config set advice.defaultBranchName false"
2026-10-01T14:52:21.1600179Z Initialized empty Git repository in /home/runner/work/creator-platform/creator-platform/.git/
2026-10-01T14:52:21.1602721Z [command]/usr/bin/git remote add origin https://github.com/WangPantopus/creator-platform
2026-10-01T14:52:21.1650658Z ##[endgroup]
2026-10-01T14:52:21.1652271Z ##[group]Disabling automatic garbage collection
2026-10-01T14:52:21.1654602Z [command]/usr/bin/git config --local gc.auto 0
2026-10-01T14:52:21.1693409Z ##[endgroup]
2026-10-01T14:52:21.1695191Z ##[group]Setting up auth
2026-10-01T14:52:21.1704303Z [command]/usr/bin/git config --local --name-only --get-regexp core\.sshCommand
2026-10-01T14:52:21.1746613Z [command]/usr/bin/git submodule foreach --recursive sh -c "git config --local --name-only --get-regexp 'core\.sshCommand' && git config --local --unset-all 'core.sshCommand' || :"
2026-10-01T14:52:21.2142653Z [command]/usr/bin/git config --local --name-only --get-regexp http\.https\:\/\/github\.com\/\.extraheader
2026-10-01T14:52:21.2186209Z [command]/usr/bin/git submodule foreach --recursive sh -c "git config --local --name-only --get-regexp 'http\.https\:\/\/github\.com\/\.extraheader' && git config --local --unset-all 'http.https://github.com/.extraheader' || :"
2026-10-01T14:52:21.2428662Z [command]/usr/bin/git config --local --name-only --get-regexp ^includeIf\.gitdir:
2026-10-01T14:52:21.2465355Z [command]/usr/bin/git submodule foreach --recursive git config --local --show-origin --name-only --get-regexp remote.origin.url
2026-10-01T14:52:21.2701572Z [command]/usr/bin/git config --local http.https://github.com/.extraheader AUTHORIZATION: basic ***
2026-10-01T14:52:21.2744544Z ##[endgroup]
2026-10-01T14:52:21.2745810Z ##[group]Fetching the repository
2026-10-01T14:52:21.2755251Z [command]/usr/bin/git -c protocol.version=2 fetch --no-tags --prune --no-recurse-submodules --depth=1 origin +1b08b33599b1503c12f67105a81d944d35dbca81:refs/remotes/pull/45/merge
2026-10-01T14:52:23.8862512Z From https://github.com/WangPantopus/creator-platform
2026-10-01T14:52:23.8863813Z  * [new ref]         1b08b33599b1503c12f67105a81d944d35dbca81 -> pull/45/merge
2026-10-01T14:52:23.8869363Z ##[endgroup]
2026-10-01T14:52:23.8870697Z ##[group]Determining the checkout info
2026-10-01T14:52:23.8872364Z ##[endgroup]
2026-10-01T14:52:23.8881008Z [command]/usr/bin/git sparse-checkout disable
2026-10-01T14:52:23.8948774Z [command]/usr/bin/git config --local --unset-all extensions.worktreeConfig
2026-10-01T14:52:23.8984758Z ##[group]Checking out the ref
2026-10-01T14:52:23.8990596Z [command]/usr/bin/git checkout --progress --force refs/remotes/pull/45/merge
2026-10-01T14:52:24.6207868Z Note: switching to 'refs/remotes/pull/45/merge'.
2026-10-01T14:52:24.6208684Z 
2026-10-01T14:52:24.6209119Z You are in 'detached HEAD' state. You can look around, make experimental
2026-10-01T14:52:24.6210745Z changes and commit them, and you can discard any commits you make in this
2026-10-01T14:52:24.6211821Z state without impacting any branches by switching back to a branch.
2026-10-01T14:52:24.6215944Z 
2026-10-01T14:52:24.6216830Z If you want to create a new branch to retain commits you create, you may
2026-10-01T14:52:24.6217522Z do so (now or later) by using -c with the switch command. Example:
2026-10-01T14:52:24.6217878Z 
2026-10-01T14:52:24.6218011Z   git switch -c <new-branch-name>
2026-10-01T14:52:24.6218474Z 
2026-10-01T14:52:24.6218622Z Or undo this operation with:
2026-10-01T14:52:24.6218826Z 
2026-10-01T14:52:24.6218937Z   git switch -
2026-10-01T14:52:24.6219116Z 
2026-10-01T14:52:24.6219419Z Turn off this advice by setting config variable advice.detachedHead to false
2026-10-01T14:52:24.6219817Z 
2026-10-01T14:52:24.6220252Z HEAD is now at 1b08b33 Merge 53c82158d8676e8f204fc8a079ed34c761a517fa into ef3619bb35579963c1c86fafa91ad09b3e18552c
2026-10-01T14:52:24.6688703Z ##[endgroup]
2026-10-01T14:52:24.6745975Z [command]/usr/bin/git log -1 --format=%H
2026-10-01T14:52:24.6779117Z 1b08b33599b1503c12f67105a81d944d35dbca81
2026-10-01T14:52:24.7133611Z ##[group]Run actions/setup-java@cf277c60eb25467037889841efdb72551f06f6c3
2026-10-01T14:52:24.7134100Z with:
2026-10-01T14:52:24.7134343Z   distribution: temurin
2026-10-01T14:52:24.7134609Z   java-version: 21
2026-10-01T14:52:24.7134855Z   java-package: jdk
2026-10-01T14:52:24.7135097Z   check-latest: false
2026-10-01T14:52:24.7135342Z   server-id: github
2026-10-01T14:52:24.7135629Z   server-username: GITHUB_ACTOR
2026-10-01T14:52:24.7135922Z   server-password: GITHUB_TOKEN
2026-10-01T14:52:24.7136218Z   overwrite-settings: true
2026-10-01T14:52:24.7136489Z   job-status: success
2026-10-01T14:52:24.7139776Z   token: ***
2026-10-01T14:52:24.7140028Z ##[endgroup]
2026-10-01T14:52:24.8965615Z ##[warning]setup-java v4 is deprecated and will no longer receive updates. Please migrate to actions/setup-java@v5.
2026-10-01T14:52:24.8977037Z ##[group]Installed distributions
2026-10-01T14:52:24.9024007Z Resolved Java 21.0.12+1 from tool-cache
2026-10-01T14:52:24.9024934Z Setting Java 21.0.12+1 as the default
2026-10-01T14:52:24.9036988Z (node:2275) [DEP0040] DeprecationWarning: The `punycode` module is deprecated. Please use a userland alternative instead.
2026-10-01T14:52:24.9038776Z (Use `node --trace-deprecation ...` to show where the warning was created)
2026-10-01T14:52:24.9041643Z Creating toolchains.xml for JDK version 21 from temurin
2026-10-01T14:52:24.9161423Z Writing to /home/runner/.m2/toolchains.xml
2026-10-01T14:52:24.9162364Z 
2026-10-01T14:52:24.9163445Z Java configuration:
2026-10-01T14:52:24.9176554Z   Distribution: temurin
2026-10-01T14:52:24.9199990Z   Version: 21.0.12+1
2026-10-01T14:52:24.9209247Z   Path: /opt/hostedtoolcache/Java_Temurin-Hotspot_jdk/21.0.12-1/x64
2026-10-01T14:52:24.9217180Z 
2026-10-01T14:52:24.9249702Z ##[endgroup]
2026-10-01T14:52:24.9297708Z Creating settings.xml with server-id: github
2026-10-01T14:52:24.9298963Z Writing to /home/runner/.m2/settings.xml
2026-10-01T14:52:24.9541486Z ##[group]Run echo 'KERNEL=="kvm", GROUP="kvm", MODE="0666", OPTIONS+="static_node=kvm"' | sudo tee /etc/udev/rules.d/99-kvm4all.rules
2026-10-01T14:52:24.9542518Z [36;1mecho 'KERNEL=="kvm", GROUP="kvm", MODE="0666", OPTIONS+="static_node=kvm"' | sudo tee /etc/udev/rules.d/99-kvm4all.rules[0m
2026-10-01T14:52:24.9543558Z [36;1msudo udevadm control --reload-rules[0m
2026-10-01T14:52:24.9544437Z [36;1msudo udevadm trigger --name-match=kvm[0m
2026-10-01T14:52:24.9870094Z shell: /usr/bin/bash -e {0}
2026-10-01T14:52:24.9870581Z env:
2026-10-01T14:52:24.9871122Z   JAVA_HOME: /opt/hostedtoolcache/Java_Temurin-Hotspot_jdk/21.0.12-1/x64
2026-10-01T14:52:24.9872015Z   JAVA_HOME_21_X64: /opt/hostedtoolcache/Java_Temurin-Hotspot_jdk/21.0.12-1/x64
2026-10-01T14:52:24.9872701Z ##[endgroup]
2026-10-01T14:52:25.0087773Z KERNEL=="kvm", GROUP="kvm", MODE="0666", OPTIONS+="static_node=kvm"
2026-10-01T14:52:25.0490228Z ##[group]Run w3_sdk_manager="${ANDROID_HOME:?}/cmdline-tools/latest/bin/sdkmanager"
2026-10-01T14:52:25.0491226Z [36;1mw3_sdk_manager="${ANDROID_HOME:?}/cmdline-tools/latest/bin/sdkmanager"[0m
2026-10-01T14:52:25.0492064Z [36;1mw3_install_log="${RUNNER_TEMP:?}/android-emulator-install.log"[0m
2026-10-01T14:52:25.0492934Z [36;1mif ! "$w3_sdk_manager" --install emulator --channel=0 > "$w3_install_log" 2>&1; then[0m
2026-10-01T14:52:25.0493404Z [36;1m  cat "$w3_install_log"[0m
2026-10-01T14:52:25.0493870Z [36;1m  # Retry this observed SDK archive failure once; other failures stay fatal.[0m
2026-10-01T14:52:25.0494727Z [36;1m  if ! grep -Fq 'Error on ZipFile unknown archive' "$w3_install_log"; then[0m
2026-10-01T14:52:25.0495403Z [36;1m    exit 1[0m
2026-10-01T14:52:25.0495752Z [36;1m  fi[0m
2026-10-01T14:52:25.0496188Z [36;1m  "$w3_sdk_manager" --install emulator --channel=0[0m
2026-10-01T14:52:25.0496727Z [36;1melse[0m
2026-10-01T14:52:25.0497144Z [36;1m  cat "$w3_install_log"[0m
2026-10-01T14:52:25.0497596Z [36;1mfi[0m
2026-10-01T14:52:25.0498007Z [36;1m"${ANDROID_HOME}/emulator/emulator" -version[0m
2026-10-01T14:52:25.0572339Z shell: /usr/bin/bash -e {0}
2026-10-01T14:52:25.0572619Z env:
2026-10-01T14:52:25.0572947Z   JAVA_HOME: /opt/hostedtoolcache/Java_Temurin-Hotspot_jdk/21.0.12-1/x64
2026-10-01T14:52:25.0573484Z   JAVA_HOME_21_X64: /opt/hostedtoolcache/Java_Temurin-Hotspot_jdk/21.0.12-1/x64
2026-10-01T14:52:25.0574137Z ##[endgroup]
2026-10-01T14:53:13.8081906Z Loading package information...                                                  
2026-10-01T14:53:13.8083463Z Loading local repository...                                                     
2026-10-01T14:53:13.8084759Z [                                       ] 3% Loading local repository...        
2026-10-01T14:53:13.8085740Z [                                       ] 3% Fetch remote repository...         
2026-10-01T14:53:13.8086676Z [=                                      ] 3% Fetch remote repository...         
2026-10-01T14:53:13.8087671Z [=                                      ] 4% Fetch remote repository...         
2026-10-01T14:53:13.8088875Z [=                                      ] 5% Fetch remote repository...         
2026-10-01T14:53:13.8089978Z [==                                     ] 5% Fetch remote repository...         
2026-10-01T14:53:13.8090938Z [==                                     ] 6% Fetch remote repository...         
2026-10-01T14:53:13.8091975Z [==                                     ] 7% Fetch remote repository...         
2026-10-01T14:53:13.8093064Z [==                                     ] 7% Computing updates...               
2026-10-01T14:53:13.8094111Z [===                                    ] 8% Computing updates...               
2026-10-01T14:53:13.8095183Z [===                                    ] 10% Computing updates...              
2026-10-01T14:53:13.8096331Z [===                                    ] 10% Installing Android Emulator       
2026-10-01T14:53:13.8097505Z [===                                    ] 10% Downloading emulator-linux_x64-159
2026-10-01T14:53:13.8098895Z [====                                   ] 10% Downloading emulator-linux_x64-159
2026-10-01T14:53:13.8100051Z [====                                   ] 11% Downloading emulator-linux_x64-159
2026-10-01T14:53:13.8100955Z [====                                   ] 12% Downloading emulator-linux_x64-159
2026-10-01T14:53:13.8101633Z [=====                                  ] 13% Downloading emulator-linux_x64-159
2026-10-01T14:53:13.8102283Z [=====                                  ] 14% Downloading emulator-linux_x64-159
2026-10-01T14:53:13.8102970Z [=====                                  ] 15% Downloading emulator-linux_x64-159
2026-10-01T14:53:13.8103686Z [======                                 ] 15% Downloading emulator-linux_x64-159
2026-10-01T14:53:13.8104394Z [======                                 ] 16% Downloading emulator-linux_x64-159
2026-10-01T14:53:13.8105520Z [======                                 ] 17% Downloading emulator-linux_x64-159
2026-10-01T14:53:13.8106592Z [=======                                ] 18% Downloading emulator-linux_x64-159
2026-10-01T14:53:13.8107321Z [=======                                ] 19% Downloading emulator-linux_x64-159
2026-10-01T14:53:13.8108049Z [=======                                ] 20% Downloading emulator-linux_x64-159
2026-10-01T14:53:13.8111668Z [========                               ] 20% Downloading emulator-linux_x64-159
2026-10-01T14:53:13.8112419Z [========                               ] 21% Downloading emulator-linux_x64-159
2026-10-01T14:53:13.8113198Z [========                               ] 22% Downloading emulator-linux_x64-159
2026-10-01T14:53:13.8113888Z [=========                              ] 23% Downloading emulator-linux_x64-159
2026-10-01T14:53:13.8114557Z [=========                              ] 24% Downloading emulator-linux_x64-159
2026-10-01T14:53:13.8115250Z [=========                              ] 25% Downloading emulator-linux_x64-159
2026-10-01T14:53:13.8115963Z [==========                             ] 25% Downloading emulator-linux_x64-159
2026-10-01T14:53:13.8116662Z [==========                             ] 26% Downloading emulator-linux_x64-159
2026-10-01T14:53:13.8117337Z [==========                             ] 27% Downloading emulator-linux_x64-159
2026-10-01T14:53:13.8118021Z [===========                            ] 28% Downloading emulator-linux_x64-159
2026-10-01T14:53:13.8119043Z [===========                            ] 29% Downloading emulator-linux_x64-159
2026-10-01T14:53:13.8119747Z [===========                            ] 30% Downloading emulator-linux_x64-159
2026-10-01T14:53:13.8120440Z [============                           ] 30% Downloading emulator-linux_x64-159
2026-10-01T14:53:13.8121122Z [============                           ] 31% Downloading emulator-linux_x64-159
2026-10-01T14:53:13.8121807Z [============                           ] 32% Downloading emulator-linux_x64-159
2026-10-01T14:53:13.8123524Z [============                           ] 33% Downloading emulator-linux_x64-159
2026-10-01T14:53:13.8124219Z [============                           ] 33% Unzipping...                      
2026-10-01T14:53:13.8124897Z [============                           ] 33% Unzipping... emulator/            
2026-10-01T14:53:13.8125636Z [============                           ] 33% Unzipping... emulator/resources/  
2026-10-01T14:53:13.8126301Z [============                           ] 33% Unzipping... emulator/qsn         
2026-10-01T14:53:13.8126945Z [=============                          ] 33% Unzipping... emulator/qsn         
2026-10-01T14:53:13.8127590Z [=============                          ] 33% Unzipping... emulator/emulator    
2026-10-01T14:53:13.8128600Z [=============                          ] 33% Unzipping... emulator/netsimd     
2026-10-01T14:53:13.8129269Z [=============                          ] 33% Unzipping... emulator/bin64/      
2026-10-01T14:53:13.8129941Z [=============                          ] 33% Unzipping... emulator/qemu/       
2026-10-01T14:53:13.8130620Z [=============                          ] 33% Unzipping... emulator/NOTICE.txt  
2026-10-01T14:53:13.8131294Z [=============                          ] 33% Unzipping... emulator/crashpad_han
2026-10-01T14:53:13.8131971Z [=============                          ] 33% Unzipping... emulator/source.prope
2026-10-01T14:53:13.8132659Z [=============                          ] 33% Unzipping... emulator/nimble_bridg
2026-10-01T14:53:13.8133418Z [=============                          ] 34% Unzipping... emulator/nimble_bridg
2026-10-01T14:53:13.8134103Z [=============                          ] 34% Unzipping... emulator/LICENSE     
2026-10-01T14:53:13.8134775Z [=============                          ] 34% Unzipping... emulator/lib/        
2026-10-01T14:53:13.8135458Z [=============                          ] 34% Unzipping... emulator/qemu-img    
2026-10-01T14:53:13.8136460Z [=============                          ] 34% Unzipping... emulator/include/    
2026-10-01T14:53:13.8137328Z [=============                          ] 34% Unzipping... emulator/NOTICE.csv  
2026-10-01T14:53:13.8138004Z [=============                          ] 34% Unzipping... emulator/lib64/      
2026-10-01T14:53:13.8139265Z [=============                          ] 34% Unzipping... emulator/emulator-che
2026-10-01T14:53:13.8139933Z [=============                          ] 34% Unzipping... emulator/crashreport 
2026-10-01T14:53:13.8140721Z [=============                          ] 34% Unzipping... emulator/mksdcard    
2026-10-01T14:53:13.8141453Z [=============                          ] 34% Unzipping... emulator/resources/To
2026-10-01T14:53:13.8142135Z [=============                          ] 35% Unzipping... emulator/resources/To
2026-10-01T14:53:13.8142804Z [=============                          ] 35% Unzipping... emulator/resources/de
2026-10-01T14:53:13.8143487Z [=============                          ] 35% Unzipping... emulator/resources/To
2026-10-01T14:53:13.8144200Z [=============                          ] 35% Unzipping... emulator/resources/ma
2026-10-01T14:53:13.8144854Z [=============                          ] 35% Unzipping... emulator/resources/de
2026-10-01T14:53:13.8145518Z [=============                          ] 35% Unzipping... emulator/resources/sk
2026-10-01T14:53:13.8146176Z [=============                          ] 35% Unzipping... emulator/resources/de
2026-10-01T14:53:13.8146809Z [=============                          ] 35% Unzipping... emulator/resources/ma
2026-10-01T14:53:13.8147464Z [=============                          ] 35% Unzipping... emulator/resources/po
2026-10-01T14:53:13.8148067Z [=============                          ] 35% Unzipping... emulator/resources/ma
2026-10-01T14:53:13.8149029Z [=============                          ] 35% Unzipping... emulator/resources/sk
2026-10-01T14:53:13.8149683Z [=============                          ] 35% Unzipping... emulator/resources/ma
2026-10-01T14:53:13.8150377Z [=============                          ] 35% Unzipping... emulator/bin64/e2fsck
2026-10-01T14:53:13.8151096Z [=============                          ] 35% Unzipping... emulator/bin64/fsck.e
2026-10-01T14:53:13.8151751Z [=============                          ] 35% Unzipping... emulator/bin64/tune2f
2026-10-01T14:53:13.8152432Z [=============                          ] 35% Unzipping... emulator/bin64/resize
2026-10-01T14:53:13.8153100Z [=============                          ] 35% Unzipping... emulator/bin64/mkfs.e
2026-10-01T14:53:13.8153805Z [=============                          ] 35% Unzipping... emulator/qemu/linux-x
2026-10-01T14:53:13.8154507Z [==============                         ] 35% Unzipping... emulator/qemu/linux-x
2026-10-01T14:53:13.8155208Z [==============                         ] 36% Unzipping... emulator/qemu/linux-x
2026-10-01T14:53:13.8155920Z [==============                         ] 37% Unzipping... emulator/qemu/linux-x
2026-10-01T14:53:13.8156638Z [===============                        ] 38% Unzipping... emulator/qemu/linux-x
2026-10-01T14:53:13.8157351Z [===============                        ] 39% Unzipping... emulator/qemu/linux-x
2026-10-01T14:53:13.8158014Z [===============                        ] 40% Unzipping... emulator/qemu/linux-x
2026-10-01T14:53:13.8159013Z [================                       ] 40% Unzipping... emulator/qemu/linux-x
2026-10-01T14:53:13.8159722Z [================                       ] 41% Unzipping... emulator/qemu/linux-x
2026-10-01T14:53:13.8160392Z [================                       ] 41% Unzipping... emulator/lib/emulator
2026-10-01T14:53:13.8161050Z [================                       ] 41% Unzipping... emulator/lib/rtc_serv
2026-10-01T14:53:13.8161739Z [================                       ] 41% Unzipping... emulator/lib/advanced
2026-10-01T14:53:13.8162440Z [================                       ] 41% Unzipping... emulator/lib/cmake/  
2026-10-01T14:53:13.8163427Z [================                       ] 41% Unzipping... emulator/lib/emulator
2026-10-01T14:53:13.8164351Z [================                       ] 41% Unzipping... emulator/lib/control_
2026-10-01T14:53:13.8165024Z [================                       ] 41% Unzipping... emulator/lib/emulated
2026-10-01T14:53:13.8165697Z [================                       ] 41% Unzipping... emulator/lib/rtc_serv
2026-10-01T14:53:13.8166361Z [================                       ] 41% Unzipping... emulator/lib/emu-orig
2026-10-01T14:53:13.8167045Z [================                       ] 41% Unzipping... emulator/lib/hardware
2026-10-01T14:53:13.8167821Z [================                       ] 41% Unzipping... emulator/lib/pkgconfi
2026-10-01T14:53:13.8168815Z [================                       ] 41% Unzipping... emulator/lib/pc-bios/
2026-10-01T14:53:13.8169511Z [================                       ] 41% Unzipping... emulator/lib/snapshot
2026-10-01T14:53:13.8170199Z [================                       ] 41% Unzipping... emulator/lib/adb_serv
2026-10-01T14:53:13.8170872Z [================                       ] 41% Unzipping... emulator/lib/hostapd.
2026-10-01T14:53:13.8171549Z [================                       ] 41% Unzipping... emulator/lib/grpc_end
2026-10-01T14:53:13.8172223Z [================                       ] 41% Unzipping... emulator/lib/ca-bundl
2026-10-01T14:53:13.8172905Z [================                       ] 41% Unzipping... emulator/lib/ui_contr
2026-10-01T14:53:13.8173577Z [================                       ] 41% Unzipping... emulator/lib/snapshot
2026-10-01T14:53:13.8174238Z [================                       ] 41% Unzipping... emulator/lib/ice_conf
2026-10-01T14:53:13.8174901Z [================                       ] 41% Unzipping... emulator/lib/libflatb
2026-10-01T14:53:13.8175579Z [================                       ] 41% Unzipping... emulator/lib/emulator
2026-10-01T14:53:13.8176258Z [================                       ] 41% Unzipping... emulator/lib/waterfal
2026-10-01T14:53:13.8176938Z [================                       ] 41% Unzipping... emulator/lib/emulated
2026-10-01T14:53:13.8177619Z [================                       ] 41% Unzipping... emulator/lib/cmake/fl
2026-10-01T14:53:13.8178572Z [================                       ] 41% Unzipping... emulator/lib/pkgconfi
2026-10-01T14:53:13.8179274Z [================                       ] 41% Unzipping... emulator/lib/pc-bios/
2026-10-01T14:53:13.8179977Z [================                       ] 41% Unzipping... emulator/include/flat
2026-10-01T14:53:13.8180635Z [================                       ] 41% Unzipping... emulator/lib64/libgli
2026-10-01T14:53:13.8181294Z [================                       ] 41% Unzipping... emulator/lib64/libpro
2026-10-01T14:53:13.8181983Z [================                       ] 41% Unzipping... emulator/lib64/qt/   
2026-10-01T14:53:13.8182666Z [================                       ] 41% Unzipping... emulator/lib64/liband
2026-10-01T14:53:13.8183383Z [================                       ] 41% Unzipping... emulator/lib64/libgfx
2026-10-01T14:53:13.8184061Z [================                       ] 42% Unzipping... emulator/lib64/libgfx
2026-10-01T14:53:13.8184704Z [================                       ] 42% Unzipping... emulator/lib64/gles_l
2026-10-01T14:53:13.8185446Z [================                       ] 42% Unzipping... emulator/lib64/liband
2026-10-01T14:53:13.8186119Z [================                       ] 42% Unzipping... emulator/lib64/vulkan
2026-10-01T14:53:13.8186802Z [================                       ] 42% Unzipping... emulator/lib64/gles_s
2026-10-01T14:53:13.8187490Z [================                       ] 42% Unzipping... emulator/lib64/libemu
2026-10-01T14:53:13.8188483Z [================                       ] 42% Unzipping... emulator/lib64/libpro
2026-10-01T14:53:13.8189362Z [================                       ] 42% Unzipping... emulator/lib64/liband
2026-10-01T14:53:13.8217794Z [=================                      ] 43% Unzipping... emulator/lib64/liband
2026-10-01T14:53:13.8219381Z [=================                      ] 43% Unzipping... emulator/lib64/libtcm
2026-10-01T14:53:13.8220157Z [=================                      ] 43% Unzipping... emulator/lib64/libima
2026-10-01T14:53:13.8220870Z [=================                      ] 43% Unzipping... emulator/lib64/libc++
2026-10-01T14:53:13.8221280Z [=================                      ] 43% Unzipping... emulator/lib64/liband
2026-10-01T14:53:13.8221663Z [=================                      ] 43% Unzipping... emulator/lib64/libabs
2026-10-01T14:53:13.8222038Z [=================                      ] 43% Unzipping... emulator/lib64/gles_a
2026-10-01T14:53:13.8222403Z [=================                      ] 43% Unzipping... emulator/lib64/libsha
2026-10-01T14:53:13.8222765Z [=================                      ] 43% Unzipping... emulator/lib64/libc++
2026-10-01T14:53:13.8223119Z [=================                      ] 43% Unzipping... emulator/lib64/qt/res
2026-10-01T14:53:13.8223498Z [=================                      ] 43% Unzipping... emulator/lib64/qt/lib
2026-10-01T14:53:13.8223874Z [=================                      ] 43% Unzipping... emulator/lib64/qt/tra
2026-10-01T14:53:13.8224242Z [=================                      ] 43% Unzipping... emulator/lib64/qt/plu
2026-10-01T14:53:13.8224606Z [=================                      ] 43% Unzipping... emulator/lib64/qt/res
2026-10-01T14:53:13.8224964Z [=================                      ] 44% Unzipping... emulator/lib64/qt/res
2026-10-01T14:53:13.8225318Z [=================                      ] 44% Unzipping... emulator/lib64/qt/lib
2026-10-01T14:53:13.8225668Z [=================                      ] 45% Unzipping... emulator/lib64/qt/lib
2026-10-01T14:53:13.8226017Z [==================                     ] 45% Unzipping... emulator/lib64/qt/lib
2026-10-01T14:53:13.8226378Z [==================                     ] 46% Unzipping... emulator/lib64/qt/lib
2026-10-01T14:53:13.8226763Z [==================                     ] 47% Unzipping... emulator/lib64/qt/lib
2026-10-01T14:53:13.8227133Z [===================                    ] 48% Unzipping... emulator/lib64/qt/lib
2026-10-01T14:53:13.8227492Z [===================                    ] 49% Unzipping... emulator/lib64/qt/lib
2026-10-01T14:53:13.8227845Z [===================                    ] 50% Unzipping... emulator/lib64/qt/lib
2026-10-01T14:53:13.8228622Z [====================                   ] 50% Unzipping... emulator/lib64/qt/lib
2026-10-01T14:53:13.8229017Z [====================                   ] 51% Unzipping... emulator/lib64/qt/lib
2026-10-01T14:53:13.8229378Z [====================                   ] 51% Unzipping... emulator/lib64/qt/tra
2026-10-01T14:53:13.8229729Z [====================                   ] 51% Unzipping... emulator/lib64/qt/plu
2026-10-01T14:53:13.8230098Z [====================                   ] 51% Unzipping... emulator/lib64/gles_l
2026-10-01T14:53:13.8230484Z [====================                   ] 52% Unzipping... emulator/lib64/gles_l
2026-10-01T14:53:13.8230871Z [====================                   ] 52% Unzipping... emulator/lib64/vulkan
2026-10-01T14:53:13.8231258Z [=====================                  ] 53% Unzipping... emulator/lib64/vulkan
2026-10-01T14:53:13.8231774Z [=====================                  ] 54% Unzipping... emulator/lib64/vulkan
2026-10-01T14:53:13.8232134Z [=====================                  ] 54% Unzipping... emulator/lib64/gles_s
2026-10-01T14:53:13.8232513Z [=====================                  ] 55% Unzipping... emulator/lib64/gles_s
2026-10-01T14:53:13.8232880Z [=====================                  ] 55% Unzipping... emulator/lib64/gles_a
2026-10-01T14:53:13.8233250Z [=======================================] 100% Unzipping... emulator/lib64/gles_
2026-10-01T14:53:13.8233513Z 
2026-10-01T14:53:13.8236001Z /usr/local/lib/android/sdk/emulator/qemu/linux-x86_64/qemu-system-x86_64: error while loading shared libraries: libpulse.so.0: cannot open shared object file: No such file or directory
2026-10-01T14:53:13.8243910Z ##[error]Process completed with exit code 127.
2026-10-01T14:53:13.8320483Z ##[group]Run actions/upload-artifact@ea165f8d65b6e75b540449e92b4886f43607fa02
2026-10-01T14:53:13.8320941Z with:
2026-10-01T14:53:13.8321161Z   name: android-runtime-review
2026-10-01T14:53:13.8321480Z   path: apps/android/app/build/reports/androidTests
2026-10-01T14:53:13.8321839Z   if-no-files-found: warn
2026-10-01T14:53:13.8322086Z   compression-level: 6
2026-10-01T14:53:13.8322319Z   overwrite: false
2026-10-01T14:53:13.8322546Z   include-hidden-files: false
2026-10-01T14:53:13.8322791Z env:
2026-10-01T14:53:13.8323103Z   JAVA_HOME: /opt/hostedtoolcache/Java_Temurin-Hotspot_jdk/21.0.12-1/x64
2026-10-01T14:53:13.8323633Z   JAVA_HOME_21_X64: /opt/hostedtoolcache/Java_Temurin-Hotspot_jdk/21.0.12-1/x64
2026-10-01T14:53:13.8324032Z ##[endgroup]
2026-10-01T14:53:14.0139471Z (node:2430) [DEP0040] DeprecationWarning: The `punycode` module is deprecated. Please use a userland alternative instead.
2026-10-01T14:53:14.0140631Z (Use `node --trace-deprecation ...` to show where the warning was created)
2026-10-01T14:53:14.0161285Z ##[warning]No files were found with the provided path: apps/android/app/build/reports/androidTests. No artifacts will be uploaded.
2026-10-01T14:53:14.0525832Z Post job cleanup.
2026-10-01T14:53:14.2047401Z (node:2442) [DEP0040] DeprecationWarning: The `punycode` module is deprecated. Please use a userland alternative instead.
2026-10-01T14:53:14.2048888Z (Use `node --trace-deprecation ...` to show where the warning was created)
2026-10-01T14:53:14.2310909Z Post job cleanup.
2026-10-01T14:53:14.3337327Z [command]/usr/bin/git version
2026-10-01T14:53:14.3398791Z git version 2.55.0
2026-10-01T14:53:14.3462688Z Temporarily overriding HOME='/home/runner/work/_temp/6459afbc-b9d6-4677-bd1b-56ea4943f3b4' before making global git config changes
2026-10-01T14:53:14.3464122Z Adding repository directory to the temporary git global config as a safe directory
2026-10-01T14:53:14.3470678Z [command]/usr/bin/git config --global --add safe.directory /home/runner/work/creator-platform/creator-platform
2026-10-01T14:53:14.3532919Z [command]/usr/bin/git config --local --name-only --get-regexp core\.sshCommand
2026-10-01T14:53:14.3580188Z [command]/usr/bin/git submodule foreach --recursive sh -c "git config --local --name-only --get-regexp 'core\.sshCommand' && git config --local --unset-all 'core.sshCommand' || :"
2026-10-01T14:53:14.3866245Z [command]/usr/bin/git config --local --name-only --get-regexp http\.https\:\/\/github\.com\/\.extraheader
2026-10-01T14:53:14.3894703Z http.https://github.com/.extraheader
2026-10-01T14:53:14.3910665Z [command]/usr/bin/git config --local --unset-all http.https://github.com/.extraheader
2026-10-01T14:53:14.3962662Z [command]/usr/bin/git submodule foreach --recursive sh -c "git config --local --name-only --get-regexp 'http\.https\:\/\/github\.com\/\.extraheader' && git config --local --unset-all 'http.https://github.com/.extraheader' || :"
2026-10-01T14:53:14.4232541Z [command]/usr/bin/git config --local --name-only --get-regexp ^includeIf\.gitdir:
2026-10-01T14:53:14.4278631Z [command]/usr/bin/git submodule foreach --recursive git config --local --show-origin --name-only --get-regexp remote.origin.url
2026-10-01T14:53:14.4722172Z Cleaning up orphan processes
2026-10-01T14:53:14.5144261Z ##[warning]Node.js 20 is deprecated. The following actions target Node.js 20 but are being forced to run on Node.js 24: actions/checkout@11d5960a326750d5838078e36cf38b85af677262, actions/setup-java@cf277c60eb25467037889841efdb72551f06f6c3, actions/upload-artifact@ea165f8d65b6e75b540449e92b4886f43607fa02. For more information see: https://github.blog/changelog/2025-09-19-deprecation-of-node-20-on-github-actions-runners/
