$ turbo run typecheck

   • turbo 2.11.5
   • Packages in scope: @qelvora/api, @qelvora/backend, @qelvora/brand, @qelvora/copy, @qelvora/tokens, @qelvora/ui-web, @qelvora/web
   • Running typecheck in 7 packages
   • Remote caching disabled, using shared worktree cache

@qelvora/copy:typecheck: cache miss, executing 2e8ade48397cd15c
@qelvora/api:typecheck: cache hit, replaying logs 5a190a5fa41667ee
@qelvora/brand:typecheck: cache hit, replaying logs 82b6e60a5032143e
@qelvora/tokens:typecheck: cache hit, replaying logs 53cffeeeea9741bf
@qelvora/api:typecheck: $ tsc --noEmit
@qelvora/brand:typecheck: $ tsc --noEmit
@qelvora/tokens:typecheck: $ tsc --noEmit
@qelvora/copy:typecheck: $ tsc --noEmit
@qelvora/backend:typecheck: cache miss, executing d2d27cbdcb4fcaad
@qelvora/ui-web:typecheck: cache miss, executing 8751df29b1e27b34
@qelvora/backend:typecheck: $ tsc --noEmit
@qelvora/ui-web:typecheck: $ tsc --noEmit
@qelvora/web:typecheck: cache miss, executing 9087519c13dceece
@qelvora/web:typecheck: $ tsc --noEmit

 Tasks:    7 successful, 7 total
Cached:    3 cached, 7 total
  Time:    7.832s
