Applied: 0001_foundation
Applied: 0002_w1_identity
Applied: 0003_w2_agent
Applied: 0004_commerce
Applied: 0006_w6_media_sessions
Applied: 0007_growth
Applied: 0008_trust_operations
Applied: 0010_w8_operational_guardrails
Applied: 0011_growth_retention
Applied: 0012_w8_crisis_event_rls
Applied: 0013_w2_agent_extensions
Applied: 0015_w4_reliability
Applied: 0016_w4_disclosure
Applied: 0017_growth_delivery
Applied: 0018_growth_activation
Applied: 0019_w2_shadow_jobs
Applied: 0020_w2_purge_tombstone
Applied: 0021_w4_lifecycle
Applied: 0022_w4_lineage
Applied: 0023_w8_action_recovery
Applied: 0024_growth_insight_versions
Applied: 0025_growth_closed_windows
Applied: 0026_growth_window_backfill
Applied: 0027_w8_privacy_ownership
Applied: 0028_w4_membership_history
Applied: 0029_w4_recovery_fencing
Applied: 0030_w4_spending_notices
Applied: 0031_w4_purchase_history
Applied: 0032_growth_continuation
Applied: 0033_growth_prompt_claims
Applied: 0034_growth_erasure_fence
Applied: 0035_w5_content
Applied: 0036_w5_content_reconciliation
Applied: 0037_w5_studio_drafts
Applied: 0038_w5_content_consent
Applied: 0039_w5_content_thread_privacy
Applied: 0040_w5_content_fan_effects
Applied: 0041_w3_conversations
Applied: 0042_w3_wellbeing
Applied: 0043_w8_relationship_backfill
